Component: ARM Compiler 5.06 update 6 (build 750) Tool: armlink [4d35ed]

==============================================================================

Section Cross References

    main.o(i.main) refers to bsp.o(i.bspInit) for bspInit
    main.o(i.main) refers to tasks.o(i.xTaskCreate) for xTaskCreate
    main.o(i.main) refers to tasks.o(i.vTaskStartScheduler) for vTaskStartScheduler
    main.o(i.main) refers to main.o(.data) for xHandleTaskInit
    main.o(i.main) refers to main.o(i.vTaskTaskInit) for vTaskTaskInit
    main.o(i.vTaskFileRead) refers to myapp.o(i.wav_recorder) for wav_recorder
    main.o(i.vTaskFileWrite) refers to ff.o(i.f_open) for f_open
    main.o(i.vTaskFileWrite) refers to heap_4.o(i.pvPortMalloc) for pvPortMalloc
    main.o(i.vTaskFileWrite) refers to f2d.o(.text) for __aeabi_f2d
    main.o(i.vTaskFileWrite) refers to printfa.o(i.__0sprintf) for __2sprintf
    main.o(i.vTaskFileWrite) refers to printfa.o(i.__0printf) for __2printf
    main.o(i.vTaskFileWrite) refers to strlen.o(.text) for strlen
    main.o(i.vTaskFileWrite) refers to ff.o(i.f_write) for f_write
    main.o(i.vTaskFileWrite) refers to heap_4.o(i.vPortFree) for vPortFree
    main.o(i.vTaskFileWrite) refers to ff.o(i.f_close) for f_close
    main.o(i.vTaskFileWrite) refers to tasks.o(i.vTaskDelay) for vTaskDelay
    main.o(i.vTaskFileWrite) refers to exfuns.o(.data) for file
    main.o(i.vTaskFileWrite) refers to main.o(.data) for float_num
    main.o(i.vTaskLED) refers to bsp_led.o(i.bspLedToggle) for bspLedToggle
    main.o(i.vTaskLED) refers to tasks.o(i.vTaskDelay) for vTaskDelay
    main.o(i.vTaskTaskInit) refers to port.o(i.vPortEnterCritical) for vPortEnterCritical
    main.o(i.vTaskTaskInit) refers to fattester.o(i.mf_mount) for mf_mount
    main.o(i.vTaskTaskInit) refers to tasks.o(i.xTaskCreate) for xTaskCreate
    main.o(i.vTaskTaskInit) refers to tasks.o(i.vTaskDelete) for vTaskDelete
    main.o(i.vTaskTaskInit) refers to port.o(i.vPortExitCritical) for vPortExitCritical
    main.o(i.vTaskTaskInit) refers to main.o(.data) for xHandleTaskLED
    main.o(i.vTaskTaskInit) refers to main.o(i.vTaskLED) for vTaskLED
    main.o(i.vTaskTaskInit) refers to main.o(i.vTaskFileRead) for vTaskFileRead
    bsp.o(i.bspInit) refers to misc.o(i.NVIC_PriorityGroupConfig) for NVIC_PriorityGroupConfig
    bsp.o(i.bspInit) refers to delay.o(i.delay_init) for delay_init
    bsp.o(i.bspInit) refers to bsp_led.o(i.bspLedInit) for bspLedInit
    bsp.o(i.bspInit) refers to usart.o(i.uart_init) for uart_init
    bsp.o(i.bspInit) refers to usmart.o(i.usmart_init) for usmart_init
    bsp.o(i.bspInit) refers to bsp_wm8978.o(i.WM8978_Init) for WM8978_Init
    bsp.o(i.bspInit) refers to bsp_wm8978.o(i.WM8978_HPvol_Set) for WM8978_HPvol_Set
    bsp.o(i.bspInit) refers to bsp_wm8978.o(i.WM8978_SPKvol_Set) for WM8978_SPKvol_Set
    bsp.o(i.bspInit) refers to exfuns.o(i.exfuns_init) for exfuns_init
    bsp.o(i.bspInit) refers to printfa.o(i.__0printf) for __2printf
    bsp.o(i.bspInit) refers to delay.o(i.delay_ms) for delay_ms
    bsp.o(i.bspInit) refers to bsp_sdio_sdcard.o(i.SD_Init) for SD_Init
    bsp_dhtxx.o(i.DHTxx_Action) refers to bsp_dhtxx.o(i.vDHTxx_Start) for vDHTxx_Start
    bsp_dhtxx.o(i.DHTxx_Action) refers to bsp_dhtxx.o(i.uDHTxx_Answer) for uDHTxx_Answer
    bsp_dhtxx.o(i.DHTxx_Action) refers to bsp_dhtxx.o(i.uRead_Byte) for uRead_Byte
    bsp_dhtxx.o(i.DHTxx_Get_Data) refers to bsp_dhtxx.o(i.DHTxx_Action) for DHTxx_Action
    bsp_dhtxx.o(i.DHTxx_Get_Data) refers to dflti.o(.text) for __aeabi_i2d
    bsp_dhtxx.o(i.DHTxx_Get_Data) refers to ddiv.o(.text) for __aeabi_ddiv
    bsp_dhtxx.o(i.DHTxx_Get_Data) refers to bsp_dhtxx.o(.data) for g_dhtxx_table
    bsp_dhtxx.o(i.Io_Init) refers to stm32f4xx_rcc.o(i.RCC_AHB1PeriphClockCmd) for RCC_AHB1PeriphClockCmd
    bsp_dhtxx.o(i.Io_Init) refers to stm32f4xx_gpio.o(i.GPIO_Init) for GPIO_Init
    bsp_dhtxx.o(i.Io_Init) refers to stm32f4xx_gpio.o(i.GPIO_SetBits) for GPIO_SetBits
    bsp_dhtxx.o(i.uDHTxx_Answer) refers to bsp_dhtxx.o(i.vSetIoState) for vSetIoState
    bsp_dhtxx.o(i.uDHTxx_Answer) refers to delay.o(i.delay_us) for delay_us
    bsp_dhtxx.o(i.uRead_Byte) refers to delay.o(i.delay_us) for delay_us
    bsp_dhtxx.o(i.vDHTxx_Start) refers to bsp_dhtxx.o(i.vSetIoState) for vSetIoState
    bsp_dhtxx.o(i.vDHTxx_Start) refers to delay.o(i.delay_us) for delay_us
    bsp_dhtxx.o(i.vDhtxx_Init) refers to bsp_dhtxx.o(i.Io_Init) for Io_Init
    bsp_dhtxx.o(i.vInstability_Period) refers to delay.o(i.delay_ms) for delay_ms
    bsp_adc.o(i.Get_Adc) refers to stm32f4xx_adc.o(i.ADC_RegularChannelConfig) for ADC_RegularChannelConfig
    bsp_adc.o(i.Get_Adc) refers to stm32f4xx_adc.o(i.ADC_SoftwareStartConv) for ADC_SoftwareStartConv
    bsp_adc.o(i.Get_Adc) refers to stm32f4xx_adc.o(i.ADC_GetFlagStatus) for ADC_GetFlagStatus
    bsp_adc.o(i.Get_Adc) refers to stm32f4xx_adc.o(i.ADC_GetConversionValue) for ADC_GetConversionValue
[...]
    DMA1_Stream2_IRQHandler                  0x08000287   Thumb Code     0  startup_stm32f40_41xxx.o(.text)
    DMA1_Stream5_IRQHandler                  0x08000287   Thumb Code     0  startup_stm32f40_41xxx.o(.text)
    DMA1_Stream6_IRQHandler                  0x08000287   Thumb Code     0  startup_stm32f40_41xxx.o(.text)
    DMA1_Stream7_IRQHandler                  0x08000287   Thumb Code     0  startup_stm32f40_41xxx.o(.text)
    DMA2_Stream0_IRQHandler                  0x08000287   Thumb Code     0  startup_stm32f40_41xxx.o(.text)
    DMA2_Stream1_IRQHandler                  0x08000287   Thumb Code     0  startup_stm32f40_41xxx.o(.text)
    DMA2_Stream2_IRQHandler                  0x08000287   Thumb Code     0  startup_stm32f40_41xxx.o(.text)
    DMA2_Stream3_IRQHandler                  0x08000287   Thumb Code     0  startup_stm32f40_41xxx.o(.text)
    DMA2_Stream4_IRQHandler                  0x08000287   Thumb Code     0  startup_stm32f40_41xxx.o(.text)
    DMA2_Stream5_IRQHandler                  0x08000287   Thumb Code     0  startup_stm32f40_41xxx.o(.text)
    DMA2_Stream6_IRQHandler                  0x08000287   Thumb Code     0  startup_stm32f40_41xxx.o(.text)
    DMA2_Stream7_IRQHandler                  0x08000287   Thumb Code     0  startup_stm32f40_41xxx.o(.text)
    ETH_IRQHandler                           0x08000287   Thumb Code     0  startup_stm32f40_41xxx.o(.text)
    ETH_WKUP_IRQHandler                      0x08000287   Thumb Code     0  startup_stm32f40_41xxx.o(.text)
    EXTI0_IRQHandler                         0x08000287   Thumb Code     0  startup_stm32f40_41xxx.o(.text)
    EXTI15_10_IRQHandler                     0x08000287   Thumb Code     0  startup_stm32f40_41xxx.o(.text)
    EXTI1_IRQHandler                         0x08000287   Thumb Code     0  startup_stm32f40_41xxx.o(.text)
    EXTI2_IRQHandler                         0x08000287   Thumb Code     0  startup_stm32f40_41xxx.o(.text)
    EXTI3_IRQHandler                         0x08000287   Thumb Code     0  startup_stm32f40_41xxx.o(.text)
    EXTI4_IRQHandler                         0x08000287   Thumb Code     0  startup_stm32f40_41xxx.o(.text)
    EXTI9_5_IRQHandler                       0x08000287   Thumb Code     0  startup_stm32f40_41xxx.o(.text)
    FLASH_IRQHandler                         0x08000287   Thumb Code     0  startup_stm32f40_41xxx.o(.text)
    FPU_IRQHandler                           0x08000287   Thumb Code     0  startup_stm32f40_41xxx.o(.text)
    FSMC_IRQHandler                          0x08000287   Thumb Code     0  startup_stm32f40_41xxx.o(.text)
    HASH_RNG_IRQHandler                      0x08000287   Thumb Code     0  startup_stm32f40_41xxx.o(.text)
    I2C1_ER_IRQHandler                       0x08000287   Thumb Code     0  startup_stm32f40_41xxx.o(.text)
    I2C1_EV_IRQHandler                       0x08000287   Thumb Code     0  startup_stm32f40_41xxx.o(.text)
    I2C2_ER_IRQHandler                       0x08000287   Thumb Code     0  startup_stm32f40_41xxx.o(.text)
    I2C2_EV_IRQHandler                       0x08000287   Thumb Code     0  startup_stm32f40_41xxx.o(.text)
    I2C3_ER_IRQHandler                       0x08000287   Thumb Code     0  startup_stm32f40_41xxx.o(.text)
    I2C3_EV_IRQHandler                       0x08000287   Thumb Code     0  startup_stm32f40_41xxx.o(.text)
    OTG_FS_IRQHandler                        0x08000287   Thumb Code     0  startup_stm32f40_41xxx.o(.text)
    OTG_FS_WKUP_IRQHandler                   0x08000287   Thumb Code     0  startup_stm32f40_41xxx.o(.text)
    OTG_HS_EP1_IN_IRQHandler                 0x08000287   Thumb Code     0  startup_stm32f40_41xxx.o(.text)
    OTG_HS_EP1_OUT_IRQHandler                0x08000287   Thumb Code     0  startup_stm32f40_41xxx.o(.text)
    OTG_HS_IRQHandler                        0x08000287   Thumb Code     0  startup_stm32f40_41xxx.o(.text)
    OTG_HS_WKUP_IRQHandler                   0x08000287   Thumb Code     0  startup_stm32f40_41xxx.o(.text)
    PVD_IRQHandler                           0x08000287   Thumb Code     0  startup_stm32f40_41xxx.o(.text)
    RCC_IRQHandler                           0x08000287   Thumb Code     0  startup_stm32f40_41xxx.o(.text)
    RTC_Alarm_IRQHandler                     0x08000287   Thumb Code     0  startup_stm32f40_41xxx.o(.text)
    RTC_WKUP_IRQHandler                      0x08000287   Thumb Code     0  startup_stm32f40_41xxx.o(.text)
    SPI1_IRQHandler                          0x08000287   Thumb Code     0  startup_stm32f40_41xxx.o(.text)
    SPI2_IRQHandler                          0x08000287   Thumb Code     0  startup_stm32f40_41xxx.o(.text)
    SPI3_IRQHandler                          0x08000287   Thumb Code     0  startup_stm32f40_41xxx.o(.text)
    TAMP_STAMP_IRQHandler                    0x08000287   Thumb Code     0  startup_stm32f40_41xxx.o(.text)
    TIM1_BRK_TIM9_IRQHandler                 0x08000287   Thumb Code     0  startup_stm32f40_41xxx.o(.text)
    TIM1_CC_IRQHandler                       0x08000287   Thumb Code     0  startup_stm32f40_41xxx.o(.text)
    TIM1_TRG_COM_TIM11_IRQHandler            0x08000287   Thumb Code     0  startup_stm32f40_41xxx.o(.text)
    TIM1_UP_TIM10_IRQHandler                 0x08000287   Thumb Code     0  startup_stm32f40_41xxx.o(.text)
    TIM2_IRQHandler                          0x08000287   Thumb Code     0  startup_stm32f40_41xxx.o(.text)
    TIM5_IRQHandler                          0x08000287   Thumb Code     0  startup_stm32f40_41xxx.o(.text)
    TIM6_DAC_IRQHandler                      0x08000287   Thumb Code     0  startup_stm32f40_41xxx.o(.text)
    TIM7_IRQHandler                          0x08000287   Thumb Code     0  startup_stm32f40_41xxx.o(.text)
    TIM8_BRK_TIM12_IRQHandler                0x08000287   Thumb Code     0  startup_stm32f40_41xxx.o(.text)
    TIM8_CC_IRQHandler                       0x08000287   Thumb Code     0  startup_stm32f40_41xxx.o(.text)
    TIM8_TRG_COM_TIM14_IRQHandler            0x08000287   Thumb Code     0  startup_stm32f40_41xxx.o(.text)
    TIM8_UP_TIM13_IRQHandler                 0x08000287   Thumb Code     0  startup_stm32f40_41xxx.o(.text)
    UART4_IRQHandler                         0x08000287   Thumb Code     0  startup_stm32f40_41xxx.o(.text)
    UART5_IRQHandler                         0x08000287   Thumb Code     0  startup_stm32f40_41xxx.o(.text)
    USART2_IRQHandler                        0x08000287   Thumb Code     0  startup_stm32f40_41xxx.o(.text)
    USART3_IRQHandler                        0x08000287   Thumb Code     0  startup_stm32f40_41xxx.o(.text)
    USART6_IRQHandler                        0x08000287   Thumb Code     0  startup_stm32f40_41xxx.o(.text)
    WWDG_IRQHandler                          0x08000287   Thumb Code     0  startup_stm32f40_41xxx.o(.text)
    __aeabi_ldivmod                          0x08000291   Thumb Code    98  ldiv.o(.text)
    __aeabi_memcpy                           0x080002f3   Thumb Code    36  memcpya.o(.text)
    __aeabi_memcpy4                          0x080002f3   Thumb Code     0  memcpya.o(.text)
    __aeabi_memcpy8                          0x080002f3   Thumb Code     0  memcpya.o(.text)
    __aeabi_memset                           0x08000317   Thumb Code    14  memseta.o(.text)
    __aeabi_memset4                          0x08000317   Thumb Code     0  memseta.o(.text)
    __aeabi_memset8                          0x08000317   Thumb Code     0  memseta.o(.text)
    __aeabi_memclr                           0x08000325   Thumb Code     4  memseta.o(.text)
    __aeabi_memclr4                          0x08000325   Thumb Code     0  memseta.o(.text)
    __aeabi_memclr8                          0x08000325   Thumb Code     0  memseta.o(.text)
    memset                                   0x08000329   Thumb Code    18  memseta.o(.text)
    strlen                                   0x0800033b   Thumb Code    14  strlen.o(.text)
    __aeabi_dadd                             0x08000349   Thumb Code   322  dadd.o(.text)
    __aeabi_dsub                             0x0800048b   Thumb Code     6  dadd.o(.text)
    __aeabi_drsub                            0x08000491   Thumb Code     6  dadd.o(.text)
    __aeabi_dmul                             0x08000497   Thumb Code   228  dmul.o(.text)
    __aeabi_ddiv                             0x0800057b   Thumb Code   222  ddiv.o(.text)
    __aeabi_ui2d                             0x08000659   Thumb Code    26  dfltui.o(.text)
    __aeabi_cdrcmple                         0x08000675   Thumb Code    48  cdrcmple.o(.text)
    __aeabi_uidiv                            0x080006a5   Thumb Code     0  uidiv.o(.text)
    __aeabi_uidivmod                         0x080006a5   Thumb Code    44  uidiv.o(.text)
    __aeabi_uldivmod                         0x080006d1   Thumb Code    98  uldiv.o(.text)
    __aeabi_llsl                             0x08000733   Thumb Code    30  llshl.o(.text)
    _ll_shift_l                              0x08000733   Thumb Code     0  llshl.o(.text)
    __aeabi_llsr                             0x08000751   Thumb Code    32  llushr.o(.text)
    _ll_ushift_r                             0x08000751   Thumb Code     0  llushr.o(.text)
    __aeabi_lasr                             0x08000771   Thumb Code    36  llsshr.o(.text)
    _ll_sshift_r                             0x08000771   Thumb Code     0  llsshr.o(.text)
    __I$use$fp                               0x08000795   Thumb Code     0  iusefp.o(.text)
    _double_round                            0x08000795   Thumb Code    30  depilogue.o(.text)
    _double_epilogue                         0x080007b3   Thumb Code   156  depilogue.o(.text)
    __aeabi_d2ulz                            0x0800084f   Thumb Code    48  dfixul.o(.text)
    __scatterload                            0x08000881   Thumb Code    28  init.o(.text)
    __scatterload_rt2                        0x08000881   Thumb Code     0  init.o(.text)
    __decompress                             0x080008a5   Thumb Code     0  __dczerorl2.o(.text)
    __decompress1                            0x080008a5   Thumb Code    86  __dczerorl2.o(.text)
    HardFault_Handler                        0x080008fd   Thumb Code     0  hardfaulthandler.o(OSKERNEL)
    BusFault_Handler                         0x0800090f   Thumb Code     4  stm32f4xx_it.o(i.BusFault_Handler)
    CmdError                                 0x08000913   Thumb Code    48  bsp_sdio_sdcard.o(i.CmdError)
    CmdResp1Error                            0x08000945   Thumb Code    94  bsp_sdio_sdcard.o(i.CmdResp1Error)
    CmdResp2Error                            0x080009a9   Thumb Code    80  bsp_sdio_sdcard.o(i.CmdResp2Error)
    CmdResp3Error                            0x080009fd   Thumb Code    50  bsp_sdio_sdcard.o(i.CmdResp3Error)
    CmdResp6Error                            0x08000a35   Thumb Code   144  bsp_sdio_sdcard.o(i.CmdResp6Error)
    CmdResp7Error                            0x08000ac9   Thumb Code    70  bsp_sdio_sdcard.o(i.CmdResp7Error)
    DMA1_Stream3_IRQHandler                  0x08000b15   Thumb Code    30  bsp_i2s.o(i.DMA1_Stream3_IRQHandler)
    DMA1_Stream4_IRQHandler                  0x08000b41   Thumb Code    30  bsp_i2s.o(i.DMA1_Stream4_IRQHandler)
    DMA_ClearITPendingBit                    0x08000b6d   Thumb Code    38  stm32f4xx_dma.o(i.DMA_ClearITPendingBit)
    DMA_Cmd                                  0x08000ba1   Thumb Code    22  stm32f4xx_dma.o(i.DMA_Cmd)
    DMA_DeInit                               0x08000bb9   Thumb Code   324  stm32f4xx_dma.o(i.DMA_DeInit)
    DMA_DoubleBufferModeCmd                  0x08000d11   Thumb Code    22  stm32f4xx_dma.o(i.DMA_DoubleBufferModeCmd)
    DMA_DoubleBufferModeConfig               0x08000d27   Thumb Code    24  stm32f4xx_dma.o(i.DMA_DoubleBufferModeConfig)
    DMA_FlowControllerConfig                 0x08000d3f   Thumb Code    22  stm32f4xx_dma.o(i.DMA_FlowControllerConfig)
    DMA_GetCmdStatus                         0x08000d55   Thumb Code    20  stm32f4xx_dma.o(i.DMA_GetCmdStatus)
    DMA_GetITStatus                          0x08000d69   Thumb Code    82  stm32f4xx_dma.o(i.DMA_GetITStatus)
    DMA_ITConfig                             0x08000dcd   Thumb Code    58  stm32f4xx_dma.o(i.DMA_ITConfig)
    DMA_Init                                 0x08000e09   Thumb Code    82  stm32f4xx_dma.o(i.DMA_Init)
    DebugMon_Handler                         0x08000e61   Thumb Code     2  stm32f4xx_it.o(i.DebugMon_Handler)
    FindSCR                                  0x08000e65   Thumb Code   388  bsp_sdio_sdcard.o(i.FindSCR)
    FuncTest                                 0x08000ff9   Thumb Code    16  usmart_config.o(i.FuncTest)
    GPIO_Init                                0x08001011   Thumb Code   144  stm32f4xx_gpio.o(i.GPIO_Init)
    GPIO_PinAFConfig                         0x080010a1   Thumb Code    70  stm32f4xx_gpio.o(i.GPIO_PinAFConfig)
    HardFaultHandler                         0x080010e9   Thumb Code   166  segger_hardfaulthandler.o(i.HardFaultHandler)
    I2S2_Init                                0x0800119d   Thumb Code    94  bsp_i2s.o(i.I2S2_Init)
    I2S2_SampleRate_Set                      0x08001201   Thumb Code   148  bsp_i2s.o(i.I2S2_SampleRate_Set)
    I2S2_TX_DMA_Init                         0x080012a1   Thumb Code   164  bsp_i2s.o(i.I2S2_TX_DMA_Init)
    I2S2ext_Init                             0x08001351   Thumb Code    72  bsp_i2s.o(i.I2S2ext_Init)
    I2S2ext_RX_DMA_Init                      0x0800139d   Thumb Code   164  bsp_i2s.o(i.I2S2ext_RX_DMA_Init)
    I2S_Cmd                                  0x0800144d   Thumb Code    24  stm32f4xx_spi.o(i.I2S_Cmd)
    I2S_FullDuplexConfig                     0x08001465   Thumb Code    80  stm32f4xx_spi.o(i.I2S_FullDuplexConfig)
    I2S_Init                                 0x080014b5   Thumb Code   396  stm32f4xx_spi.o(i.I2S_Init)
    I2S_Play_Start                           0x0800164d   Thumb Code    12  bsp_i2s.o(i.I2S_Play_Start)
    I2S_Rec_Start                            0x0800165d   Thumb Code    12  bsp_i2s.o(i.I2S_Rec_Start)
    IIC_Init                                 0x0800166d   Thumb Code    62  bsp_myiic.o(i.IIC_Init)
    IIC_Send_Byte                            0x080016b9   Thumb Code    90  bsp_myiic.o(i.IIC_Send_Byte)
    IIC_Start                                0x08001721   Thumb Code    64  bsp_myiic.o(i.IIC_Start)
    IIC_Stop                                 0x0800176d   Thumb Code    62  bsp_myiic.o(i.IIC_Stop)
    IIC_Wait_Ack                             0x080017b9   Thumb Code    82  bsp_myiic.o(i.IIC_Wait_Ack)
    IsCardProgramming                        0x08001819   Thumb Code   146  bsp_sdio_sdcard.o(i.IsCardProgramming)
    MemManage_Handler                        0x080018b9   Thumb Code     4  stm32f4xx_it.o(i.MemManage_Handler)
    NMI_Handler                              0x080018bd   Thumb Code     2  stm32f4xx_it.o(i.NMI_Handler)
    NVIC_Init                                0x080018c1   Thumb Code   106  misc.o(i.NVIC_Init)
    NVIC_PriorityGroupConfig                 0x08001939   Thumb Code    10  misc.o(i.NVIC_PriorityGroupConfig)
    RCC_AHB1PeriphClockCmd                   0x0800194d   Thumb Code    26  stm32f4xx_rcc.o(i.RCC_AHB1PeriphClockCmd)
    RCC_APB1PeriphClockCmd                   0x0800196d   Thumb Code    26  stm32f4xx_rcc.o(i.RCC_APB1PeriphClockCmd)
    RCC_APB1PeriphResetCmd                   0x0800198d   Thumb Code    26  stm32f4xx_rcc.o(i.RCC_APB1PeriphResetCmd)
    RCC_APB2PeriphClockCmd                   0x080019ad   Thumb Code    26  stm32f4xx_rcc.o(i.RCC_APB2PeriphClockCmd)
    RCC_APB2PeriphResetCmd                   0x080019cd   Thumb Code    26  stm32f4xx_rcc.o(i.RCC_APB2PeriphResetCmd)
    RCC_GetClocksFreq                        0x080019ed   Thumb Code   214  stm32f4xx_rcc.o(i.RCC_GetClocksFreq)
    RCC_PLLI2SCmd                            0x08001ad5   Thumb Code     6  stm32f4xx_rcc.o(i.RCC_PLLI2SCmd)
    RCC_PLLI2SConfig                         0x08001ae1   Thumb Code    12  stm32f4xx_rcc.o(i.RCC_PLLI2SConfig)
    SDEnWideBus                              0x08001af1   Thumb Code   158  bsp_sdio_sdcard.o(i.SDEnWideBus)
    SDIO_ClearFlag                           0x08001b9d   Thumb Code     6  stm32f4xx_sdio.o(i.SDIO_ClearFlag)
    SDIO_Clock_Set                           0x08001ba9   Thumb Code    16  bsp_sdio_sdcard.o(i.SDIO_Clock_Set)
    SDIO_DataConfig                          0x08001bbd   Thumb Code    46  stm32f4xx_sdio.o(i.SDIO_DataConfig)
    SDIO_GetFlagStatus                       0x08001bf1   Thumb Code    20  stm32f4xx_sdio.o(i.SDIO_GetFlagStatus)
    SDIO_GetPowerState                       0x08001c09   Thumb Code    10  stm32f4xx_sdio.o(i.SDIO_GetPowerState)
    SDIO_IRQHandler                          0x08001c19   Thumb Code     8  bsp_sdio_sdcard.o(i.SDIO_IRQHandler)
    SDIO_Init                                0x08001c21   Thumb Code    42  stm32f4xx_sdio.o(i.SDIO_Init)
    SDIO_Register_Deinit                     0x08001c51   Thumb Code    48  bsp_sdio_sdcard.o(i.SDIO_Register_Deinit)
    SDIO_SendCommand                         0x08001c89   Thumb Code    40  stm32f4xx_sdio.o(i.SDIO_SendCommand)
    SDIO_SetPowerState                       0x08001cb5   Thumb Code     6  stm32f4xx_sdio.o(i.SDIO_SetPowerState)
    SD_DMA_Config                            0x08001cc1   Thumb Code   118  bsp_sdio_sdcard.o(i.SD_DMA_Config)
    SD_EnableWideBusOperation                0x08001d41   Thumb Code    94  bsp_sdio_sdcard.o(i.SD_EnableWideBusOperation)
    SD_GetCardInfo                           0x08001da9   Thumb Code   772  bsp_sdio_sdcard.o(i.SD_GetCardInfo)
    SD_Init                                  0x080020bd   Thumb Code   286  bsp_sdio_sdcard.o(i.SD_Init)
    SD_InitializeCards                       0x080021f1   Thumb Code   330  bsp_sdio_sdcard.o(i.SD_InitializeCards)
    SD_PowerON                               0x08002355   Thumb Code   460  bsp_sdio_sdcard.o(i.SD_PowerON)
    SD_ProcessIRQSrc                         0x08002539   Thumb Code   318  bsp_sdio_sdcard.o(i.SD_ProcessIRQSrc)
    SD_ReadBlock                             0x0800268d   Thumb Code   574  bsp_sdio_sdcard.o(i.SD_ReadBlock)
    SD_ReadDisk                              0x080028f5   Thumb Code   148  bsp_sdio_sdcard.o(i.SD_ReadDisk)
    SD_ReadMultiBlocks                       0x0800298d   Thumb Code   710  bsp_sdio_sdcard.o(i.SD_ReadMultiBlocks)
    SD_SelectDeselect                        0x08002c81   Thumb Code    42  bsp_sdio_sdcard.o(i.SD_SelectDeselect)
    SD_SetDeviceMode                         0x08002cb1   Thumb Code    20  bsp_sdio_sdcard.o(i.SD_SetDeviceMode)
    SD_WriteBlock                            0x08002cc9   Thumb Code   862  bsp_sdio_sdcard.o(i.SD_WriteBlock)
    SD_WriteDisk                             0x08003051   Thumb Code   148  bsp_sdio_sdcard.o(i.SD_WriteDisk)
    SD_WriteMultiBlocks                      0x080030e9   Thumb Code   934  bsp_sdio_sdcard.o(i.SD_WriteMultiBlocks)
    SPI_I2S_DMACmd                           0x080034b9   Thumb Code    18  stm32f4xx_spi.o(i.SPI_I2S_DMACmd)
    SysTick_CLKSourceConfig                  0x080035b9   Thumb Code    40  misc.o(i.SysTick_CLKSourceConfig)
    SysTick_Handler                          0x080035e1   Thumb Code    16  delay.o(i.SysTick_Handler)
    SystemInit                               0x080035f1   Thumb Code    88  system_stm32f4xx.o(i.SystemInit)
    TIM3_IRQHandler                          0x08003659   Thumb Code    20  bsp_timer.o(i.TIM3_IRQHandler)
    TIM4_IRQHandler                          0x08003671   Thumb Code    46  usmart.o(i.TIM4_IRQHandler)
    TIM_ClearFlag                            0x080036a9   Thumb Code     6  stm32f4xx_tim.o(i.TIM_ClearFlag)
    TIM_ClearITPendingBit                    0x080036af   Thumb Code     6  stm32f4xx_tim.o(i.TIM_ClearITPendingBit)
    TIM_Cmd                                  0x080036b5   Thumb Code    24  stm32f4xx_tim.o(i.TIM_Cmd)
    TIM_GetCounter                           0x080036cd   Thumb Code     6  stm32f4xx_tim.o(i.TIM_GetCounter)
    TIM_GetFlagStatus                        0x080036d3   Thumb Code    18  stm32f4xx_tim.o(i.TIM_GetFlagStatus)
    TIM_GetITStatus                          0x080036e5   Thumb Code    34  stm32f4xx_tim.o(i.TIM_GetITStatus)
    TIM_ITConfig                             0x08003707   Thumb Code    18  stm32f4xx_tim.o(i.TIM_ITConfig)
    TIM_SetAutoreload                        0x08003719   Thumb Code     4  stm32f4xx_tim.o(i.TIM_SetAutoreload)
    TIM_SetCounter                           0x0800371d   Thumb Code     4  stm32f4xx_tim.o(i.TIM_SetCounter)
    TIM_TimeBaseInit                         0x08003721   Thumb Code   104  stm32f4xx_tim.o(i.TIM_TimeBaseInit)
    Timer4_Init                              0x080037a5   Thumb Code    88  usmart.o(i.Timer4_Init)
    USART1_IRQHandler                        0x08003801   Thumb Code   122  usart.o(i.USART1_IRQHandler)
    USART_Cmd                                0x08003889   Thumb Code    24  stm32f4xx_usart.o(i.USART_Cmd)
    USART_GetITStatus                        0x080038a1   Thumb Code    84  stm32f4xx_usart.o(i.USART_GetITStatus)
    USART_ITConfig                           0x080038f5   Thumb Code    74  stm32f4xx_usart.o(i.USART_ITConfig)
    USART_Init                               0x08003941   Thumb Code   204  stm32f4xx_usart.o(i.USART_Init)
    USART_ReceiveData                        0x08003a15   Thumb Code    10  stm32f4xx_usart.o(i.USART_ReceiveData)
    UsageFault_Handler                       0x08003a1f   Thumb Code     4  stm32f4xx_it.o(i.UsageFault_Handler)
    WM8978_ADDA_Cfg                          0x08003a23   Thumb Code    64  bsp_wm8978.o(i.WM8978_ADDA_Cfg)
    WM8978_AUX_Gain                          0x08003a63   Thumb Code    54  bsp_wm8978.o(i.WM8978_AUX_Gain)
    WM8978_HPvol_Set                         0x08003a99   Thumb Code    46  bsp_wm8978.o(i.WM8978_HPvol_Set)
    WM8978_I2S_Cfg                           0x08003ac7   Thumb Code    28  bsp_wm8978.o(i.WM8978_I2S_Cfg)
    WM8978_Init                              0x08003ae5   Thumb Code   244  bsp_wm8978.o(i.WM8978_Init)
    WM8978_Input_Cfg                         0x08003be1   Thumb Code   102  bsp_wm8978.o(i.WM8978_Input_Cfg)
    WM8978_LINEIN_Gain                       0x08003c47   Thumb Code    54  bsp_wm8978.o(i.WM8978_LINEIN_Gain)
    WM8978_MIC_Gain                          0x08003c7d   Thumb Code    28  bsp_wm8978.o(i.WM8978_MIC_Gain)
    WM8978_Output_Cfg                        0x08003c99   Thumb Code    42  bsp_wm8978.o(i.WM8978_Output_Cfg)
    WM8978_Read_Reg                          0x08003cc5   Thumb Code    10  bsp_wm8978.o(i.WM8978_Read_Reg)
    WM8978_SPKvol_Set                        0x08003cd5   Thumb Code    34  bsp_wm8978.o(i.WM8978_SPKvol_Set)
    WM8978_Write_Reg                         0x08003cf9   Thumb Code    80  bsp_wm8978.o(i.WM8978_Write_Reg)
    __0printf                                0x08003d4d   Thumb Code    22  printfa.o(i.__0printf)
    __1printf                                0x08003d4d   Thumb Code     0  printfa.o(i.__0printf)
    __2printf                                0x08003d4d   Thumb Code     0  printfa.o(i.__0printf)
    __c89printf                              0x08003d4d   Thumb Code     0  printfa.o(i.__0printf)
    printf                                   0x08003d4d   Thumb Code     0  printfa.o(i.__0printf)
    __0sprintf                               0x08003d6d   Thumb Code    34  printfa.o(i.__0sprintf)
    __1sprintf                               0x08003d6d   Thumb Code     0  printfa.o(i.__0sprintf)
    __2sprintf                               0x08003d6d   Thumb Code     0  printfa.o(i.__0sprintf)
    __c89sprintf                             0x08003d6d   Thumb Code     0  printfa.o(i.__0sprintf)
    sprintf                                  0x08003d6d   Thumb Code     0  printfa.o(i.__0sprintf)
    __hardfp_fabs                            0x08003d95   Thumb Code    20  fabs.o(i.__hardfp_fabs)
    __scatterload_copy                       0x08003da9   Thumb Code    14  handlers.o(i.__scatterload_copy)
    __scatterload_null                       0x08003db7   Thumb Code     2  handlers.o(i.__scatterload_null)
    __scatterload_zeroinit                   0x08003db9   Thumb Code    14  handlers.o(i.__scatterload_zeroinit)
    base64_array_encoding                    0x08004685   Thumb Code   202  base64.o(i.base64_array_encoding)
    bspInit                                  0x08004801   Thumb Code   102  bsp.o(i.bspInit)
    bspLedInit                               0x08004899   Thumb Code    48  bsp_led.o(i.bspLedInit)
    bspLedToggle                             0x080048cd   Thumb Code    26  bsp_led.o(i.bspLedToggle)
    convert_from_bytes_to_power_of_two       0x08004a3d   Thumb Code    18  bsp_sdio_sdcard.o(i.convert_from_bytes_to_power_of_two)
    delay_init                               0x08004f9d   Thumb Code    58  delay.o(i.delay_init)
    delay_ms                                 0x08004fe1   Thumb Code    60  delay.o(i.delay_ms)
    delay_us                                 0x08005021   Thumb Code    68  delay.o(i.delay_us)
    dir_sdi                                  0x080055c9   Thumb Code   154  ff.o(i.dir_sdi)
    disk_initialize                          0x08005663   Thumb Code    40  diskio.o(i.disk_initialize)
    disk_ioctl                               0x0800568d   Thumb Code   106  diskio.o(i.disk_ioctl)
    disk_read                                0x080056fd   Thumb Code    98  diskio.o(i.disk_read)
    disk_status                              0x0800575f   Thumb Code     6  diskio.o(i.disk_status)
    disk_write                               0x08005765   Thumb Code    98  diskio.o(i.disk_write)
    exfuns_init                              0x080057c9   Thumb Code   106  exfuns.o(i.exfuns_init)
    f_close                                  0x08005845   Thumb Code    34  ff.o(i.f_close)
    f_closedir                               0x08005867   Thumb Code    24  ff.o(i.f_closedir)
    f_getfree                                0x0800587f   Thumb Code   246  ff.o(i.f_getfree)
    f_getlabel                               0x08005975   Thumb Code   190  ff.o(i.f_getlabel)
    f_gets                                   0x08005a33   Thumb Code    82  ff.o(i.f_gets)
    f_lseek                                  0x08005a85   Thumb Code   388  ff.o(i.f_lseek)
    f_mkdir                                  0x08005c09   Thumb Code   292  ff.o(i.f_mkdir)
    f_mkfs                                   0x08005d2d   Thumb Code  1824  ff.o(i.f_mkfs)
    f_mount                                  0x08006481   Thumb Code    80  ff.o(i.f_mount)
    f_open                                   0x080064d5   Thumb Code   520  ff.o(i.f_open)
    f_opendir                                0x080066dd   Thumb Code   138  ff.o(i.f_opendir)
    f_putc                                   0x08006767   Thumb Code    34  ff.o(i.f_putc)
    f_puts                                   0x08006789   Thumb Code    44  ff.o(i.f_puts)
    f_read                                   0x080067b5   Thumb Code   412  ff.o(i.f_read)
    f_readdir                                0x08006951   Thumb Code   104  ff.o(i.f_readdir)
    f_rename                                 0x080069b9   Thumb Code   316  ff.o(i.f_rename)
    f_setlabel                               0x08006af5   Thumb Code   306  ff.o(i.f_setlabel)
    f_sync                                   0x08006c2d   Thumb Code   160  ff.o(i.f_sync)
    f_unlink                                 0x08006ccd   Thumb Code   196  ff.o(i.f_unlink)
    f_write                                  0x08006d91   Thumb Code   478  ff.o(i.f_write)
    ff_memalloc                              0x08006f6f   Thumb Code    12  ffsystem.o(i.ff_memalloc)
    ff_memfree                               0x08006f7b   Thumb Code    12  ffsystem.o(i.ff_memfree)
    ff_oem2uni                               0x08006f89   Thumb Code   100  ffunicode.o(i.ff_oem2uni)
    ff_uni2oem                               0x08006ff1   Thumb Code   112  ffunicode.o(i.ff_uni2oem)
    ff_wtoupper                              0x08007065   Thumb Code   166  ffunicode.o(i.ff_wtoupper)
    fputc                                    0x0800722d   Thumb Code    22  usart.o(i.fputc)
    free                                     0x08007249   Thumb Code    76  malloc.o(i.free)
    get_fattime                              0x08007445   Thumb Code     4  diskio.o(i.get_fattime)
    main                                     0x08007665   Thumb Code    34  main.o(i.main)
    malloc                                   0x080076a1   Thumb Code    92  malloc.o(i.malloc)
    mf_close                                 0x0800775d   Thumb Code    14  fattester.o(i.mf_close)
    mf_closedir                              0x08007771   Thumb Code    10  fattester.o(i.mf_closedir)
    mf_fmkfs                                 0x08007781   Thumb Code    20  fattester.o(i.mf_fmkfs)
    mf_getlabel                              0x08007795   Thumb Code    58  fattester.o(i.mf_getlabel)
    mf_gets                                  0x08007819   Thumb Code    38  fattester.o(i.mf_gets)
    mf_lseek                                 0x08007865   Thumb Code    16  fattester.o(i.mf_lseek)
    mf_mkdir                                 0x08007879   Thumb Code    12  fattester.o(i.mf_mkdir)
    mf_mount                                 0x08007885   Thumb Code    20  fattester.o(i.mf_mount)
    mf_open                                  0x0800789d   Thumb Code    24  fattester.o(i.mf_open)
    mf_opendir                               0x080078b9   Thumb Code    14  fattester.o(i.mf_opendir)
    mf_putc                                  0x080078cd   Thumb Code    18  fattester.o(i.mf_putc)
    mf_puts                                  0x080078e5   Thumb Code    18  fattester.o(i.mf_puts)
    mf_read                                  0x080078fd   Thumb Code   224  fattester.o(i.mf_read)
    mf_read_type                             0x08007a55   Thumb Code   192  fattester.o(i.mf_read_type)
    mf_readdir                               0x08007b71   Thumb Code    92  fattester.o(i.mf_readdir)
    mf_rename                                0x08007c39   Thumb Code    16  fattester.o(i.mf_rename)
    mf_setlabel                              0x08007c49   Thumb Code    34  fattester.o(i.mf_setlabel)
    mf_showfree                              0x08007ca5   Thumb Code    88  fattester.o(i.mf_showfree)
    mf_size                                  0x08007d4d   Thumb Code     8  fattester.o(i.mf_size)
    mf_tell                                  0x08007d59   Thumb Code     8  fattester.o(i.mf_tell)
    mf_unlink                                0x08007d65   Thumb Code    12  fattester.o(i.mf_unlink)
    mf_write                                 0x08007d71   Thumb Code    68  fattester.o(i.mf_write)
    pvPortMalloc                             0x08008e75   Thumb Code   272  heap_4.o(i.pvPortMalloc)
    pxPortInitialiseStack                    0x08008fd5   Thumb Code    38  port.o(i.pxPortInitialiseStack)
    read_addr                                0x08009001   Thumb Code     6  usmart.o(i.read_addr)
    rec_i2s_dma_rx_callback                  0x08009009   Thumb Code   240  myapp.o(i.rec_i2s_dma_rx_callback)
    recoder_enter_rec_mode                   0x08009125   Thumb Code   132  myapp.o(i.recoder_enter_rec_mode)
    scan_files                               0x0800925d   Thumb Code   124  fattester.o(i.scan_files)
    uart_init                                0x0800947d   Thumb Code   166  usart.o(i.uart_init)
    uasrt_key_get                            0x0800952d   Thumb Code    40  bsp_key.o(i.uasrt_key_get)
    uasrt_key_send                           0x0800955d   Thumb Code     6  bsp_key.o(i.uasrt_key_send)
    usmart_cmd_rec                           0x08009569   Thumb Code   170  usmart.o(i.usmart_cmd_rec)
    usmart_exe                               0x08009619   Thumb Code   632  usmart.o(i.usmart_exe)
    usmart_get_aparm                         0x080098ed   Thumb Code   200  usmart_str.o(i.usmart_get_aparm)
    usmart_get_cmdname                       0x080099b5   Thumb Code    54  usmart_str.o(i.usmart_get_cmdname)
    usmart_get_fname                         0x080099ed   Thumb Code   440  usmart_str.o(i.usmart_get_fname)
    usmart_get_fparam                        0x08009bad   Thumb Code   262  usmart_str.o(i.usmart_get_fparam)
    usmart_get_parmpos                       0x08009cb9   Thumb Code    26  usmart_str.o(i.usmart_get_parmpos)
    usmart_get_runtime                       0x08009cd9   Thumb Code    60  usmart.o(i.usmart_get_runtime)
    usmart_init                              0x08009d1d   Thumb Code    36  usmart.o(i.usmart_init)
    usmart_pow                               0x08009d45   Thumb Code    22  usmart_str.o(i.usmart_pow)
    usmart_reset_runtime                     0x08009d5d   Thumb Code    38  usmart.o(i.usmart_reset_runtime)
    usmart_scan                              0x08009d8d   Thumb Code   120  usmart.o(i.usmart_scan)
    usmart_search_nextc                      0x08009e49   Thumb Code    22  usmart_str.o(i.usmart_search_nextc)
    usmart_str2num                           0x08009e5f   Thumb Code   202  usmart_str.o(i.usmart_str2num)
    usmart_strcmp                            0x08009f29   Thumb Code    34  usmart_str.o(i.usmart_strcmp)
    usmart_strcopy                           0x08009f4b   Thumb Code    22  usmart_str.o(i.usmart_strcopy)
    usmart_strlen                            0x08009f61   Thumb Code    24  usmart_str.o(i.usmart_strlen)
    usmart_sys_cmd_exe                       0x08009f79   Thumb Code  1554  usmart.o(i.usmart_sys_cmd_exe)
    uxListRemove                             0x0800a65d   Thumb Code    40  list.o(i.uxListRemove)
    vListInitialise                          0x0800a685   Thumb Code    26  list.o(i.vListInitialise)
    vListInitialiseItem                      0x0800a69f   Thumb Code     6  list.o(i.vListInitialiseItem)
    vListInsert                              0x0800a6a5   Thumb Code    52  list.o(i.vListInsert)
    vListInsertEnd                           0x0800a6d9   Thumb Code    24  list.o(i.vListInsertEnd)
    vPortEnterCritical                       0x0800a6f1   Thumb Code    68  port.o(i.vPortEnterCritical)
    vPortExitCritical                        0x0800a779   Thumb Code    48  port.o(i.vPortExitCritical)
    vPortFree                                0x0800a7e9   Thumb Code   130  heap_4.o(i.vPortFree)
    vPortSetupTimerInterrupt                 0x0800a8b1   Thumb Code    20  port.o(i.vPortSetupTimerInterrupt)
    vPortValidateInterruptPriority           0x0800a8c9   Thumb Code    86  port.o(i.vPortValidateInterruptPriority)
    vQueueAddToRegistry                      0x0800a969   Thumb Code    38  queue.o(i.vQueueAddToRegistry)
    vQueueWaitForMessageRestricted           0x0800a995   Thumb Code    74  queue.o(i.vQueueWaitForMessageRestricted)
    vTaskDelay                               0x0800a9e1   Thumb Code    72  tasks.o(i.vTaskDelay)
    vTaskDelete                              0x0800aa55   Thumb Code   192  tasks.o(i.vTaskDelete)
    vTaskInternalSetTimeOutState             0x0800ab69   Thumb Code    14  tasks.o(i.vTaskInternalSetTimeOutState)
    vTaskMissedYield                         0x0800ab91   Thumb Code     8  tasks.o(i.vTaskMissedYield)
    vTaskPlaceOnEventList                    0x0800ab9d   Thumb Code    42  tasks.o(i.vTaskPlaceOnEventList)
    vTaskPlaceOnEventListRestricted          0x0800abf1   Thumb Code    50  tasks.o(i.vTaskPlaceOnEventListRestricted)
    vTaskStartScheduler                      0x0800ac4d   Thumb Code   108  tasks.o(i.vTaskStartScheduler)
    vTaskSuspendAll                          0x0800acf9   Thumb Code    12  tasks.o(i.vTaskSuspendAll)
    vTaskSwitchContext                       0x0800ad09   Thumb Code   110  tasks.o(i.vTaskSwitchContext)
    wav_recorder                             0x0800ae69   Thumb Code   286  myapp.o(i.wav_recorder)
    write_addr                               0x0800afc9   Thumb Code     4  usmart.o(i.write_addr)
    xPortStartScheduler                      0x0800afcd   Thumb Code   322  port.o(i.xPortStartScheduler)
    xPortSysTickHandler                      0x0800b169   Thumb Code    46  port.o(i.xPortSysTickHandler)
    xQueueGenericCreate                      0x0800b19d   Thumb Code    74  queue.o(i.xQueueGenericCreate)
    xQueueGenericReset                       0x0800b20d   Thumb Code   136  queue.o(i.xQueueGenericReset)
    xQueueGenericSend                        0x0800b2bd   Thumb Code   380  queue.o(i.xQueueGenericSend)
    xQueueGenericSendFromISR                 0x0800b461   Thumb Code   222  queue.o(i.xQueueGenericSendFromISR)
    xQueueReceive                            0x0800b565   Thumb Code   326  queue.o(i.xQueueReceive)
    xTaskCheckForTimeOut                     0x0800b6d5   Thumb Code   112  tasks.o(i.xTaskCheckForTimeOut)
    xTaskCreate                              0x0800b771   Thumb Code    96  tasks.o(i.xTaskCreate)
    xTaskGetSchedulerState                   0x0800b7d1   Thumb Code    24  tasks.o(i.xTaskGetSchedulerState)
    xTaskGetTickCount                        0x0800b7f1   Thumb Code     6  tasks.o(i.xTaskGetTickCount)
    xTaskIncrementTick                       0x0800b7fd   Thumb Code   272  tasks.o(i.xTaskIncrementTick)
    xTaskPriorityDisinherit                  0x0800b95d   Thumb Code   168  tasks.o(i.xTaskPriorityDisinherit)
    xTaskRemoveFromEventList                 0x0800ba35   Thumb Code   118  tasks.o(i.xTaskRemoveFromEventList)
    xTaskResumeAll                           0x0800bae9   Thumb Code   214  tasks.o(i.xTaskResumeAll)
    xTimerCreateTimerTask                    0x0800bc09   Thumb Code    56  timers.o(i.xTimerCreateTimerTask)
    xTimerGenericCommand                     0x0800bc7d   Thumb Code   116  timers.o(i.xTimerGenericCommand)
    I2S_PSC_TBL                              0x0800bd1c   Data         110  bsp_i2s.o(.constdata)
    base64_tab                               0x0800bd8a   Data          64  base64.o(.constdata)
    i2splaybuf                               0x0800bdca   Data           4  myapp.o(.constdata)
    EventRecorderInfo                        0x080369e0   Data          24  eventrecorder.o(.constdata)
    Region$$Table$$Base                      0x08036cfc   Number         0  anon$$obj.o(Region$$Table)
    Region$$Table$$Limit                     0x08036d1c   Number         0  anon$$obj.o(Region$$Table)
    TransferError                            0x2000001e   Data           1  bsp_sdio_sdcard.o(.data)
    TransferEnd                              0x2000001f   Data           1  bsp_sdio_sdcard.o(.data)
    tempbuff                                 0x20000020   Data           4  bsp_sdio_sdcard.o(.data)
    i2s_tx_callback                          0x20000098   Data           4  bsp_i2s.o(.data)
    i2s_rx_callback                          0x2000009c   Data           4  bsp_i2s.o(.data)
    keyval                                   0x200000a0   Data           1  bsp_key.o(.data)
    i2srecbuf1                               0x200000a4   Data           4  myapp.o(.data)
    i2srecbuf2                               0x200000a8   Data           4  myapp.o(.data)
    f_rec                                    0x200000ac   Data           4  myapp.o(.data)
    wavsize                                  0x200000b0   Data           4  myapp.o(.data)
    rec_sta                                  0x200000b4   Data           1  myapp.o(.data)
    sys_cmd_tab                              0x200000b8   Data          28  usmart.o(.data)
    usmart_nametab                           0x200000d4   Data         224  usmart_config.o(.data)
    usmart_dev                               0x200001b4   Data         244  usmart_config.o(.data)
    __stdout                                 0x200002ac   Data           4  usart.o(.data)
    USART_RX_STA                             0x200002b0   Data           2  usart.o(.data)
    pxCurrentTCB                             0x200002b4   Data           4  tasks.o(.data)
    fs                                       0x20000338   Data           4  exfuns.o(.data)
    file                                     0x2000033c   Data           4  exfuns.o(.data)
    ftemp                                    0x20000340   Data           4  exfuns.o(.data)
    br                                       0x20000344   Data           4  exfuns.o(.data)
    bw                                       0x20000348   Data           4  exfuns.o(.data)
    fatbuf                                   0x2000034c   Data           4  exfuns.o(.data)
    __microlib_freelist                      0x20000364   Data           4  mvars.o(.data)
    __microlib_freelist_initialised          0x20000368   Data           4  mvars.o(.data)
    SDIO_InitStructure                       0x20000370   Data          24  bsp_sdio_sdcard.o(.bss)
    SDIO_CmdInitStructure                    0x20000388   Data          20  bsp_sdio_sdcard.o(.bss)
    SDIO_DataInitStructure                   0x2000039c   Data          24  bsp_sdio_sdcard.o(.bss)
    SDCardInfo                               0x200003d8   Data          88  bsp_sdio_sdcard.o(.bss)
    SDIO_DATA_BUFFER                         0x20000430   Data         512  bsp_sdio_sdcard.o(.bss)
    USART_RX_BUF                             0x20000630   Data         200  usart.o(.bss)
    xQueueRegistry                           0x200006f8   Data          64  queue.o(.bss)
    dir                                      0x20005904   Data          48  exfuns.o(.bss)
    __heap_base                              0x20005f68   Data           0  startup_stm32f40_41xxx.o(HEAP)
    __heap_limit                             0x20017f68   Data           0  startup_stm32f40_41xxx.o(HEAP)
    __initial_sp                             0x20018368   Data           0  startup_stm32f40_41xxx.o(STACK)



==============================================================================

Memory Map of the image

  Image Entry point : 0x08000189

  Load Region LR_IROM1 (Base: 0x08000000, Size: 0x00037088, Max: 0x00080000, ABSOLUTE, COMPRESSED[0x00036e4c])

    Execution Region ER_IROM1 (Exec base: 0x08000000, Load base: 0x08000000, Size: 0x00036d1c, Max: 0x00080000, ABSOLUTE)

    Exec Addr    Load Addr    Size         Type   Attr      Idx    E Section Name        Object

    0x08000000   0x08000000   0x00000188   Data   RO         4005    RESET               startup_stm32f40_41xxx.o
    0x08000188   0x08000188   0x00000000   Code   RO         6381  * .ARM.Collect$$$$00000000  mc_w.l(entry.o)
    0x08000188   0x08000188   0x00000004   Code   RO         6718    .ARM.Collect$$$$00000001  mc_w.l(entry2.o)
    0x0800018c   0x0800018c   0x00000004   Code   RO         6721    .ARM.Collect$$$$00000004  mc_w.l(entry5.o)
    0x08000190   0x08000190   0x00000000   Code   RO         6723    .ARM.Collect$$$$00000008  mc_w.l(entry7b.o)
    0x08000190   0x08000190   0x00000000   Code   RO         6725    .ARM.Collect$$$$0000000A  mc_w.l(entry8b.o)
    0x08000190   0x08000190   0x00000008   Code   RO         6726    .ARM.Collect$$$$0000000B  mc_w.l(entry9a.o)
    0x08000198   0x08000198   0x00000000   Code   RO         6728    .ARM.Collect$$$$0000000D  mc_w.l(entry10a.o)
    0x08000198   0x08000198   0x00000000   Code   RO         6730    .ARM.Collect$$$$0000000F  mc_w.l(entry11a.o)
    0x08000198   0x08000198   0x00000004   Code   RO         6719    .ARM.Collect$$$$00002712  mc_w.l(entry2.o)
    0x0800019c   0x0800019c   0x00000010   Code   RO         1955    .emb_text           sys.o
    0x080001ac   0x080001ac   0x000000be   Code   RO         3200    .emb_text           port.o
    0x0800026a   0x0800026a   0x00000002   PAD
    0x0800026c   0x0800026c   0x00000024   Code   RO         4006    .text               startup_stm32f40_41xxx.o
    0x08000290   0x08000290   0x00000062   Code   RO         6389    .text               mc_w.l(ldiv.o)
    0x080002f2   0x080002f2   0x00000024   Code   RO         6391    .text               mc_w.l(memcpya.o)
    0x08000316   0x08000316   0x00000024   Code   RO         6395    .text               mc_w.l(memseta.o)
    0x0800033a   0x0800033a   0x0000000e   Code   RO         6399    .text               mc_w.l(strlen.o)
    0x08000348   0x08000348   0x0000014e   Code   RO         6696    .text               mf_w.l(dadd.o)
    0x08000496   0x08000496   0x000000e4   Code   RO         6698    .text               mf_w.l(dmul.o)
    0x0800057a   0x0800057a   0x000000de   Code   RO         6700    .text               mf_w.l(ddiv.o)
    0x08000658   0x08000658   0x0000001a   Code   RO         6704    .text               mf_w.l(dfltui.o)
    0x08000672   0x08000672   0x00000002   PAD
    0x08000674   0x08000674   0x00000030   Code   RO         6714    .text               mf_w.l(cdrcmple.o)
    0x080006a4   0x080006a4   0x0000002c   Code   RO         6732    .text               mc_w.l(uidiv.o)
    0x080006d0   0x080006d0   0x00000062   Code   RO         6734    .text               mc_w.l(uldiv.o)
    0x08000732   0x08000732   0x0000001e   Code   RO         6736    .text               mc_w.l(llshl.o)
    0x08000750   0x08000750   0x00000020   Code   RO         6738    .text               mc_w.l(llushr.o)
    0x08000770   0x08000770   0x00000024   Code   RO         6740    .text               mc_w.l(llsshr.o)
    0x08000794   0x08000794   0x00000000   Code   RO         6744    .text               mc_w.l(iusefp.o)
    0x08000794   0x08000794   0x000000ba   Code   RO         6747    .text               mf_w.l(depilogue.o)
    0x0800084e   0x0800084e   0x00000030   Code   RO         6749    .text               mf_w.l(dfixul.o)
    0x0800087e   0x0800087e   0x00000002   PAD
    0x08000880   0x08000880   0x00000024   Code   RO         6751    .text               mc_w.l(init.o)
    0x080008a4   0x080008a4   0x00000056   Code   RO         6761    .text               mc_w.l(__dczerorl2.o)
    0x080008fa   0x080008fa   0x00000002   PAD
    0x080008fc   0x080008fc   0x00000012   Code   RO         6166    OSKERNEL            hardfaulthandler.o
    0x0800090e   0x0800090e   0x00000004   Code   RO         4012    i.BusFault_Handler  stm32f4xx_it.o
    0x08000912   0x08000912   0x00000030   Code   RO          951    i.CmdError          bsp_sdio_sdcard.o
    0x08000942   0x08000942   0x00000002   PAD
    0x08000944   0x08000944   0x00000064   Code   RO          952    i.CmdResp1Error     bsp_sdio_sdcard.o
    0x080009a8   0x080009a8   0x00000054   Code   RO          953    i.CmdResp2Error     bsp_sdio_sdcard.o
    0x080009fc   0x080009fc   0x00000038   Code   RO          954    i.CmdResp3Error     bsp_sdio_sdcard.o
    0x08000a34   0x08000a34   0x00000094   Code   RO          955    i.CmdResp6Error     bsp_sdio_sdcard.o
    0x08000ac8   0x08000ac8   0x0000004c   Code   RO          956    i.CmdResp7Error     bsp_sdio_sdcard.o
    0x08000b14   0x08000b14   0x0000002c   Code   RO         1359    i.DMA1_Stream3_IRQHandler  bsp_i2s.o
    0x08000b40   0x08000b40   0x0000002c   Code   RO         1360    i.DMA1_Stream4_IRQHandler  bsp_i2s.o
    0x08000b6c   0x08000b6c   0x00000034   Code   RO         5683    i.DMA_ClearITPendingBit  stm32f4xx_dma.o
    0x08000ba0   0x08000ba0   0x00000016   Code   RO         5684    i.DMA_Cmd           stm32f4xx_dma.o
    0x08000bb6   0x08000bb6   0x00000002   PAD
    0x08000bb8   0x08000bb8   0x00000158   Code   RO         5685    i.DMA_DeInit        stm32f4xx_dma.o
    0x08000d10   0x08000d10   0x00000016   Code   RO         5686    i.DMA_DoubleBufferModeCmd  stm32f4xx_dma.o
    0x08000d26   0x08000d26   0x00000018   Code   RO         5687    i.DMA_DoubleBufferModeConfig  stm32f4xx_dma.o
    0x08000d3e   0x08000d3e   0x00000016   Code   RO         5688    i.DMA_FlowControllerConfig  stm32f4xx_dma.o
    0x08000d54   0x08000d54   0x00000014   Code   RO         5689    i.DMA_GetCmdStatus  stm32f4xx_dma.o
    0x08000d68   0x08000d68   0x00000064   Code   RO         5694    i.DMA_GetITStatus   stm32f4xx_dma.o
    0x08000dcc   0x08000dcc   0x0000003a   Code   RO         5695    i.DMA_ITConfig      stm32f4xx_dma.o
    0x08000e06   0x08000e06   0x00000002   PAD
    0x08000e08   0x08000e08   0x00000058   Code   RO         5696    i.DMA_Init          stm32f4xx_dma.o
    0x08000e60   0x08000e60   0x00000002   Code   RO         4013    i.DebugMon_Handler  stm32f4xx_it.o
    0x08000e62   0x08000e62   0x00000002   PAD
    0x08000e64   0x08000e64   0x00000194   Code   RO          957    i.FindSCR           bsp_sdio_sdcard.o
    0x08000ff8   0x08000ff8   0x00000018   Code   RO         1802    i.FuncTest          usmart_config.o
    0x08001010   0x08001010   0x00000090   Code   RO         4141    i.GPIO_Init         stm32f4xx_gpio.o
    0x080010a0   0x080010a0   0x00000046   Code   RO         4142    i.GPIO_PinAFConfig  stm32f4xx_gpio.o
    0x080010e6   0x080010e6   0x00000002   PAD
    0x080010e8   0x080010e8   0x000000b4   Code   RO         6171    i.HardFaultHandler  segger_hardfaulthandler.o
    0x0800119c   0x0800119c   0x00000064   Code   RO         1361    i.I2S2_Init         bsp_i2s.o
    0x08001200   0x08001200   0x000000a0   Code   RO         1362    i.I2S2_SampleRate_Set  bsp_i2s.o
    0x080012a0   0x080012a0   0x000000b0   Code   RO         1363    i.I2S2_TX_DMA_Init  bsp_i2s.o
    0x08001350   0x08001350   0x0000004c   Code   RO         1364    i.I2S2ext_Init      bsp_i2s.o
    0x0800139c   0x0800139c   0x000000b0   Code   RO         1365    i.I2S2ext_RX_DMA_Init  bsp_i2s.o
    0x0800144c   0x0800144c   0x00000018   Code   RO         6004    i.I2S_Cmd           stm32f4xx_spi.o
    0x08001464   0x08001464   0x00000050   Code   RO         6005    i.I2S_FullDuplexConfig  stm32f4xx_spi.o
    0x080014b4   0x080014b4   0x00000198   Code   RO         6006    i.I2S_Init          stm32f4xx_spi.o
    0x0800164c   0x0800164c   0x00000010   Code   RO         1366    i.I2S_Play_Start    bsp_i2s.o
    0x0800165c   0x0800165c   0x00000010   Code   RO         1368    i.I2S_Rec_Start     bsp_i2s.o
    0x0800166c   0x0800166c   0x0000004c   Code   RO         1298    i.IIC_Init          bsp_myiic.o
    0x080016b8   0x080016b8   0x00000068   Code   RO         1301    i.IIC_Send_Byte     bsp_myiic.o
    0x08001720   0x08001720   0x0000004c   Code   RO         1302    i.IIC_Start         bsp_myiic.o
    0x0800176c   0x0800176c   0x0000004c   Code   RO         1303    i.IIC_Stop          bsp_myiic.o
    0x080017b8   0x080017b8   0x00000060   Code   RO         1304    i.IIC_Wait_Ack      bsp_myiic.o
    0x08001818   0x08001818   0x000000a0   Code   RO          958    i.IsCardProgramming  bsp_sdio_sdcard.o
    0x080018b8   0x080018b8   0x00000004   Code   RO         4014    i.MemManage_Handler  stm32f4xx_it.o
    0x080018bc   0x080018bc   0x00000002   Code   RO         4015    i.NMI_Handler       stm32f4xx_it.o
    0x080018be   0x080018be   0x00000002   PAD
    0x080018c0   0x080018c0   0x00000078   Code   RO         4096    i.NVIC_Init         misc.o
    0x08001938   0x08001938   0x00000014   Code   RO         4097    i.NVIC_PriorityGroupConfig  misc.o
    0x0800194c   0x0800194c   0x00000020   Code   RO         4238    i.RCC_AHB1PeriphClockCmd  stm32f4xx_rcc.o
    0x0800196c   0x0800196c   0x00000020   Code   RO         4247    i.RCC_APB1PeriphClockCmd  stm32f4xx_rcc.o
    0x0800198c   0x0800198c   0x00000020   Code   RO         4249    i.RCC_APB1PeriphResetCmd  stm32f4xx_rcc.o
    0x080019ac   0x080019ac   0x00000020   Code   RO         4250    i.RCC_APB2PeriphClockCmd  stm32f4xx_rcc.o
    0x080019cc   0x080019cc   0x00000020   Code   RO         4252    i.RCC_APB2PeriphResetCmd  stm32f4xx_rcc.o
    0x080019ec   0x080019ec   0x000000e8   Code   RO         4259    i.RCC_GetClocksFreq  stm32f4xx_rcc.o
    0x08001ad4   0x08001ad4   0x0000000c   Code   RO         4278    i.RCC_PLLI2SCmd     stm32f4xx_rcc.o
    0x08001ae0   0x08001ae0   0x00000010   Code   RO         4279    i.RCC_PLLI2SConfig  stm32f4xx_rcc.o
    0x08001af0   0x08001af0   0x000000ac   Code   RO          959    i.SDEnWideBus       bsp_sdio_sdcard.o
    0x08001b9c   0x08001b9c   0x0000000c   Code   RO         5811    i.SDIO_ClearFlag    stm32f4xx_sdio.o
    0x08001ba8   0x08001ba8   0x00000014   Code   RO          960    i.SDIO_Clock_Set    bsp_sdio_sdcard.o
    0x08001bbc   0x08001bbc   0x00000034   Code   RO         5817    i.SDIO_DataConfig   stm32f4xx_sdio.o
    0x08001bf0   0x08001bf0   0x00000018   Code   RO         5823    i.SDIO_GetFlagStatus  stm32f4xx_sdio.o
    0x08001c08   0x08001c08   0x00000010   Code   RO         5825    i.SDIO_GetPowerState  stm32f4xx_sdio.o
    0x08001c18   0x08001c18   0x00000008   Code   RO          961    i.SDIO_IRQHandler   bsp_sdio_sdcard.o
    0x08001c20   0x08001c20   0x00000030   Code   RO         5828    i.SDIO_Init         stm32f4xx_sdio.o
    0x08001c50   0x08001c50   0x00000038   Code   RO          962    i.SDIO_Register_Deinit  bsp_sdio_sdcard.o
    0x08001c88   0x08001c88   0x0000002c   Code   RO         5831    i.SDIO_SendCommand  stm32f4xx_sdio.o
    0x08001cb4   0x08001cb4   0x0000000c   Code   RO         5833    i.SDIO_SetPowerState  stm32f4xx_sdio.o
    0x08001cc0   0x08001cc0   0x00000080   Code   RO          963    i.SD_DMA_Config     bsp_sdio_sdcard.o
    0x08001d40   0x08001d40   0x00000068   Code   RO          964    i.SD_EnableWideBusOperation  bsp_sdio_sdcard.o
    0x08001da8   0x08001da8   0x00000314   Code   RO          965    i.SD_GetCardInfo    bsp_sdio_sdcard.o
    0x080020bc   0x080020bc   0x00000134   Code   RO          967    i.SD_Init           bsp_sdio_sdcard.o
    0x080021f0   0x080021f0   0x00000164   Code   RO          968    i.SD_InitializeCards  bsp_sdio_sdcard.o
    0x08002354   0x08002354   0x000001e4   Code   RO          970    i.SD_PowerON        bsp_sdio_sdcard.o
    0x08002538   0x08002538   0x00000154   Code   RO          971    i.SD_ProcessIRQSrc  bsp_sdio_sdcard.o
    0x0800268c   0x0800268c   0x00000268   Code   RO          972    i.SD_ReadBlock      bsp_sdio_sdcard.o
    0x080028f4   0x080028f4   0x00000098   Code   RO          973    i.SD_ReadDisk       bsp_sdio_sdcard.o
    0x0800298c   0x0800298c   0x000002f4   Code   RO          974    i.SD_ReadMultiBlocks  bsp_sdio_sdcard.o
    0x08002c80   0x08002c80   0x00000030   Code   RO          975    i.SD_SelectDeselect  bsp_sdio_sdcard.o
    0x08002cb0   0x08002cb0   0x00000018   Code   RO          977    i.SD_SetDeviceMode  bsp_sdio_sdcard.o
    0x08002cc8   0x08002cc8   0x00000388   Code   RO          978    i.SD_WriteBlock     bsp_sdio_sdcard.o
    0x08003050   0x08003050   0x00000098   Code   RO          979    i.SD_WriteDisk      bsp_sdio_sdcard.o
    0x080030e8   0x080030e8   0x000003d0   Code   RO          980    i.SD_WriteMultiBlocks  bsp_sdio_sdcard.o
    0x080034b8   0x080034b8   0x00000012   Code   RO         6016    i.SPI_I2S_DMACmd    stm32f4xx_spi.o
    0x080034ca   0x080034ca   0x00000002   PAD
    0x080034cc   0x080034cc   0x000000ec   Code   RO         4059    i.SetSysClock       system_stm32f4xx.o
    0x080035b8   0x080035b8   0x00000028   Code   RO         4100    i.SysTick_CLKSourceConfig  misc.o
    0x080035e0   0x080035e0   0x00000010   Code   RO         1909    i.SysTick_Handler   delay.o
    0x080035f0   0x080035f0   0x00000068   Code   RO         4061    i.SystemInit        system_stm32f4xx.o
    0x08003658   0x08003658   0x00000018   Code   RO          717    i.TIM3_IRQHandler   bsp_timer.o
    0x08003670   0x08003670   0x00000038   Code   RO         1718    i.TIM4_IRQHandler   usmart.o
    0x080036a8   0x080036a8   0x00000006   Code   RO         5068    i.TIM_ClearFlag     stm32f4xx_tim.o
    0x080036ae   0x080036ae   0x00000006   Code   RO         5069    i.TIM_ClearITPendingBit  stm32f4xx_tim.o
    0x080036b4   0x080036b4   0x00000018   Code   RO         5074    i.TIM_Cmd           stm32f4xx_tim.o
    0x080036cc   0x080036cc   0x00000006   Code   RO         5093    i.TIM_GetCounter    stm32f4xx_tim.o
    0x080036d2   0x080036d2   0x00000012   Code   RO         5094    i.TIM_GetFlagStatus  stm32f4xx_tim.o
    0x080036e4   0x080036e4   0x00000022   Code   RO         5095    i.TIM_GetITStatus   stm32f4xx_tim.o
    0x08003706   0x08003706   0x00000012   Code   RO         5099    i.TIM_ITConfig      stm32f4xx_tim.o
    0x08003718   0x08003718   0x00000004   Code   RO         5134    i.TIM_SetAutoreload  stm32f4xx_tim.o
    0x0800371c   0x0800371c   0x00000004   Code   RO         5140    i.TIM_SetCounter    stm32f4xx_tim.o
    0x08003720   0x08003720   0x00000084   Code   RO         5146    i.TIM_TimeBaseInit  stm32f4xx_tim.o
    0x080037a4   0x080037a4   0x0000005c   Code   RO         1719    i.Timer4_Init       usmart.o
    0x08003800   0x08003800   0x00000088   Code   RO         1973    i.USART1_IRQHandler  usart.o
    0x08003888   0x08003888   0x00000018   Code   RO         4632    i.USART_Cmd         stm32f4xx_usart.o
    0x080038a0   0x080038a0   0x00000054   Code   RO         4636    i.USART_GetITStatus  stm32f4xx_usart.o
    0x080038f4   0x080038f4   0x0000004a   Code   RO         4638    i.USART_ITConfig    stm32f4xx_usart.o
    0x0800393e   0x0800393e   0x00000002   PAD
    0x08003940   0x08003940   0x000000d4   Code   RO         4639    i.USART_Init        stm32f4xx_usart.o
    0x08003a14   0x08003a14   0x0000000a   Code   RO         4646    i.USART_ReceiveData  stm32f4xx_usart.o
    0x08003a1e   0x08003a1e   0x00000004   Code   RO         4016    i.UsageFault_Handler  stm32f4xx_it.o
    0x08003a22   0x08003a22   0x00000040   Code   RO         1165    i.WM8978_ADDA_Cfg   bsp_wm8978.o
    0x08003a62   0x08003a62   0x00000036   Code   RO         1166    i.WM8978_AUX_Gain   bsp_wm8978.o
    0x08003a98   0x08003a98   0x0000002e   Code   RO         1173    i.WM8978_HPvol_Set  bsp_wm8978.o
    0x08003ac6   0x08003ac6   0x0000001c   Code   RO         1174    i.WM8978_I2S_Cfg    bsp_wm8978.o
    0x08003ae2   0x08003ae2   0x00000002   PAD
    0x08003ae4   0x08003ae4   0x000000fc   Code   RO         1175    i.WM8978_Init       bsp_wm8978.o
    0x08003be0   0x08003be0   0x00000066   Code   RO         1176    i.WM8978_Input_Cfg  bsp_wm8978.o
    0x08003c46   0x08003c46   0x00000036   Code   RO         1177    i.WM8978_LINEIN_Gain  bsp_wm8978.o
    0x08003c7c   0x08003c7c   0x0000001c   Code   RO         1178    i.WM8978_MIC_Gain   bsp_wm8978.o
    0x08003c98   0x08003c98   0x0000002a   Code   RO         1179    i.WM8978_Output_Cfg  bsp_wm8978.o
    0x08003cc2   0x08003cc2   0x00000002   PAD
    0x08003cc4   0x08003cc4   0x00000010   Code   RO         1180    i.WM8978_Read_Reg   bsp_wm8978.o
    0x08003cd4   0x08003cd4   0x00000022   Code   RO         1181    i.WM8978_SPKvol_Set  bsp_wm8978.o
    0x08003cf6   0x08003cf6   0x00000002   PAD
    0x08003cf8   0x08003cf8   0x00000054   Code   RO         1182    i.WM8978_Write_Reg  bsp_wm8978.o
    0x08003d4c   0x08003d4c   0x00000020   Code   RO         6640    i.__0printf         mc_w.l(printfa.o)
    0x08003d6c   0x08003d6c   0x00000028   Code   RO         6642    i.__0sprintf        mc_w.l(printfa.o)
    0x08003d94   0x08003d94   0x00000014   Code   RO         6375    i.__hardfp_fabs     m_wm.l(fabs.o)
    0x08003da8   0x08003da8   0x0000000e   Code   RO         6755    i.__scatterload_copy  mc_w.l(handlers.o)
    0x08003db6   0x08003db6   0x00000002   Code   RO         6756    i.__scatterload_null  mc_w.l(handlers.o)
    0x08003db8   0x08003db8   0x0000000e   Code   RO         6757    i.__scatterload_zeroinit  mc_w.l(handlers.o)
    0x08003dc6   0x08003dc6   0x00000002   PAD
    0x08003dc8   0x08003dc8   0x00000184   Code   RO         6647    i._fp_digits        mc_w.l(printfa.o)
    0x08003f4c   0x08003f4c   0x000006dc   Code   RO         6648    i._printf_core      mc_w.l(printfa.o)
    0x08004628   0x08004628   0x00000024   Code   RO         6649    i._printf_post_padding  mc_w.l(printfa.o)
    0x0800464c   0x0800464c   0x0000002e   Code   RO         6650    i._printf_pre_padding  mc_w.l(printfa.o)
    0x0800467a   0x0800467a   0x0000000a   Code   RO         6652    i._sputc            mc_w.l(printfa.o)
    0x08004684   0x08004684   0x000000dc   Code   RO         1606    i.base64_array_encoding  base64.o
    0x08004760   0x08004760   0x000000a0   Code   RO         1607    i.base64_encoding   base64.o
    0x08004800   0x08004800   0x00000098   Code   RO          271    i.bspInit           bsp.o
    0x08004898   0x08004898   0x00000034   Code   RO          518    i.bspLedInit        bsp_led.o
    0x080048cc   0x080048cc   0x00000024   Code   RO          519    i.bspLedToggle      bsp_led.o
    0x080048f0   0x080048f0   0x00000080   Code   RO         3338    i.check_fs          ff.o
    0x08004970   0x08004970   0x00000018   Code   RO         3339    i.chk_chr           ff.o
    0x08004988   0x08004988   0x0000001a   Code   RO         3340    i.clst2sect         ff.o
    0x080049a2   0x080049a2   0x00000002   PAD
    0x080049a4   0x080049a4   0x00000098   Code   RO         3341    i.cmp_lfn           ff.o
    0x08004a3c   0x08004a3c   0x00000012   Code   RO          981    i.convert_from_bytes_to_power_of_two  bsp_sdio_sdcard.o
    0x08004a4e   0x08004a4e   0x00000120   Code   RO         3342    i.create_chain      ff.o
    0x08004b6e   0x08004b6e   0x00000002   PAD
    0x08004b70   0x08004b70   0x00000254   Code   RO         3343    i.create_name       ff.o
    0x08004dc4   0x08004dc4   0x0000015c   Code   RO         3344    i.create_partition  ff.o
    0x08004f20   0x08004f20   0x00000034   Code   RO         3345    i.dbc_1st           ff.o
    0x08004f54   0x08004f54   0x00000048   Code   RO         3346    i.dbc_2nd           ff.o
    0x08004f9c   0x08004f9c   0x00000044   Code   RO         1910    i.delay_init        delay.o
    0x08004fe0   0x08004fe0   0x00000040   Code   RO         1911    i.delay_ms          delay.o
    0x08005020   0x08005020   0x00000048   Code   RO         1912    i.delay_us          delay.o
    0x08005068   0x08005068   0x00000060   Code   RO         3347    i.dir_alloc         ff.o
    0x080050c8   0x080050c8   0x000000c6   Code   RO         3348    i.dir_clear         ff.o
    0x0800518e   0x0800518e   0x000000fc   Code   RO         3349    i.dir_find          ff.o
    0x0800528a   0x0800528a   0x000000ca   Code   RO         3350    i.dir_next          ff.o
    0x08005354   0x08005354   0x000000d2   Code   RO         3351    i.dir_read          ff.o
    0x08005426   0x08005426   0x00000142   Code   RO         3352    i.dir_register      ff.o
    0x08005568   0x08005568   0x00000060   Code   RO         3353    i.dir_remove        ff.o
    0x080055c8   0x080055c8   0x0000009a   Code   RO         3354    i.dir_sdi           ff.o
    0x08005662   0x08005662   0x00000028   Code   RO         3285    i.disk_initialize   diskio.o
    0x0800568a   0x0800568a   0x00000002   PAD
    0x0800568c   0x0800568c   0x00000070   Code   RO         3286    i.disk_ioctl        diskio.o
    0x080056fc   0x080056fc   0x00000062   Code   RO         3287    i.disk_read         diskio.o
    0x0800575e   0x0800575e   0x00000006   Code   RO         3288    i.disk_status       diskio.o
    0x08005764   0x08005764   0x00000062   Code   RO         3289    i.disk_write        diskio.o
    0x080057c6   0x080057c6   0x00000002   PAD
    0x080057c8   0x080057c8   0x0000007c   Code   RO         3801    i.exfuns_init       exfuns.o
    0x08005844   0x08005844   0x00000022   Code   RO         3355    i.f_close           ff.o
    0x08005866   0x08005866   0x00000018   Code   RO         3356    i.f_closedir        ff.o
    0x0800587e   0x0800587e   0x000000f6   Code   RO         3357    i.f_getfree         ff.o
    0x08005974   0x08005974   0x000000be   Code   RO         3358    i.f_getlabel        ff.o
    0x08005a32   0x08005a32   0x00000052   Code   RO         3359    i.f_gets            ff.o
    0x08005a84   0x08005a84   0x00000184   Code   RO         3360    i.f_lseek           ff.o
    0x08005c08   0x08005c08   0x00000124   Code   RO         3361    i.f_mkdir           ff.o
    0x08005d2c   0x08005d2c   0x00000754   Code   RO         3362    i.f_mkfs            ff.o
    0x08006480   0x08006480   0x00000054   Code   RO         3363    i.f_mount           ff.o
    0x080064d4   0x080064d4   0x00000208   Code   RO         3364    i.f_open            ff.o
    0x080066dc   0x080066dc   0x0000008a   Code   RO         3365    i.f_opendir         ff.o
    0x08006766   0x08006766   0x00000022   Code   RO         3367    i.f_putc            ff.o
    0x08006788   0x08006788   0x0000002c   Code   RO         3368    i.f_puts            ff.o
    0x080067b4   0x080067b4   0x0000019c   Code   RO         3369    i.f_read            ff.o
    0x08006950   0x08006950   0x00000068   Code   RO         3370    i.f_readdir         ff.o
    0x080069b8   0x080069b8   0x0000013c   Code   RO         3371    i.f_rename          ff.o
    0x08006af4   0x08006af4   0x00000138   Code   RO         3372    i.f_setlabel        ff.o
    0x08006c2c   0x08006c2c   0x000000a0   Code   RO         3374    i.f_sync            ff.o
    0x08006ccc   0x08006ccc   0x000000c4   Code   RO         3376    i.f_unlink          ff.o
    0x08006d90   0x08006d90   0x000001de   Code   RO         3377    i.f_write           ff.o
    0x08006f6e   0x08006f6e   0x0000000c   Code   RO         3736    i.ff_memalloc       ffsystem.o
    0x08006f7a   0x08006f7a   0x0000000c   Code   RO         3737    i.ff_memfree        ffsystem.o
    0x08006f86   0x08006f86   0x00000002   PAD
    0x08006f88   0x08006f88   0x00000068   Code   RO         3765    i.ff_oem2uni        ffunicode.o
    0x08006ff0   0x08006ff0   0x00000074   Code   RO         3766    i.ff_uni2oem        ffunicode.o
    0x08007064   0x08007064   0x000000b0   Code   RO         3767    i.ff_wtoupper       ffunicode.o
    0x08007114   0x08007114   0x00000078   Code   RO         3378    i.find_volume       ff.o
    0x0800718c   0x0800718c   0x000000a0   Code   RO         3379    i.follow_path       ff.o
    0x0800722c   0x0800722c   0x0000001c   Code   RO         1975    i.fputc             usart.o
    0x08007248   0x08007248   0x00000050   Code   RO         6668    i.free              mc_w.l(malloc.o)
    0x08007298   0x08007298   0x000000cc   Code   RO         3380    i.gen_numname       ff.o
    0x08007364   0x08007364   0x000000e0   Code   RO         3381    i.get_fat           ff.o
    0x08007444   0x08007444   0x00000004   Code   RO         3290    i.get_fattime       diskio.o
    0x08007448   0x08007448   0x0000017e   Code   RO         3382    i.get_fileinfo      ff.o
    0x080075c6   0x080075c6   0x00000054   Code   RO         3383    i.get_ldnumber      ff.o
    0x0800761a   0x0800761a   0x00000026   Code   RO         3384    i.ld_clust          ff.o
    0x08007640   0x08007640   0x00000018   Code   RO         3385    i.ld_dword          ff.o
    0x08007658   0x08007658   0x0000000c   Code   RO         3386    i.ld_word           ff.o
    0x08007664   0x08007664   0x0000003c   Code   RO            3    i.main              main.o
    0x080076a0   0x080076a0   0x0000006c   Code   RO         6669    i.malloc            mc_w.l(malloc.o)
    0x0800770c   0x0800770c   0x00000024   Code   RO         3387    i.mem_cmp           ff.o
    0x08007730   0x08007730   0x0000001a   Code   RO         3388    i.mem_cpy           ff.o
    0x0800774a   0x0800774a   0x00000012   Code   RO         3389    i.mem_set           ff.o
    0x0800775c   0x0800775c   0x00000014   Code   RO         3852    i.mf_close          fattester.o
    0x08007770   0x08007770   0x00000010   Code   RO         3853    i.mf_closedir       fattester.o
    0x08007780   0x08007780   0x00000014   Code   RO         3854    i.mf_fmkfs          fattester.o
    0x08007794   0x08007794   0x00000084   Code   RO         3855    i.mf_getlabel       fattester.o
    0x08007818   0x08007818   0x0000004c   Code   RO         3856    i.mf_gets           fattester.o
    0x08007864   0x08007864   0x00000014   Code   RO         3857    i.mf_lseek          fattester.o
    0x08007878   0x08007878   0x0000000c   Code   RO         3858    i.mf_mkdir          fattester.o
    0x08007884   0x08007884   0x00000018   Code   RO         3859    i.mf_mount          fattester.o
    0x0800789c   0x0800789c   0x0000001c   Code   RO         3860    i.mf_open           fattester.o
    0x080078b8   0x080078b8   0x00000014   Code   RO         3861    i.mf_opendir        fattester.o
    0x080078cc   0x080078cc   0x00000018   Code   RO         3862    i.mf_putc           fattester.o
    0x080078e4   0x080078e4   0x00000018   Code   RO         3863    i.mf_puts           fattester.o
    0x080078fc   0x080078fc   0x00000158   Code   RO         3864    i.mf_read           fattester.o
    0x08007a54   0x08007a54   0x0000011c   Code   RO         3865    i.mf_read_type      fattester.o
    0x08007b70   0x08007b70   0x000000c8   Code   RO         3866    i.mf_readdir        fattester.o
    0x08007c38   0x08007c38   0x00000010   Code   RO         3867    i.mf_rename         fattester.o
    0x08007c48   0x08007c48   0x0000005c   Code   RO         3868    i.mf_setlabel       fattester.o
    0x08007ca4   0x08007ca4   0x000000a8   Code   RO         3869    i.mf_showfree       fattester.o
    0x08007d4c   0x08007d4c   0x0000000c   Code   RO         3870    i.mf_size           fattester.o
    0x08007d58   0x08007d58   0x0000000c   Code   RO         3871    i.mf_tell           fattester.o
    0x08007d64   0x08007d64   0x0000000c   Code   RO         3872    i.mf_unlink         fattester.o
    0x08007d70   0x08007d70   0x000000b8   Code   RO         3873    i.mf_write          fattester.o
    0x08007e28   0x08007e28   0x000002a8   Code   RO         3390    i.mount_volume      ff.o
    0x080080d0   0x080080d0   0x00000034   Code   RO         3391    i.move_window       ff.o
    0x08008104   0x08008104   0x0000008c   Code   RO         3392    i.pick_lfn          ff.o
    0x08008190   0x08008190   0x00000098   Code   RO         2603    i.prvAddCurrentTaskToDelayedList  tasks.o
    0x08008228   0x08008228   0x000000b8   Code   RO         2604    i.prvAddNewTaskToReadyList  tasks.o
    0x080082e0   0x080082e0   0x00000064   Code   RO         2984    i.prvCheckForValidListAndQueue  timers.o
    0x08008344   0x08008344   0x00000048   Code   RO         2605    i.prvCheckTasksWaitingTermination  tasks.o
    0x0800838c   0x0800838c   0x0000002a   Code   RO         2206    i.prvCopyDataFromQueue  queue.o
    0x080083b6   0x080083b6   0x0000007e   Code   RO         2207    i.prvCopyDataToQueue  queue.o
    0x08008434   0x08008434   0x00000012   Code   RO         2606    i.prvDeleteTCB      tasks.o
    0x08008446   0x08008446   0x00000002   PAD
    0x08008448   0x08008448   0x00000028   Code   RO         2985    i.prvGetNextExpireTime  timers.o
    0x08008470   0x08008470   0x0000007c   Code   RO         3137    i.prvHeapInit       heap_4.o
    0x080084ec   0x080084ec   0x00000028   Code   RO         2607    i.prvIdleTask       tasks.o
    0x08008514   0x08008514   0x0000002a   Code   RO         2210    i.prvInitialiseNewQueue  queue.o
    0x0800853e   0x0800853e   0x00000002   PAD
    0x08008540   0x08008540   0x000000d8   Code   RO         2608    i.prvInitialiseNewTask  tasks.o
    0x08008618   0x08008618   0x00000068   Code   RO         2609    i.prvInitialiseTaskLists  tasks.o
    0x08008680   0x08008680   0x00000068   Code   RO         3138    i.prvInsertBlockIntoFreeList  heap_4.o
    0x080086e8   0x080086e8   0x00000058   Code   RO         2987    i.prvInsertTimerInActiveList  timers.o
    0x08008740   0x08008740   0x0000001a   Code   RO         2211    i.prvIsQueueEmpty   queue.o
    0x0800875a   0x0800875a   0x0000001e   Code   RO         2212    i.prvIsQueueFull    queue.o
    0x08008778   0x08008778   0x00000090   Code   RO         2988    i.prvProcessExpiredTimer  timers.o
    0x08008808   0x08008808   0x0000014c   Code   RO         2989    i.prvProcessReceivedCommands  timers.o
    0x08008954   0x08008954   0x00000074   Code   RO         2990    i.prvProcessTimerOrBlockTask  timers.o
    0x080089c8   0x080089c8   0x00000034   Code   RO         2611    i.prvResetNextTaskUnblockTime  tasks.o
    0x080089fc   0x080089fc   0x0000002c   Code   RO         2991    i.prvSampleTimeNow  timers.o
    0x08008a28   0x08008a28   0x000000c0   Code   RO         2992    i.prvSwitchTimerLists  timers.o
    0x08008ae8   0x08008ae8   0x00000070   Code   RO         3201    i.prvTaskExitError  port.o
    0x08008b58   0x08008b58   0x0000001a   Code   RO         2993    i.prvTimerTask      timers.o
    0x08008b72   0x08008b72   0x0000007e   Code   RO         2213    i.prvUnlockQueue    queue.o
    0x08008bf0   0x08008bf0   0x00000138   Code   RO         3393    i.put_fat           ff.o
    0x08008d28   0x08008d28   0x00000080   Code   RO         3394    i.put_lfn           ff.o
    0x08008da8   0x08008da8   0x00000048   Code   RO         3395    i.put_utf           ff.o
    0x08008df0   0x08008df0   0x00000044   Code   RO         3396    i.putc_bfd          ff.o
    0x08008e34   0x08008e34   0x0000002c   Code   RO         3397    i.putc_flush        ff.o
    0x08008e60   0x08008e60   0x00000014   Code   RO         3398    i.putc_init         ff.o
    0x08008e74   0x08008e74   0x00000160   Code   RO         3139    i.pvPortMalloc      heap_4.o
    0x08008fd4   0x08008fd4   0x0000002c   Code   RO         3202    i.pxPortInitialiseStack  port.o
    0x08009000   0x08009000   0x00000006   Code   RO         1720    i.read_addr         usmart.o
    0x08009006   0x08009006   0x00000002   PAD
    0x08009008   0x08009008   0x0000011c   Code   RO         1676    i.rec_i2s_dma_rx_callback  myapp.o
    0x08009124   0x08009124   0x0000009c   Code   RO         1678    i.recoder_enter_rec_mode  myapp.o
    0x080091c0   0x080091c0   0x0000009a   Code   RO         3399    i.remove_chain      ff.o
    0x0800925a   0x0800925a   0x00000002   PAD
    0x0800925c   0x0800925c   0x00000090   Code   RO         3874    i.scan_files        fattester.o
    0x080092ec   0x080092ec   0x00000024   Code   RO         3400    i.st_clust          ff.o
    0x08009310   0x08009310   0x00000018   Code   RO         3401    i.st_dword          ff.o
    0x08009328   0x08009328   0x0000000c   Code   RO         3402    i.st_word           ff.o
    0x08009334   0x08009334   0x00000020   Code   RO         3403    i.sum_sfn           ff.o
    0x08009354   0x08009354   0x00000090   Code   RO         3404    i.sync_fs           ff.o
    0x080093e4   0x080093e4   0x0000004a   Code   RO         3405    i.sync_window       ff.o
    0x0800942e   0x0800942e   0x0000004c   Code   RO         3406    i.tchar2uni         ff.o
    0x0800947a   0x0800947a   0x00000002   PAD
    0x0800947c   0x0800947c   0x000000b0   Code   RO         1976    i.uart_init         usart.o
    0x0800952c   0x0800952c   0x00000030   Code   RO         1448    i.uasrt_key_get     bsp_key.o
    0x0800955c   0x0800955c   0x0000000c   Code   RO         1449    i.uasrt_key_send    bsp_key.o
    0x08009568   0x08009568   0x000000b0   Code   RO         1721    i.usmart_cmd_rec    usmart.o
    0x08009618   0x08009618   0x000002d4   Code   RO         1722    i.usmart_exe        usmart.o
    0x080098ec   0x080098ec   0x000000c8   Code   RO         1829    i.usmart_get_aparm  usmart_str.o
    0x080099b4   0x080099b4   0x00000036   Code   RO         1830    i.usmart_get_cmdname  usmart_str.o
    0x080099ea   0x080099ea   0x00000002   PAD
    0x080099ec   0x080099ec   0x000001c0   Code   RO         1831    i.usmart_get_fname  usmart_str.o
    0x08009bac   0x08009bac   0x0000010c   Code   RO         1832    i.usmart_get_fparam  usmart_str.o
    0x08009cb8   0x08009cb8   0x00000020   Code   RO         1833    i.usmart_get_parmpos  usmart_str.o
    0x08009cd8   0x08009cd8   0x00000044   Code   RO         1723    i.usmart_get_runtime  usmart.o
    0x08009d1c   0x08009d1c   0x00000028   Code   RO         1724    i.usmart_init       usmart.o
    0x08009d44   0x08009d44   0x00000016   Code   RO         1834    i.usmart_pow        usmart_str.o
    0x08009d5a   0x08009d5a   0x00000002   PAD
    0x08009d5c   0x08009d5c   0x00000030   Code   RO         1725    i.usmart_reset_runtime  usmart.o
    0x08009d8c   0x08009d8c   0x000000bc   Code   RO         1726    i.usmart_scan       usmart.o
    0x08009e48   0x08009e48   0x00000016   Code   RO         1835    i.usmart_search_nextc  usmart_str.o
    0x08009e5e   0x08009e5e   0x000000ca   Code   RO         1836    i.usmart_str2num    usmart_str.o
    0x08009f28   0x08009f28   0x00000022   Code   RO         1837    i.usmart_strcmp     usmart_str.o
    0x08009f4a   0x08009f4a   0x00000016   Code   RO         1838    i.usmart_strcopy    usmart_str.o
    0x08009f60   0x08009f60   0x00000018   Code   RO         1839    i.usmart_strlen     usmart_str.o
    0x08009f78   0x08009f78   0x000006e4   Code   RO         1727    i.usmart_sys_cmd_exe  usmart.o
    0x0800a65c   0x0800a65c   0x00000028   Code   RO         2158    i.uxListRemove      list.o
    0x0800a684   0x0800a684   0x0000001a   Code   RO         2159    i.vListInitialise   list.o
    0x0800a69e   0x0800a69e   0x00000006   Code   RO         2160    i.vListInitialiseItem  list.o
    0x0800a6a4   0x0800a6a4   0x00000034   Code   RO         2161    i.vListInsert       list.o
    0x0800a6d8   0x0800a6d8   0x00000018   Code   RO         2162    i.vListInsertEnd    list.o
    0x0800a6f0   0x0800a6f0   0x00000088   Code   RO         3204    i.vPortEnterCritical  port.o
    0x0800a778   0x0800a778   0x00000070   Code   RO         3205    i.vPortExitCritical  port.o
    0x0800a7e8   0x0800a7e8   0x000000c8   Code   RO         3140    i.vPortFree         heap_4.o
    0x0800a8b0   0x0800a8b0   0x00000018   Code   RO         3206    i.vPortSetupTimerInterrupt  port.o
    0x0800a8c8   0x0800a8c8   0x000000a0   Code   RO         3207    i.vPortValidateInterruptPriority  port.o
    0x0800a968   0x0800a968   0x0000002c   Code   RO         2219    i.vQueueAddToRegistry  queue.o
    0x0800a994   0x0800a994   0x0000004a   Code   RO         2223    i.vQueueWaitForMessageRestricted  queue.o
    0x0800a9de   0x0800a9de   0x00000002   PAD
    0x0800a9e0   0x0800a9e0   0x00000074   Code   RO         2623    i.vTaskDelay        tasks.o
    0x0800aa54   0x0800aa54   0x0000010c   Code   RO         2625    i.vTaskDelete       tasks.o
    0x0800ab60   0x0800ab60   0x00000008   Code   RO            4    i.vTaskFileRead     main.o
    0x0800ab68   0x0800ab68   0x00000018   Code   RO         2628    i.vTaskInternalSetTimeOutState  tasks.o
    0x0800ab80   0x0800ab80   0x00000010   Code   RO            6    i.vTaskLED          main.o
    0x0800ab90   0x0800ab90   0x0000000c   Code   RO         2629    i.vTaskMissedYield  tasks.o
    0x0800ab9c   0x0800ab9c   0x00000054   Code   RO         2631    i.vTaskPlaceOnEventList  tasks.o
    0x0800abf0   0x0800abf0   0x0000005c   Code   RO         2632    i.vTaskPlaceOnEventListRestricted  tasks.o
    0x0800ac4c   0x0800ac4c   0x000000ac   Code   RO         2640    i.vTaskStartScheduler  tasks.o
    0x0800acf8   0x0800acf8   0x00000010   Code   RO         2642    i.vTaskSuspendAll   tasks.o
    0x0800ad08   0x0800ad08   0x000000a8   Code   RO         2643    i.vTaskSwitchContext  tasks.o
    0x0800adb0   0x0800adb0   0x0000007c   Code   RO            7    i.vTaskTaskInit     main.o
    0x0800ae2c   0x0800ae2c   0x0000003c   Code   RO         3407    i.validate          ff.o
    0x0800ae68   0x0800ae68   0x00000160   Code   RO         1679    i.wav_recorder      myapp.o
    0x0800afc8   0x0800afc8   0x00000004   Code   RO         1728    i.write_addr        usmart.o
    0x0800afcc   0x0800afcc   0x0000019c   Code   RO         3208    i.xPortStartScheduler  port.o
    0x0800b168   0x0800b168   0x00000034   Code   RO         3209    i.xPortSysTickHandler  port.o
    0x0800b19c   0x0800b19c   0x00000070   Code   RO         2226    i.xQueueGenericCreate  queue.o
    0x0800b20c   0x0800b20c   0x000000b0   Code   RO         2227    i.xQueueGenericReset  queue.o
    0x0800b2bc   0x0800b2bc   0x000001a4   Code   RO         2228    i.xQueueGenericSend  queue.o
    0x0800b460   0x0800b460   0x00000104   Code   RO         2229    i.xQueueGenericSendFromISR  queue.o
    0x0800b564   0x0800b564   0x00000170   Code   RO         2236    i.xQueueReceive     queue.o
    0x0800b6d4   0x0800b6d4   0x0000009c   Code   RO         2645    i.xTaskCheckForTimeOut  tasks.o
    0x0800b770   0x0800b770   0x00000060   Code   RO         2646    i.xTaskCreate       tasks.o
    0x0800b7d0   0x0800b7d0   0x00000020   Code   RO         2650    i.xTaskGetSchedulerState  tasks.o
    0x0800b7f0   0x0800b7f0   0x0000000c   Code   RO         2651    i.xTaskGetTickCount  tasks.o
    0x0800b7fc   0x0800b7fc   0x00000160   Code   RO         2653    i.xTaskIncrementTick  tasks.o
    0x0800b95c   0x0800b95c   0x000000d8   Code   RO         2656    i.xTaskPriorityDisinherit  tasks.o
    0x0800ba34   0x0800ba34   0x000000b4   Code   RO         2658    i.xTaskRemoveFromEventList  tasks.o
    0x0800bae8   0x0800bae8   0x00000120   Code   RO         2659    i.xTaskResumeAll    tasks.o
    0x0800bc08   0x0800bc08   0x00000074   Code   RO         3001    i.xTimerCreateTimerTask  timers.o
    0x0800bc7c   0x0800bc7c   0x000000a0   Code   RO         3002    i.xTimerGenericCommand  timers.o
    0x0800bd1c   0x0800bd1c   0x0000006e   Data   RO         1370    .constdata          bsp_i2s.o
    0x0800bd8a   0x0800bd8a   0x00000040   Data   RO         1608    .constdata          base64.o
    0x0800bdca   0x0800bdca   0x00000004   Data   RO         1680    .constdata          myapp.o
    0x0800bdce   0x0800bdce   0x00000002   PAD
    0x0800bdd0   0x0800bdd0   0x00000058   Data   RO         3408    .constdata          ff.o
    0x0800be28   0x0800be28   0x0002abb6   Data   RO         3768    .constdata          ffunicode.o
    0x080369de   0x080369de   0x00000002   PAD
    0x080369e0   0x080369e0   0x00000018   Data   RO         6213    .constdata          eventrecorder.o
    0x080369f8   0x080369f8   0x00000028   Data   RO         1729    .conststring        usmart.o
    0x08036a20   0x08036a20   0x000002d9   Data   RO         1803    .conststring        usmart_config.o
    0x08036cf9   0x08036cf9   0x00000003   PAD
    0x08036cfc   0x08036cfc   0x00000020   Data   RO         6753    Region$$Table       anon$$obj.o


    Execution Region RW_IRAM1 (Exec base: 0x20000000, Load base: 0x08036d1c, Size: 0x00018368, Max: 0x00020000, ABSOLUTE, COMPRESSED[0x00000130])

    Exec Addr    Load Addr    Size         Type   Attr      Idx    E Section Name        Object

    0x20000000   COMPRESSED   0x00000010   Data   RW            8    .data               main.o
    0x20000010   COMPRESSED   0x00000001   Data   RW          520    .data               bsp_led.o
    0x20000011   COMPRESSED   0x00000003   PAD
    0x20000014   COMPRESSED   0x00000010   Data   RW          984    .data               bsp_sdio_sdcard.o
    0x20000024   COMPRESSED   0x00000074   Data   RW         1183    .data               bsp_wm8978.o
    0x20000098   COMPRESSED   0x00000008   Data   RW         1371    .data               bsp_i2s.o
    0x200000a0   COMPRESSED   0x00000003   Data   RW         1450    .data               bsp_key.o
    0x200000a3   COMPRESSED   0x00000001   PAD
    0x200000a4   COMPRESSED   0x00000011   Data   RW         1681    .data               myapp.o
    0x200000b5   COMPRESSED   0x00000003   PAD
    0x200000b8   COMPRESSED   0x0000001c   Data   RW         1730    .data               usmart.o
    0x200000d4   COMPRESSED   0x000001d4   Data   RW         1804    .data               usmart_config.o
    0x200002a8   COMPRESSED   0x00000004   Data   RW         1914    .data               delay.o
    0x200002ac   COMPRESSED   0x00000006   Data   RW         1978    .data               usart.o
    0x200002b2   COMPRESSED   0x00000002   PAD
    0x200002b4   COMPRESSED   0x0000003c   Data   RW         2662    .data               tasks.o
    0x200002f0   COMPRESSED   0x00000014   Data   RW         3008    .data               timers.o
    0x20000304   COMPRESSED   0x00000020   Data   RW         3146    .data               heap_4.o
    0x20000324   COMPRESSED   0x0000000c   Data   RW         3210    .data               port.o
    0x20000330   COMPRESSED   0x00000006   Data   RW         3409    .data               ff.o
    0x20000336   COMPRESSED   0x00000002   PAD
    0x20000338   COMPRESSED   0x00000018   Data   RW         3806    .data               exfuns.o
    0x20000350   COMPRESSED   0x00000010   Data   RW         4291    .data               stm32f4xx_rcc.o
    0x20000360   COMPRESSED   0x00000004   Data   RW         6173    .data               segger_hardfaulthandler.o
    0x20000364   COMPRESSED   0x00000004   Data   RW         6742    .data               mc_w.l(mvars.o)
    0x20000368   COMPRESSED   0x00000004   Data   RW         6743    .data               mc_w.l(mvars.o)
    0x2000036c   COMPRESSED   0x00000004   PAD
    0x20000370        -       0x000002c0   Zero   RW          983    .bss                bsp_sdio_sdcard.o
    0x20000630        -       0x000000c8   Zero   RW         1977    .bss                usart.o
    0x200006f8        -       0x00000040   Zero   RW         2240    .bss                queue.o
    0x20000738        -       0x000001a4   Zero   RW         2661    .bss                tasks.o
    0x200008dc        -       0x00000028   Zero   RW         3007    .bss                timers.o
    0x20000904        -       0x00005000   Zero   RW         3145    .bss                heap_4.o
    0x20005904        -       0x00000030   Zero   RW         3803    .bss                exfuns.o
    0x20005934        -       0x00000118   Zero   RW         3875    .bss                fattester.o
    0x20005a4c        -       0x00000040   Zero   RW         6172    .bss                segger_hardfaulthandler.o
    0x20005a8c   COMPRESSED   0x00000034   PAD
    0x20005ac0        -       0x000004a4   Zero   RW         6212    .bss.noinit         eventrecorder.o
    0x20005f64   COMPRESSED   0x00000004   PAD
    0x20005f68        -       0x00012000   Zero   RW         4004    HEAP                startup_stm32f40_41xxx.o
    0x20017f68        -       0x00000400   Zero   RW         4003    STACK               startup_stm32f40_41xxx.o


==============================================================================

Image component sizes


      Code (inc. data)   RO Data    RW Data    ZI Data      Debug   Object Name

       380         22         64          0          0       2453   base64.o
       152         50          0          0          0        518   bsp.o
       808         82        110          8          0       6677   bsp_i2s.o
        60         14          0          3          0       1865   bsp_key.o
        88         14          0          1          0       1020   bsp_led.o
       428         68          0          0          0       2837   bsp_myiic.o
         0          0          0          0          0       1472   bsp_oled.o
      7486        402          0         16        704      34489   bsp_sdio_sdcard.o
        24          4          0          0          0        502   bsp_timer.o
       804         18          0        116          0       8169   bsp_wm8978.o
       220         18          0          4          0       2541   delay.o
       358          6          0          0          0       5308   diskio.o
         0          0          0          0          0       9072   event_groups.o
         0          0         24          0       1188       3932   eventrecorder.o
       124         18          0         24         48       1513   exfuns.o
      1884        756          0          0        280      14518   fattester.o
     12602        192         88          6          0      72636   ff.o
        24          0          0          0          0       1119   ffsystem.o
       396         28     175030          0          0       3024   ffunicode.o
        18          0          0          0          0        304   hardfaulthandler.o
       780        184          0         32      20480       4087   heap_4.o
       148          0          0          0          0       3238   list.o
       208         78          0         16          0     329295   main.o
       180         24          0          0          0       2081   misc.o
       792        134          4         17          0       3259   myapp.o
      1242        392          0         12          0      10973   port.o
      1846        204          0          0         64      14838   queue.o
       180         14          0          4         64       3351   segger_hardfaulthandler.o
        36          8        392          0      74752        840   startup_stm32f40_41xxx.o
       752         58          0          0          0       7624   stm32f4xx_dma.o
       214          0          0          0          0       1775   stm32f4xx_gpio.o
        16          0          0          0          0       2281   stm32f4xx_it.o
       420         58          0         16          0       6908   stm32f4xx_rcc.o
       208         38          0          0          0       5689   stm32f4xx_sdio.o
       530         12          0          0          0       3353   stm32f4xx_spi.o
       252         28          0          0          0       6552   stm32f4xx_tim.o
       404          8          0          0          0       4278   stm32f4xx_usart.o
        16          0          0          0          0        504   sys.o
       340         32          0          0          0       1485   system_stm32f4xx.o
      3122        822          0         60        420      28548   tasks.o
      1358        310          0         20         40      11419   timers.o
       340         30          0          6        200       3804   usart.o
      3166       1330         40         28          0       8010   usmart.o
        24          8        729        468          0       2223   usmart_config.o
      1328         20          0          0          0       8913   usmart_str.o

    ----------------------------------------------------------------------
     43808       5484     176520        868      98296     649297   Object Totals
         0          0         32          0          0          0   (incl. Generated)
        50          0          7         11         56          0   (incl. Padding)

    ----------------------------------------------------------------------

      Code (inc. data)   RO Data    RW Data    ZI Data      Debug   Library Member Name

        20          0          0          0          0        124   fabs.o
        86          0          0          0          0          0   __dczerorl2.o
         0          0          0          0          0          0   entry.o
         0          0          0          0          0          0   entry10a.o
         0          0          0          0          0          0   entry11a.o
         8          4          0          0          0          0   entry2.o
         4          0          0          0          0          0   entry5.o
         0          0          0          0          0          0   entry7b.o
         0          0          0          0          0          0   entry8b.o
         8          4          0          0          0          0   entry9a.o
        30          0          0          0          0          0   handlers.o
        36          8          0          0          0         68   init.o
         0          0          0          0          0          0   iusefp.o
        98          0          0          0          0         84   ldiv.o
        30          0          0          0          0         68   llshl.o
        36          0          0          0          0         68   llsshr.o
        32          0          0          0          0         68   llushr.o
       188         20          0          0          0        160   malloc.o
        36          0          0          0          0         68   memcpya.o
        36          0          0          0          0        108   memseta.o
         0          0          0          8          0          0   mvars.o
      2308         96          0          0          0        604   printfa.o
        14          0          0          0          0         68   strlen.o
        44          0          0          0          0         80   uidiv.o
        98          0          0          0          0         92   uldiv.o
        48          0          0          0          0         68   cdrcmple.o
       334          0          0          0          0        148   dadd.o
       222          0          0          0          0        100   ddiv.o
       186          0          0          0          0        176   depilogue.o
        48          0          0          0          0         68   dfixul.o
        26          0          0          0          0         76   dfltui.o
       228          0          0          0          0         96   dmul.o

    ----------------------------------------------------------------------
      4212        132          0          8          4       2392   Library Totals
         8          0          0          0          4          0   (incl. Padding)

    ----------------------------------------------------------------------

      Code (inc. data)   RO Data    RW Data    ZI Data      Debug   Library Name

        20          0          0          0          0        124   m_wm.l
      3092        132          0          8          0       1536   mc_w.l
      1092          0          0          0          0        732   mf_w.l

    ----------------------------------------------------------------------
      4212        132          0          8          4       2392   Library Totals

    ----------------------------------------------------------------------

==============================================================================


      Code (inc. data)   RO Data    RW Data    ZI Data      Debug   

     48020       5616     176520        876      98300     618677   Grand Totals
     48020       5616     176520        304      98300     618677   ELF Image Totals (compressed)
     48020       5616     176520        304          0          0   ROM Totals

==============================================================================

    Total RO  Size (Code + RO Data)               224540 ( 219.28kB)
    Total RW  Size (RW Data + ZI Data)             99176 (  96.85kB)
    Total ROM Size (Code + RO Data + RW Data)     224844 ( 219.57kB)

==============================================================================

