Component: ARM Compiler 5.06 update 6 (build 750) Tool: armlink [4d35ed]

==============================================================================

Section Cross References

    main.o(i.main) refers to bsp.o(i.bspInit) for bspInit
    main.o(i.main) refers to tasks.o(i.xTaskCreate) for xTaskCreate
    main.o(i.main) refers to tasks.o(i.vTaskStartScheduler) for vTaskStartScheduler
    main.o(i.main) refers to main.o(.data) for xHandleTaskInit
    main.o(i.main) refers to main.o(i.vTaskTaskInit) for vTaskTaskInit
    main.o(i.vTaskAudioPlay) refers to queue.o(i.xQueueReceive) for xQueueReceive
    main.o(i.vTaskAudioPlay) refers to printf8.o(i.__0sprintf$8) for __2sprintf
    main.o(i.vTaskAudioPlay) refers to voice_access.o(i.recoder_enter_play_mode) for recoder_enter_play_mode
    main.o(i.vTaskAudioPlay) refers to wavplay.o(i.wav_play_song) for wav_play_song
    main.o(i.vTaskAudioPlay) refers to tasks.o(i.vTaskDelay) for vTaskDelay
    main.o(i.vTaskAudioPlay) refers to main.o(.data) for AudioNoQueueHandle
    main.o(i.vTaskAudioPlay) refers to main.o(.bss) for sprintf_str
    main.o(i.vTaskKeyGet) refers to queue.o(i.xQueueSemaphoreTake) for xQueueSemaphoreTake
    main.o(i.vTaskKeyGet) refers to tasks.o(i.vTaskDelay) for vTaskDelay
    main.o(i.vTaskKeyGet) refers to queue.o(i.xQueueGenericSend) for xQueueGenericSend
    main.o(i.vTaskKeyGet) refers to main.o(.data) for xKeySemaphoreHandle
    main.o(i.vTaskLED) refers to bsp_led.o(i.bspLedToggle) for bspLedToggle
    main.o(i.vTaskLED) refers to tasks.o(i.vTaskDelay) for vTaskDelay
    main.o(i.vTaskLED) refers to main.o(.data) for timeout
    main.o(i.vTaskSpeechRec) refers to queue.o(i.xQueueSemaphoreTake) for xQueueSemaphoreTake
    main.o(i.vTaskSpeechRec) refers to speech_rec.o(i.Speech_Handle) for Speech_Handle
    main.o(i.vTaskSpeechRec) refers to queue.o(i.xQueueGenericSend) for xQueueGenericSend
    main.o(i.vTaskSpeechRec) refers to main.o(.data) for xSpeechRecSemaphoreHandle
    main.o(i.vTaskSpeechRec) refers to myapp.o(.data) for LastEspStatue
    main.o(i.vTaskTaskInit) refers to port.o(i.vPortEnterCritical) for vPortEnterCritical
    main.o(i.vTaskTaskInit) refers to fattester.o(i.mf_mount) for mf_mount
    main.o(i.vTaskTaskInit) refers to queue.o(i.xQueueGenericCreate) for xQueueGenericCreate
    main.o(i.vTaskTaskInit) refers to queue.o(i.xQueueCreateMutex) for xQueueCreateMutex
    main.o(i.vTaskTaskInit) refers to tasks.o(i.xTaskCreate) for xTaskCreate
    main.o(i.vTaskTaskInit) refers to tasks.o(i.vTaskDelete) for vTaskDelete
    main.o(i.vTaskTaskInit) refers to port.o(i.vPortExitCritical) for vPortExitCritical
    main.o(i.vTaskTaskInit) refers to main.o(.data) for xKeySemaphoreHandle
    main.o(i.vTaskTaskInit) refers to main.o(i.vTaskLED) for vTaskLED
    main.o(i.vTaskTaskInit) refers to main.o(i.vTaskSpeechRec) for vTaskSpeechRec
    main.o(i.vTaskTaskInit) refers to main.o(i.vTaskKeyGet) for vTaskKeyGet
    main.o(i.vTaskTaskInit) refers to main.o(i.vTaskUsartParse) for vTaskUsartParse
    main.o(i.vTaskTaskInit) refers to main.o(i.vTaskAudioPlay) for vTaskAudioPlay
    main.o(i.vTaskUsartParse) refers to queue.o(i.xQueueSemaphoreTake) for xQueueSemaphoreTake
    main.o(i.vTaskUsartParse) refers to bsp_dma.o(i.read_current_finaliy_point) for read_current_finaliy_point
    main.o(i.vTaskUsartParse) refers to myapp.o(i.usart_parse) for usart_parse
    main.o(i.vTaskUsartParse) refers to main.o(.data) for xUsartParseSemaphoreHandle
    bsp.o(i.bspInit) refers to misc.o(i.NVIC_PriorityGroupConfig) for NVIC_PriorityGroupConfig
    bsp.o(i.bspInit) refers to delay.o(i.delay_init) for delay_init
    bsp.o(i.bspInit) refers to bsp_led.o(i.bspLedInit) for bspLedInit
    bsp.o(i.bspInit) refers to bsp_key.o(i.bspKeyInit) for bspKeyInit
    bsp.o(i.bspInit) refers to bsp_exti.o(i.bspExitInit) for bspExitInit
    bsp.o(i.bspInit) refers to usart.o(i.uart_init) for uart_init
    bsp.o(i.bspInit) refers to usmart.o(i.usmart_init) for usmart_init
    bsp.o(i.bspInit) refers to bsp_wm8978.o(i.WM8978_Init) for WM8978_Init
    bsp.o(i.bspInit) refers to bsp_wm8978.o(i.WM8978_HPvol_Set) for WM8978_HPvol_Set
    bsp.o(i.bspInit) refers to bsp_wm8978.o(i.WM8978_SPKvol_Set) for WM8978_SPKvol_Set
    bsp.o(i.bspInit) refers to exfuns.o(i.exfuns_init) for exfuns_init
    bsp.o(i.bspInit) refers to printf8.o(i.__0printf$8) for __2printf
    bsp.o(i.bspInit) refers to delay.o(i.delay_ms) for delay_ms
    bsp.o(i.bspInit) refers to bsp_sdio_sdcard.o(i.SD_Init) for SD_Init
    bsp.o(i.bspInit) refers to bsp_usart.o(i.bspUsartInit) for bspUsartInit
    bsp.o(i.bspInit) refers to bsp_dma.o(i.bspDmaUsartInit) for bspDmaUsartInit
    bsp_led.o(i.bspLedInit) refers to stm32f4xx_rcc.o(i.RCC_AHB1PeriphClockCmd) for RCC_AHB1PeriphClockCmd
    bsp_led.o(i.bspLedInit) refers to stm32f4xx_gpio.o(i.GPIO_Init) for GPIO_Init
    bsp_led.o(i.bspLedToggle) refers to bsp_led.o(.data) for flag
[...]
    GPIO_PinAFConfig                         0x0800123d   Thumb Code    70  stm32f4xx_gpio.o(i.GPIO_PinAFConfig)
    GetDmaStatus                             0x08001285   Thumb Code     6  bsp_dma.o(i.GetDmaStatus)
    HardFaultHandler                         0x08001291   Thumb Code   166  segger_hardfaulthandler.o(i.HardFaultHandler)
    I2S2_Init                                0x08001345   Thumb Code    94  bsp_i2s.o(i.I2S2_Init)
    I2S2_SampleRate_Set                      0x080013a9   Thumb Code   148  bsp_i2s.o(i.I2S2_SampleRate_Set)
    I2S2_TX_DMA_Init                         0x08001449   Thumb Code   164  bsp_i2s.o(i.I2S2_TX_DMA_Init)
    I2S2ext_Init                             0x080014f9   Thumb Code    72  bsp_i2s.o(i.I2S2ext_Init)
    I2S2ext_RX_DMA_Init                      0x08001545   Thumb Code   164  bsp_i2s.o(i.I2S2ext_RX_DMA_Init)
    I2S_Cmd                                  0x080015f5   Thumb Code    24  stm32f4xx_spi.o(i.I2S_Cmd)
    I2S_FullDuplexConfig                     0x0800160d   Thumb Code    80  stm32f4xx_spi.o(i.I2S_FullDuplexConfig)
    I2S_Init                                 0x0800165d   Thumb Code   396  stm32f4xx_spi.o(i.I2S_Init)
    I2S_Play_Start                           0x080017f5   Thumb Code    12  bsp_i2s.o(i.I2S_Play_Start)
    I2S_Play_Stop                            0x08001805   Thumb Code    12  bsp_i2s.o(i.I2S_Play_Stop)
    I2S_Rec_Start                            0x08001815   Thumb Code    12  bsp_i2s.o(i.I2S_Rec_Start)
    I2S_Rec_Stop                             0x08001825   Thumb Code    12  bsp_i2s.o(i.I2S_Rec_Stop)
    IIC_Init                                 0x08001835   Thumb Code    62  bsp_myiic.o(i.IIC_Init)
    IIC_Send_Byte                            0x08001881   Thumb Code    90  bsp_myiic.o(i.IIC_Send_Byte)
    IIC_Start                                0x080018e9   Thumb Code    64  bsp_myiic.o(i.IIC_Start)
    IIC_Stop                                 0x08001935   Thumb Code    62  bsp_myiic.o(i.IIC_Stop)
    IIC_Wait_Ack                             0x08001981   Thumb Code    82  bsp_myiic.o(i.IIC_Wait_Ack)
    IsCardProgramming                        0x080019e1   Thumb Code   146  bsp_sdio_sdcard.o(i.IsCardProgramming)
    MemManage_Handler                        0x08001a81   Thumb Code     4  stm32f4xx_it.o(i.MemManage_Handler)
    NMI_Handler                              0x08001a85   Thumb Code     2  stm32f4xx_it.o(i.NMI_Handler)
    NVIC_Init                                0x08001a89   Thumb Code   106  misc.o(i.NVIC_Init)
    NVIC_PriorityGroupConfig                 0x08001b01   Thumb Code    10  misc.o(i.NVIC_PriorityGroupConfig)
    RCC_AHB1PeriphClockCmd                   0x08001b15   Thumb Code    26  stm32f4xx_rcc.o(i.RCC_AHB1PeriphClockCmd)
    RCC_APB1PeriphClockCmd                   0x08001b35   Thumb Code    26  stm32f4xx_rcc.o(i.RCC_APB1PeriphClockCmd)
    RCC_APB1PeriphResetCmd                   0x08001b55   Thumb Code    26  stm32f4xx_rcc.o(i.RCC_APB1PeriphResetCmd)
    RCC_APB2PeriphClockCmd                   0x08001b75   Thumb Code    26  stm32f4xx_rcc.o(i.RCC_APB2PeriphClockCmd)
    RCC_APB2PeriphResetCmd                   0x08001b95   Thumb Code    26  stm32f4xx_rcc.o(i.RCC_APB2PeriphResetCmd)
    RCC_GetClocksFreq                        0x08001bb5   Thumb Code   214  stm32f4xx_rcc.o(i.RCC_GetClocksFreq)
    RCC_PLLI2SCmd                            0x08001c9d   Thumb Code     6  stm32f4xx_rcc.o(i.RCC_PLLI2SCmd)
    RCC_PLLI2SConfig                         0x08001ca9   Thumb Code    12  stm32f4xx_rcc.o(i.RCC_PLLI2SConfig)
    SDEnWideBus                              0x08001cb9   Thumb Code   158  bsp_sdio_sdcard.o(i.SDEnWideBus)
    SDIO_ClearFlag                           0x08001d65   Thumb Code     6  stm32f4xx_sdio.o(i.SDIO_ClearFlag)
    SDIO_Clock_Set                           0x08001d71   Thumb Code    16  bsp_sdio_sdcard.o(i.SDIO_Clock_Set)
    SDIO_DataConfig                          0x08001d85   Thumb Code    46  stm32f4xx_sdio.o(i.SDIO_DataConfig)
    SDIO_GetFlagStatus                       0x08001db9   Thumb Code    20  stm32f4xx_sdio.o(i.SDIO_GetFlagStatus)
    SDIO_GetPowerState                       0x08001dd1   Thumb Code    10  stm32f4xx_sdio.o(i.SDIO_GetPowerState)
    SDIO_IRQHandler                          0x08001de1   Thumb Code     8  bsp_sdio_sdcard.o(i.SDIO_IRQHandler)
    SDIO_Init                                0x08001de9   Thumb Code    42  stm32f4xx_sdio.o(i.SDIO_Init)
    SDIO_Register_Deinit                     0x08001e19   Thumb Code    48  bsp_sdio_sdcard.o(i.SDIO_Register_Deinit)
    SDIO_SendCommand                         0x08001e51   Thumb Code    40  stm32f4xx_sdio.o(i.SDIO_SendCommand)
    SDIO_SetPowerState                       0x08001e7d   Thumb Code     6  stm32f4xx_sdio.o(i.SDIO_SetPowerState)
    SD_DMA_Config                            0x08001e89   Thumb Code   118  bsp_sdio_sdcard.o(i.SD_DMA_Config)
    SD_EnableWideBusOperation                0x08001f09   Thumb Code    94  bsp_sdio_sdcard.o(i.SD_EnableWideBusOperation)
    SD_GetCardInfo                           0x08001f71   Thumb Code   772  bsp_sdio_sdcard.o(i.SD_GetCardInfo)
    SD_Init                                  0x08002285   Thumb Code   286  bsp_sdio_sdcard.o(i.SD_Init)
    SD_InitializeCards                       0x080023b9   Thumb Code   330  bsp_sdio_sdcard.o(i.SD_InitializeCards)
    SD_PowerON                               0x0800251d   Thumb Code   460  bsp_sdio_sdcard.o(i.SD_PowerON)
    SD_ProcessIRQSrc                         0x08002701   Thumb Code   318  bsp_sdio_sdcard.o(i.SD_ProcessIRQSrc)
    SD_ReadBlock                             0x08002855   Thumb Code   574  bsp_sdio_sdcard.o(i.SD_ReadBlock)
    SD_ReadDisk                              0x08002abd   Thumb Code   148  bsp_sdio_sdcard.o(i.SD_ReadDisk)
    SD_ReadMultiBlocks                       0x08002b55   Thumb Code   710  bsp_sdio_sdcard.o(i.SD_ReadMultiBlocks)
    SD_SelectDeselect                        0x08002e49   Thumb Code    42  bsp_sdio_sdcard.o(i.SD_SelectDeselect)
    SD_SetDeviceMode                         0x08002e79   Thumb Code    20  bsp_sdio_sdcard.o(i.SD_SetDeviceMode)
    SD_WriteBlock                            0x08002e91   Thumb Code   862  bsp_sdio_sdcard.o(i.SD_WriteBlock)
    SD_WriteDisk                             0x08003219   Thumb Code   148  bsp_sdio_sdcard.o(i.SD_WriteDisk)
    SD_WriteMultiBlocks                      0x080032b1   Thumb Code   934  bsp_sdio_sdcard.o(i.SD_WriteMultiBlocks)
    SPI_I2S_DMACmd                           0x08003681   Thumb Code    18  stm32f4xx_spi.o(i.SPI_I2S_DMACmd)
    SYSCFG_EXTILineConfig                    0x08003695   Thumb Code    60  stm32f4xx_syscfg.o(i.SYSCFG_EXTILineConfig)
    SetDmaStatus                             0x080036d5   Thumb Code    42  bsp_dma.o(i.SetDmaStatus)
    SpeechRecUartPack                        0x080037f5   Thumb Code   446  speech_rec.o(i.SpeechRecUartPack)
    Speech_Handle                            0x08003d25   Thumb Code    76  speech_rec.o(i.Speech_Handle)
    SysTick_CLKSourceConfig                  0x08003d79   Thumb Code    40  misc.o(i.SysTick_CLKSourceConfig)
    SysTick_Handler                          0x08003da1   Thumb Code    16  delay.o(i.SysTick_Handler)
    SystemInit                               0x08003db1   Thumb Code    88  system_stm32f4xx.o(i.SystemInit)
    TIM4_IRQHandler                          0x08003e19   Thumb Code    46  usmart.o(i.TIM4_IRQHandler)
    TIM_ClearFlag                            0x08003e51   Thumb Code     6  stm32f4xx_tim.o(i.TIM_ClearFlag)
    TIM_ClearITPendingBit                    0x08003e57   Thumb Code     6  stm32f4xx_tim.o(i.TIM_ClearITPendingBit)
    TIM_Cmd                                  0x08003e5d   Thumb Code    24  stm32f4xx_tim.o(i.TIM_Cmd)
    TIM_GetCounter                           0x08003e75   Thumb Code     6  stm32f4xx_tim.o(i.TIM_GetCounter)
    TIM_GetFlagStatus                        0x08003e7b   Thumb Code    18  stm32f4xx_tim.o(i.TIM_GetFlagStatus)
    TIM_GetITStatus                          0x08003e8d   Thumb Code    34  stm32f4xx_tim.o(i.TIM_GetITStatus)
    TIM_ITConfig                             0x08003eaf   Thumb Code    18  stm32f4xx_tim.o(i.TIM_ITConfig)
    TIM_SetAutoreload                        0x08003ec1   Thumb Code     4  stm32f4xx_tim.o(i.TIM_SetAutoreload)
    TIM_SetCounter                           0x08003ec5   Thumb Code     4  stm32f4xx_tim.o(i.TIM_SetCounter)
    TIM_TimeBaseInit                         0x08003ec9   Thumb Code   104  stm32f4xx_tim.o(i.TIM_TimeBaseInit)
    Timer4_Init                              0x08003f4d   Thumb Code    88  usmart.o(i.Timer4_Init)
    USART1_IRQHandler                        0x08003fa9   Thumb Code   122  usart.o(i.USART1_IRQHandler)
    USART2_IRQHandler                        0x08004031   Thumb Code    76  bsp_usart.o(i.USART2_IRQHandler)
    USART_Cmd                                0x08004089   Thumb Code    24  stm32f4xx_usart.o(i.USART_Cmd)
    USART_DMACmd                             0x080040a1   Thumb Code    18  stm32f4xx_usart.o(i.USART_DMACmd)
    USART_GetITStatus                        0x080040b3   Thumb Code    84  stm32f4xx_usart.o(i.USART_GetITStatus)
    USART_ITConfig                           0x08004107   Thumb Code    74  stm32f4xx_usart.o(i.USART_ITConfig)
    USART_Init                               0x08004151   Thumb Code   204  stm32f4xx_usart.o(i.USART_Init)
    USART_ReceiveData                        0x08004225   Thumb Code    10  stm32f4xx_usart.o(i.USART_ReceiveData)
    UartDataPacking                          0x08004251   Thumb Code    42  speech_rec.o(i.UartDataPacking)
    UsageFault_Handler                       0x080042a3   Thumb Code     4  stm32f4xx_it.o(i.UsageFault_Handler)
    WM8978_ADDA_Cfg                          0x080042a7   Thumb Code    64  bsp_wm8978.o(i.WM8978_ADDA_Cfg)
    WM8978_AUX_Gain                          0x080042e7   Thumb Code    54  bsp_wm8978.o(i.WM8978_AUX_Gain)
    WM8978_HPvol_Set                         0x0800431d   Thumb Code    46  bsp_wm8978.o(i.WM8978_HPvol_Set)
    WM8978_I2S_Cfg                           0x0800434b   Thumb Code    28  bsp_wm8978.o(i.WM8978_I2S_Cfg)
    WM8978_Init                              0x08004369   Thumb Code   244  bsp_wm8978.o(i.WM8978_Init)
    WM8978_Input_Cfg                         0x08004465   Thumb Code   102  bsp_wm8978.o(i.WM8978_Input_Cfg)
    WM8978_LINEIN_Gain                       0x080044cb   Thumb Code    54  bsp_wm8978.o(i.WM8978_LINEIN_Gain)
    WM8978_MIC_Gain                          0x08004501   Thumb Code    28  bsp_wm8978.o(i.WM8978_MIC_Gain)
    WM8978_Output_Cfg                        0x0800451d   Thumb Code    42  bsp_wm8978.o(i.WM8978_Output_Cfg)
    WM8978_Read_Reg                          0x08004549   Thumb Code    10  bsp_wm8978.o(i.WM8978_Read_Reg)
    WM8978_SPKvol_Set                        0x08004559   Thumb Code    34  bsp_wm8978.o(i.WM8978_SPKvol_Set)
    WM8978_Write_Reg                         0x0800457d   Thumb Code    80  bsp_wm8978.o(i.WM8978_Write_Reg)
    __0printf$8                              0x080045d1   Thumb Code    22  printf8.o(i.__0printf$8)
    __1printf$8                              0x080045d1   Thumb Code     0  printf8.o(i.__0printf$8)
    __2printf                                0x080045d1   Thumb Code     0  printf8.o(i.__0printf$8)
    __0sprintf$8                             0x080045f1   Thumb Code    34  printf8.o(i.__0sprintf$8)
    __1sprintf$8                             0x080045f1   Thumb Code     0  printf8.o(i.__0sprintf$8)
    __2sprintf                               0x080045f1   Thumb Code     0  printf8.o(i.__0sprintf$8)
    __hardfp_fabs                            0x08004619   Thumb Code    20  fabs.o(i.__hardfp_fabs)
    __scatterload_copy                       0x0800462d   Thumb Code    14  handlers.o(i.__scatterload_copy)
    __scatterload_null                       0x0800463b   Thumb Code     2  handlers.o(i.__scatterload_null)
    __scatterload_zeroinit                   0x0800463d   Thumb Code    14  handlers.o(i.__scatterload_zeroinit)
    audio_start                              0x08004ab9   Thumb Code    14  audioplay.o(i.audio_start)
    audio_stop                               0x08004acd   Thumb Code    14  audioplay.o(i.audio_stop)
    base64_array_encoding                    0x08004ae1   Thumb Code   202  base64.o(i.base64_array_encoding)
    bspDmaUsartInit                          0x08004c5d   Thumb Code    22  bsp_dma.o(i.bspDmaUsartInit)
    bspExitInit                              0x08004da9   Thumb Code    80  bsp_exti.o(i.bspExitInit)
    bspInit                                  0x08004df9   Thumb Code   122  bsp.o(i.bspInit)
    bspKeyInit                               0x08004ea5   Thumb Code    42  bsp_key.o(i.bspKeyInit)
    bspLedInit                               0x08004ed5   Thumb Code    48  bsp_led.o(i.bspLedInit)
    bspLedToggle                             0x08004f09   Thumb Code    26  bsp_led.o(i.bspLedToggle)
    bspUsartInit                             0x08004f2d   Thumb Code   178  bsp_usart.o(i.bspUsartInit)
    convert_from_bytes_to_power_of_two       0x08005135   Thumb Code    18  bsp_sdio_sdcard.o(i.convert_from_bytes_to_power_of_two)
    delay_init                               0x08005695   Thumb Code    58  delay.o(i.delay_init)
    delay_ms                                 0x080056d9   Thumb Code    60  delay.o(i.delay_ms)
    delay_us                                 0x08005719   Thumb Code    68  delay.o(i.delay_us)
    dir_sdi                                  0x08005cc1   Thumb Code   154  ff.o(i.dir_sdi)
    disk_initialize                          0x08005d5b   Thumb Code    40  diskio.o(i.disk_initialize)
    disk_ioctl                               0x08005d85   Thumb Code   106  diskio.o(i.disk_ioctl)
    disk_read                                0x08005df5   Thumb Code    98  diskio.o(i.disk_read)
    disk_status                              0x08005e57   Thumb Code     6  diskio.o(i.disk_status)
    disk_write                               0x08005e5d   Thumb Code    98  diskio.o(i.disk_write)
    exfuns_init                              0x08005ec1   Thumb Code   106  exfuns.o(i.exfuns_init)
    f_close                                  0x08005f3d   Thumb Code    34  ff.o(i.f_close)
    f_closedir                               0x08005f5f   Thumb Code    24  ff.o(i.f_closedir)
    f_getfree                                0x08005f77   Thumb Code   246  ff.o(i.f_getfree)
    f_getlabel                               0x0800606d   Thumb Code   190  ff.o(i.f_getlabel)
    f_gets                                   0x0800612b   Thumb Code    82  ff.o(i.f_gets)
    f_lseek                                  0x0800617d   Thumb Code   388  ff.o(i.f_lseek)
    f_mkdir                                  0x08006301   Thumb Code   292  ff.o(i.f_mkdir)
    f_mkfs                                   0x08006425   Thumb Code  1824  ff.o(i.f_mkfs)
    f_mount                                  0x08006b79   Thumb Code    80  ff.o(i.f_mount)
    f_open                                   0x08006bcd   Thumb Code   520  ff.o(i.f_open)
    f_opendir                                0x08006dd5   Thumb Code   138  ff.o(i.f_opendir)
    f_putc                                   0x08006e5f   Thumb Code    34  ff.o(i.f_putc)
    f_puts                                   0x08006e81   Thumb Code    44  ff.o(i.f_puts)
    f_read                                   0x08006ead   Thumb Code   412  ff.o(i.f_read)
    f_readdir                                0x08007049   Thumb Code   104  ff.o(i.f_readdir)
    f_rename                                 0x080070b1   Thumb Code   316  ff.o(i.f_rename)
    f_setlabel                               0x080071ed   Thumb Code   306  ff.o(i.f_setlabel)
    f_sync                                   0x08007325   Thumb Code   160  ff.o(i.f_sync)
    f_unlink                                 0x080073c5   Thumb Code   196  ff.o(i.f_unlink)
    f_write                                  0x08007489   Thumb Code   478  ff.o(i.f_write)
    ff_convert                               0x08007669   Thumb Code   116  gbk.o(i.ff_convert)
    ff_memalloc                              0x080076e5   Thumb Code    12  ffsystem.o(i.ff_memalloc)
    ff_memfree                               0x080076f1   Thumb Code    12  ffsystem.o(i.ff_memfree)
    ff_oem2uni                               0x080076fd   Thumb Code   100  ffunicode.o(i.ff_oem2uni)
    ff_uni2oem                               0x08007765   Thumb Code   112  ffunicode.o(i.ff_uni2oem)
    ff_wtoupper                              0x080077d9   Thumb Code   166  ffunicode.o(i.ff_wtoupper)
    fputc                                    0x080079a1   Thumb Code    22  usart.o(i.fputc)
    free                                     0x080079bd   Thumb Code    76  malloc.o(i.free)
    get_fattime                              0x08007bb9   Thumb Code     4  diskio.o(i.get_fattime)
    getgb                                    0x08007d8f   Thumb Code    26  gbk2utf2uni.o(i.getgb)
    main                                     0x08007e49   Thumb Code    34  main.o(i.main)
    malloc                                   0x08007e85   Thumb Code    92  malloc.o(i.malloc)
    mf_close                                 0x08007f41   Thumb Code    14  fattester.o(i.mf_close)
    mf_closedir                              0x08007f55   Thumb Code    10  fattester.o(i.mf_closedir)
    mf_fmkfs                                 0x08007f65   Thumb Code    20  fattester.o(i.mf_fmkfs)
    mf_getlabel                              0x08007f79   Thumb Code    58  fattester.o(i.mf_getlabel)
    mf_gets                                  0x08007ffd   Thumb Code    38  fattester.o(i.mf_gets)
    mf_lseek                                 0x08008049   Thumb Code    16  fattester.o(i.mf_lseek)
    mf_mkdir                                 0x0800805d   Thumb Code    12  fattester.o(i.mf_mkdir)
    mf_mount                                 0x08008069   Thumb Code    20  fattester.o(i.mf_mount)
    mf_open                                  0x08008081   Thumb Code    24  fattester.o(i.mf_open)
    mf_opendir                               0x0800809d   Thumb Code    14  fattester.o(i.mf_opendir)
    mf_putc                                  0x080080b1   Thumb Code    18  fattester.o(i.mf_putc)
    mf_puts                                  0x080080c9   Thumb Code    18  fattester.o(i.mf_puts)
    mf_read                                  0x080080e1   Thumb Code   224  fattester.o(i.mf_read)
    mf_readdir                               0x08008239   Thumb Code    92  fattester.o(i.mf_readdir)
    mf_rename                                0x08008301   Thumb Code    16  fattester.o(i.mf_rename)
    mf_setlabel                              0x08008311   Thumb Code    34  fattester.o(i.mf_setlabel)
    mf_showfree                              0x0800836d   Thumb Code    88  fattester.o(i.mf_showfree)
    mf_size                                  0x08008415   Thumb Code     8  fattester.o(i.mf_size)
    mf_tell                                  0x08008421   Thumb Code     8  fattester.o(i.mf_tell)
    mf_unlink                                0x0800842d   Thumb Code    12  fattester.o(i.mf_unlink)
    mf_write                                 0x08008439   Thumb Code    68  fattester.o(i.mf_write)
    pvPortMalloc                             0x08009601   Thumb Code   272  heap_4.o(i.pvPortMalloc)
    pvTaskIncrementMutexHeldCount            0x08009761   Thumb Code    26  tasks.o(i.pvTaskIncrementMutexHeldCount)
    pxPortInitialiseStack                    0x08009781   Thumb Code    38  port.o(i.pxPortInitialiseStack)
    read_addr                                0x080097ad   Thumb Code     6  usmart.o(i.read_addr)
    read_current_finaliy_point               0x080097b5   Thumb Code    18  bsp_dma.o(i.read_current_finaliy_point)
    rec_i2s_dma_rx_callback                  0x080097d5   Thumb Code   240  voice_access.o(i.rec_i2s_dma_rx_callback)
    recoder_enter_play_mode                  0x080098f1   Thumb Code    44  voice_access.o(i.recoder_enter_play_mode)
    recoder_enter_rec_mode                   0x0800991d   Thumb Code   132  voice_access.o(i.recoder_enter_rec_mode)
    scan_files                               0x08009a55   Thumb Code   124  fattester.o(i.scan_files)
    swich_current_read_point                 0x08009b4d   Thumb Code    26  bsp_dma.o(i.swich_current_read_point)
    uart_init                                0x08009c9d   Thumb Code   166  usart.o(i.uart_init)
    uasrt_key_send                           0x08009d4d   Thumb Code     6  bsp_key.o(i.uasrt_key_send)
    usartReadStart                           0x08009d59   Thumb Code    38  bsp_dma.o(i.usartReadStart)
    usartSendStart                           0x08009d85   Thumb Code    38  bsp_dma.o(i.usartSendStart)
    usart_parse                              0x08009db1   Thumb Code   218  myapp.o(i.usart_parse)
    usmart_cmd_rec                           0x08009eb5   Thumb Code   170  usmart.o(i.usmart_cmd_rec)
    usmart_exe                               0x08009f65   Thumb Code   632  usmart.o(i.usmart_exe)
    usmart_get_aparm                         0x0800a239   Thumb Code   200  usmart_str.o(i.usmart_get_aparm)
    usmart_get_cmdname                       0x0800a301   Thumb Code    54  usmart_str.o(i.usmart_get_cmdname)
    usmart_get_fname                         0x0800a339   Thumb Code   440  usmart_str.o(i.usmart_get_fname)
    usmart_get_fparam                        0x0800a4f9   Thumb Code   262  usmart_str.o(i.usmart_get_fparam)
    usmart_get_parmpos                       0x0800a605   Thumb Code    26  usmart_str.o(i.usmart_get_parmpos)
    usmart_get_runtime                       0x0800a625   Thumb Code    60  usmart.o(i.usmart_get_runtime)
    usmart_init                              0x0800a669   Thumb Code    36  usmart.o(i.usmart_init)
    usmart_pow                               0x0800a691   Thumb Code    22  usmart_str.o(i.usmart_pow)
    usmart_reset_runtime                     0x0800a6a9   Thumb Code    38  usmart.o(i.usmart_reset_runtime)
    usmart_scan                              0x0800a6d9   Thumb Code   120  usmart.o(i.usmart_scan)
    usmart_search_nextc                      0x0800a795   Thumb Code    22  usmart_str.o(i.usmart_search_nextc)
    usmart_str2num                           0x0800a7ab   Thumb Code   202  usmart_str.o(i.usmart_str2num)
    usmart_strcmp                            0x0800a875   Thumb Code    34  usmart_str.o(i.usmart_strcmp)
    usmart_strcopy                           0x0800a897   Thumb Code    22  usmart_str.o(i.usmart_strcopy)
    usmart_strlen                            0x0800a8ad   Thumb Code    24  usmart_str.o(i.usmart_strlen)
    usmart_sys_cmd_exe                       0x0800a8c5   Thumb Code  1554  usmart.o(i.usmart_sys_cmd_exe)
    utf82gbk                                 0x0800afa9   Thumb Code   194  gbk2utf2uni.o(i.utf82gbk)
    uxListRemove                             0x0800b06b   Thumb Code    40  list.o(i.uxListRemove)
    vListInitialise                          0x0800b093   Thumb Code    26  list.o(i.vListInitialise)
    vListInitialiseItem                      0x0800b0ad   Thumb Code     6  list.o(i.vListInitialiseItem)
    vListInsert                              0x0800b0b3   Thumb Code    52  list.o(i.vListInsert)
    vListInsertEnd                           0x0800b0e7   Thumb Code    24  list.o(i.vListInsertEnd)
    vPortEnterCritical                       0x0800b101   Thumb Code    68  port.o(i.vPortEnterCritical)
    vPortExitCritical                        0x0800b189   Thumb Code    48  port.o(i.vPortExitCritical)
    vPortFree                                0x0800b1f9   Thumb Code   130  heap_4.o(i.vPortFree)
    vPortSetupTimerInterrupt                 0x0800b2c1   Thumb Code    20  port.o(i.vPortSetupTimerInterrupt)
    vPortValidateInterruptPriority           0x0800b2d9   Thumb Code    86  port.o(i.vPortValidateInterruptPriority)
    vQueueAddToRegistry                      0x0800b379   Thumb Code    38  queue.o(i.vQueueAddToRegistry)
    vQueueWaitForMessageRestricted           0x0800b3a5   Thumb Code    74  queue.o(i.vQueueWaitForMessageRestricted)
    vTaskDelay                               0x0800b445   Thumb Code    72  tasks.o(i.vTaskDelay)
    vTaskDelete                              0x0800b4b9   Thumb Code   192  tasks.o(i.vTaskDelete)
    vTaskInternalSetTimeOutState             0x0800b5c5   Thumb Code    14  tasks.o(i.vTaskInternalSetTimeOutState)
    vTaskMissedYield                         0x0800b641   Thumb Code     8  tasks.o(i.vTaskMissedYield)
    vTaskPlaceOnEventList                    0x0800b64d   Thumb Code    42  tasks.o(i.vTaskPlaceOnEventList)
    vTaskPlaceOnEventListRestricted          0x0800b6a1   Thumb Code    50  tasks.o(i.vTaskPlaceOnEventListRestricted)
    vTaskPriorityDisinheritAfterTimeout      0x0800b6fd   Thumb Code   196  tasks.o(i.vTaskPriorityDisinheritAfterTimeout)
    vTaskStartScheduler                      0x0800b84d   Thumb Code   108  tasks.o(i.vTaskStartScheduler)
    vTaskSuspendAll                          0x0800b8f9   Thumb Code    12  tasks.o(i.vTaskSuspendAll)
    vTaskSwitchContext                       0x0800b909   Thumb Code   110  tasks.o(i.vTaskSwitchContext)
    voice_End_Receive                        0x0800bb5d   Thumb Code    62  voice_access.o(i.voice_End_Receive)
    voice_Receive                            0x0800bbb1   Thumb Code   134  voice_access.o(i.voice_Receive)
    voice_info_size                          0x0800bc59   Thumb Code    26  voice_access.o(i.voice_info_size)
    wav_buffill                              0x0800bc85   Thumb Code   280  wavplay.o(i.wav_buffill)
    wav_decode_init                          0x0800bda5   Thumb Code   308  wavplay.o(i.wav_decode_init)
    wav_i2s_dma_tx_callback                  0x0800bf99   Thumb Code    96  wavplay.o(i.wav_i2s_dma_tx_callback)
    wav_play_song                            0x0800c009   Thumb Code   396  wavplay.o(i.wav_play_song)
    write_addr                               0x0800c1ad   Thumb Code     4  usmart.o(i.write_addr)
    xPortStartScheduler                      0x0800c1b1   Thumb Code   322  port.o(i.xPortStartScheduler)
    xPortSysTickHandler                      0x0800c34d   Thumb Code    46  port.o(i.xPortSysTickHandler)
    xQueueCreateMutex                        0x0800c381   Thumb Code    34  queue.o(i.xQueueCreateMutex)
    xQueueGenericCreate                      0x0800c3a5   Thumb Code    74  queue.o(i.xQueueGenericCreate)
    xQueueGenericReset                       0x0800c415   Thumb Code   136  queue.o(i.xQueueGenericReset)
    xQueueGenericSend                        0x0800c4c5   Thumb Code   426  queue.o(i.xQueueGenericSend)
    xQueueGenericSendFromISR                 0x0800c699   Thumb Code   244  queue.o(i.xQueueGenericSendFromISR)
    xQueueGiveFromISR                        0x0800c7b1   Thumb Code   214  queue.o(i.xQueueGiveFromISR)
    xQueueReceive                            0x0800c8ad   Thumb Code   326  queue.o(i.xQueueReceive)
    xQueueSemaphoreTake                      0x0800ca1d   Thumb Code   394  queue.o(i.xQueueSemaphoreTake)
    xTaskCheckForTimeOut                     0x0800cbd1   Thumb Code   112  tasks.o(i.xTaskCheckForTimeOut)
    xTaskCreate                              0x0800cc6d   Thumb Code    96  tasks.o(i.xTaskCreate)
    xTaskGetSchedulerState                   0x0800cccd   Thumb Code    24  tasks.o(i.xTaskGetSchedulerState)
    xTaskGetTickCount                        0x0800cced   Thumb Code     6  tasks.o(i.xTaskGetTickCount)
    xTaskIncrementTick                       0x0800ccf9   Thumb Code   272  tasks.o(i.xTaskIncrementTick)
    xTaskPriorityDisinherit                  0x0800ce59   Thumb Code   168  tasks.o(i.xTaskPriorityDisinherit)
    xTaskPriorityInherit                     0x0800cf31   Thumb Code   172  tasks.o(i.xTaskPriorityInherit)
    xTaskRemoveFromEventList                 0x0800cfe9   Thumb Code   118  tasks.o(i.xTaskRemoveFromEventList)
    xTaskResumeAll                           0x0800d09d   Thumb Code   214  tasks.o(i.xTaskResumeAll)
    xTimerCreateTimerTask                    0x0800d1bd   Thumb Code    56  timers.o(i.xTimerCreateTimerTask)
    xTimerGenericCommand                     0x0800d231   Thumb Code   116  timers.o(i.xTimerGenericCommand)
    I2S_PSC_TBL                              0x0800d2d0   Data         110  bsp_i2s.o(.constdata)
    i2splaybuf                               0x0800d33e   Data           4  voice_access.o(.constdata)
    base64_tab                               0x0800d342   Data          64  base64.o(.constdata)
    uni2oem                                  0x0800d382   Data       87172  gbk.o(.constdata)
    oem2uni                                  0x08022806   Data       87172  gbk.o(.constdata)
    Region$$Table$$Base                      0x08062d18   Number         0  anon$$obj.o(Region$$Table)
    Region$$Table$$Limit                     0x08062d38   Number         0  anon$$obj.o(Region$$Table)
    xKeySemaphoreHandle                      0x20000018   Data           4  main.o(.data)
    xSpeechRecSemaphoreHandle                0x2000001c   Data           4  main.o(.data)
    xUsartParseSemaphoreHandle               0x20000020   Data           4  main.o(.data)
    xDmaModeMutexHandle                      0x20000024   Data           4  main.o(.data)
    AudioNoQueueHandle                       0x20000028   Data           4  main.o(.data)
    timeout                                  0x2000002c   Data           1  main.o(.data)
    TransferError                            0x2000003a   Data           1  bsp_sdio_sdcard.o(.data)
    TransferEnd                              0x2000003b   Data           1  bsp_sdio_sdcard.o(.data)
    tempbuff                                 0x2000003c   Data           4  bsp_sdio_sdcard.o(.data)
    i2s_tx_callback                          0x200000b4   Data           4  bsp_i2s.o(.data)
    i2s_rx_callback                          0x200000b8   Data           4  bsp_i2s.o(.data)
    keyval                                   0x200000bc   Data           1  bsp_key.o(.data)
    wavtransferend                           0x200000c8   Data           1  wavplay.o(.data)
    wavwitchbuf                              0x200000c9   Data           1  wavplay.o(.data)
    g_MainKeyChar                            0x200000cc   Data          40  myapp.o(.data)
    g_DeviceKeyChar                          0x200000f4   Data          48  myapp.o(.data)
    g_StatueKeyChar                          0x20000124   Data          16  myapp.o(.data)
    LastEspStatue                            0x20000134   Data           1  myapp.o(.data)
    SpeechRecStr                             0x20000138   Data           4  speech_rec.o(.data)
    SpeechRecStrBody                         0x2000013c   Data           4  speech_rec.o(.data)
    i2srecbuf1                               0x20000144   Data           4  voice_access.o(.data)
    i2srecbuf2                               0x20000148   Data           4  voice_access.o(.data)
    f_rec                                    0x2000014c   Data           4  voice_access.o(.data)
    wavsize                                  0x20000150   Data           4  voice_access.o(.data)
    rec_sta                                  0x20000154   Data           1  voice_access.o(.data)
    sys_cmd_tab                              0x20000158   Data          28  usmart.o(.data)
    usmart_nametab                           0x20000174   Data         224  usmart_config.o(.data)
    usmart_dev                               0x20000254   Data         244  usmart_config.o(.data)
    __stdout                                 0x2000034c   Data           4  usart.o(.data)
    USART_RX_STA                             0x20000350   Data           2  usart.o(.data)
    pxCurrentTCB                             0x20000354   Data           4  tasks.o(.data)
    fs                                       0x200003d8   Data           4  exfuns.o(.data)
    file                                     0x200003dc   Data           4  exfuns.o(.data)
    ftemp                                    0x200003e0   Data           4  exfuns.o(.data)
    br                                       0x200003e4   Data           4  exfuns.o(.data)
    bw                                       0x200003e8   Data           4  exfuns.o(.data)
    fatbuf                                   0x200003ec   Data           4  exfuns.o(.data)
    __microlib_freelist                      0x20000404   Data           4  mvars.o(.data)
    __microlib_freelist_initialised          0x20000408   Data           4  mvars.o(.data)
    sprintf_str                              0x2000040c   Data          30  main.o(.bss)
    SDIO_InitStructure                       0x20000430   Data          24  bsp_sdio_sdcard.o(.bss)
    SDIO_CmdInitStructure                    0x20000448   Data          20  bsp_sdio_sdcard.o(.bss)
    SDIO_DataInitStructure                   0x2000045c   Data          24  bsp_sdio_sdcard.o(.bss)
    SDCardInfo                               0x20000498   Data          88  bsp_sdio_sdcard.o(.bss)
    SDIO_DATA_BUFFER                         0x200004f0   Data         512  bsp_sdio_sdcard.o(.bss)
    wavctrl                                  0x200007b8   Data          32  wavplay.o(.bss)
    cTmp                                     0x200007d8   Data          10  myapp.o(.bss)
    g_Str                                    0x200007e2   Data          20  speech_rec.o(.bss)
    audiodev                                 0x200007f6   Data          17  audioplay.o(.bss)
    USART_RX_BUF                             0x20000807   Data         200  usart.o(.bss)
    xQueueRegistry                           0x200008d0   Data          64  queue.o(.bss)
    dir                                      0x20005adc   Data          48  exfuns.o(.bss)
    __heap_base                              0x20005c68   Data           0  startup_stm32f40_41xxx.o(HEAP)
    __heap_limit                             0x20017c68   Data           0  startup_stm32f40_41xxx.o(HEAP)
    __initial_sp                             0x20018068   Data           0  startup_stm32f40_41xxx.o(STACK)



==============================================================================

Memory Map of the image

  Image Entry point : 0x08000189

  Load Region LR_IROM1 (Base: 0x08000000, Size: 0x00063144, Max: 0x00080000, ABSOLUTE, COMPRESSED[0x00062eac])

    Execution Region ER_IROM1 (Exec base: 0x08000000, Load base: 0x08000000, Size: 0x00062d38, Max: 0x00080000, ABSOLUTE)

    Exec Addr    Load Addr    Size         Type   Attr      Idx    E Section Name        Object

    0x08000000   0x08000000   0x00000188   Data   RO         3846    RESET               startup_stm32f40_41xxx.o
    0x08000188   0x08000188   0x00000000   Code   RO         6039  * .ARM.Collect$$$$00000000  mc_w.l(entry.o)
    0x08000188   0x08000188   0x00000004   Code   RO         6363    .ARM.Collect$$$$00000001  mc_w.l(entry2.o)
    0x0800018c   0x0800018c   0x00000004   Code   RO         6366    .ARM.Collect$$$$00000004  mc_w.l(entry5.o)
    0x08000190   0x08000190   0x00000000   Code   RO         6368    .ARM.Collect$$$$00000008  mc_w.l(entry7b.o)
    0x08000190   0x08000190   0x00000000   Code   RO         6370    .ARM.Collect$$$$0000000A  mc_w.l(entry8b.o)
    0x08000190   0x08000190   0x00000008   Code   RO         6371    .ARM.Collect$$$$0000000B  mc_w.l(entry9a.o)
    0x08000198   0x08000198   0x00000000   Code   RO         6373    .ARM.Collect$$$$0000000D  mc_w.l(entry10a.o)
    0x08000198   0x08000198   0x00000000   Code   RO         6375    .ARM.Collect$$$$0000000F  mc_w.l(entry11a.o)
    0x08000198   0x08000198   0x00000004   Code   RO         6364    .ARM.Collect$$$$00002712  mc_w.l(entry2.o)
    0x0800019c   0x0800019c   0x00000010   Code   RO         1780    .emb_text           sys.o
    0x080001ac   0x080001ac   0x000000be   Code   RO         3044    .emb_text           port.o
    0x0800026a   0x0800026a   0x00000002   PAD
    0x0800026c   0x0800026c   0x00000024   Code   RO         3847    .text               startup_stm32f40_41xxx.o
    0x08000290   0x08000290   0x00000062   Code   RO         6042    .text               mc_w.l(ldiv.o)
    0x080002f2   0x080002f2   0x00000024   Code   RO         6044    .text               mc_w.l(memcpya.o)
    0x08000316   0x08000316   0x00000024   Code   RO         6048    .text               mc_w.l(memseta.o)
    0x0800033a   0x0800033a   0x00000024   Code   RO         6052    .text               mc_w.l(strstr.o)
    0x0800035e   0x0800035e   0x0000000e   Code   RO         6054    .text               mc_w.l(strlen.o)
    0x0800036c   0x0800036c   0x0000001c   Code   RO         6056    .text               mc_w.l(strcmp.o)
    0x08000388   0x08000388   0x0000014e   Code   RO         6351    .text               mf_w.l(dadd.o)
    0x080004d6   0x080004d6   0x000000e4   Code   RO         6353    .text               mf_w.l(dmul.o)
    0x080005ba   0x080005ba   0x000000de   Code   RO         6355    .text               mf_w.l(ddiv.o)
    0x08000698   0x08000698   0x0000001a   Code   RO         6357    .text               mf_w.l(dfltui.o)
    0x080006b2   0x080006b2   0x0000003e   Code   RO         6359    .text               mf_w.l(dfixi.o)
    0x080006f0   0x080006f0   0x00000030   Code   RO         6361    .text               mf_w.l(cdrcmple.o)
    0x08000720   0x08000720   0x00000062   Code   RO         6379    .text               mc_w.l(uldiv.o)
    0x08000782   0x08000782   0x0000001e   Code   RO         6381    .text               mc_w.l(llshl.o)
    0x080007a0   0x080007a0   0x00000020   Code   RO         6383    .text               mc_w.l(llushr.o)
    0x080007c0   0x080007c0   0x00000024   Code   RO         6385    .text               mc_w.l(llsshr.o)
    0x080007e4   0x080007e4   0x00000000   Code   RO         6389    .text               mc_w.l(iusefp.o)
    0x080007e4   0x080007e4   0x000000ba   Code   RO         6390    .text               mf_w.l(depilogue.o)
    0x0800089e   0x0800089e   0x00000002   PAD
    0x080008a0   0x080008a0   0x00000024   Code   RO         6394    .text               mc_w.l(init.o)
    0x080008c4   0x080008c4   0x00000056   Code   RO         6404    .text               mc_w.l(__dczerorl2.o)
    0x0800091a   0x0800091a   0x00000002   PAD
    0x0800091c   0x0800091c   0x00000012   Code   RO         6007    OSKERNEL            hardfaulthandler.o
    0x0800092e   0x0800092e   0x00000004   Code   RO         3853    i.BusFault_Handler  stm32f4xx_it.o
    0x08000932   0x08000932   0x00000002   PAD
    0x08000934   0x08000934   0x0000001c   Code   RO         1167    i.CloseEspTcpConnect  myapp.o
    0x08000950   0x08000950   0x00000030   Code   RO          414    i.CmdError          bsp_sdio_sdcard.o
    0x08000980   0x08000980   0x00000064   Code   RO          415    i.CmdResp1Error     bsp_sdio_sdcard.o
    0x080009e4   0x080009e4   0x00000054   Code   RO          416    i.CmdResp2Error     bsp_sdio_sdcard.o
    0x08000a38   0x08000a38   0x00000038   Code   RO          417    i.CmdResp3Error     bsp_sdio_sdcard.o
    0x08000a70   0x08000a70   0x00000094   Code   RO          418    i.CmdResp6Error     bsp_sdio_sdcard.o
    0x08000b04   0x08000b04   0x0000004c   Code   RO          419    i.CmdResp7Error     bsp_sdio_sdcard.o
    0x08000b50   0x08000b50   0x0000002c   Code   RO          825    i.DMA1_Stream3_IRQHandler  bsp_i2s.o
    0x08000b7c   0x08000b7c   0x0000002c   Code   RO          826    i.DMA1_Stream4_IRQHandler  bsp_i2s.o
    0x08000ba8   0x08000ba8   0x00000020   Code   RO          987    i.DMA1_Stream5_IRQHandler  bsp_dma.o
    0x08000bc8   0x08000bc8   0x00000040   Code   RO          988    i.DMA1_Stream6_IRQHandler  bsp_dma.o
    0x08000c08   0x08000c08   0x00000034   Code   RO         5524    i.DMA_ClearITPendingBit  stm32f4xx_dma.o
    0x08000c3c   0x08000c3c   0x00000016   Code   RO         5525    i.DMA_Cmd           stm32f4xx_dma.o
    0x08000c52   0x08000c52   0x00000002   PAD
    0x08000c54   0x08000c54   0x00000158   Code   RO         5526    i.DMA_DeInit        stm32f4xx_dma.o
    0x08000dac   0x08000dac   0x00000016   Code   RO         5527    i.DMA_DoubleBufferModeCmd  stm32f4xx_dma.o
    0x08000dc2   0x08000dc2   0x00000018   Code   RO         5528    i.DMA_DoubleBufferModeConfig  stm32f4xx_dma.o
    0x08000dda   0x08000dda   0x00000016   Code   RO         5529    i.DMA_FlowControllerConfig  stm32f4xx_dma.o
    0x08000df0   0x08000df0   0x00000014   Code   RO         5530    i.DMA_GetCmdStatus  stm32f4xx_dma.o
    0x08000e04   0x08000e04   0x00000064   Code   RO         5535    i.DMA_GetITStatus   stm32f4xx_dma.o
    0x08000e68   0x08000e68   0x0000003a   Code   RO         5536    i.DMA_ITConfig      stm32f4xx_dma.o
    0x08000ea2   0x08000ea2   0x00000002   PAD
    0x08000ea4   0x08000ea4   0x00000058   Code   RO         5537    i.DMA_Init          stm32f4xx_dma.o
    0x08000efc   0x08000efc   0x00000004   Code   RO         5540    i.DMA_SetCurrDataCounter  stm32f4xx_dma.o
    0x08000f00   0x08000f00   0x00000002   Code   RO         3854    i.DebugMon_Handler  stm32f4xx_it.o
    0x08000f02   0x08000f02   0x00000002   PAD
    0x08000f04   0x08000f04   0x00000044   Code   RO          947    i.EXTI15_10_IRQHandler  bsp_exti.o
    0x08000f48   0x08000f48   0x0000000c   Code   RO         5462    i.EXTI_ClearITPendingBit  stm32f4xx_exti.o
    0x08000f54   0x08000f54   0x00000018   Code   RO         5466    i.EXTI_GetITStatus  stm32f4xx_exti.o
    0x08000f6c   0x08000f6c   0x00000094   Code   RO         5467    i.EXTI_Init         stm32f4xx_exti.o
    0x08001000   0x08001000   0x00000194   Code   RO          420    i.FindSCR           bsp_sdio_sdcard.o
    0x08001194   0x08001194   0x00000018   Code   RO         1627    i.FuncTest          usmart_config.o
    0x080011ac   0x080011ac   0x00000090   Code   RO         3982    i.GPIO_Init         stm32f4xx_gpio.o
    0x0800123c   0x0800123c   0x00000046   Code   RO         3983    i.GPIO_PinAFConfig  stm32f4xx_gpio.o
    0x08001282   0x08001282   0x00000002   PAD
    0x08001284   0x08001284   0x0000000c   Code   RO          989    i.GetDmaStatus      bsp_dma.o
    0x08001290   0x08001290   0x000000b4   Code   RO         6012    i.HardFaultHandler  segger_hardfaulthandler.o
    0x08001344   0x08001344   0x00000064   Code   RO          827    i.I2S2_Init         bsp_i2s.o
    0x080013a8   0x080013a8   0x000000a0   Code   RO          828    i.I2S2_SampleRate_Set  bsp_i2s.o
    0x08001448   0x08001448   0x000000b0   Code   RO          829    i.I2S2_TX_DMA_Init  bsp_i2s.o
    0x080014f8   0x080014f8   0x0000004c   Code   RO          830    i.I2S2ext_Init      bsp_i2s.o
    0x08001544   0x08001544   0x000000b0   Code   RO          831    i.I2S2ext_RX_DMA_Init  bsp_i2s.o
    0x080015f4   0x080015f4   0x00000018   Code   RO         5845    i.I2S_Cmd           stm32f4xx_spi.o
    0x0800160c   0x0800160c   0x00000050   Code   RO         5846    i.I2S_FullDuplexConfig  stm32f4xx_spi.o
    0x0800165c   0x0800165c   0x00000198   Code   RO         5847    i.I2S_Init          stm32f4xx_spi.o
    0x080017f4   0x080017f4   0x00000010   Code   RO          832    i.I2S_Play_Start    bsp_i2s.o
    0x08001804   0x08001804   0x00000010   Code   RO          833    i.I2S_Play_Stop     bsp_i2s.o
    0x08001814   0x08001814   0x00000010   Code   RO          834    i.I2S_Rec_Start     bsp_i2s.o
    0x08001824   0x08001824   0x00000010   Code   RO          835    i.I2S_Rec_Stop      bsp_i2s.o
    0x08001834   0x08001834   0x0000004c   Code   RO          764    i.IIC_Init          bsp_myiic.o
    0x08001880   0x08001880   0x00000068   Code   RO          767    i.IIC_Send_Byte     bsp_myiic.o
    0x080018e8   0x080018e8   0x0000004c   Code   RO          768    i.IIC_Start         bsp_myiic.o
    0x08001934   0x08001934   0x0000004c   Code   RO          769    i.IIC_Stop          bsp_myiic.o
    0x08001980   0x08001980   0x00000060   Code   RO          770    i.IIC_Wait_Ack      bsp_myiic.o
    0x080019e0   0x080019e0   0x000000a0   Code   RO          421    i.IsCardProgramming  bsp_sdio_sdcard.o
    0x08001a80   0x08001a80   0x00000004   Code   RO         3855    i.MemManage_Handler  stm32f4xx_it.o
    0x08001a84   0x08001a84   0x00000002   Code   RO         3856    i.NMI_Handler       stm32f4xx_it.o
    0x08001a86   0x08001a86   0x00000002   PAD
    0x08001a88   0x08001a88   0x00000078   Code   RO         3937    i.NVIC_Init         misc.o
    0x08001b00   0x08001b00   0x00000014   Code   RO         3938    i.NVIC_PriorityGroupConfig  misc.o
    0x08001b14   0x08001b14   0x00000020   Code   RO         4079    i.RCC_AHB1PeriphClockCmd  stm32f4xx_rcc.o
    0x08001b34   0x08001b34   0x00000020   Code   RO         4088    i.RCC_APB1PeriphClockCmd  stm32f4xx_rcc.o
    0x08001b54   0x08001b54   0x00000020   Code   RO         4090    i.RCC_APB1PeriphResetCmd  stm32f4xx_rcc.o
    0x08001b74   0x08001b74   0x00000020   Code   RO         4091    i.RCC_APB2PeriphClockCmd  stm32f4xx_rcc.o
    0x08001b94   0x08001b94   0x00000020   Code   RO         4093    i.RCC_APB2PeriphResetCmd  stm32f4xx_rcc.o
    0x08001bb4   0x08001bb4   0x000000e8   Code   RO         4100    i.RCC_GetClocksFreq  stm32f4xx_rcc.o
    0x08001c9c   0x08001c9c   0x0000000c   Code   RO         4119    i.RCC_PLLI2SCmd     stm32f4xx_rcc.o
    0x08001ca8   0x08001ca8   0x00000010   Code   RO         4120    i.RCC_PLLI2SConfig  stm32f4xx_rcc.o
    0x08001cb8   0x08001cb8   0x000000ac   Code   RO          422    i.SDEnWideBus       bsp_sdio_sdcard.o
    0x08001d64   0x08001d64   0x0000000c   Code   RO         5652    i.SDIO_ClearFlag    stm32f4xx_sdio.o
    0x08001d70   0x08001d70   0x00000014   Code   RO          423    i.SDIO_Clock_Set    bsp_sdio_sdcard.o
    0x08001d84   0x08001d84   0x00000034   Code   RO         5658    i.SDIO_DataConfig   stm32f4xx_sdio.o
    0x08001db8   0x08001db8   0x00000018   Code   RO         5664    i.SDIO_GetFlagStatus  stm32f4xx_sdio.o
    0x08001dd0   0x08001dd0   0x00000010   Code   RO         5666    i.SDIO_GetPowerState  stm32f4xx_sdio.o
    0x08001de0   0x08001de0   0x00000008   Code   RO          424    i.SDIO_IRQHandler   bsp_sdio_sdcard.o
    0x08001de8   0x08001de8   0x00000030   Code   RO         5669    i.SDIO_Init         stm32f4xx_sdio.o
    0x08001e18   0x08001e18   0x00000038   Code   RO          425    i.SDIO_Register_Deinit  bsp_sdio_sdcard.o
    0x08001e50   0x08001e50   0x0000002c   Code   RO         5672    i.SDIO_SendCommand  stm32f4xx_sdio.o
    0x08001e7c   0x08001e7c   0x0000000c   Code   RO         5674    i.SDIO_SetPowerState  stm32f4xx_sdio.o
    0x08001e88   0x08001e88   0x00000080   Code   RO          426    i.SD_DMA_Config     bsp_sdio_sdcard.o
    0x08001f08   0x08001f08   0x00000068   Code   RO          427    i.SD_EnableWideBusOperation  bsp_sdio_sdcard.o
    0x08001f70   0x08001f70   0x00000314   Code   RO          428    i.SD_GetCardInfo    bsp_sdio_sdcard.o
    0x08002284   0x08002284   0x00000134   Code   RO          430    i.SD_Init           bsp_sdio_sdcard.o
    0x080023b8   0x080023b8   0x00000164   Code   RO          431    i.SD_InitializeCards  bsp_sdio_sdcard.o
    0x0800251c   0x0800251c   0x000001e4   Code   RO          433    i.SD_PowerON        bsp_sdio_sdcard.o
    0x08002700   0x08002700   0x00000154   Code   RO          434    i.SD_ProcessIRQSrc  bsp_sdio_sdcard.o
    0x08002854   0x08002854   0x00000268   Code   RO          435    i.SD_ReadBlock      bsp_sdio_sdcard.o
    0x08002abc   0x08002abc   0x00000098   Code   RO          436    i.SD_ReadDisk       bsp_sdio_sdcard.o
    0x08002b54   0x08002b54   0x000002f4   Code   RO          437    i.SD_ReadMultiBlocks  bsp_sdio_sdcard.o
    0x08002e48   0x08002e48   0x00000030   Code   RO          438    i.SD_SelectDeselect  bsp_sdio_sdcard.o
    0x08002e78   0x08002e78   0x00000018   Code   RO          440    i.SD_SetDeviceMode  bsp_sdio_sdcard.o
    0x08002e90   0x08002e90   0x00000388   Code   RO          441    i.SD_WriteBlock     bsp_sdio_sdcard.o
    0x08003218   0x08003218   0x00000098   Code   RO          442    i.SD_WriteDisk      bsp_sdio_sdcard.o
    0x080032b0   0x080032b0   0x000003d0   Code   RO          443    i.SD_WriteMultiBlocks  bsp_sdio_sdcard.o
    0x08003680   0x08003680   0x00000012   Code   RO         5857    i.SPI_I2S_DMACmd    stm32f4xx_spi.o
    0x08003692   0x08003692   0x00000002   PAD
    0x08003694   0x08003694   0x00000040   Code   RO         4416    i.SYSCFG_EXTILineConfig  stm32f4xx_syscfg.o
    0x080036d4   0x080036d4   0x00000034   Code   RO          990    i.SetDmaStatus      bsp_dma.o
    0x08003708   0x08003708   0x000000ec   Code   RO         3900    i.SetSysClock       system_stm32f4xx.o
    0x080037f4   0x080037f4   0x00000250   Code   RO         1224    i.SpeechRecUartPack  speech_rec.o
    0x08003a44   0x08003a44   0x000002e0   Code   RO         1169    i.SpeechRecUartParse  myapp.o
    0x08003d24   0x08003d24   0x00000054   Code   RO         1225    i.Speech_Handle     speech_rec.o
    0x08003d78   0x08003d78   0x00000028   Code   RO         3941    i.SysTick_CLKSourceConfig  misc.o
    0x08003da0   0x08003da0   0x00000010   Code   RO         1734    i.SysTick_Handler   delay.o
    0x08003db0   0x08003db0   0x00000068   Code   RO         3902    i.SystemInit        system_stm32f4xx.o
    0x08003e18   0x08003e18   0x00000038   Code   RO         1543    i.TIM4_IRQHandler   usmart.o
    0x08003e50   0x08003e50   0x00000006   Code   RO         4909    i.TIM_ClearFlag     stm32f4xx_tim.o
    0x08003e56   0x08003e56   0x00000006   Code   RO         4910    i.TIM_ClearITPendingBit  stm32f4xx_tim.o
    0x08003e5c   0x08003e5c   0x00000018   Code   RO         4915    i.TIM_Cmd           stm32f4xx_tim.o
    0x08003e74   0x08003e74   0x00000006   Code   RO         4934    i.TIM_GetCounter    stm32f4xx_tim.o
    0x08003e7a   0x08003e7a   0x00000012   Code   RO         4935    i.TIM_GetFlagStatus  stm32f4xx_tim.o
    0x08003e8c   0x08003e8c   0x00000022   Code   RO         4936    i.TIM_GetITStatus   stm32f4xx_tim.o
    0x08003eae   0x08003eae   0x00000012   Code   RO         4940    i.TIM_ITConfig      stm32f4xx_tim.o
    0x08003ec0   0x08003ec0   0x00000004   Code   RO         4975    i.TIM_SetAutoreload  stm32f4xx_tim.o
    0x08003ec4   0x08003ec4   0x00000004   Code   RO         4981    i.TIM_SetCounter    stm32f4xx_tim.o
    0x08003ec8   0x08003ec8   0x00000084   Code   RO         4987    i.TIM_TimeBaseInit  stm32f4xx_tim.o
    0x08003f4c   0x08003f4c   0x0000005c   Code   RO         1544    i.Timer4_Init       usmart.o
    0x08003fa8   0x08003fa8   0x00000088   Code   RO         1798    i.USART1_IRQHandler  usart.o
    0x08004030   0x08004030   0x00000058   Code   RO         1081    i.USART2_IRQHandler  bsp_usart.o
    0x08004088   0x08004088   0x00000018   Code   RO         4473    i.USART_Cmd         stm32f4xx_usart.o
    0x080040a0   0x080040a0   0x00000012   Code   RO         4474    i.USART_DMACmd      stm32f4xx_usart.o
    0x080040b2   0x080040b2   0x00000054   Code   RO         4477    i.USART_GetITStatus  stm32f4xx_usart.o
    0x08004106   0x08004106   0x0000004a   Code   RO         4479    i.USART_ITConfig    stm32f4xx_usart.o
    0x08004150   0x08004150   0x000000d4   Code   RO         4480    i.USART_Init        stm32f4xx_usart.o
    0x08004224   0x08004224   0x0000000a   Code   RO         4487    i.USART_ReceiveData  stm32f4xx_usart.o
    0x0800422e   0x0800422e   0x00000022   Code   RO         1226    i.UartDataFrontPacking  speech_rec.o
    0x08004250   0x08004250   0x0000002a   Code   RO         1227    i.UartDataPacking   speech_rec.o
    0x0800427a   0x0800427a   0x00000028   Code   RO         1228    i.UartDataTailPacking  speech_rec.o
    0x080042a2   0x080042a2   0x00000004   Code   RO         3857    i.UsageFault_Handler  stm32f4xx_it.o
    0x080042a6   0x080042a6   0x00000040   Code   RO          631    i.WM8978_ADDA_Cfg   bsp_wm8978.o
    0x080042e6   0x080042e6   0x00000036   Code   RO          632    i.WM8978_AUX_Gain   bsp_wm8978.o
    0x0800431c   0x0800431c   0x0000002e   Code   RO          639    i.WM8978_HPvol_Set  bsp_wm8978.o
    0x0800434a   0x0800434a   0x0000001c   Code   RO          640    i.WM8978_I2S_Cfg    bsp_wm8978.o
    0x08004366   0x08004366   0x00000002   PAD
    0x08004368   0x08004368   0x000000fc   Code   RO          641    i.WM8978_Init       bsp_wm8978.o
    0x08004464   0x08004464   0x00000066   Code   RO          642    i.WM8978_Input_Cfg  bsp_wm8978.o
    0x080044ca   0x080044ca   0x00000036   Code   RO          643    i.WM8978_LINEIN_Gain  bsp_wm8978.o
    0x08004500   0x08004500   0x0000001c   Code   RO          644    i.WM8978_MIC_Gain   bsp_wm8978.o
    0x0800451c   0x0800451c   0x0000002a   Code   RO          645    i.WM8978_Output_Cfg  bsp_wm8978.o
    0x08004546   0x08004546   0x00000002   PAD
    0x08004548   0x08004548   0x00000010   Code   RO          646    i.WM8978_Read_Reg   bsp_wm8978.o
    0x08004558   0x08004558   0x00000022   Code   RO          647    i.WM8978_SPKvol_Set  bsp_wm8978.o
    0x0800457a   0x0800457a   0x00000002   PAD
    0x0800457c   0x0800457c   0x00000054   Code   RO          648    i.WM8978_Write_Reg  bsp_wm8978.o
    0x080045d0   0x080045d0   0x00000020   Code   RO         6269    i.__0printf$8       mc_w.l(printf8.o)
    0x080045f0   0x080045f0   0x00000028   Code   RO         6271    i.__0sprintf$8      mc_w.l(printf8.o)
    0x08004618   0x08004618   0x00000014   Code   RO         6033    i.__hardfp_fabs     m_wm.l(fabs.o)
    0x0800462c   0x0800462c   0x0000000e   Code   RO         6398    i.__scatterload_copy  mc_w.l(handlers.o)
    0x0800463a   0x0800463a   0x00000002   Code   RO         6399    i.__scatterload_null  mc_w.l(handlers.o)
    0x0800463c   0x0800463c   0x0000000e   Code   RO         6400    i.__scatterload_zeroinit  mc_w.l(handlers.o)
    0x0800464a   0x0800464a   0x00000002   PAD
    0x0800464c   0x0800464c   0x00000410   Code   RO         6276    i._printf_core      mc_w.l(printf8.o)
    0x08004a5c   0x08004a5c   0x00000024   Code   RO         6277    i._printf_post_padding  mc_w.l(printf8.o)
    0x08004a80   0x08004a80   0x0000002e   Code   RO         6278    i._printf_pre_padding  mc_w.l(printf8.o)
    0x08004aae   0x08004aae   0x0000000a   Code   RO         6280    i._sputc            mc_w.l(printf8.o)
    0x08004ab8   0x08004ab8   0x00000014   Code   RO         1356    i.audio_start       audioplay.o
    0x08004acc   0x08004acc   0x00000014   Code   RO         1357    i.audio_stop        audioplay.o
    0x08004ae0   0x08004ae0   0x000000dc   Code   RO         1401    i.base64_array_encoding  base64.o
    0x08004bbc   0x08004bbc   0x000000a0   Code   RO         1402    i.base64_encoding   base64.o
    0x08004c5c   0x08004c5c   0x0000001c   Code   RO          991    i.bspDmaUsartInit   bsp_dma.o
    0x08004c78   0x08004c78   0x0000009c   Code   RO          992    i.bspDmaUsartReadCfg  bsp_dma.o
    0x08004d14   0x08004d14   0x00000094   Code   RO          993    i.bspDmaUsartSendCfg  bsp_dma.o
    0x08004da8   0x08004da8   0x00000050   Code   RO          948    i.bspExitInit       bsp_exti.o
    0x08004df8   0x08004df8   0x000000ac   Code   RO          302    i.bspInit           bsp.o
    0x08004ea4   0x08004ea4   0x00000030   Code   RO          912    i.bspKeyInit        bsp_key.o
    0x08004ed4   0x08004ed4   0x00000034   Code   RO          387    i.bspLedInit        bsp_led.o
    0x08004f08   0x08004f08   0x00000024   Code   RO          388    i.bspLedToggle      bsp_led.o
    0x08004f2c   0x08004f2c   0x000000bc   Code   RO         1082    i.bspUsartInit      bsp_usart.o
    0x08004fe8   0x08004fe8   0x00000080   Code   RO         3182    i.check_fs          ff.o
    0x08005068   0x08005068   0x00000018   Code   RO         3183    i.chk_chr           ff.o
    0x08005080   0x08005080   0x0000001a   Code   RO         3184    i.clst2sect         ff.o
    0x0800509a   0x0800509a   0x00000002   PAD
    0x0800509c   0x0800509c   0x00000098   Code   RO         3185    i.cmp_lfn           ff.o
    0x08005134   0x08005134   0x00000012   Code   RO          444    i.convert_from_bytes_to_power_of_two  bsp_sdio_sdcard.o
    0x08005146   0x08005146   0x00000120   Code   RO         3186    i.create_chain      ff.o
    0x08005266   0x08005266   0x00000002   PAD
    0x08005268   0x08005268   0x00000254   Code   RO         3187    i.create_name       ff.o
    0x080054bc   0x080054bc   0x0000015c   Code   RO         3188    i.create_partition  ff.o
    0x08005618   0x08005618   0x00000034   Code   RO         3189    i.dbc_1st           ff.o
    0x0800564c   0x0800564c   0x00000048   Code   RO         3190    i.dbc_2nd           ff.o
    0x08005694   0x08005694   0x00000044   Code   RO         1735    i.delay_init        delay.o
    0x080056d8   0x080056d8   0x00000040   Code   RO         1736    i.delay_ms          delay.o
    0x08005718   0x08005718   0x00000048   Code   RO         1737    i.delay_us          delay.o
    0x08005760   0x08005760   0x00000060   Code   RO         3191    i.dir_alloc         ff.o
    0x080057c0   0x080057c0   0x000000c6   Code   RO         3192    i.dir_clear         ff.o
    0x08005886   0x08005886   0x000000fc   Code   RO         3193    i.dir_find          ff.o
    0x08005982   0x08005982   0x000000ca   Code   RO         3194    i.dir_next          ff.o
    0x08005a4c   0x08005a4c   0x000000d2   Code   RO         3195    i.dir_read          ff.o
    0x08005b1e   0x08005b1e   0x00000142   Code   RO         3196    i.dir_register      ff.o
    0x08005c60   0x08005c60   0x00000060   Code   RO         3197    i.dir_remove        ff.o
    0x08005cc0   0x08005cc0   0x0000009a   Code   RO         3198    i.dir_sdi           ff.o
    0x08005d5a   0x08005d5a   0x00000028   Code   RO         3129    i.disk_initialize   diskio.o
    0x08005d82   0x08005d82   0x00000002   PAD
    0x08005d84   0x08005d84   0x00000070   Code   RO         3130    i.disk_ioctl        diskio.o
    0x08005df4   0x08005df4   0x00000062   Code   RO         3131    i.disk_read         diskio.o
    0x08005e56   0x08005e56   0x00000006   Code   RO         3132    i.disk_status       diskio.o
    0x08005e5c   0x08005e5c   0x00000062   Code   RO         3133    i.disk_write        diskio.o
    0x08005ebe   0x08005ebe   0x00000002   PAD
    0x08005ec0   0x08005ec0   0x0000007c   Code   RO         3642    i.exfuns_init       exfuns.o
    0x08005f3c   0x08005f3c   0x00000022   Code   RO         3199    i.f_close           ff.o
    0x08005f5e   0x08005f5e   0x00000018   Code   RO         3200    i.f_closedir        ff.o
    0x08005f76   0x08005f76   0x000000f6   Code   RO         3201    i.f_getfree         ff.o
    0x0800606c   0x0800606c   0x000000be   Code   RO         3202    i.f_getlabel        ff.o
    0x0800612a   0x0800612a   0x00000052   Code   RO         3203    i.f_gets            ff.o
    0x0800617c   0x0800617c   0x00000184   Code   RO         3204    i.f_lseek           ff.o
    0x08006300   0x08006300   0x00000124   Code   RO         3205    i.f_mkdir           ff.o
    0x08006424   0x08006424   0x00000754   Code   RO         3206    i.f_mkfs            ff.o
    0x08006b78   0x08006b78   0x00000054   Code   RO         3207    i.f_mount           ff.o
    0x08006bcc   0x08006bcc   0x00000208   Code   RO         3208    i.f_open            ff.o
    0x08006dd4   0x08006dd4   0x0000008a   Code   RO         3209    i.f_opendir         ff.o
    0x08006e5e   0x08006e5e   0x00000022   Code   RO         3211    i.f_putc            ff.o
    0x08006e80   0x08006e80   0x0000002c   Code   RO         3212    i.f_puts            ff.o
    0x08006eac   0x08006eac   0x0000019c   Code   RO         3213    i.f_read            ff.o
    0x08007048   0x08007048   0x00000068   Code   RO         3214    i.f_readdir         ff.o
    0x080070b0   0x080070b0   0x0000013c   Code   RO         3215    i.f_rename          ff.o
    0x080071ec   0x080071ec   0x00000138   Code   RO         3216    i.f_setlabel        ff.o
    0x08007324   0x08007324   0x000000a0   Code   RO         3218    i.f_sync            ff.o
    0x080073c4   0x080073c4   0x000000c4   Code   RO         3220    i.f_unlink          ff.o
    0x08007488   0x08007488   0x000001de   Code   RO         3221    i.f_write           ff.o
    0x08007666   0x08007666   0x00000002   PAD
    0x08007668   0x08007668   0x0000007c   Code   RO         1526    i.ff_convert        gbk.o
    0x080076e4   0x080076e4   0x0000000c   Code   RO         3580    i.ff_memalloc       ffsystem.o
    0x080076f0   0x080076f0   0x0000000c   Code   RO         3581    i.ff_memfree        ffsystem.o
    0x080076fc   0x080076fc   0x00000068   Code   RO         3606    i.ff_oem2uni        ffunicode.o
    0x08007764   0x08007764   0x00000074   Code   RO         3607    i.ff_uni2oem        ffunicode.o
    0x080077d8   0x080077d8   0x000000b0   Code   RO         3608    i.ff_wtoupper       ffunicode.o
    0x08007888   0x08007888   0x00000078   Code   RO         3222    i.find_volume       ff.o
    0x08007900   0x08007900   0x000000a0   Code   RO         3223    i.follow_path       ff.o
    0x080079a0   0x080079a0   0x0000001c   Code   RO         1800    i.fputc             usart.o
    0x080079bc   0x080079bc   0x00000050   Code   RO         6323    i.free              mc_w.l(malloc.o)
    0x08007a0c   0x08007a0c   0x000000cc   Code   RO         3224    i.gen_numname       ff.o
    0x08007ad8   0x08007ad8   0x000000e0   Code   RO         3225    i.get_fat           ff.o
    0x08007bb8   0x08007bb8   0x00000004   Code   RO         3134    i.get_fattime       diskio.o
    0x08007bbc   0x08007bbc   0x0000017e   Code   RO         3226    i.get_fileinfo      ff.o
    0x08007d3a   0x08007d3a   0x00000054   Code   RO         3227    i.get_ldnumber      ff.o
    0x08007d8e   0x08007d8e   0x0000001a   Code   RO         1471    i.getgb             gbk2utf2uni.o
    0x08007da8   0x08007da8   0x00000054   Code   RO         1170    i.keychartimesort   myapp.o
    0x08007dfc   0x08007dfc   0x00000026   Code   RO         3228    i.ld_clust          ff.o
    0x08007e22   0x08007e22   0x00000018   Code   RO         3229    i.ld_dword          ff.o
    0x08007e3a   0x08007e3a   0x0000000c   Code   RO         3230    i.ld_word           ff.o
    0x08007e46   0x08007e46   0x00000002   PAD
    0x08007e48   0x08007e48   0x0000003c   Code   RO            3    i.main              main.o
    0x08007e84   0x08007e84   0x0000006c   Code   RO         6324    i.malloc            mc_w.l(malloc.o)
    0x08007ef0   0x08007ef0   0x00000024   Code   RO         3231    i.mem_cmp           ff.o
    0x08007f14   0x08007f14   0x0000001a   Code   RO         3232    i.mem_cpy           ff.o
    0x08007f2e   0x08007f2e   0x00000012   Code   RO         3233    i.mem_set           ff.o
    0x08007f40   0x08007f40   0x00000014   Code   RO         3693    i.mf_close          fattester.o
    0x08007f54   0x08007f54   0x00000010   Code   RO         3694    i.mf_closedir       fattester.o
    0x08007f64   0x08007f64   0x00000014   Code   RO         3695    i.mf_fmkfs          fattester.o
    0x08007f78   0x08007f78   0x00000084   Code   RO         3696    i.mf_getlabel       fattester.o
    0x08007ffc   0x08007ffc   0x0000004c   Code   RO         3697    i.mf_gets           fattester.o
    0x08008048   0x08008048   0x00000014   Code   RO         3698    i.mf_lseek          fattester.o
    0x0800805c   0x0800805c   0x0000000c   Code   RO         3699    i.mf_mkdir          fattester.o
    0x08008068   0x08008068   0x00000018   Code   RO         3700    i.mf_mount          fattester.o
    0x08008080   0x08008080   0x0000001c   Code   RO         3701    i.mf_open           fattester.o
    0x0800809c   0x0800809c   0x00000014   Code   RO         3702    i.mf_opendir        fattester.o
    0x080080b0   0x080080b0   0x00000018   Code   RO         3703    i.mf_putc           fattester.o
    0x080080c8   0x080080c8   0x00000018   Code   RO         3704    i.mf_puts           fattester.o
    0x080080e0   0x080080e0   0x00000158   Code   RO         3705    i.mf_read           fattester.o
    0x08008238   0x08008238   0x000000c8   Code   RO         3707    i.mf_readdir        fattester.o
    0x08008300   0x08008300   0x00000010   Code   RO         3708    i.mf_rename         fattester.o
    0x08008310   0x08008310   0x0000005c   Code   RO         3709    i.mf_setlabel       fattester.o
    0x0800836c   0x0800836c   0x000000a8   Code   RO         3710    i.mf_showfree       fattester.o
    0x08008414   0x08008414   0x0000000c   Code   RO         3711    i.mf_size           fattester.o
    0x08008420   0x08008420   0x0000000c   Code   RO         3712    i.mf_tell           fattester.o
    0x0800842c   0x0800842c   0x0000000c   Code   RO         3713    i.mf_unlink         fattester.o
    0x08008438   0x08008438   0x000000b8   Code   RO         3714    i.mf_write          fattester.o
    0x080084f0   0x080084f0   0x000002a8   Code   RO         3234    i.mount_volume      ff.o
    0x08008798   0x08008798   0x00000034   Code   RO         3235    i.move_window       ff.o
    0x080087cc   0x080087cc   0x0000008c   Code   RO         3236    i.pick_lfn          ff.o
    0x08008858   0x08008858   0x00000098   Code   RO         2447    i.prvAddCurrentTaskToDelayedList  tasks.o
    0x080088f0   0x080088f0   0x000000b8   Code   RO         2448    i.prvAddNewTaskToReadyList  tasks.o
    0x080089a8   0x080089a8   0x00000064   Code   RO         2828    i.prvCheckForValidListAndQueue  timers.o
    0x08008a0c   0x08008a0c   0x00000048   Code   RO         2449    i.prvCheckTasksWaitingTermination  tasks.o
    0x08008a54   0x08008a54   0x0000002a   Code   RO         2018    i.prvCopyDataFromQueue  queue.o
    0x08008a7e   0x08008a7e   0x0000007e   Code   RO         2019    i.prvCopyDataToQueue  queue.o
    0x08008afc   0x08008afc   0x00000012   Code   RO         2450    i.prvDeleteTCB      tasks.o
    0x08008b0e   0x08008b0e   0x00000014   Code   RO         2020    i.prvGetDisinheritPriorityAfterTimeout  queue.o
    0x08008b22   0x08008b22   0x00000002   PAD
    0x08008b24   0x08008b24   0x00000028   Code   RO         2829    i.prvGetNextExpireTime  timers.o
    0x08008b4c   0x08008b4c   0x0000007c   Code   RO         2981    i.prvHeapInit       heap_4.o
    0x08008bc8   0x08008bc8   0x00000008   Code   RO         2451    i.prvIdleTask       tasks.o
    0x08008bd0   0x08008bd0   0x0000001e   Code   RO         2021    i.prvInitialiseMutex  queue.o
    0x08008bee   0x08008bee   0x0000002e   Code   RO         2022    i.prvInitialiseNewQueue  queue.o
    0x08008c1c   0x08008c1c   0x000000d8   Code   RO         2452    i.prvInitialiseNewTask  tasks.o
    0x08008cf4   0x08008cf4   0x00000068   Code   RO         2453    i.prvInitialiseTaskLists  tasks.o
    0x08008d5c   0x08008d5c   0x00000068   Code   RO         2982    i.prvInsertBlockIntoFreeList  heap_4.o
    0x08008dc4   0x08008dc4   0x00000058   Code   RO         2831    i.prvInsertTimerInActiveList  timers.o
    0x08008e1c   0x08008e1c   0x0000001a   Code   RO         2023    i.prvIsQueueEmpty   queue.o
    0x08008e36   0x08008e36   0x0000001e   Code   RO         2024    i.prvIsQueueFull    queue.o
    0x08008e54   0x08008e54   0x0000009c   Code   RO         2025    i.prvNotifyQueueSetContainer  queue.o
    0x08008ef0   0x08008ef0   0x00000090   Code   RO         2832    i.prvProcessExpiredTimer  timers.o
    0x08008f80   0x08008f80   0x0000014c   Code   RO         2833    i.prvProcessReceivedCommands  timers.o
    0x080090cc   0x080090cc   0x00000074   Code   RO         2834    i.prvProcessTimerOrBlockTask  timers.o
    0x08009140   0x08009140   0x00000034   Code   RO         2455    i.prvResetNextTaskUnblockTime  tasks.o
    0x08009174   0x08009174   0x0000002c   Code   RO         2835    i.prvSampleTimeNow  timers.o
    0x080091a0   0x080091a0   0x000000c0   Code   RO         2836    i.prvSwitchTimerLists  timers.o
    0x08009260   0x08009260   0x00000070   Code   RO         3045    i.prvTaskExitError  port.o
    0x080092d0   0x080092d0   0x0000001a   Code   RO         2837    i.prvTimerTask      timers.o
    0x080092ea   0x080092ea   0x00000090   Code   RO         2026    i.prvUnlockQueue    queue.o
    0x0800937a   0x0800937a   0x00000138   Code   RO         3237    i.put_fat           ff.o
    0x080094b2   0x080094b2   0x00000002   PAD
    0x080094b4   0x080094b4   0x00000080   Code   RO         3238    i.put_lfn           ff.o
    0x08009534   0x08009534   0x00000048   Code   RO         3239    i.put_utf           ff.o
    0x0800957c   0x0800957c   0x00000044   Code   RO         3240    i.putc_bfd          ff.o
    0x080095c0   0x080095c0   0x0000002c   Code   RO         3241    i.putc_flush        ff.o
    0x080095ec   0x080095ec   0x00000014   Code   RO         3242    i.putc_init         ff.o
    0x08009600   0x08009600   0x00000160   Code   RO         2983    i.pvPortMalloc      heap_4.o
    0x08009760   0x08009760   0x00000020   Code   RO         2458    i.pvTaskIncrementMutexHeldCount  tasks.o
    0x08009780   0x08009780   0x0000002c   Code   RO         3046    i.pxPortInitialiseStack  port.o
    0x080097ac   0x080097ac   0x00000006   Code   RO         1545    i.read_addr         usmart.o
    0x080097b2   0x080097b2   0x00000002   PAD
    0x080097b4   0x080097b4   0x00000020   Code   RO          994    i.read_current_finaliy_point  bsp_dma.o
    0x080097d4   0x080097d4   0x0000011c   Code   RO         1290    i.rec_i2s_dma_rx_callback  voice_access.o
    0x080098f0   0x080098f0   0x0000002c   Code   RO         1291    i.recoder_enter_play_mode  voice_access.o
    0x0800991c   0x0800991c   0x0000009c   Code   RO         1292    i.recoder_enter_rec_mode  voice_access.o
    0x080099b8   0x080099b8   0x0000009a   Code   RO         3243    i.remove_chain      ff.o
    0x08009a52   0x08009a52   0x00000002   PAD
    0x08009a54   0x08009a54   0x00000090   Code   RO         3715    i.scan_files        fattester.o
    0x08009ae4   0x08009ae4   0x00000024   Code   RO         3244    i.st_clust          ff.o
    0x08009b08   0x08009b08   0x00000018   Code   RO         3245    i.st_dword          ff.o
    0x08009b20   0x08009b20   0x0000000c   Code   RO         3246    i.st_word           ff.o
    0x08009b2c   0x08009b2c   0x00000020   Code   RO         3247    i.sum_sfn           ff.o
    0x08009b4c   0x08009b4c   0x00000028   Code   RO          995    i.swich_current_read_point  bsp_dma.o
    0x08009b74   0x08009b74   0x00000090   Code   RO         3248    i.sync_fs           ff.o
    0x08009c04   0x08009c04   0x0000004a   Code   RO         3249    i.sync_window       ff.o
    0x08009c4e   0x08009c4e   0x0000004c   Code   RO         3250    i.tchar2uni         ff.o
    0x08009c9a   0x08009c9a   0x00000002   PAD
    0x08009c9c   0x08009c9c   0x000000b0   Code   RO         1801    i.uart_init         usart.o
    0x08009d4c   0x08009d4c   0x0000000c   Code   RO          914    i.uasrt_key_send    bsp_key.o
    0x08009d58   0x08009d58   0x0000002c   Code   RO          996    i.usartReadStart    bsp_dma.o
    0x08009d84   0x08009d84   0x0000002c   Code   RO          998    i.usartSendStart    bsp_dma.o
    0x08009db0   0x08009db0   0x00000104   Code   RO         1171    i.usart_parse       myapp.o
    0x08009eb4   0x08009eb4   0x000000b0   Code   RO         1546    i.usmart_cmd_rec    usmart.o
    0x08009f64   0x08009f64   0x000002d4   Code   RO         1547    i.usmart_exe        usmart.o
    0x0800a238   0x0800a238   0x000000c8   Code   RO         1654    i.usmart_get_aparm  usmart_str.o
    0x0800a300   0x0800a300   0x00000036   Code   RO         1655    i.usmart_get_cmdname  usmart_str.o
    0x0800a336   0x0800a336   0x00000002   PAD
    0x0800a338   0x0800a338   0x000001c0   Code   RO         1656    i.usmart_get_fname  usmart_str.o
    0x0800a4f8   0x0800a4f8   0x0000010c   Code   RO         1657    i.usmart_get_fparam  usmart_str.o
    0x0800a604   0x0800a604   0x00000020   Code   RO         1658    i.usmart_get_parmpos  usmart_str.o
    0x0800a624   0x0800a624   0x00000044   Code   RO         1548    i.usmart_get_runtime  usmart.o
    0x0800a668   0x0800a668   0x00000028   Code   RO         1549    i.usmart_init       usmart.o
    0x0800a690   0x0800a690   0x00000016   Code   RO         1659    i.usmart_pow        usmart_str.o
    0x0800a6a6   0x0800a6a6   0x00000002   PAD
    0x0800a6a8   0x0800a6a8   0x00000030   Code   RO         1550    i.usmart_reset_runtime  usmart.o
    0x0800a6d8   0x0800a6d8   0x000000bc   Code   RO         1551    i.usmart_scan       usmart.o
    0x0800a794   0x0800a794   0x00000016   Code   RO         1660    i.usmart_search_nextc  usmart_str.o
    0x0800a7aa   0x0800a7aa   0x000000ca   Code   RO         1661    i.usmart_str2num    usmart_str.o
    0x0800a874   0x0800a874   0x00000022   Code   RO         1662    i.usmart_strcmp     usmart_str.o
    0x0800a896   0x0800a896   0x00000016   Code   RO         1663    i.usmart_strcopy    usmart_str.o
    0x0800a8ac   0x0800a8ac   0x00000018   Code   RO         1664    i.usmart_strlen     usmart_str.o
    0x0800a8c4   0x0800a8c4   0x000006e4   Code   RO         1552    i.usmart_sys_cmd_exe  usmart.o
    0x0800afa8   0x0800afa8   0x000000c2   Code   RO         1475    i.utf82gbk          gbk2utf2uni.o
    0x0800b06a   0x0800b06a   0x00000028   Code   RO         1973    i.uxListRemove      list.o
    0x0800b092   0x0800b092   0x0000001a   Code   RO         1974    i.vListInitialise   list.o
    0x0800b0ac   0x0800b0ac   0x00000006   Code   RO         1975    i.vListInitialiseItem  list.o
    0x0800b0b2   0x0800b0b2   0x00000034   Code   RO         1976    i.vListInsert       list.o
    0x0800b0e6   0x0800b0e6   0x00000018   Code   RO         1977    i.vListInsertEnd    list.o
    0x0800b0fe   0x0800b0fe   0x00000002   PAD
    0x0800b100   0x0800b100   0x00000088   Code   RO         3048    i.vPortEnterCritical  port.o
    0x0800b188   0x0800b188   0x00000070   Code   RO         3049    i.vPortExitCritical  port.o
    0x0800b1f8   0x0800b1f8   0x000000c8   Code   RO         2984    i.vPortFree         heap_4.o
    0x0800b2c0   0x0800b2c0   0x00000018   Code   RO         3050    i.vPortSetupTimerInterrupt  port.o
    0x0800b2d8   0x0800b2d8   0x000000a0   Code   RO         3051    i.vPortValidateInterruptPriority  port.o
    0x0800b378   0x0800b378   0x0000002c   Code   RO         2032    i.vQueueAddToRegistry  queue.o
    0x0800b3a4   0x0800b3a4   0x0000004a   Code   RO         2036    i.vQueueWaitForMessageRestricted  queue.o
    0x0800b3ee   0x0800b3ee   0x00000002   PAD
    0x0800b3f0   0x0800b3f0   0x00000054   Code   RO            4    i.vTaskAudioPlay    main.o
    0x0800b444   0x0800b444   0x00000074   Code   RO         2467    i.vTaskDelay        tasks.o
    0x0800b4b8   0x0800b4b8   0x0000010c   Code   RO         2469    i.vTaskDelete       tasks.o
    0x0800b5c4   0x0800b5c4   0x00000018   Code   RO         2472    i.vTaskInternalSetTimeOutState  tasks.o
    0x0800b5dc   0x0800b5dc   0x00000038   Code   RO            5    i.vTaskKeyGet       main.o
    0x0800b614   0x0800b614   0x0000002c   Code   RO            6    i.vTaskLED          main.o
    0x0800b640   0x0800b640   0x0000000c   Code   RO         2473    i.vTaskMissedYield  tasks.o
    0x0800b64c   0x0800b64c   0x00000054   Code   RO         2475    i.vTaskPlaceOnEventList  tasks.o
    0x0800b6a0   0x0800b6a0   0x0000005c   Code   RO         2476    i.vTaskPlaceOnEventListRestricted  tasks.o
    0x0800b6fc   0x0800b6fc   0x000000f4   Code   RO         2478    i.vTaskPriorityDisinheritAfterTimeout  tasks.o
    0x0800b7f0   0x0800b7f0   0x0000005c   Code   RO            7    i.vTaskSpeechRec    main.o
    0x0800b84c   0x0800b84c   0x000000ac   Code   RO         2484    i.vTaskStartScheduler  tasks.o
    0x0800b8f8   0x0800b8f8   0x00000010   Code   RO         2486    i.vTaskSuspendAll   tasks.o
    0x0800b908   0x0800b908   0x000000a8   Code   RO         2487    i.vTaskSwitchContext  tasks.o
    0x0800b9b0   0x0800b9b0   0x00000150   Code   RO            8    i.vTaskTaskInit     main.o
    0x0800bb00   0x0800bb00   0x00000020   Code   RO            9    i.vTaskUsartParse   main.o
    0x0800bb20   0x0800bb20   0x0000003c   Code   RO         3251    i.validate          ff.o
    0x0800bb5c   0x0800bb5c   0x00000054   Code   RO         1293    i.voice_End_Receive  voice_access.o
    0x0800bbb0   0x0800bbb0   0x000000a8   Code   RO         1294    i.voice_Receive     voice_access.o
    0x0800bc58   0x0800bc58   0x0000002c   Code   RO         1296    i.voice_info_size   voice_access.o
    0x0800bc84   0x0800bc84   0x00000120   Code   RO         1108    i.wav_buffill       wavplay.o
    0x0800bda4   0x0800bda4   0x000001f4   Code   RO         1109    i.wav_decode_init   wavplay.o
    0x0800bf98   0x0800bf98   0x00000070   Code   RO         1111    i.wav_i2s_dma_tx_callback  wavplay.o
    0x0800c008   0x0800c008   0x000001a4   Code   RO         1112    i.wav_play_song     wavplay.o
    0x0800c1ac   0x0800c1ac   0x00000004   Code   RO         1553    i.write_addr        usmart.o
    0x0800c1b0   0x0800c1b0   0x0000019c   Code   RO         3052    i.xPortStartScheduler  port.o
    0x0800c34c   0x0800c34c   0x00000034   Code   RO         3053    i.xPortSysTickHandler  port.o
    0x0800c380   0x0800c380   0x00000022   Code   RO         2039    i.xQueueCreateMutex  queue.o
    0x0800c3a2   0x0800c3a2   0x00000002   PAD
    0x0800c3a4   0x0800c3a4   0x00000070   Code   RO         2041    i.xQueueGenericCreate  queue.o
    0x0800c414   0x0800c414   0x000000b0   Code   RO         2042    i.xQueueGenericReset  queue.o
    0x0800c4c4   0x0800c4c4   0x000001d4   Code   RO         2043    i.xQueueGenericSend  queue.o
    0x0800c698   0x0800c698   0x00000118   Code   RO         2044    i.xQueueGenericSendFromISR  queue.o
    0x0800c7b0   0x0800c7b0   0x000000fc   Code   RO         2045    i.xQueueGiveFromISR  queue.o
    0x0800c8ac   0x0800c8ac   0x00000170   Code   RO         2051    i.xQueueReceive     queue.o
    0x0800ca1c   0x0800ca1c   0x000001b4   Code   RO         2056    i.xQueueSemaphoreTake  queue.o
    0x0800cbd0   0x0800cbd0   0x0000009c   Code   RO         2489    i.xTaskCheckForTimeOut  tasks.o
    0x0800cc6c   0x0800cc6c   0x00000060   Code   RO         2490    i.xTaskCreate       tasks.o
    0x0800cccc   0x0800cccc   0x00000020   Code   RO         2494    i.xTaskGetSchedulerState  tasks.o
    0x0800ccec   0x0800ccec   0x0000000c   Code   RO         2495    i.xTaskGetTickCount  tasks.o
    0x0800ccf8   0x0800ccf8   0x00000160   Code   RO         2497    i.xTaskIncrementTick  tasks.o
    0x0800ce58   0x0800ce58   0x000000d8   Code   RO         2500    i.xTaskPriorityDisinherit  tasks.o
    0x0800cf30   0x0800cf30   0x000000b8   Code   RO         2501    i.xTaskPriorityInherit  tasks.o
    0x0800cfe8   0x0800cfe8   0x000000b4   Code   RO         2502    i.xTaskRemoveFromEventList  tasks.o
    0x0800d09c   0x0800d09c   0x00000120   Code   RO         2503    i.xTaskResumeAll    tasks.o
    0x0800d1bc   0x0800d1bc   0x00000074   Code   RO         2845    i.xTimerCreateTimerTask  timers.o
    0x0800d230   0x0800d230   0x000000a0   Code   RO         2846    i.xTimerGenericCommand  timers.o
    0x0800d2d0   0x0800d2d0   0x0000006e   Data   RO          836    .constdata          bsp_i2s.o
    0x0800d33e   0x0800d33e   0x00000004   Data   RO         1297    .constdata          voice_access.o
    0x0800d342   0x0800d342   0x00000040   Data   RO         1403    .constdata          base64.o
    0x0800d382   0x0800d382   0x0002a908   Data   RO         1527    .constdata          gbk.o
    0x08037c8a   0x08037c8a   0x00000002   PAD
    0x08037c8c   0x08037c8c   0x00000058   Data   RO         3252    .constdata          ff.o
    0x08037ce4   0x08037ce4   0x0002abb6   Data   RO         3609    .constdata          ffunicode.o
    0x0806289a   0x0806289a   0x00000002   PAD
    0x0806289c   0x0806289c   0x00000059   Data   RO         1173    .conststring        myapp.o
    0x080628f5   0x080628f5   0x00000003   PAD
    0x080628f8   0x080628f8   0x00000119   Data   RO         1230    .conststring        speech_rec.o
    0x08062a11   0x08062a11   0x00000003   PAD
    0x08062a14   0x08062a14   0x00000028   Data   RO         1554    .conststring        usmart.o
    0x08062a3c   0x08062a3c   0x000002d9   Data   RO         1628    .conststring        usmart_config.o
    0x08062d15   0x08062d15   0x00000003   PAD
    0x08062d18   0x08062d18   0x00000020   Data   RO         6396    Region$$Table       anon$$obj.o


    Execution Region RW_IRAM1 (Exec base: 0x20000000, Load base: 0x08062d38, Size: 0x00018068, Max: 0x00020000, ABSOLUTE, COMPRESSED[0x00000174])

    Exec Addr    Load Addr    Size         Type   Attr      Idx    E Section Name        Object

    0x20000000   COMPRESSED   0x0000002e   Data   RW           11    .data               main.o
    0x2000002e   COMPRESSED   0x00000001   Data   RW          389    .data               bsp_led.o
    0x2000002f   COMPRESSED   0x00000001   PAD
    0x20000030   COMPRESSED   0x00000010   Data   RW          447    .data               bsp_sdio_sdcard.o
    0x20000040   COMPRESSED   0x00000074   Data   RW          649    .data               bsp_wm8978.o
    0x200000b4   COMPRESSED   0x00000008   Data   RW          837    .data               bsp_i2s.o
    0x200000bc   COMPRESSED   0x00000002   Data   RW          915    .data               bsp_key.o
    0x200000be   COMPRESSED   0x00000002   PAD
    0x200000c0   COMPRESSED   0x00000008   Data   RW         1001    .data               bsp_dma.o
    0x200000c8   COMPRESSED   0x00000002   Data   RW         1114    .data               wavplay.o
    0x200000ca   COMPRESSED   0x00000002   PAD
    0x200000cc   COMPRESSED   0x00000069   Data   RW         1174    .data               myapp.o
    0x20000135   COMPRESSED   0x00000003   PAD
    0x20000138   COMPRESSED   0x00000009   Data   RW         1231    .data               speech_rec.o
    0x20000141   COMPRESSED   0x00000003   PAD
    0x20000144   COMPRESSED   0x00000011   Data   RW         1298    .data               voice_access.o
    0x20000155   COMPRESSED   0x00000003   PAD
    0x20000158   COMPRESSED   0x0000001c   Data   RW         1555    .data               usmart.o
    0x20000174   COMPRESSED   0x000001d4   Data   RW         1629    .data               usmart_config.o
    0x20000348   COMPRESSED   0x00000004   Data   RW         1739    .data               delay.o
    0x2000034c   COMPRESSED   0x00000006   Data   RW         1803    .data               usart.o
    0x20000352   COMPRESSED   0x00000002   PAD
    0x20000354   COMPRESSED   0x0000003c   Data   RW         2506    .data               tasks.o
    0x20000390   COMPRESSED   0x00000014   Data   RW         2852    .data               timers.o
    0x200003a4   COMPRESSED   0x00000020   Data   RW         2990    .data               heap_4.o
    0x200003c4   COMPRESSED   0x0000000c   Data   RW         3054    .data               port.o
    0x200003d0   COMPRESSED   0x00000006   Data   RW         3253    .data               ff.o
    0x200003d6   COMPRESSED   0x00000002   PAD
    0x200003d8   COMPRESSED   0x00000018   Data   RW         3647    .data               exfuns.o
    0x200003f0   COMPRESSED   0x00000010   Data   RW         4132    .data               stm32f4xx_rcc.o
    0x20000400   COMPRESSED   0x00000004   Data   RW         6014    .data               segger_hardfaulthandler.o
    0x20000404   COMPRESSED   0x00000004   Data   RW         6387    .data               mc_w.l(mvars.o)
    0x20000408   COMPRESSED   0x00000004   Data   RW         6388    .data               mc_w.l(mvars.o)
    0x2000040c        -       0x0000001e   Zero   RW           10    .bss                main.o
    0x2000042a   COMPRESSED   0x00000006   PAD
    0x20000430        -       0x000002c0   Zero   RW          446    .bss                bsp_sdio_sdcard.o
    0x200006f0        -       0x000000c8   Zero   RW         1000    .bss                bsp_dma.o
    0x200007b8        -       0x00000020   Zero   RW         1113    .bss                wavplay.o
    0x200007d8        -       0x0000000a   Zero   RW         1172    .bss                myapp.o
    0x200007e2        -       0x00000014   Zero   RW         1229    .bss                speech_rec.o
    0x200007f6        -       0x00000011   Zero   RW         1358    .bss                audioplay.o
    0x20000807        -       0x000000c8   Zero   RW         1802    .bss                usart.o
    0x200008cf   COMPRESSED   0x00000001   PAD
    0x200008d0        -       0x00000040   Zero   RW         2058    .bss                queue.o
    0x20000910        -       0x000001a4   Zero   RW         2505    .bss                tasks.o
    0x20000ab4        -       0x00000028   Zero   RW         2851    .bss                timers.o
    0x20000adc        -       0x00005000   Zero   RW         2989    .bss                heap_4.o
    0x20005adc        -       0x00000030   Zero   RW         3644    .bss                exfuns.o
    0x20005b0c        -       0x00000118   Zero   RW         3716    .bss                fattester.o
    0x20005c24        -       0x00000040   Zero   RW         6013    .bss                segger_hardfaulthandler.o
    0x20005c64   COMPRESSED   0x00000004   PAD
    0x20005c68        -       0x00012000   Zero   RW         3845    HEAP                startup_stm32f40_41xxx.o
    0x20017c68        -       0x00000400   Zero   RW         3844    STACK               startup_stm32f40_41xxx.o


==============================================================================

Image component sizes


      Code (inc. data)   RO Data    RW Data    ZI Data      Debug   Object Name

        40         12          0          0         17       1750   audioplay.o
       380         22         64          0          0       2601   base64.o
       172         50          0          0          0        534   bsp.o
       652        102          0          8        200       7036   bsp_dma.o
       148          8          0          0          0       1169   bsp_exti.o
       840         90        110          8          0       7660   bsp_i2s.o
        60         12          0          2          0       1687   bsp_key.o
        88         14          0          1          0       1020   bsp_led.o
       428         68          0          0          0       2837   bsp_myiic.o
      7486        402          0         16        704      34489   bsp_sdio_sdcard.o
       276         22          0          0          0       1379   bsp_usart.o
       804         18          0        116          0       8169   bsp_wm8978.o
       220         18          0          4          0       2541   delay.o
       358          6          0          0          0       5308   diskio.o
         0          0          0          0          0       8180   event_groups.o
       124         18          0         24         48       1513   exfuns.o
      1600        664          0          0        280      13703   fattester.o
     12602        192         88          6          0      72636   ff.o
        24          0          0          0          0       1119   ffsystem.o
       396         28     175030          0          0       3024   ffunicode.o
       124          8     174344          0          0       1543   gbk.o
       220          0          0          0          0       1735   gbk2utf2uni.o
        18          0          0          0          0        304   hardfaulthandler.o
       780        184          0         32      20480       4087   heap_4.o
       148          0          0          0          0       3238   list.o
       704        240          0         46         30     336761   main.o
       180         24          0          0          0       2081   misc.o
      1108         88         89        105         10       4674   myapp.o
      1242        392          0         12          0      10973   port.o
      2864        322          0          0         64      19984   queue.o
       180         14          0          4         64       3351   segger_hardfaulthandler.o
       792        154        281          9         20       7128   speech_rec.o
        36          8        392          0      74752        840   startup_stm32f40_41xxx.o
       756         58          0          0          0       8201   stm32f4xx_dma.o
       184         16          0          0          0       2100   stm32f4xx_exti.o
       214          0          0          0          0       1775   stm32f4xx_gpio.o
        16          0          0          0          0       2281   stm32f4xx_it.o
       420         58          0         16          0       6908   stm32f4xx_rcc.o
       208         38          0          0          0       5689   stm32f4xx_sdio.o
       530         12          0          0          0       3353   stm32f4xx_spi.o
        64          4          0          0          0        656   stm32f4xx_syscfg.o
       252         28          0          0          0       6552   stm32f4xx_tim.o
       422          8          0          0          0       4893   stm32f4xx_usart.o
        16          0          0          0          0        504   sys.o
       340         32          0          0          0       1485   system_stm32f4xx.o
      3550        880          0         60        420      30769   tasks.o
      1358        310          0         20         40      11419   timers.o
       340         30          0          6        200       3804   usart.o
      3166       1330         40         28          0       8010   usmart.o
        24          8        729        468          0       2223   usmart_config.o
      1328         20          0          0          0       8913   usmart_str.o
       780        142          4         17          0       4996   voice_access.o
      1320        240          0          2         32       4315   wavplay.o

    ----------------------------------------------------------------------
     50436       6394     351216       1028      97372     693900   Object Totals
         0          0         32          0          0          0   (incl. Generated)
        54          0         13         18         11          0   (incl. Padding)

    ----------------------------------------------------------------------

      Code (inc. data)   RO Data    RW Data    ZI Data      Debug   Library Member Name

        20          0          0          0          0        124   fabs.o
        86          0          0          0          0          0   __dczerorl2.o
         0          0          0          0          0          0   entry.o
         0          0          0          0          0          0   entry10a.o
         0          0          0          0          0          0   entry11a.o
         8          4          0          0          0          0   entry2.o
         4          0          0          0          0          0   entry5.o
         0          0          0          0          0          0   entry7b.o
         0          0          0          0          0          0   entry8b.o
         8          4          0          0          0          0   entry9a.o
        30          0          0          0          0          0   handlers.o
        36          8          0          0          0         68   init.o
         0          0          0          0          0          0   iusefp.o
        98          0          0          0          0         84   ldiv.o
        30          0          0          0          0         68   llshl.o
        36          0          0          0          0         68   llsshr.o
        32          0          0          0          0         68   llushr.o
       188         20          0          0          0        160   malloc.o
        36          0          0          0          0         68   memcpya.o
        36          0          0          0          0        108   memseta.o
         0          0          0          8          0          0   mvars.o
      1204         60          0          0          0        504   printf8.o
        28          0          0          0          0         76   strcmp.o
        14          0          0          0          0         68   strlen.o
        36          0          0          0          0         80   strstr.o
        98          0          0          0          0         92   uldiv.o
        48          0          0          0          0         68   cdrcmple.o
       334          0          0          0          0        148   dadd.o
       222          0          0          0          0        100   ddiv.o
       186          0          0          0          0        176   depilogue.o
        62          0          0          0          0         80   dfixi.o
        26          0          0          0          0         76   dfltui.o
       228          0          0          0          0         96   dmul.o

    ----------------------------------------------------------------------
      3140         96          0          8          0       2380   Library Totals
         6          0          0          0          0          0   (incl. Padding)

    ----------------------------------------------------------------------

      Code (inc. data)   RO Data    RW Data    ZI Data      Debug   Library Name

        20          0          0          0          0        124   m_wm.l
      2008         96          0          8          0       1512   mc_w.l
      1106          0          0          0          0        744   mf_w.l

    ----------------------------------------------------------------------
      3140         96          0          8          0       2380   Library Totals

    ----------------------------------------------------------------------

==============================================================================


      Code (inc. data)   RO Data    RW Data    ZI Data      Debug   

     53576       6490     351216       1036      97372     657868   Grand Totals
     53576       6490     351216        372      97372     657868   ELF Image Totals (compressed)
     53576       6490     351216        372          0          0   ROM Totals

==============================================================================

    Total RO  Size (Code + RO Data)               404792 ( 395.30kB)
    Total RW  Size (RW Data + ZI Data)             98408 (  96.10kB)
    Total ROM Size (Code + RO Data + RW Data)     405164 ( 395.67kB)

==============================================================================

