Component: ARM Compiler 5.06 update 6 (build 750) Tool: armlink [4d35ed]

==============================================================================

Section Cross References

    main.o(i.main) refers to bsp.o(i.bspInit) for bspInit
    main.o(i.main) refers to bsp_led.o(i.bspLedFlash) for bspLedFlash
    main.o(i.main) refers to main.o(.data) for g_ucStateFlag
    system_stm32f4xx.o(i.SystemCoreClockUpdate) refers to system_stm32f4xx.o(.data) for SystemCoreClock
    system_stm32f4xx.o(i.SystemInit) refers to system_stm32f4xx.o(i.SetSysClock) for SetSysClock
    bsp.o(i.bspInit) refers to delay.o(i.delay_init) for delay_init
    bsp.o(i.bspInit) refers to bsp_led.o(i.bspLedInit) for bspLedInit
    bsp.o(i.bspInit) refers to eventrecorder.o(i.EventRecorderInitialize) for EventRecorderInitialize
    bsp.o(i.bspInit) refers to eventrecorder.o(i.EventRecorderStart) for EventRecorderStart
    bsp.o(i.bspInit) refers to bsp_timer.o(i.TIM3_Int_Init) for TIM3_Int_Init
    bsp.o(i.bspInit) refers to bsp_pcf8574.o(i.bsp_pcf8974x_io_init) for bsp_pcf8974x_io_init
    bsp_dhtxx.o(i.DHTxx_Action) refers to bsp_dhtxx.o(i.vDHTxx_Start) for vDHTxx_Start
    bsp_dhtxx.o(i.DHTxx_Action) refers to bsp_dhtxx.o(i.uDHTxx_Answer) for uDHTxx_Answer
    bsp_dhtxx.o(i.DHTxx_Action) refers to bsp_dhtxx.o(i.uRead_Byte) for uRead_Byte
    bsp_dhtxx.o(i.DHTxx_Get_Data) refers to bsp_dhtxx.o(i.DHTxx_Action) for DHTxx_Action
    bsp_dhtxx.o(i.DHTxx_Get_Data) refers to dflti.o(.text) for __aeabi_i2d
    bsp_dhtxx.o(i.DHTxx_Get_Data) refers to ddiv.o(.text) for __aeabi_ddiv
    bsp_dhtxx.o(i.DHTxx_Get_Data) refers to bsp_dhtxx.o(.data) for g_dhtxx_table
    bsp_dhtxx.o(i.Io_Init) refers to stm32f4xx_rcc.o(i.RCC_AHB1PeriphClockCmd) for RCC_AHB1PeriphClockCmd
    bsp_dhtxx.o(i.Io_Init) refers to stm32f4xx_gpio.o(i.GPIO_Init) for GPIO_Init
    bsp_dhtxx.o(i.Io_Init) refers to stm32f4xx_gpio.o(i.GPIO_SetBits) for GPIO_SetBits
    bsp_dhtxx.o(i.uDHTxx_Answer) refers to bsp_dhtxx.o(i.vSetIoState) for vSetIoState
    bsp_dhtxx.o(i.uDHTxx_Answer) refers to delay.o(i.delay_us) for delay_us
    bsp_dhtxx.o(i.uRead_Byte) refers to delay.o(i.delay_us) for delay_us
    bsp_dhtxx.o(i.vDHTxx_Start) refers to bsp_dhtxx.o(i.vSetIoState) for vSetIoState
    bsp_dhtxx.o(i.vDHTxx_Start) refers to delay.o(i.delay_us) for delay_us
    bsp_dhtxx.o(i.vDhtxx_Init) refers to bsp_dhtxx.o(i.Io_Init) for Io_Init
    bsp_dhtxx.o(i.vInstability_Period) refers to delay.o(i.delay_ms) for delay_ms
    bsp_adc.o(i.Get_Adc) refers to stm32f4xx_adc.o(i.ADC_RegularChannelConfig) for ADC_RegularChannelConfig
    bsp_adc.o(i.Get_Adc) refers to stm32f4xx_adc.o(i.ADC_SoftwareStartConv) for ADC_SoftwareStartConv
    bsp_adc.o(i.Get_Adc) refers to stm32f4xx_adc.o(i.ADC_GetFlagStatus) for ADC_GetFlagStatus
    bsp_adc.o(i.Get_Adc) refers to stm32f4xx_adc.o(i.ADC_GetConversionValue) for ADC_GetConversionValue
    bsp_adc.o(i.Get_Adc_Average) refers to bsp_adc.o(i.Get_Adc) for Get_Adc
    bsp_adc.o(i.Get_Adc_Average) refers to delay.o(i.delay_ms) for delay_ms
    bsp_adc.o(i.bsp_adc_init) refers to stm32f4xx_rcc.o(i.RCC_AHB1PeriphClockCmd) for RCC_AHB1PeriphClockCmd
    bsp_adc.o(i.bsp_adc_init) refers to stm32f4xx_rcc.o(i.RCC_APB2PeriphClockCmd) for RCC_APB2PeriphClockCmd
    bsp_adc.o(i.bsp_adc_init) refers to stm32f4xx_gpio.o(i.GPIO_Init) for GPIO_Init
    bsp_adc.o(i.bsp_adc_init) refers to stm32f4xx_rcc.o(i.RCC_APB2PeriphResetCmd) for RCC_APB2PeriphResetCmd
    bsp_adc.o(i.bsp_adc_init) refers to stm32f4xx_adc.o(i.ADC_CommonInit) for ADC_CommonInit
    bsp_adc.o(i.bsp_adc_init) refers to stm32f4xx_adc.o(i.ADC_Init) for ADC_Init
    bsp_adc.o(i.bsp_adc_init) refers to stm32f4xx_adc.o(i.ADC_Cmd) for ADC_Cmd
    bsp_buzzer.o(i.bspBeepDisable) refers to bsp_buzzer.o(.bss) for tBuzzer
    bsp_buzzer.o(i.bspBeepEnable) refers to bsp_buzzer.o(.bss) for tBuzzer
    bsp_buzzer.o(i.bspBeepHandler) refers to bsp_buzzer.o(i.bspBuzzerFlash) for bspBuzzerFlash
    bsp_buzzer.o(i.bspBeepHandler) refers to bsp_buzzer.o(.bss) for tBuzzer
    bsp_buzzer.o(i.bspBuzzerFreq) refers to bsp_buzzer.o(.bss) for tBuzzer
    bsp_buzzer.o(i.bspBuzzerInit) refers to stm32f4xx_rcc.o(i.RCC_AHB1PeriphClockCmd) for RCC_AHB1PeriphClockCmd
    bsp_buzzer.o(i.bspBuzzerInit) refers to stm32f4xx_gpio.o(i.GPIO_Init) for GPIO_Init
    bsp_buzzer.o(i.bspBuzzerInit) refers to stm32f4xx_gpio.o(i.GPIO_SetBits) for GPIO_SetBits
    bsp_led.o(i.bspLedFlash) refers to bsp_led.o(.data) for flag
    bsp_led.o(i.bspLedInit) refers to stm32f4xx_rcc.o(i.RCC_AHB1PeriphClockCmd) for RCC_AHB1PeriphClockCmd
    bsp_led.o(i.bspLedInit) refers to stm32f4xx_gpio.o(i.GPIO_Init) for GPIO_Init
    bsp_led.o(i.bspLedInit) refers to stm32f4xx_gpio.o(i.GPIO_SetBits) for GPIO_SetBits
    bsp_oled.o(i.OLED_Clear) refers to bsp_oled.o(i.OLED_Refresh_Gram) for OLED_Refresh_Gram
    bsp_oled.o(i.OLED_Clear) refers to bsp_oled.o(.bss) for OLED_GRAM
    bsp_oled.o(i.OLED_Clear_static) refers to bsp_oled.o(i.OLED_WR_Byte) for OLED_WR_Byte
[...]
    Removing bsp_oled.o(i.OLED_WR_Byte), (24 bytes).
    Removing bsp_oled.o(i.OLED_show_chinese), (92 bytes).
    Removing bsp_oled.o(i.OLED_show_chinese_length), (62 bytes).
    Removing bsp_oled.o(i.Write_IIC_Byte), (100 bytes).
    Removing bsp_oled.o(i.Write_IIC_Command), (44 bytes).
    Removing bsp_oled.o(i.Write_IIC_Data), (44 bytes).
    Removing bsp_oled.o(i.fill_picture), (64 bytes).
    Removing bsp_oled.o(i.mypow), (22 bytes).
    Removing bsp_oled.o(.bss), (1024 bytes).
    Removing bsp_oled.o(.constdata), (7924 bytes).
    Removing bsp_oled.o(.data), (1 bytes).
    Removing bsp_timer.o(.rev16_text), (4 bytes).
    Removing bsp_timer.o(.revsh_text), (4 bytes).
    Removing bsp_swi2c.o(.rev16_text), (4 bytes).
    Removing bsp_swi2c.o(.revsh_text), (4 bytes).
    Removing bsp_swi2c.o(i.swi2cAck), (62 bytes).
    Removing bsp_swi2c.o(i.swi2cReceiveByte), (78 bytes).
    Removing bsp_swi2c.o(i.swi2cSendByte), (64 bytes).
    Removing bsp_swi2c.o(i.swi2cStart), (50 bytes).
    Removing bsp_swi2c.o(i.swi2cStop), (38 bytes).
    Removing bsp_swi2c.o(i.swi2cWaitAck), (70 bytes).
    Removing bsp_sgp30.o(.rev16_text), (4 bytes).
    Removing bsp_sgp30.o(.revsh_text), (4 bytes).
    Removing bsp_sgp30.o(i.GetAbsolutehumidity), (1392 bytes).
    Removing bsp_sgp30.o(i.bsp_sgp30_comm), (44 bytes).
    Removing bsp_sgp30.o(i.bsp_sgp30_header), (40 bytes).
    Removing bsp_sgp30.o(i.bsp_sgp30_humidity_compensation), (204 bytes).
    Removing bsp_sgp30.o(i.bsp_sgp30_in), (24 bytes).
    Removing bsp_sgp30.o(i.bsp_sgp30_io_init), (64 bytes).
    Removing bsp_sgp30.o(i.bsp_sgp30_out), (28 bytes).
    Removing bsp_sgp30.o(i.bsp_sgp30_read_data), (52 bytes).
    Removing bsp_sgp30.o(i.bsp_sgp30_sensor_init), (28 bytes).
    Removing bsp_sgp30.o(i.bsp_sgp30_test), (144 bytes).
    Removing bsp_sgp30.o(i.bsp_sgp30_write_data), (40 bytes).
    Removing bsp_sgp30.o(.constdata), (1600 bytes).
    Removing bsp_sgp30.o(.data), (34 bytes).
    Removing crc.o(i.crc16), (106 bytes).
    Removing crc.o(i.crc32), (98 bytes).
    Removing crc.o(i.crc8), (102 bytes).
    Removing crc.o(i.reverse16), (38 bytes).
    Removing crc.o(i.reverse32), (36 bytes).
    Removing crc.o(i.reverse8), (38 bytes).
    Removing crc.o(.constdata), (124 bytes).
    Removing bsp_pwm.o(.rev16_text), (4 bytes).
    Removing bsp_pwm.o(.revsh_text), (4 bytes).
    Removing bsp_pwm.o(i.TIM2_PWM_Init), (156 bytes).
    Removing bsp_pcf8574.o(.rev16_text), (4 bytes).
    Removing bsp_pcf8574.o(.revsh_text), (4 bytes).
    Removing bsp_pcf8574.o(i.bsp_pcf8974x_header), (44 bytes).
    Removing bsp_pcf8574.o(i.bsp_pcf8974x_in), (24 bytes).
    Removing bsp_pcf8574.o(i.bsp_pcf8974x_out), (28 bytes).
    Removing bsp_pcf8574.o(i.bsp_pcf8974x_receive), (52 bytes).
    Removing bsp_pcf8574.o(i.bsp_pcf8974x_test), (48 bytes).
    Removing bsp_pcf8574.o(.data), (20 bytes).
    Removing delay.o(.rev16_text), (4 bytes).
    Removing delay.o(.revsh_text), (4 bytes).
    Removing sys.o(.rev16_text), (4 bytes).
    Removing sys.o(.revsh_text), (4 bytes).
    Removing sys.o(.emb_text), (16 bytes).
    Removing usart.o(.rev16_text), (4 bytes).
    Removing usart.o(.revsh_text), (4 bytes).
    Removing usart.o(i.uart_init), (172 bytes).
    Removing startup_stm32f40_41xxx.o(HEAP), (512 bytes).
    Removing misc.o(.rev16_text), (4 bytes).
    Removing misc.o(.revsh_text), (4 bytes).
    Removing misc.o(i.NVIC_PriorityGroupConfig), (20 bytes).
    Removing misc.o(i.NVIC_SetVectorTable), (20 bytes).
    Removing misc.o(i.NVIC_SystemLPConfig), (32 bytes).
    Removing stm32f4xx_gpio.o(.rev16_text), (4 bytes).
    Removing stm32f4xx_gpio.o(.revsh_text), (4 bytes).
    Removing stm32f4xx_gpio.o(i.GPIO_DeInit), (312 bytes).
    Removing stm32f4xx_gpio.o(i.GPIO_PinAFConfig), (70 bytes).
    Removing stm32f4xx_gpio.o(i.GPIO_PinLockConfig), (34 bytes).
    Removing stm32f4xx_gpio.o(i.GPIO_ReadInputData), (8 bytes).
    Removing stm32f4xx_gpio.o(i.GPIO_ReadInputDataBit), (18 bytes).
    Removing stm32f4xx_gpio.o(i.GPIO_ReadOutputData), (8 bytes).
    Removing stm32f4xx_gpio.o(i.GPIO_ReadOutputDataBit), (18 bytes).
    Removing stm32f4xx_gpio.o(i.GPIO_ResetBits), (4 bytes).
    Removing stm32f4xx_gpio.o(i.GPIO_StructInit), (18 bytes).
    Removing stm32f4xx_gpio.o(i.GPIO_ToggleBits), (8 bytes).
    Removing stm32f4xx_gpio.o(i.GPIO_Write), (4 bytes).
    Removing stm32f4xx_gpio.o(i.GPIO_WriteBit), (10 bytes).
    Removing stm32f4xx_rcc.o(.rev16_text), (4 bytes).
    Removing stm32f4xx_rcc.o(.revsh_text), (4 bytes).
    Removing stm32f4xx_rcc.o(i.RCC_AHB1PeriphClockLPModeCmd), (32 bytes).
    Removing stm32f4xx_rcc.o(i.RCC_AHB1PeriphResetCmd), (32 bytes).
    Removing stm32f4xx_rcc.o(i.RCC_AHB2PeriphClockCmd), (32 bytes).
    Removing stm32f4xx_rcc.o(i.RCC_AHB2PeriphClockLPModeCmd), (32 bytes).
    Removing stm32f4xx_rcc.o(i.RCC_AHB2PeriphResetCmd), (32 bytes).
    Removing stm32f4xx_rcc.o(i.RCC_AHB3PeriphClockCmd), (32 bytes).
    Removing stm32f4xx_rcc.o(i.RCC_AHB3PeriphClockLPModeCmd), (32 bytes).
    Removing stm32f4xx_rcc.o(i.RCC_AHB3PeriphResetCmd), (32 bytes).
    Removing stm32f4xx_rcc.o(i.RCC_APB1PeriphClockLPModeCmd), (32 bytes).
    Removing stm32f4xx_rcc.o(i.RCC_APB1PeriphResetCmd), (32 bytes).
    Removing stm32f4xx_rcc.o(i.RCC_APB2PeriphClockCmd), (32 bytes).
    Removing stm32f4xx_rcc.o(i.RCC_APB2PeriphClockLPModeCmd), (32 bytes).
    Removing stm32f4xx_rcc.o(i.RCC_APB2PeriphResetCmd), (32 bytes).
    Removing stm32f4xx_rcc.o(i.RCC_AdjustHSICalibrationValue), (24 bytes).
    Removing stm32f4xx_rcc.o(i.RCC_BackupResetCmd), (12 bytes).
    Removing stm32f4xx_rcc.o(i.RCC_ClearFlag), (20 bytes).
    Removing stm32f4xx_rcc.o(i.RCC_ClearITPendingBit), (12 bytes).
    Removing stm32f4xx_rcc.o(i.RCC_ClockSecuritySystemCmd), (12 bytes).
    Removing stm32f4xx_rcc.o(i.RCC_DeInit), (100 bytes).
    Removing stm32f4xx_rcc.o(i.RCC_GetClocksFreq), (232 bytes).
    Removing stm32f4xx_rcc.o(i.RCC_GetFlagStatus), (64 bytes).
    Removing stm32f4xx_rcc.o(i.RCC_GetITStatus), (24 bytes).
    Removing stm32f4xx_rcc.o(i.RCC_GetSYSCLKSource), (16 bytes).
    Removing stm32f4xx_rcc.o(i.RCC_HCLKConfig), (24 bytes).
    Removing stm32f4xx_rcc.o(i.RCC_HSEConfig), (16 bytes).
    Removing stm32f4xx_rcc.o(i.RCC_HSICmd), (12 bytes).
    Removing stm32f4xx_rcc.o(i.RCC_I2SCLKConfig), (12 bytes).
    Removing stm32f4xx_rcc.o(i.RCC_ITConfig), (32 bytes).
    Removing stm32f4xx_rcc.o(i.RCC_LSEConfig), (44 bytes).
    Removing stm32f4xx_rcc.o(i.RCC_LSEModeConfig), (36 bytes).
    Removing stm32f4xx_rcc.o(i.RCC_LSICmd), (12 bytes).
    Removing stm32f4xx_rcc.o(i.RCC_LTDCCLKDivConfig), (24 bytes).
    Removing stm32f4xx_rcc.o(i.RCC_MCO1Config), (28 bytes).
    Removing stm32f4xx_rcc.o(i.RCC_MCO2Config), (28 bytes).
    Removing stm32f4xx_rcc.o(i.RCC_PCLK1Config), (24 bytes).
    Removing stm32f4xx_rcc.o(i.RCC_PCLK2Config), (24 bytes).
    Removing stm32f4xx_rcc.o(i.RCC_PLLCmd), (12 bytes).
    Removing stm32f4xx_rcc.o(i.RCC_PLLConfig), (36 bytes).
    Removing stm32f4xx_rcc.o(i.RCC_PLLI2SCmd), (12 bytes).
    Removing stm32f4xx_rcc.o(i.RCC_PLLI2SConfig), (16 bytes).
    Removing stm32f4xx_rcc.o(i.RCC_PLLSAICmd), (12 bytes).
    Removing stm32f4xx_rcc.o(i.RCC_PLLSAIConfig), (24 bytes).
    Removing stm32f4xx_rcc.o(i.RCC_RTCCLKCmd), (12 bytes).
    Removing stm32f4xx_rcc.o(i.RCC_RTCCLKConfig), (60 bytes).
    Removing stm32f4xx_rcc.o(i.RCC_SAIBlockACLKConfig), (24 bytes).
    Removing stm32f4xx_rcc.o(i.RCC_SAIBlockBCLKConfig), (24 bytes).
    Removing stm32f4xx_rcc.o(i.RCC_SAIPLLI2SClkDivConfig), (28 bytes).
    Removing stm32f4xx_rcc.o(i.RCC_SAIPLLSAIClkDivConfig), (28 bytes).
    Removing stm32f4xx_rcc.o(i.RCC_SYSCLKConfig), (24 bytes).
    Removing stm32f4xx_rcc.o(i.RCC_TIMCLKPresConfig), (12 bytes).
    Removing stm32f4xx_rcc.o(i.RCC_WaitForHSEStartUp), (56 bytes).
    Removing stm32f4xx_rcc.o(.data), (16 bytes).
    Removing stm32f4xx_syscfg.o(.rev16_text), (4 bytes).
    Removing stm32f4xx_syscfg.o(.revsh_text), (4 bytes).
    Removing stm32f4xx_syscfg.o(i.SYSCFG_CompensationCellCmd), (12 bytes).
    Removing stm32f4xx_syscfg.o(i.SYSCFG_DeInit), (22 bytes).
    Removing stm32f4xx_syscfg.o(i.SYSCFG_ETH_MediaInterfaceConfig), (12 bytes).
    Removing stm32f4xx_syscfg.o(i.SYSCFG_EXTILineConfig), (64 bytes).
    Removing stm32f4xx_syscfg.o(i.SYSCFG_GetCompensationCellStatus), (24 bytes).
    Removing stm32f4xx_syscfg.o(i.SYSCFG_MemoryRemapConfig), (12 bytes).
    Removing stm32f4xx_syscfg.o(i.SYSCFG_MemorySwappingBank), (12 bytes).
    Removing stm32f4xx_usart.o(.rev16_text), (4 bytes).
    Removing stm32f4xx_usart.o(.revsh_text), (4 bytes).
    Removing stm32f4xx_usart.o(i.USART_ClearFlag), (18 bytes).
    Removing stm32f4xx_usart.o(i.USART_ClearITPendingBit), (30 bytes).
    Removing stm32f4xx_usart.o(i.USART_ClockInit), (32 bytes).
    Removing stm32f4xx_usart.o(i.USART_ClockStructInit), (12 bytes).
    Removing stm32f4xx_usart.o(i.USART_Cmd), (24 bytes).
    Removing stm32f4xx_usart.o(i.USART_DMACmd), (18 bytes).
    Removing stm32f4xx_usart.o(i.USART_DeInit), (240 bytes).
    Removing stm32f4xx_usart.o(i.USART_GetFlagStatus), (26 bytes).
    Removing stm32f4xx_usart.o(i.USART_HalfDuplexCmd), (24 bytes).
    Removing stm32f4xx_usart.o(i.USART_ITConfig), (74 bytes).
    Removing stm32f4xx_usart.o(i.USART_Init), (212 bytes).
    Removing stm32f4xx_usart.o(i.USART_IrDACmd), (24 bytes).
    Removing stm32f4xx_usart.o(i.USART_IrDAConfig), (18 bytes).
    Removing stm32f4xx_usart.o(i.USART_LINBreakDetectLengthConfig), (18 bytes).
    Removing stm32f4xx_usart.o(i.USART_LINCmd), (24 bytes).
    Removing stm32f4xx_usart.o(i.USART_OneBitMethodCmd), (24 bytes).
    Removing stm32f4xx_usart.o(i.USART_OverSampling8Cmd), (22 bytes).
    Removing stm32f4xx_usart.o(i.USART_ReceiverWakeUpCmd), (24 bytes).
    Removing stm32f4xx_usart.o(i.USART_SendBreak), (10 bytes).
    Removing stm32f4xx_usart.o(i.USART_SendData), (8 bytes).
    Removing stm32f4xx_usart.o(i.USART_SetAddress), (18 bytes).
    Removing stm32f4xx_usart.o(i.USART_SetGuardTime), (16 bytes).
    Removing stm32f4xx_usart.o(i.USART_SetPrescaler), (16 bytes).
    Removing stm32f4xx_usart.o(i.USART_SmartCardCmd), (24 bytes).
    Removing stm32f4xx_usart.o(i.USART_SmartCardNACKCmd), (24 bytes).
    Removing stm32f4xx_usart.o(i.USART_StructInit), (24 bytes).
    Removing stm32f4xx_usart.o(i.USART_WakeUpConfig), (18 bytes).
    Removing stm32f4xx_adc.o(.rev16_text), (4 bytes).
    Removing stm32f4xx_adc.o(.revsh_text), (4 bytes).
    Removing stm32f4xx_adc.o(i.ADC_AnalogWatchdogCmd), (20 bytes).
    Removing stm32f4xx_adc.o(i.ADC_AnalogWatchdogSingleChannelConfig), (16 bytes).
    Removing stm32f4xx_adc.o(i.ADC_AnalogWatchdogThresholdsConfig), (6 bytes).
    Removing stm32f4xx_adc.o(i.ADC_AutoInjectedConvCmd), (22 bytes).
    Removing stm32f4xx_adc.o(i.ADC_ClearFlag), (6 bytes).
    Removing stm32f4xx_adc.o(i.ADC_ClearITPendingBit), (10 bytes).
    Removing stm32f4xx_adc.o(i.ADC_Cmd), (22 bytes).
    Removing stm32f4xx_adc.o(i.ADC_CommonInit), (48 bytes).
    Removing stm32f4xx_adc.o(i.ADC_CommonStructInit), (12 bytes).
    Removing stm32f4xx_adc.o(i.ADC_ContinuousModeCmd), (22 bytes).
    Removing stm32f4xx_adc.o(i.ADC_DMACmd), (22 bytes).
    Removing stm32f4xx_adc.o(i.ADC_DMARequestAfterLastTransferCmd), (22 bytes).
    Removing stm32f4xx_adc.o(i.ADC_DeInit), (22 bytes).
    Removing stm32f4xx_adc.o(i.ADC_DiscModeChannelCountConfig), (24 bytes).
    Removing stm32f4xx_adc.o(i.ADC_DiscModeCmd), (22 bytes).
    Removing stm32f4xx_adc.o(i.ADC_EOCOnEachRegularChannelCmd), (22 bytes).
    Removing stm32f4xx_adc.o(i.ADC_ExternalTrigInjectedConvConfig), (16 bytes).
    Removing stm32f4xx_adc.o(i.ADC_ExternalTrigInjectedConvEdgeConfig), (16 bytes).
    Removing stm32f4xx_adc.o(i.ADC_GetConversionValue), (8 bytes).
    Removing stm32f4xx_adc.o(i.ADC_GetFlagStatus), (18 bytes).
    Removing stm32f4xx_adc.o(i.ADC_GetITStatus), (38 bytes).
    Removing stm32f4xx_adc.o(i.ADC_GetInjectedConversionValue), (28 bytes).
    Removing stm32f4xx_adc.o(i.ADC_GetMultiModeConversionValue), (12 bytes).
    Removing stm32f4xx_adc.o(i.ADC_GetSoftwareStartConvStatus), (20 bytes).
    Removing stm32f4xx_adc.o(i.ADC_GetSoftwareStartInjectedConvCmdStatus), (20 bytes).
    Removing stm32f4xx_adc.o(i.ADC_ITConfig), (32 bytes).
    Removing stm32f4xx_adc.o(i.ADC_Init), (84 bytes).
    Removing stm32f4xx_adc.o(i.ADC_InjectedChannelConfig), (130 bytes).
    Removing stm32f4xx_adc.o(i.ADC_InjectedDiscModeCmd), (22 bytes).
    Removing stm32f4xx_adc.o(i.ADC_InjectedSequencerLengthConfig), (24 bytes).
    Removing stm32f4xx_adc.o(i.ADC_MultiModeDMARequestAfterLastTransferCmd), (44 bytes).
    Removing stm32f4xx_adc.o(i.ADC_RegularChannelConfig), (184 bytes).
    Removing stm32f4xx_adc.o(i.ADC_SetInjectedOffset), (20 bytes).
    Removing stm32f4xx_adc.o(i.ADC_SoftwareStartConv), (10 bytes).
    Removing stm32f4xx_adc.o(i.ADC_SoftwareStartInjectedConv), (10 bytes).
    Removing stm32f4xx_adc.o(i.ADC_StructInit), (20 bytes).
    Removing stm32f4xx_adc.o(i.ADC_TempSensorVrefintCmd), (44 bytes).
    Removing stm32f4xx_adc.o(i.ADC_VBATCmd), (44 bytes).
    Removing stm32f4xx_tim.o(.rev16_text), (4 bytes).
    Removing stm32f4xx_tim.o(.revsh_text), (4 bytes).
    Removing stm32f4xx_tim.o(i.TI1_Config), (58 bytes).
    Removing stm32f4xx_tim.o(i.TI2_Config), (80 bytes).
    Removing stm32f4xx_tim.o(i.TI3_Config), (72 bytes).
    Removing stm32f4xx_tim.o(i.TI4_Config), (80 bytes).
    Removing stm32f4xx_tim.o(i.TIM_ARRPreloadConfig), (24 bytes).
    Removing stm32f4xx_tim.o(i.TIM_BDTRConfig), (32 bytes).
    Removing stm32f4xx_tim.o(i.TIM_BDTRStructInit), (18 bytes).
    Removing stm32f4xx_tim.o(i.TIM_CCPreloadControl), (24 bytes).
    Removing stm32f4xx_tim.o(i.TIM_CCxCmd), (30 bytes).
    Removing stm32f4xx_tim.o(i.TIM_CCxNCmd), (30 bytes).
    Removing stm32f4xx_tim.o(i.TIM_ClearOC1Ref), (18 bytes).
    Removing stm32f4xx_tim.o(i.TIM_ClearOC2Ref), (24 bytes).
    Removing stm32f4xx_tim.o(i.TIM_ClearOC3Ref), (18 bytes).
    Removing stm32f4xx_tim.o(i.TIM_ClearOC4Ref), (24 bytes).
    Removing stm32f4xx_tim.o(i.TIM_CounterModeConfig), (18 bytes).
    Removing stm32f4xx_tim.o(i.TIM_CtrlPWMOutputs), (30 bytes).
    Removing stm32f4xx_tim.o(i.TIM_DMACmd), (18 bytes).
    Removing stm32f4xx_tim.o(i.TIM_DMAConfig), (10 bytes).
    Removing stm32f4xx_tim.o(i.TIM_DeInit), (400 bytes).
    Removing stm32f4xx_tim.o(i.TIM_ETRClockMode1Config), (54 bytes).
    Removing stm32f4xx_tim.o(i.TIM_ETRClockMode2Config), (32 bytes).
    Removing stm32f4xx_tim.o(i.TIM_ETRConfig), (28 bytes).
    Removing stm32f4xx_tim.o(i.TIM_EncoderInterfaceConfig), (66 bytes).
    Removing stm32f4xx_tim.o(i.TIM_ForcedOC1Config), (18 bytes).
    Removing stm32f4xx_tim.o(i.TIM_ForcedOC2Config), (26 bytes).
    Removing stm32f4xx_tim.o(i.TIM_ForcedOC3Config), (18 bytes).
    Removing stm32f4xx_tim.o(i.TIM_ForcedOC4Config), (26 bytes).
    Removing stm32f4xx_tim.o(i.TIM_GenerateEvent), (4 bytes).
    Removing stm32f4xx_tim.o(i.TIM_GetCapture1), (6 bytes).
    Removing stm32f4xx_tim.o(i.TIM_GetCapture2), (6 bytes).
    Removing stm32f4xx_tim.o(i.TIM_GetCapture3), (6 bytes).
    Removing stm32f4xx_tim.o(i.TIM_GetCapture4), (6 bytes).
    Removing stm32f4xx_tim.o(i.TIM_GetPrescaler), (6 bytes).
    Removing stm32f4xx_tim.o(i.TIM_ICInit), (110 bytes).
    Removing stm32f4xx_tim.o(i.TIM_ICStructInit), (18 bytes).
    Removing stm32f4xx_tim.o(i.TIM_ITRxExternalClockConfig), (24 bytes).
    Removing stm32f4xx_tim.o(i.TIM_InternalClockConfig), (12 bytes).
    Removing stm32f4xx_tim.o(i.TIM_OC1FastConfig), (18 bytes).
    Removing stm32f4xx_tim.o(i.TIM_OC1Init), (124 bytes).
    Removing stm32f4xx_tim.o(i.TIM_OC1NPolarityConfig), (18 bytes).
    Removing stm32f4xx_tim.o(i.TIM_OC1PolarityConfig), (18 bytes).
    Removing stm32f4xx_tim.o(i.TIM_OC1PreloadConfig), (18 bytes).
    Removing stm32f4xx_tim.o(i.TIM_OC2FastConfig), (26 bytes).
    Removing stm32f4xx_tim.o(i.TIM_OC2Init), (164 bytes).
    Removing stm32f4xx_tim.o(i.TIM_OC2NPolarityConfig), (26 bytes).
    Removing stm32f4xx_tim.o(i.TIM_OC2PolarityConfig), (26 bytes).
    Removing stm32f4xx_tim.o(i.TIM_OC2PreloadConfig), (26 bytes).
    Removing stm32f4xx_tim.o(i.TIM_OC3FastConfig), (18 bytes).
    Removing stm32f4xx_tim.o(i.TIM_OC3Init), (160 bytes).
    Removing stm32f4xx_tim.o(i.TIM_OC3NPolarityConfig), (26 bytes).
    Removing stm32f4xx_tim.o(i.TIM_OC3PolarityConfig), (26 bytes).
    Removing stm32f4xx_tim.o(i.TIM_OC3PreloadConfig), (18 bytes).
    Removing stm32f4xx_tim.o(i.TIM_OC4FastConfig), (26 bytes).
    Removing stm32f4xx_tim.o(i.TIM_OC4Init), (120 bytes).
    Removing stm32f4xx_tim.o(i.TIM_OC4PolarityConfig), (26 bytes).
    Removing stm32f4xx_tim.o(i.TIM_OC4PreloadConfig), (26 bytes).
    Removing stm32f4xx_tim.o(i.TIM_OCStructInit), (20 bytes).
    Removing stm32f4xx_tim.o(i.TIM_PWMIConfig), (124 bytes).
    Removing stm32f4xx_tim.o(i.TIM_PrescalerConfig), (6 bytes).
    Removing stm32f4xx_tim.o(i.TIM_RemapConfig), (6 bytes).
    Removing stm32f4xx_tim.o(i.TIM_SelectCCDMA), (24 bytes).
    Removing stm32f4xx_tim.o(i.TIM_SelectCOM), (24 bytes).
    Removing stm32f4xx_tim.o(i.TIM_SelectHallSensor), (24 bytes).
    Removing stm32f4xx_tim.o(i.TIM_SelectInputTrigger), (18 bytes).
    Removing stm32f4xx_tim.o(i.TIM_SelectMasterSlaveMode), (18 bytes).
    Removing stm32f4xx_tim.o(i.TIM_SelectOCxM), (86 bytes).
    Removing stm32f4xx_tim.o(i.TIM_SelectOnePulseMode), (18 bytes).
    Removing stm32f4xx_tim.o(i.TIM_SelectOutputTrigger), (18 bytes).
    Removing stm32f4xx_tim.o(i.TIM_SelectSlaveMode), (18 bytes).
    Removing stm32f4xx_tim.o(i.TIM_SetClockDivision), (18 bytes).
    Removing stm32f4xx_tim.o(i.TIM_SetCompare1), (4 bytes).
    Removing stm32f4xx_tim.o(i.TIM_SetCompare2), (4 bytes).
    Removing stm32f4xx_tim.o(i.TIM_SetCompare3), (4 bytes).
    Removing stm32f4xx_tim.o(i.TIM_SetCompare4), (4 bytes).
    Removing stm32f4xx_tim.o(i.TIM_SetIC1Prescaler), (18 bytes).
    Removing stm32f4xx_tim.o(i.TIM_SetIC2Prescaler), (26 bytes).
    Removing stm32f4xx_tim.o(i.TIM_SetIC3Prescaler), (18 bytes).
    Removing stm32f4xx_tim.o(i.TIM_SetIC4Prescaler), (26 bytes).
    Removing stm32f4xx_tim.o(i.TIM_TIxExternalClockConfig), (62 bytes).
    Removing stm32f4xx_tim.o(i.TIM_TimeBaseStructInit), (18 bytes).
    Removing stm32f4xx_tim.o(i.TIM_UpdateDisableConfig), (24 bytes).
    Removing stm32f4xx_tim.o(i.TIM_UpdateRequestConfig), (24 bytes).
    Removing stm32f4xx_exti.o(.rev16_text), (4 bytes).
    Removing stm32f4xx_exti.o(.revsh_text), (4 bytes).
    Removing stm32f4xx_exti.o(i.EXTI_ClearFlag), (12 bytes).
    Removing stm32f4xx_exti.o(i.EXTI_ClearITPendingBit), (12 bytes).
    Removing stm32f4xx_exti.o(i.EXTI_DeInit), (36 bytes).
    Removing stm32f4xx_exti.o(i.EXTI_GenerateSWInterrupt), (16 bytes).
    Removing stm32f4xx_exti.o(i.EXTI_GetFlagStatus), (24 bytes).
    Removing stm32f4xx_exti.o(i.EXTI_GetITStatus), (24 bytes).
    Removing stm32f4xx_exti.o(i.EXTI_Init), (148 bytes).
    Removing stm32f4xx_exti.o(i.EXTI_StructInit), (16 bytes).
    Removing segger_hardfaulthandler.o(.rev16_text), (4 bytes).
    Removing segger_hardfaulthandler.o(.revsh_text), (4 bytes).
    Removing usmart.o(.rev16_text), (4 bytes).
    Removing usmart.o(.revsh_text), (4 bytes).
    Removing usmart_config.o(.rev16_text), (4 bytes).
    Removing usmart_config.o(.revsh_text), (4 bytes).
    Removing usmart_str.o(.rev16_text), (4 bytes).
    Removing usmart_str.o(.revsh_text), (4 bytes).
    Removing eventrecorder.o(.rev16_text), (4 bytes).
    Removing eventrecorder.o(.revsh_text), (4 bytes).
    Removing eventrecorder.o(i.EventRecord4), (118 bytes).
    Removing eventrecorder.o(i.EventRecorderClockUpdate), (44 bytes).
    Removing eventrecorder.o(i.EventRecorderDisable), (92 bytes).
    Removing eventrecorder.o(i.EventRecorderStop), (48 bytes).
    Removing retarget_io.o(i.__aeabi_assert), (156 bytes).
    Removing retarget_io.o(i.__backspace), (8 bytes).
    Removing retarget_io.o(i.abort), (4 bytes).
    Removing retarget_io.o(i.fgetc), (8 bytes).
    Removing dadd.o(.text), (334 bytes).
    Removing dmul.o(.text), (228 bytes).
    Removing ddiv.o(.text), (222 bytes).
    Removing dflti.o(.text), (34 bytes).
    Removing dfixi.o(.text), (62 bytes).
    Removing dfixui.o(.text), (50 bytes).
    Removing f2d.o(.text), (38 bytes).
    Removing cdcmple.o(.text), (48 bytes).
    Removing cdrcmple.o(.text), (48 bytes).
    Removing d2f.o(.text), (56 bytes).
    Removing fepilogue.o(.text), (110 bytes).
    Removing depilogue.o(.text), (186 bytes).
    Removing dfixul.o(.text), (48 bytes).

396 unused section(s) (total 28127 bytes) removed from the image.

==============================================================================

Image Symbol Table

    Local Symbols

    Symbol Name                              Value     Ov Type        Size  Object(Section)

    ../clib/../cmprslib/zerorunl2.c          0x00000000   Number         0  __dczerorl2.o ABSOLUTE
    ../clib/microlib/division.c              0x00000000   Number         0  uidiv.o ABSOLUTE
    ../clib/microlib/division.c              0x00000000   Number         0  uldiv.o ABSOLUTE
    ../clib/microlib/init/entry.s            0x00000000   Number         0  entry9b.o ABSOLUTE
    ../clib/microlib/init/entry.s            0x00000000   Number         0  entry7a.o ABSOLUTE
    ../clib/microlib/init/entry.s            0x00000000   Number         0  entry8b.o ABSOLUTE
    ../clib/microlib/init/entry.s            0x00000000   Number         0  entry9a.o ABSOLUTE
    ../clib/microlib/init/entry.s            0x00000000   Number         0  entry5.o ABSOLUTE
    ../clib/microlib/init/entry.s            0x00000000   Number         0  entry8a.o ABSOLUTE
    ../clib/microlib/init/entry.s            0x00000000   Number         0  entry7b.o ABSOLUTE
    ../clib/microlib/init/entry.s            0x00000000   Number         0  entry2.o ABSOLUTE
    ../clib/microlib/init/entry.s            0x00000000   Number         0  entry.o ABSOLUTE
    ../clib/microlib/init/entry.s            0x00000000   Number         0  entry10a.o ABSOLUTE
    ../clib/microlib/init/entry.s            0x00000000   Number         0  entry10b.o ABSOLUTE
    ../clib/microlib/init/entry.s            0x00000000   Number         0  entry11a.o ABSOLUTE
    ../clib/microlib/init/entry.s            0x00000000   Number         0  entry11b.o ABSOLUTE
    ../clib/microlib/longlong.c              0x00000000   Number         0  llushr.o ABSOLUTE
    ../clib/microlib/longlong.c              0x00000000   Number         0  llsshr.o ABSOLUTE
    ../clib/microlib/longlong.c              0x00000000   Number         0  llshl.o ABSOLUTE
    ../clib/microlib/printf/printf.c         0x00000000   Number         0  printf2.o ABSOLUTE
    ../clib/microlib/printf/printf.c         0x00000000   Number         0  printf5.o ABSOLUTE
    ../clib/microlib/printf/printf.c         0x00000000   Number         0  printf4.o ABSOLUTE
    ../clib/microlib/printf/printf.c         0x00000000   Number         0  printfa.o ABSOLUTE
    ../clib/microlib/printf/printf.c         0x00000000   Number         0  printf8.o ABSOLUTE
    ../clib/microlib/printf/printf.c         0x00000000   Number         0  printf7.o ABSOLUTE
    ../clib/microlib/printf/printf.c         0x00000000   Number         0  printf6.o ABSOLUTE
    ../clib/microlib/printf/printf.c         0x00000000   Number         0  printf1.o ABSOLUTE
    ../clib/microlib/printf/printf.c         0x00000000   Number         0  printf3.o ABSOLUTE
    ../clib/microlib/printf/printf.c         0x00000000   Number         0  printfb.o ABSOLUTE
    ../clib/microlib/printf/printf.c         0x00000000   Number         0  printf0.o ABSOLUTE
    ../clib/microlib/printf/stubs.s          0x00000000   Number         0  stubs.o ABSOLUTE
    ../clib/microlib/stdio/fputs.c           0x00000000   Number         0  fputs.o ABSOLUTE
    ../clib/microlib/stdio/fputs.c           0x00000000   Number         0  fputs_e.o ABSOLUTE
    ../clib/microlib/stdio/streams.c         0x00000000   Number         0  stderr.o ABSOLUTE
    ../clib/microlib/stdio/streams.c         0x00000000   Number         0  stdout.o ABSOLUTE
    ../clib/microlib/string/memcpy.c         0x00000000   Number         0  memcpyb.o ABSOLUTE
    ../clib/microlib/string/memcpy.c         0x00000000   Number         0  memcpya.o ABSOLUTE
    ../clib/microlib/string/memset.c         0x00000000   Number         0  memseta.o ABSOLUTE
    ../clib/microlib/stubs.s                 0x00000000   Number         0  iusefp.o ABSOLUTE
    ../fplib/microlib/d2f.c                  0x00000000   Number         0  d2f.o ABSOLUTE
    ../fplib/microlib/f2d.c                  0x00000000   Number         0  f2d.o ABSOLUTE
    ../fplib/microlib/fpadd.c                0x00000000   Number         0  dadd.o ABSOLUTE
    ../fplib/microlib/fpdiv.c                0x00000000   Number         0  ddiv.o ABSOLUTE
    ../fplib/microlib/fpepilogue.c           0x00000000   Number         0  depilogue.o ABSOLUTE
    ../fplib/microlib/fpepilogue.c           0x00000000   Number         0  fepilogue.o ABSOLUTE
    ../fplib/microlib/fpfix.c                0x00000000   Number         0  dfixul.o ABSOLUTE
    ../fplib/microlib/fpfix.c                0x00000000   Number         0  dfixui.o ABSOLUTE
    ../fplib/microlib/fpfix.c                0x00000000   Number         0  dfixi.o ABSOLUTE
    ../fplib/microlib/fpflt.c                0x00000000   Number         0  dflti.o ABSOLUTE
    ../fplib/microlib/fpmul.c                0x00000000   Number         0  dmul.o ABSOLUTE
    ../mathlib/fabs.c                        0x00000000   Number         0  fabs.o ABSOLUTE
    ..\BSP\Src\CRC.c                         0x00000000   Number         0  crc.o ABSOLUTE
    ..\BSP\Src\bsp_adc.c                     0x00000000   Number         0  bsp_adc.o ABSOLUTE
    ..\BSP\Src\bsp_buzzer.c                  0x00000000   Number         0  bsp_buzzer.o ABSOLUTE
    ..\BSP\Src\bsp_dhtxx.c                   0x00000000   Number         0  bsp_dhtxx.o ABSOLUTE
    ..\BSP\Src\bsp_led.c                     0x00000000   Number         0  bsp_led.o ABSOLUTE
    ..\BSP\Src\bsp_oled.c                    0x00000000   Number         0  bsp_oled.o ABSOLUTE
    ..\BSP\Src\bsp_pcf8574.c                 0x00000000   Number         0  bsp_pcf8574.o ABSOLUTE
    ..\BSP\Src\bsp_pwm.c                     0x00000000   Number         0  bsp_pwm.o ABSOLUTE
    ..\BSP\Src\bsp_sgp30.c                   0x00000000   Number         0  bsp_sgp30.o ABSOLUTE
    ..\BSP\Src\bsp_swi2c.c                   0x00000000   Number         0  bsp_swi2c.o ABSOLUTE
    ..\BSP\Src\bsp_timer.c                   0x00000000   Number         0  bsp_timer.o ABSOLUTE
    ..\CORE\startup_stm32f40_41xxx.s         0x00000000   Number         0  startup_stm32f40_41xxx.o ABSOLUTE
    ..\FWLIB\src\misc.c                      0x00000000   Number         0  misc.o ABSOLUTE
    ..\FWLIB\src\stm32f4xx_adc.c             0x00000000   Number         0  stm32f4xx_adc.o ABSOLUTE
    ..\FWLIB\src\stm32f4xx_exti.c            0x00000000   Number         0  stm32f4xx_exti.o ABSOLUTE
    ..\FWLIB\src\stm32f4xx_gpio.c            0x00000000   Number         0  stm32f4xx_gpio.o ABSOLUTE
    ..\FWLIB\src\stm32f4xx_rcc.c             0x00000000   Number         0  stm32f4xx_rcc.o ABSOLUTE
    ..\FWLIB\src\stm32f4xx_syscfg.c          0x00000000   Number         0  stm32f4xx_syscfg.o ABSOLUTE
    ..\FWLIB\src\stm32f4xx_tim.c             0x00000000   Number         0  stm32f4xx_tim.o ABSOLUTE
    ..\FWLIB\src\stm32f4xx_usart.c           0x00000000   Number         0  stm32f4xx_usart.o ABSOLUTE
    ..\SYSTEM\delay\delay.c                  0x00000000   Number         0  delay.o ABSOLUTE
    ..\SYSTEM\sys\sys.c                      0x00000000   Number         0  sys.o ABSOLUTE
    ..\SYSTEM\usart\usart.c                  0x00000000   Number         0  usart.o ABSOLUTE
    ..\USMART\usmart.c                       0x00000000   Number         0  usmart.o ABSOLUTE
    ..\USMART\usmart_config.c                0x00000000   Number         0  usmart_config.o ABSOLUTE
    ..\USMART\usmart_str.c                   0x00000000   Number         0  usmart_str.o ABSOLUTE
    ..\\BSP\\Src\\bsp_adc.c                  0x00000000   Number         0  bsp_adc.o ABSOLUTE
    ..\\BSP\\Src\\bsp_buzzer.c               0x00000000   Number         0  bsp_buzzer.o ABSOLUTE
    ..\\BSP\\Src\\bsp_dhtxx.c                0x00000000   Number         0  bsp_dhtxx.o ABSOLUTE
    ..\\BSP\\Src\\bsp_led.c                  0x00000000   Number         0  bsp_led.o ABSOLUTE
    ..\\BSP\\Src\\bsp_oled.c                 0x00000000   Number         0  bsp_oled.o ABSOLUTE
    ..\\BSP\\Src\\bsp_pcf8574.c              0x00000000   Number         0  bsp_pcf8574.o ABSOLUTE
    ..\\BSP\\Src\\bsp_pwm.c                  0x00000000   Number         0  bsp_pwm.o ABSOLUTE
    ..\\BSP\\Src\\bsp_sgp30.c                0x00000000   Number         0  bsp_sgp30.o ABSOLUTE
    ..\\BSP\\Src\\bsp_swi2c.c                0x00000000   Number         0  bsp_swi2c.o ABSOLUTE
    ..\\BSP\\Src\\bsp_timer.c                0x00000000   Number         0  bsp_timer.o ABSOLUTE
    ..\\FWLIB\\src\\misc.c                   0x00000000   Number         0  misc.o ABSOLUTE
    ..\\FWLIB\\src\\stm32f4xx_adc.c          0x00000000   Number         0  stm32f4xx_adc.o ABSOLUTE
    ..\\FWLIB\\src\\stm32f4xx_exti.c         0x00000000   Number         0  stm32f4xx_exti.o ABSOLUTE
    ..\\FWLIB\\src\\stm32f4xx_gpio.c         0x00000000   Number         0  stm32f4xx_gpio.o ABSOLUTE
    ..\\FWLIB\\src\\stm32f4xx_rcc.c          0x00000000   Number         0  stm32f4xx_rcc.o ABSOLUTE
    ..\\FWLIB\\src\\stm32f4xx_syscfg.c       0x00000000   Number         0  stm32f4xx_syscfg.o ABSOLUTE
    ..\\FWLIB\\src\\stm32f4xx_tim.c          0x00000000   Number         0  stm32f4xx_tim.o ABSOLUTE
    ..\\FWLIB\\src\\stm32f4xx_usart.c        0x00000000   Number         0  stm32f4xx_usart.o ABSOLUTE
    ..\\SYSTEM\\delay\\delay.c               0x00000000   Number         0  delay.o ABSOLUTE
    ..\\SYSTEM\\sys\\sys.c                   0x00000000   Number         0  sys.o ABSOLUTE
    ..\\SYSTEM\\usart\\usart.c               0x00000000   Number         0  usart.o ABSOLUTE
    ..\\USMART\\usmart.c                     0x00000000   Number         0  usmart.o ABSOLUTE
    ..\\USMART\\usmart_config.c              0x00000000   Number         0  usmart_config.o ABSOLUTE
    ..\\USMART\\usmart_str.c                 0x00000000   Number         0  usmart_str.o ABSOLUTE
    F:\Keil_v5\F\Keil_v5\Arm\Packs\Keil\ARM_Compiler\1.6.2\Source\EventRecorder.c 0x00000000   Number         0  eventrecorder.o ABSOLUTE
    F:\Keil_v5\F\Keil_v5\Arm\Packs\Keil\ARM_Compiler\1.6.2\Source\retarget_io.c 0x00000000   Number         0  retarget_io.o ABSOLUTE
    F:\\Keil_v5\\F\\Keil_v5\\Arm\\Packs\\Keil\\ARM_Compiler\\1.6.2\\Source\\EventRecorder.c 0x00000000   Number         0  eventrecorder.o ABSOLUTE
    bsp.c                                    0x00000000   Number         0  bsp.o ABSOLUTE
    bsp.c                                    0x00000000   Number         0  bsp.o ABSOLUTE
    cdcmple.s                                0x00000000   Number         0  cdcmple.o ABSOLUTE
    cdrcmple.s                               0x00000000   Number         0  cdrcmple.o ABSOLUTE
    dc.s                                     0x00000000   Number         0  dc.o ABSOLUTE
    handlers.s                               0x00000000   Number         0  handlers.o ABSOLUTE
    init.s                                   0x00000000   Number         0  init.o ABSOLUTE
    main.c                                   0x00000000   Number         0  main.o ABSOLUTE
    main.c                                   0x00000000   Number         0  main.o ABSOLUTE
    segger\HardFaultHandlerMDK\HardFaultHandler.S 0x00000000   Number         0  hardfaulthandler.o ABSOLUTE
    segger\HardFaultHandlerMDK\SEGGER_HardFaultHandler.c 0x00000000   Number         0  segger_hardfaulthandler.o ABSOLUTE
    segger\\HardFaultHandlerMDK\\SEGGER_HardFaultHandler.c 0x00000000   Number         0  segger_hardfaulthandler.o ABSOLUTE
    stm32f4xx_it.c                           0x00000000   Number         0  stm32f4xx_it.o ABSOLUTE
    stm32f4xx_it.c                           0x00000000   Number         0  stm32f4xx_it.o ABSOLUTE
    system_stm32f4xx.c                       0x00000000   Number         0  system_stm32f4xx.o ABSOLUTE
    system_stm32f4xx.c                       0x00000000   Number         0  system_stm32f4xx.o ABSOLUTE
    RESET                                    0x08000000   Section      392  startup_stm32f40_41xxx.o(RESET)
    .ARM.Collect$$$$00000000                 0x08000188   Section        0  entry.o(.ARM.Collect$$$$00000000)
    .ARM.Collect$$$$00000001                 0x08000188   Section        4  entry2.o(.ARM.Collect$$$$00000001)
    .ARM.Collect$$$$00000004                 0x0800018c   Section        4  entry5.o(.ARM.Collect$$$$00000004)
    .ARM.Collect$$$$00000008                 0x08000190   Section        0  entry7b.o(.ARM.Collect$$$$00000008)
    .ARM.Collect$$$$0000000A                 0x08000190   Section        0  entry8b.o(.ARM.Collect$$$$0000000A)
    .ARM.Collect$$$$0000000B                 0x08000190   Section        8  entry9a.o(.ARM.Collect$$$$0000000B)
    .ARM.Collect$$$$0000000D                 0x08000198   Section        0  entry10a.o(.ARM.Collect$$$$0000000D)
    .ARM.Collect$$$$0000000F                 0x08000198   Section        0  entry11a.o(.ARM.Collect$$$$0000000F)
    .ARM.Collect$$$$00002712                 0x08000198   Section        4  entry2.o(.ARM.Collect$$$$00002712)
    __lit__00000000                          0x08000198   Data           4  entry2.o(.ARM.Collect$$$$00002712)
    .emb_text                                0x0800019c   Section      116  eventrecorder.o(.emb_text)
    $v0                                      0x0800019c   Number         0  eventrecorder.o(.emb_text)
    .text                                    0x08000210   Section       36  startup_stm32f40_41xxx.o(.text)
    $v0                                      0x08000210   Number         0  startup_stm32f40_41xxx.o(.text)
    .text                                    0x08000234   Section        0  memcpya.o(.text)
    .text                                    0x08000258   Section        0  memseta.o(.text)
    .text                                    0x0800027c   Section        0  uldiv.o(.text)
    .text                                    0x080002de   Section        0  llshl.o(.text)
    .text                                    0x080002fc   Section        0  llushr.o(.text)
    .text                                    0x0800031c   Section       36  init.o(.text)
    .text                                    0x08000340   Section        0  __dczerorl2.o(.text)
    OSKERNEL                                 0x08000398   Section       18  hardfaulthandler.o(OSKERNEL)
    $v0                                      0x08000398   Number         0  hardfaulthandler.o(OSKERNEL)
    i.BusFault_Handler                       0x080003aa   Section        0  stm32f4xx_it.o(i.BusFault_Handler)
    i.DebugMon_Handler                       0x080003ae   Section        0  stm32f4xx_it.o(i.DebugMon_Handler)
    i.EventCheckFilter                       0x080003b0   Section        0  eventrecorder.o(i.EventCheckFilter)
    EventCheckFilter                         0x080003b1   Thumb Code    32  eventrecorder.o(i.EventCheckFilter)
    i.EventGetTS                             0x080003d8   Section        0  eventrecorder.o(i.EventGetTS)
    EventGetTS                               0x080003d9   Thumb Code    56  eventrecorder.o(i.EventGetTS)
    i.EventRecord2                           0x08000414   Section        0  eventrecorder.o(i.EventRecord2)
    i.EventRecordData                        0x0800045a   Section        0  eventrecorder.o(i.EventRecordData)
    i.EventRecordItem                        0x08000570   Section        0  eventrecorder.o(i.EventRecordItem)
    EventRecordItem                          0x08000571   Thumb Code   206  eventrecorder.o(i.EventRecordItem)
    i.EventRecorderEnable                    0x08000648   Section        0  eventrecorder.o(i.EventRecorderEnable)
    i.EventRecorderInitialize                0x080006a4   Section        0  eventrecorder.o(i.EventRecorderInitialize)
    i.EventRecorderStart                     0x080007cc   Section        0  eventrecorder.o(i.EventRecorderStart)
    i.EventRecorderTimerGetCount             0x080007fc   Section        0  eventrecorder.o(i.EventRecorderTimerGetCount)
    i.EventRecorderTimerGetFreq              0x08000808   Section        0  eventrecorder.o(i.EventRecorderTimerGetFreq)
    i.EventRecorderTimerSetup                0x08000814   Section        0  eventrecorder.o(i.EventRecorderTimerSetup)
    i.GPIO_Init                              0x08000838   Section        0  stm32f4xx_gpio.o(i.GPIO_Init)
    i.GPIO_SetBits                           0x080008c8   Section        0  stm32f4xx_gpio.o(i.GPIO_SetBits)
    i.GetContext                             0x080008cc   Section        0  eventrecorder.o(i.GetContext)
    GetContext                               0x080008cd   Thumb Code    10  eventrecorder.o(i.GetContext)
    i.HardFaultHandler                       0x080008dc   Section        0  segger_hardfaulthandler.o(i.HardFaultHandler)
    i.MemManage_Handler                      0x08000990   Section        0  stm32f4xx_it.o(i.MemManage_Handler)
    i.NMI_Handler                            0x08000994   Section        0  stm32f4xx_it.o(i.NMI_Handler)
    i.NVIC_Init                              0x08000998   Section        0  misc.o(i.NVIC_Init)
    i.PendSV_Handler                         0x08000a10   Section        0  stm32f4xx_it.o(i.PendSV_Handler)
    i.RCC_AHB1PeriphClockCmd                 0x08000a14   Section        0  stm32f4xx_rcc.o(i.RCC_AHB1PeriphClockCmd)
    i.RCC_APB1PeriphClockCmd                 0x08000a34   Section        0  stm32f4xx_rcc.o(i.RCC_APB1PeriphClockCmd)
    i.SVC_Handler                            0x08000a54   Section        0  stm32f4xx_it.o(i.SVC_Handler)
    i.SetSysClock                            0x08000a58   Section        0  system_stm32f4xx.o(i.SetSysClock)
    SetSysClock                              0x08000a59   Thumb Code   220  system_stm32f4xx.o(i.SetSysClock)
    i.SysTick_CLKSourceConfig                0x08000b44   Section        0  misc.o(i.SysTick_CLKSourceConfig)
    i.SysTick_Handler                        0x08000b6c   Section        0  stm32f4xx_it.o(i.SysTick_Handler)
    i.SystemInit                             0x08000b70   Section        0  system_stm32f4xx.o(i.SystemInit)
    i.TIM3_IRQHandler                        0x08000bd8   Section        0  bsp_timer.o(i.TIM3_IRQHandler)
    i.TIM3_Int_Init                          0x08000cd0   Section        0  bsp_timer.o(i.TIM3_Int_Init)
    i.TIM4_IRQHandler                        0x08000d2c   Section        0  usmart.o(i.TIM4_IRQHandler)
    i.TIM_ClearFlag                          0x08000d64   Section        0  stm32f4xx_tim.o(i.TIM_ClearFlag)
    i.TIM_ClearITPendingBit                  0x08000d6a   Section        0  stm32f4xx_tim.o(i.TIM_ClearITPendingBit)
    i.TIM_Cmd                                0x08000d70   Section        0  stm32f4xx_tim.o(i.TIM_Cmd)
    i.TIM_GetCounter                         0x08000d88   Section        0  stm32f4xx_tim.o(i.TIM_GetCounter)
    i.TIM_GetFlagStatus                      0x08000d8e   Section        0  stm32f4xx_tim.o(i.TIM_GetFlagStatus)
    i.TIM_GetITStatus                        0x08000da0   Section        0  stm32f4xx_tim.o(i.TIM_GetITStatus)
    i.TIM_ITConfig                           0x08000dc2   Section        0  stm32f4xx_tim.o(i.TIM_ITConfig)
    i.TIM_SetAutoreload                      0x08000dd4   Section        0  stm32f4xx_tim.o(i.TIM_SetAutoreload)
    i.TIM_SetCounter                         0x08000dd8   Section        0  stm32f4xx_tim.o(i.TIM_SetCounter)
    i.TIM_TimeBaseInit                       0x08000ddc   Section        0  stm32f4xx_tim.o(i.TIM_TimeBaseInit)
    i.Timer4_Init                            0x08000e60   Section        0  usmart.o(i.Timer4_Init)
    i.USART1_IRQHandler                      0x08000ebc   Section        0  usart.o(i.USART1_IRQHandler)
    i.USART_GetITStatus                      0x08000f44   Section        0  stm32f4xx_usart.o(i.USART_GetITStatus)
    i.USART_ReceiveData                      0x08000f98   Section        0  stm32f4xx_usart.o(i.USART_ReceiveData)
    i.UsageFault_Handler                     0x08000fa2   Section        0  stm32f4xx_it.o(i.UsageFault_Handler)
    i.__0printf$8                            0x08000fa8   Section        0  printf8.o(i.__0printf$8)
    i.__scatterload_copy                     0x08000fc8   Section       14  handlers.o(i.__scatterload_copy)
    i.__scatterload_null                     0x08000fd6   Section        2  handlers.o(i.__scatterload_null)
    i.__scatterload_zeroinit                 0x08000fd8   Section       14  handlers.o(i.__scatterload_zeroinit)
    i._printf_core                           0x08000fe8   Section        0  printf8.o(i._printf_core)
    _printf_core                             0x08000fe9   Thumb Code   996  printf8.o(i._printf_core)
    i._printf_post_padding                   0x080013f8   Section        0  printf8.o(i._printf_post_padding)
    _printf_post_padding                     0x080013f9   Thumb Code    36  printf8.o(i._printf_post_padding)
    i._printf_pre_padding                    0x0800141c   Section        0  printf8.o(i._printf_pre_padding)
    _printf_pre_padding                      0x0800141d   Thumb Code    46  printf8.o(i._printf_pre_padding)
    i.bspInit                                0x0800144a   Section        0  bsp.o(i.bspInit)
    i.bspLedFlash                            0x08001474   Section        0  bsp_led.o(i.bspLedFlash)
    i.bspLedInit                             0x08001498   Section        0  bsp_led.o(i.bspLedInit)
    i.bsp_pcf8974x_io_init                   0x080014e8   Section        0  bsp_pcf8574.o(i.bsp_pcf8974x_io_init)
    i.crc16_ccitt                            0x08001524   Section        0  eventrecorder.o(i.crc16_ccitt)
    crc16_ccitt                              0x08001525   Thumb Code    66  eventrecorder.o(i.crc16_ccitt)
    i.delay_init                             0x08001568   Section        0  delay.o(i.delay_init)
    i.delay_ms                               0x080015a4   Section        0  delay.o(i.delay_ms)
    i.delay_us                               0x080015dc   Section        0  delay.o(i.delay_us)
    i.delay_xms                              0x08001628   Section        0  delay.o(i.delay_xms)
    i.fputc                                  0x08001674   Section        0  retarget_io.o(i.fputc)
    i.main                                   0x08001694   Section        0  main.o(i.main)
    i.read_addr                              0x08001700   Section        0  usmart.o(i.read_addr)
    i.stdout_putchar                         0x08001708   Section        0  retarget_io.o(i.stdout_putchar)
    stdout_putchar                           0x08001709   Thumb Code    68  retarget_io.o(i.stdout_putchar)
    i.usmart_cmd_rec                         0x08001758   Section        0  usmart.o(i.usmart_cmd_rec)
    i.usmart_exe                             0x08001808   Section        0  usmart.o(i.usmart_exe)
    i.usmart_get_aparm                       0x08001adc   Section        0  usmart_str.o(i.usmart_get_aparm)
    i.usmart_get_cmdname                     0x08001ba4   Section        0  usmart_str.o(i.usmart_get_cmdname)
    i.usmart_get_fname                       0x08001bdc   Section        0  usmart_str.o(i.usmart_get_fname)
    i.usmart_get_fparam                      0x08001d9c   Section        0  usmart_str.o(i.usmart_get_fparam)
    i.usmart_get_parmpos                     0x08001ea8   Section        0  usmart_str.o(i.usmart_get_parmpos)
    i.usmart_get_runtime                     0x08001ec8   Section        0  usmart.o(i.usmart_get_runtime)
    i.usmart_init                            0x08001f0c   Section        0  usmart.o(i.usmart_init)
    i.usmart_pow                             0x08001f34   Section        0  usmart_str.o(i.usmart_pow)
    i.usmart_reset_runtime                   0x08001f4c   Section        0  usmart.o(i.usmart_reset_runtime)
    i.usmart_scan                            0x08001f7c   Section        0  usmart.o(i.usmart_scan)
    i.usmart_search_nextc                    0x08002038   Section        0  usmart_str.o(i.usmart_search_nextc)
    i.usmart_str2num                         0x0800204e   Section        0  usmart_str.o(i.usmart_str2num)
    i.usmart_strcmp                          0x08002118   Section        0  usmart_str.o(i.usmart_strcmp)
    i.usmart_strcopy                         0x0800213a   Section        0  usmart_str.o(i.usmart_strcopy)
    i.usmart_strlen                          0x08002150   Section        0  usmart_str.o(i.usmart_strlen)
    i.usmart_sys_cmd_exe                     0x08002168   Section        0  usmart.o(i.usmart_sys_cmd_exe)
    i.write_addr                             0x0800284c   Section        0  usmart.o(i.write_addr)
    .constdata                               0x08002850   Section       24  eventrecorder.o(.constdata)
    __tagsym$$used                           0x08002850   Number         0  eventrecorder.o(.constdata)
    .conststring                             0x08002868   Section       40  usmart.o(.conststring)
    .conststring                             0x08002890   Section      107  usmart_config.o(.conststring)
    .data                                    0x20000000   Section        1  main.o(.data)
    .data                                    0x20000004   Section       20  system_stm32f4xx.o(.data)
    .data                                    0x20000018   Section        1  bsp_led.o(.data)
    flag                                     0x20000018   Data           1  bsp_led.o(.data)
    .data                                    0x2000001a   Section        8  bsp_timer.o(.data)
    .data                                    0x20000022   Section        4  delay.o(.data)
    fac_us                                   0x20000022   Data           1  delay.o(.data)
    fac_ms                                   0x20000024   Data           2  delay.o(.data)
    .data                                    0x20000026   Section        2  usart.o(.data)
    .data                                    0x20000028   Section        4  segger_hardfaulthandler.o(.data)
    _Continue                                0x20000028   Data           4  segger_hardfaulthandler.o(.data)
    .data                                    0x2000002c   Section       28  usmart.o(.data)
    .data                                    0x20000048   Section      276  usmart_config.o(.data)
    .data                                    0x2000015c   Section       12  retarget_io.o(.data)
    index                                    0x2000015c   Data           4  retarget_io.o(.data)
    buffer                                   0x20000160   Data           8  retarget_io.o(.data)
    .data                                    0x20000168   Section        4  stdout.o(.data)
    .bss                                     0x2000016c   Section      200  usart.o(.bss)
    .bss                                     0x20000234   Section       64  segger_hardfaulthandler.o(.bss)
    HardFaultRegs                            0x20000234   Data          64  segger_hardfaulthandler.o(.bss)
    .bss.noinit                              0x20000280   Section     1188  eventrecorder.o(.bss.noinit)
    EventBuffer                              0x20000280   Data        1024  eventrecorder.o(.bss.noinit)
    EventFilter                              0x20000680   Data         128  eventrecorder.o(.bss.noinit)
    EventStatus                              0x20000700   Data          36  eventrecorder.o(.bss.noinit)
    STACK                                    0x20000728   Section     1024  startup_stm32f40_41xxx.o(STACK)

    Global Symbols

    Symbol Name                              Value     Ov Type        Size  Object(Section)

    BuildAttributes$$THM_ISAv4$E$P$D$K$B$S$7EM$VFPi3$EXTD16$VFPS$VFMA$PE$A:L22UL41UL21$X:L11$S22US41US21$IEEE1$IW$USESV6$~STKCKD$USESV7$~SHL$OTIME$ROPI$IEEEJ$EBA8$MICROLIB$REQ8$PRES8$EABIv2 0x00000000   Number         0  anon$$obj.o ABSOLUTE
    __ARM_use_no_argv                        0x00000000   Number         0  main.o ABSOLUTE
    _printf_a                                0x00000000   Number         0  stubs.o ABSOLUTE
    _printf_c                                0x00000000   Number         0  stubs.o ABSOLUTE
    _printf_charcount                        0x00000000   Number         0  stubs.o ABSOLUTE
    _printf_d                                0x00000000   Number         0  stubs.o ABSOLUTE
    _printf_e                                0x00000000   Number         0  stubs.o ABSOLUTE
    _printf_f                                0x00000000   Number         0  stubs.o ABSOLUTE
    _printf_flags                            0x00000000   Number         0  stubs.o ABSOLUTE
    _printf_fp_dec                           0x00000000   Number         0  stubs.o ABSOLUTE
    _printf_fp_hex                           0x00000000   Number         0  stubs.o ABSOLUTE
    _printf_g                                0x00000000   Number         0  stubs.o ABSOLUTE
    _printf_i                                0x00000000   Number         0  stubs.o ABSOLUTE
    _printf_int_dec                          0x00000000   Number         0  stubs.o ABSOLUTE
    _printf_l                                0x00000000   Number         0  stubs.o ABSOLUTE
    _printf_lc                               0x00000000   Number         0  stubs.o ABSOLUTE
    _printf_ll                               0x00000000   Number         0  stubs.o ABSOLUTE
    _printf_lld                              0x00000000   Number         0  stubs.o ABSOLUTE
    _printf_lli                              0x00000000   Number         0  stubs.o ABSOLUTE
    _printf_llo                              0x00000000   Number         0  stubs.o ABSOLUTE
    _printf_llu                              0x00000000   Number         0  stubs.o ABSOLUTE
    _printf_llx                              0x00000000   Number         0  stubs.o ABSOLUTE
    _printf_longlong_dec                     0x00000000   Number         0  stubs.o ABSOLUTE
    _printf_longlong_hex                     0x00000000   Number         0  stubs.o ABSOLUTE
    _printf_longlong_oct                     0x00000000   Number         0  stubs.o ABSOLUTE
    _printf_ls                               0x00000000   Number         0  stubs.o ABSOLUTE
    _printf_mbtowc                           0x00000000   Number         0  stubs.o ABSOLUTE
    _printf_n                                0x00000000   Number         0  stubs.o ABSOLUTE
    _printf_o                                0x00000000   Number         0  stubs.o ABSOLUTE
    _printf_p                                0x00000000   Number         0  stubs.o ABSOLUTE
    _printf_percent                          0x00000000   Number         0  stubs.o ABSOLUTE
    _printf_pre_padding                      0x00000000   Number         0  stubs.o ABSOLUTE
    _printf_return_value                     0x00000000   Number         0  stubs.o ABSOLUTE
    _printf_s                                0x00000000   Number         0  stubs.o ABSOLUTE
    _printf_sizespec                         0x00000000   Number         0  stubs.o ABSOLUTE
    _printf_str                              0x00000000   Number         0  stubs.o ABSOLUTE
    _printf_truncate_signed                  0x00000000   Number         0  stubs.o ABSOLUTE
    _printf_truncate_unsigned                0x00000000   Number         0  stubs.o ABSOLUTE
    _printf_u                                0x00000000   Number         0  stubs.o ABSOLUTE
    _printf_wc                               0x00000000   Number         0  stubs.o ABSOLUTE
    _printf_wctomb                           0x00000000   Number         0  stubs.o ABSOLUTE
    _printf_widthprec                        0x00000000   Number         0  stubs.o ABSOLUTE
    _printf_x                                0x00000000   Number         0  stubs.o ABSOLUTE
    __cpp_initialize__aeabi_                  - Undefined Weak Reference
    __cxa_finalize                            - Undefined Weak Reference
    _clock_init                               - Undefined Weak Reference
    _microlib_exit                            - Undefined Weak Reference
    __Vectors_Size                           0x00000188   Number         0  startup_stm32f40_41xxx.o ABSOLUTE
    __Vectors                                0x08000000   Data           4  startup_stm32f40_41xxx.o(RESET)
    __Vectors_End                            0x08000188   Data           0  startup_stm32f40_41xxx.o(RESET)
    __main                                   0x08000189   Thumb Code     0  entry.o(.ARM.Collect$$$$00000000)
    _main_stk                                0x08000189   Thumb Code     0  entry2.o(.ARM.Collect$$$$00000001)
    _main_scatterload                        0x0800018d   Thumb Code     0  entry5.o(.ARM.Collect$$$$00000004)
    __main_after_scatterload                 0x08000191   Thumb Code     0  entry5.o(.ARM.Collect$$$$00000004)
    _main_clock                              0x08000191   Thumb Code     0  entry7b.o(.ARM.Collect$$$$00000008)
    _main_cpp_init                           0x08000191   Thumb Code     0  entry8b.o(.ARM.Collect$$$$0000000A)
    _main_init                               0x08000191   Thumb Code     0  entry9a.o(.ARM.Collect$$$$0000000B)
    __rt_final_cpp                           0x08000199   Thumb Code     0  entry10a.o(.ARM.Collect$$$$0000000D)
    __rt_final_exit                          0x08000199   Thumb Code     0  entry11a.o(.ARM.Collect$$$$0000000F)
    __asm___15_EventRecorder_c_e8d3082c__atomic_inc8 0x0800019d   Thumb Code    18  eventrecorder.o(.emb_text)
    __asm___15_EventRecorder_c_e8d3082c__atomic_inc32 0x080001af   Thumb Code    18  eventrecorder.o(.emb_text)
    __asm___15_EventRecorder_c_e8d3082c__atomic_xch32 0x080001c1   Thumb Code    16  eventrecorder.o(.emb_text)
    __asm___15_EventRecorder_c_e8d3082c__LockRecord 0x080001d1   Thumb Code    34  eventrecorder.o(.emb_text)
    __asm___15_EventRecorder_c_e8d3082c__UnlockRecord 0x080001f3   Thumb Code    30  eventrecorder.o(.emb_text)
    Reset_Handler                            0x08000211   Thumb Code     8  startup_stm32f40_41xxx.o(.text)
    ADC_IRQHandler                           0x0800022b   Thumb Code     0  startup_stm32f40_41xxx.o(.text)
    CAN1_RX0_IRQHandler                      0x0800022b   Thumb Code     0  startup_stm32f40_41xxx.o(.text)
    CAN1_RX1_IRQHandler                      0x0800022b   Thumb Code     0  startup_stm32f40_41xxx.o(.text)
    CAN1_SCE_IRQHandler                      0x0800022b   Thumb Code     0  startup_stm32f40_41xxx.o(.text)
    CAN1_TX_IRQHandler                       0x0800022b   Thumb Code     0  startup_stm32f40_41xxx.o(.text)
    CAN2_RX0_IRQHandler                      0x0800022b   Thumb Code     0  startup_stm32f40_41xxx.o(.text)
    CAN2_RX1_IRQHandler                      0x0800022b   Thumb Code     0  startup_stm32f40_41xxx.o(.text)
    CAN2_SCE_IRQHandler                      0x0800022b   Thumb Code     0  startup_stm32f40_41xxx.o(.text)
    CAN2_TX_IRQHandler                       0x0800022b   Thumb Code     0  startup_stm32f40_41xxx.o(.text)
    CRYP_IRQHandler                          0x0800022b   Thumb Code     0  startup_stm32f40_41xxx.o(.text)
    DCMI_IRQHandler                          0x0800022b   Thumb Code     0  startup_stm32f40_41xxx.o(.text)
    DMA1_Stream0_IRQHandler                  0x0800022b   Thumb Code     0  startup_stm32f40_41xxx.o(.text)
    DMA1_Stream1_IRQHandler                  0x0800022b   Thumb Code     0  startup_stm32f40_41xxx.o(.text)
    DMA1_Stream2_IRQHandler                  0x0800022b   Thumb Code     0  startup_stm32f40_41xxx.o(.text)
    DMA1_Stream3_IRQHandler                  0x0800022b   Thumb Code     0  startup_stm32f40_41xxx.o(.text)
    DMA1_Stream4_IRQHandler                  0x0800022b   Thumb Code     0  startup_stm32f40_41xxx.o(.text)
    DMA1_Stream5_IRQHandler                  0x0800022b   Thumb Code     0  startup_stm32f40_41xxx.o(.text)
    DMA1_Stream6_IRQHandler                  0x0800022b   Thumb Code     0  startup_stm32f40_41xxx.o(.text)
    DMA1_Stream7_IRQHandler                  0x0800022b   Thumb Code     0  startup_stm32f40_41xxx.o(.text)
    DMA2_Stream0_IRQHandler                  0x0800022b   Thumb Code     0  startup_stm32f40_41xxx.o(.text)
    DMA2_Stream1_IRQHandler                  0x0800022b   Thumb Code     0  startup_stm32f40_41xxx.o(.text)
    DMA2_Stream2_IRQHandler                  0x0800022b   Thumb Code     0  startup_stm32f40_41xxx.o(.text)
    DMA2_Stream3_IRQHandler                  0x0800022b   Thumb Code     0  startup_stm32f40_41xxx.o(.text)
    DMA2_Stream4_IRQHandler                  0x0800022b   Thumb Code     0  startup_stm32f40_41xxx.o(.text)
    DMA2_Stream5_IRQHandler                  0x0800022b   Thumb Code     0  startup_stm32f40_41xxx.o(.text)
    DMA2_Stream6_IRQHandler                  0x0800022b   Thumb Code     0  startup_stm32f40_41xxx.o(.text)
    DMA2_Stream7_IRQHandler                  0x0800022b   Thumb Code     0  startup_stm32f40_41xxx.o(.text)
    ETH_IRQHandler                           0x0800022b   Thumb Code     0  startup_stm32f40_41xxx.o(.text)
    ETH_WKUP_IRQHandler                      0x0800022b   Thumb Code     0  startup_stm32f40_41xxx.o(.text)
    EXTI0_IRQHandler                         0x0800022b   Thumb Code     0  startup_stm32f40_41xxx.o(.text)
    EXTI15_10_IRQHandler                     0x0800022b   Thumb Code     0  startup_stm32f40_41xxx.o(.text)
    EXTI1_IRQHandler                         0x0800022b   Thumb Code     0  startup_stm32f40_41xxx.o(.text)
    EXTI2_IRQHandler                         0x0800022b   Thumb Code     0  startup_stm32f40_41xxx.o(.text)
    EXTI3_IRQHandler                         0x0800022b   Thumb Code     0  startup_stm32f40_41xxx.o(.text)
    EXTI4_IRQHandler                         0x0800022b   Thumb Code     0  startup_stm32f40_41xxx.o(.text)
    EXTI9_5_IRQHandler                       0x0800022b   Thumb Code     0  startup_stm32f40_41xxx.o(.text)
    FLASH_IRQHandler                         0x0800022b   Thumb Code     0  startup_stm32f40_41xxx.o(.text)
    FPU_IRQHandler                           0x0800022b   Thumb Code     0  startup_stm32f40_41xxx.o(.text)
    FSMC_IRQHandler                          0x0800022b   Thumb Code     0  startup_stm32f40_41xxx.o(.text)
    HASH_RNG_IRQHandler                      0x0800022b   Thumb Code     0  startup_stm32f40_41xxx.o(.text)
    I2C1_ER_IRQHandler                       0x0800022b   Thumb Code     0  startup_stm32f40_41xxx.o(.text)
    I2C1_EV_IRQHandler                       0x0800022b   Thumb Code     0  startup_stm32f40_41xxx.o(.text)
    I2C2_ER_IRQHandler                       0x0800022b   Thumb Code     0  startup_stm32f40_41xxx.o(.text)
    I2C2_EV_IRQHandler                       0x0800022b   Thumb Code     0  startup_stm32f40_41xxx.o(.text)
    I2C3_ER_IRQHandler                       0x0800022b   Thumb Code     0  startup_stm32f40_41xxx.o(.text)
    I2C3_EV_IRQHandler                       0x0800022b   Thumb Code     0  startup_stm32f40_41xxx.o(.text)
    OTG_FS_IRQHandler                        0x0800022b   Thumb Code     0  startup_stm32f40_41xxx.o(.text)
    OTG_FS_WKUP_IRQHandler                   0x0800022b   Thumb Code     0  startup_stm32f40_41xxx.o(.text)
    OTG_HS_EP1_IN_IRQHandler                 0x0800022b   Thumb Code     0  startup_stm32f40_41xxx.o(.text)
    OTG_HS_EP1_OUT_IRQHandler                0x0800022b   Thumb Code     0  startup_stm32f40_41xxx.o(.text)
    OTG_HS_IRQHandler                        0x0800022b   Thumb Code     0  startup_stm32f40_41xxx.o(.text)
    OTG_HS_WKUP_IRQHandler                   0x0800022b   Thumb Code     0  startup_stm32f40_41xxx.o(.text)
    PVD_IRQHandler                           0x0800022b   Thumb Code     0  startup_stm32f40_41xxx.o(.text)
    RCC_IRQHandler                           0x0800022b   Thumb Code     0  startup_stm32f40_41xxx.o(.text)
    RTC_Alarm_IRQHandler                     0x0800022b   Thumb Code     0  startup_stm32f40_41xxx.o(.text)
    RTC_WKUP_IRQHandler                      0x0800022b   Thumb Code     0  startup_stm32f40_41xxx.o(.text)
    SDIO_IRQHandler                          0x0800022b   Thumb Code     0  startup_stm32f40_41xxx.o(.text)
    SPI1_IRQHandler                          0x0800022b   Thumb Code     0  startup_stm32f40_41xxx.o(.text)
    SPI2_IRQHandler                          0x0800022b   Thumb Code     0  startup_stm32f40_41xxx.o(.text)
    SPI3_IRQHandler                          0x0800022b   Thumb Code     0  startup_stm32f40_41xxx.o(.text)
    TAMP_STAMP_IRQHandler                    0x0800022b   Thumb Code     0  startup_stm32f40_41xxx.o(.text)
    TIM1_BRK_TIM9_IRQHandler                 0x0800022b   Thumb Code     0  startup_stm32f40_41xxx.o(.text)
    TIM1_CC_IRQHandler                       0x0800022b   Thumb Code     0  startup_stm32f40_41xxx.o(.text)
    TIM1_TRG_COM_TIM11_IRQHandler            0x0800022b   Thumb Code     0  startup_stm32f40_41xxx.o(.text)
    TIM1_UP_TIM10_IRQHandler                 0x0800022b   Thumb Code     0  startup_stm32f40_41xxx.o(.text)
    TIM2_IRQHandler                          0x0800022b   Thumb Code     0  startup_stm32f40_41xxx.o(.text)
    TIM5_IRQHandler                          0x0800022b   Thumb Code     0  startup_stm32f40_41xxx.o(.text)
    TIM6_DAC_IRQHandler                      0x0800022b   Thumb Code     0  startup_stm32f40_41xxx.o(.text)
    TIM7_IRQHandler                          0x0800022b   Thumb Code     0  startup_stm32f40_41xxx.o(.text)
    TIM8_BRK_TIM12_IRQHandler                0x0800022b   Thumb Code     0  startup_stm32f40_41xxx.o(.text)
    TIM8_CC_IRQHandler                       0x0800022b   Thumb Code     0  startup_stm32f40_41xxx.o(.text)
    TIM8_TRG_COM_TIM14_IRQHandler            0x0800022b   Thumb Code     0  startup_stm32f40_41xxx.o(.text)
    TIM8_UP_TIM13_IRQHandler                 0x0800022b   Thumb Code     0  startup_stm32f40_41xxx.o(.text)
    UART4_IRQHandler                         0x0800022b   Thumb Code     0  startup_stm32f40_41xxx.o(.text)
    UART5_IRQHandler                         0x0800022b   Thumb Code     0  startup_stm32f40_41xxx.o(.text)
    USART2_IRQHandler                        0x0800022b   Thumb Code     0  startup_stm32f40_41xxx.o(.text)
    USART3_IRQHandler                        0x0800022b   Thumb Code     0  startup_stm32f40_41xxx.o(.text)
    USART6_IRQHandler                        0x0800022b   Thumb Code     0  startup_stm32f40_41xxx.o(.text)
    WWDG_IRQHandler                          0x0800022b   Thumb Code     0  startup_stm32f40_41xxx.o(.text)
    __aeabi_memcpy                           0x08000235   Thumb Code    36  memcpya.o(.text)
    __aeabi_memcpy4                          0x08000235   Thumb Code     0  memcpya.o(.text)
    __aeabi_memcpy8                          0x08000235   Thumb Code     0  memcpya.o(.text)
    __aeabi_memset                           0x08000259   Thumb Code    14  memseta.o(.text)
    __aeabi_memset4                          0x08000259   Thumb Code     0  memseta.o(.text)
    __aeabi_memset8                          0x08000259   Thumb Code     0  memseta.o(.text)
    __aeabi_memclr                           0x08000267   Thumb Code     4  memseta.o(.text)
    __aeabi_memclr4                          0x08000267   Thumb Code     0  memseta.o(.text)
    __aeabi_memclr8                          0x08000267   Thumb Code     0  memseta.o(.text)
    _memset$wrapper                          0x0800026b   Thumb Code    18  memseta.o(.text)
    __aeabi_uldivmod                         0x0800027d   Thumb Code    98  uldiv.o(.text)
    __aeabi_llsl                             0x080002df   Thumb Code    30  llshl.o(.text)
    _ll_shift_l                              0x080002df   Thumb Code     0  llshl.o(.text)
    __aeabi_llsr                             0x080002fd   Thumb Code    32  llushr.o(.text)
    _ll_ushift_r                             0x080002fd   Thumb Code     0  llushr.o(.text)
    __scatterload                            0x0800031d   Thumb Code    28  init.o(.text)
    __scatterload_rt2                        0x0800031d   Thumb Code     0  init.o(.text)
    __decompress                             0x08000341   Thumb Code     0  __dczerorl2.o(.text)
    __decompress1                            0x08000341   Thumb Code    86  __dczerorl2.o(.text)
    HardFault_Handler                        0x08000399   Thumb Code     0  hardfaulthandler.o(OSKERNEL)
    BusFault_Handler                         0x080003ab   Thumb Code     4  stm32f4xx_it.o(i.BusFault_Handler)
    DebugMon_Handler                         0x080003af   Thumb Code     2  stm32f4xx_it.o(i.DebugMon_Handler)
    EventRecord2                             0x08000415   Thumb Code    70  eventrecorder.o(i.EventRecord2)
    EventRecordData                          0x0800045b   Thumb Code   278  eventrecorder.o(i.EventRecordData)
    EventRecorderEnable                      0x08000649   Thumb Code    88  eventrecorder.o(i.EventRecorderEnable)
    EventRecorderInitialize                  0x080006a5   Thumb Code   270  eventrecorder.o(i.EventRecorderInitialize)
    EventRecorderStart                       0x080007cd   Thumb Code    40  eventrecorder.o(i.EventRecorderStart)
    EventRecorderTimerGetCount               0x080007fd   Thumb Code     6  eventrecorder.o(i.EventRecorderTimerGetCount)
    EventRecorderTimerGetFreq                0x08000809   Thumb Code     6  eventrecorder.o(i.EventRecorderTimerGetFreq)
    EventRecorderTimerSetup                  0x08000815   Thumb Code    28  eventrecorder.o(i.EventRecorderTimerSetup)
    GPIO_Init                                0x08000839   Thumb Code   144  stm32f4xx_gpio.o(i.GPIO_Init)
    GPIO_SetBits                             0x080008c9   Thumb Code     4  stm32f4xx_gpio.o(i.GPIO_SetBits)
    HardFaultHandler                         0x080008dd   Thumb Code   166  segger_hardfaulthandler.o(i.HardFaultHandler)
    MemManage_Handler                        0x08000991   Thumb Code     4  stm32f4xx_it.o(i.MemManage_Handler)
    NMI_Handler                              0x08000995   Thumb Code     2  stm32f4xx_it.o(i.NMI_Handler)
    NVIC_Init                                0x08000999   Thumb Code   106  misc.o(i.NVIC_Init)
    PendSV_Handler                           0x08000a11   Thumb Code     2  stm32f4xx_it.o(i.PendSV_Handler)
    RCC_AHB1PeriphClockCmd                   0x08000a15   Thumb Code    26  stm32f4xx_rcc.o(i.RCC_AHB1PeriphClockCmd)
    RCC_APB1PeriphClockCmd                   0x08000a35   Thumb Code    26  stm32f4xx_rcc.o(i.RCC_APB1PeriphClockCmd)
    SVC_Handler                              0x08000a55   Thumb Code     2  stm32f4xx_it.o(i.SVC_Handler)
    SysTick_CLKSourceConfig                  0x08000b45   Thumb Code    40  misc.o(i.SysTick_CLKSourceConfig)
    SysTick_Handler                          0x08000b6d   Thumb Code     2  stm32f4xx_it.o(i.SysTick_Handler)
    SystemInit                               0x08000b71   Thumb Code    88  system_stm32f4xx.o(i.SystemInit)
    TIM3_IRQHandler                          0x08000bd9   Thumb Code   198  bsp_timer.o(i.TIM3_IRQHandler)
    TIM3_Int_Init                            0x08000cd1   Thumb Code    88  bsp_timer.o(i.TIM3_Int_Init)
    TIM4_IRQHandler                          0x08000d2d   Thumb Code    46  usmart.o(i.TIM4_IRQHandler)
    TIM_ClearFlag                            0x08000d65   Thumb Code     6  stm32f4xx_tim.o(i.TIM_ClearFlag)
    TIM_ClearITPendingBit                    0x08000d6b   Thumb Code     6  stm32f4xx_tim.o(i.TIM_ClearITPendingBit)
    TIM_Cmd                                  0x08000d71   Thumb Code    24  stm32f4xx_tim.o(i.TIM_Cmd)
    TIM_GetCounter                           0x08000d89   Thumb Code     6  stm32f4xx_tim.o(i.TIM_GetCounter)
    TIM_GetFlagStatus                        0x08000d8f   Thumb Code    18  stm32f4xx_tim.o(i.TIM_GetFlagStatus)
    TIM_GetITStatus                          0x08000da1   Thumb Code    34  stm32f4xx_tim.o(i.TIM_GetITStatus)
    TIM_ITConfig                             0x08000dc3   Thumb Code    18  stm32f4xx_tim.o(i.TIM_ITConfig)
    TIM_SetAutoreload                        0x08000dd5   Thumb Code     4  stm32f4xx_tim.o(i.TIM_SetAutoreload)
    TIM_SetCounter                           0x08000dd9   Thumb Code     4  stm32f4xx_tim.o(i.TIM_SetCounter)
    TIM_TimeBaseInit                         0x08000ddd   Thumb Code   104  stm32f4xx_tim.o(i.TIM_TimeBaseInit)
    Timer4_Init                              0x08000e61   Thumb Code    86  usmart.o(i.Timer4_Init)
    USART1_IRQHandler                        0x08000ebd   Thumb Code   122  usart.o(i.USART1_IRQHandler)
    USART_GetITStatus                        0x08000f45   Thumb Code    84  stm32f4xx_usart.o(i.USART_GetITStatus)
    USART_ReceiveData                        0x08000f99   Thumb Code    10  stm32f4xx_usart.o(i.USART_ReceiveData)
    UsageFault_Handler                       0x08000fa3   Thumb Code     4  stm32f4xx_it.o(i.UsageFault_Handler)
    __0printf$8                              0x08000fa9   Thumb Code    22  printf8.o(i.__0printf$8)
    __1printf$8                              0x08000fa9   Thumb Code     0  printf8.o(i.__0printf$8)
    __2printf                                0x08000fa9   Thumb Code     0  printf8.o(i.__0printf$8)
    __scatterload_copy                       0x08000fc9   Thumb Code    14  handlers.o(i.__scatterload_copy)
    __scatterload_null                       0x08000fd7   Thumb Code     2  handlers.o(i.__scatterload_null)
    __scatterload_zeroinit                   0x08000fd9   Thumb Code    14  handlers.o(i.__scatterload_zeroinit)
    bspInit                                  0x0800144b   Thumb Code    40  bsp.o(i.bspInit)
    bspLedFlash                              0x08001475   Thumb Code    26  bsp_led.o(i.bspLedFlash)
    bspLedInit                               0x08001499   Thumb Code    72  bsp_led.o(i.bspLedInit)
    bsp_pcf8974x_io_init                     0x080014e9   Thumb Code    56  bsp_pcf8574.o(i.bsp_pcf8974x_io_init)
    delay_init                               0x08001569   Thumb Code    52  delay.o(i.delay_init)
    delay_ms                                 0x080015a5   Thumb Code    56  delay.o(i.delay_ms)
    delay_us                                 0x080015dd   Thumb Code    72  delay.o(i.delay_us)
    delay_xms                                0x08001629   Thumb Code    72  delay.o(i.delay_xms)
    fputc                                    0x08001675   Thumb Code    26  retarget_io.o(i.fputc)
    main                                     0x08001695   Thumb Code   102  main.o(i.main)
    read_addr                                0x08001701   Thumb Code     6  usmart.o(i.read_addr)
    usmart_cmd_rec                           0x08001759   Thumb Code   170  usmart.o(i.usmart_cmd_rec)
    usmart_exe                               0x08001809   Thumb Code   632  usmart.o(i.usmart_exe)
    usmart_get_aparm                         0x08001add   Thumb Code   200  usmart_str.o(i.usmart_get_aparm)
    usmart_get_cmdname                       0x08001ba5   Thumb Code    54  usmart_str.o(i.usmart_get_cmdname)
    usmart_get_fname                         0x08001bdd   Thumb Code   440  usmart_str.o(i.usmart_get_fname)
    usmart_get_fparam                        0x08001d9d   Thumb Code   262  usmart_str.o(i.usmart_get_fparam)
    usmart_get_parmpos                       0x08001ea9   Thumb Code    26  usmart_str.o(i.usmart_get_parmpos)
    usmart_get_runtime                       0x08001ec9   Thumb Code    60  usmart.o(i.usmart_get_runtime)
    usmart_init                              0x08001f0d   Thumb Code    36  usmart.o(i.usmart_init)
    usmart_pow                               0x08001f35   Thumb Code    22  usmart_str.o(i.usmart_pow)
    usmart_reset_runtime                     0x08001f4d   Thumb Code    38  usmart.o(i.usmart_reset_runtime)
    usmart_scan                              0x08001f7d   Thumb Code   120  usmart.o(i.usmart_scan)
    usmart_search_nextc                      0x08002039   Thumb Code    22  usmart_str.o(i.usmart_search_nextc)
    usmart_str2num                           0x0800204f   Thumb Code   202  usmart_str.o(i.usmart_str2num)
    usmart_strcmp                            0x08002119   Thumb Code    34  usmart_str.o(i.usmart_strcmp)
    usmart_strcopy                           0x0800213b   Thumb Code    22  usmart_str.o(i.usmart_strcopy)
    usmart_strlen                            0x08002151   Thumb Code    24  usmart_str.o(i.usmart_strlen)
    usmart_sys_cmd_exe                       0x08002169   Thumb Code  1554  usmart.o(i.usmart_sys_cmd_exe)
    write_addr                               0x0800284d   Thumb Code     4  usmart.o(i.write_addr)
    EventRecorderInfo                        0x08002850   Data          24  eventrecorder.o(.constdata)
    Region$$Table$$Base                      0x080028fc   Number         0  anon$$obj.o(Region$$Table)
    Region$$Table$$Limit                     0x0800291c   Number         0  anon$$obj.o(Region$$Table)
    g_ucStateFlag                            0x20000000   Data           1  main.o(.data)
    SystemCoreClock                          0x20000004   Data           4  system_stm32f4xx.o(.data)
    AHBPrescTable                            0x20000008   Data          16  system_stm32f4xx.o(.data)
    g_usDht22Timeout                         0x2000001a   Data           2  bsp_timer.o(.data)
    g_usLedTimeout                           0x2000001c   Data           2  bsp_timer.o(.data)
    g_usOledTimeout                          0x2000001e   Data           2  bsp_timer.o(.data)
    g_usSgp30Timeout                         0x20000020   Data           2  bsp_timer.o(.data)
    USART_RX_STA                             0x20000026   Data           2  usart.o(.data)
    sys_cmd_tab                              0x2000002c   Data          28  usmart.o(.data)
    usmart_nametab                           0x20000048   Data          32  usmart_config.o(.data)
    usmart_dev                               0x20000068   Data         244  usmart_config.o(.data)
    __stdout                                 0x20000168   Data           4  stdout.o(.data)
    USART_RX_BUF                             0x2000016c   Data         200  usart.o(.bss)
    __initial_sp                             0x20000b28   Data           0  startup_stm32f40_41xxx.o(STACK)



==============================================================================

Memory Map of the image

  Image Entry point : 0x08000189

  Load Region LR_IROM1 (Base: 0x08000000, Size: 0x00002a88, Max: 0x00080000, ABSOLUTE, COMPRESSED[0x00002974])

    Execution Region ER_IROM1 (Exec base: 0x08000000, Load base: 0x08000000, Size: 0x0000291c, Max: 0x00080000, ABSOLUTE)

    Exec Addr    Load Addr    Size         Type   Attr      Idx    E Section Name        Object

    0x08000000   0x08000000   0x00000188   Data   RO         1050    RESET               startup_stm32f40_41xxx.o
    0x08000188   0x08000188   0x00000000   Code   RO         3063  * .ARM.Collect$$$$00000000  mc_w.l(entry.o)
    0x08000188   0x08000188   0x00000004   Code   RO         3359    .ARM.Collect$$$$00000001  mc_w.l(entry2.o)
    0x0800018c   0x0800018c   0x00000004   Code   RO         3362    .ARM.Collect$$$$00000004  mc_w.l(entry5.o)
    0x08000190   0x08000190   0x00000000   Code   RO         3364    .ARM.Collect$$$$00000008  mc_w.l(entry7b.o)
    0x08000190   0x08000190   0x00000000   Code   RO         3366    .ARM.Collect$$$$0000000A  mc_w.l(entry8b.o)
    0x08000190   0x08000190   0x00000008   Code   RO         3367    .ARM.Collect$$$$0000000B  mc_w.l(entry9a.o)
    0x08000198   0x08000198   0x00000000   Code   RO         3369    .ARM.Collect$$$$0000000D  mc_w.l(entry10a.o)
    0x08000198   0x08000198   0x00000000   Code   RO         3371    .ARM.Collect$$$$0000000F  mc_w.l(entry11a.o)
    0x08000198   0x08000198   0x00000004   Code   RO         3360    .ARM.Collect$$$$00002712  mc_w.l(entry2.o)
    0x0800019c   0x0800019c   0x00000074   Code   RO         2875    .emb_text           eventrecorder.o
    0x08000210   0x08000210   0x00000024   Code   RO         1051    .text               startup_stm32f40_41xxx.o
    0x08000234   0x08000234   0x00000024   Code   RO         3072    .text               mc_w.l(memcpya.o)
    0x08000258   0x08000258   0x00000024   Code   RO         3074    .text               mc_w.l(memseta.o)
    0x0800027c   0x0800027c   0x00000062   Code   RO         3375    .text               mc_w.l(uldiv.o)
    0x080002de   0x080002de   0x0000001e   Code   RO         3377    .text               mc_w.l(llshl.o)
    0x080002fc   0x080002fc   0x00000020   Code   RO         3379    .text               mc_w.l(llushr.o)
    0x0800031c   0x0800031c   0x00000024   Code   RO         3390    .text               mc_w.l(init.o)
    0x08000340   0x08000340   0x00000056   Code   RO         3400    .text               mc_w.l(__dczerorl2.o)
    0x08000396   0x08000396   0x00000002   PAD
    0x08000398   0x08000398   0x00000012   Code   RO         2641    OSKERNEL            hardfaulthandler.o
    0x080003aa   0x080003aa   0x00000004   Code   RO          166    i.BusFault_Handler  stm32f4xx_it.o
    0x080003ae   0x080003ae   0x00000002   Code   RO          167    i.DebugMon_Handler  stm32f4xx_it.o
    0x080003b0   0x080003b0   0x00000028   Code   RO         2876    i.EventCheckFilter  eventrecorder.o
    0x080003d8   0x080003d8   0x0000003c   Code   RO         2877    i.EventGetTS        eventrecorder.o
    0x08000414   0x08000414   0x00000046   Code   RO         2878    i.EventRecord2      eventrecorder.o
    0x0800045a   0x0800045a   0x00000116   Code   RO         2880    i.EventRecordData   eventrecorder.o
    0x08000570   0x08000570   0x000000d8   Code   RO         2881    i.EventRecordItem   eventrecorder.o
    0x08000648   0x08000648   0x0000005c   Code   RO         2884    i.EventRecorderEnable  eventrecorder.o
    0x080006a4   0x080006a4   0x00000128   Code   RO         2885    i.EventRecorderInitialize  eventrecorder.o
    0x080007cc   0x080007cc   0x00000030   Code   RO         2886    i.EventRecorderStart  eventrecorder.o
    0x080007fc   0x080007fc   0x0000000c   Code   RO         2888    i.EventRecorderTimerGetCount  eventrecorder.o
    0x08000808   0x08000808   0x0000000c   Code   RO         2889    i.EventRecorderTimerGetFreq  eventrecorder.o
    0x08000814   0x08000814   0x00000024   Code   RO         2890    i.EventRecorderTimerSetup  eventrecorder.o
    0x08000838   0x08000838   0x00000090   Code   RO         1102    i.GPIO_Init         stm32f4xx_gpio.o
    0x080008c8   0x080008c8   0x00000004   Code   RO         1110    i.GPIO_SetBits      stm32f4xx_gpio.o
    0x080008cc   0x080008cc   0x00000010   Code   RO         2891    i.GetContext        eventrecorder.o
    0x080008dc   0x080008dc   0x000000b4   Code   RO         2646    i.HardFaultHandler  segger_hardfaulthandler.o
    0x08000990   0x08000990   0x00000004   Code   RO          168    i.MemManage_Handler  stm32f4xx_it.o
    0x08000994   0x08000994   0x00000002   Code   RO          169    i.NMI_Handler       stm32f4xx_it.o
    0x08000996   0x08000996   0x00000002   PAD
    0x08000998   0x08000998   0x00000078   Code   RO         1057    i.NVIC_Init         misc.o
    0x08000a10   0x08000a10   0x00000002   Code   RO          170    i.PendSV_Handler    stm32f4xx_it.o
    0x08000a12   0x08000a12   0x00000002   PAD
    0x08000a14   0x08000a14   0x00000020   Code   RO         1199    i.RCC_AHB1PeriphClockCmd  stm32f4xx_rcc.o
    0x08000a34   0x08000a34   0x00000020   Code   RO         1208    i.RCC_APB1PeriphClockCmd  stm32f4xx_rcc.o
    0x08000a54   0x08000a54   0x00000002   Code   RO          171    i.SVC_Handler       stm32f4xx_it.o
    0x08000a56   0x08000a56   0x00000002   PAD
    0x08000a58   0x08000a58   0x000000ec   Code   RO          257    i.SetSysClock       system_stm32f4xx.o
    0x08000b44   0x08000b44   0x00000028   Code   RO         1061    i.SysTick_CLKSourceConfig  misc.o
    0x08000b6c   0x08000b6c   0x00000002   Code   RO          172    i.SysTick_Handler   stm32f4xx_it.o
    0x08000b6e   0x08000b6e   0x00000002   PAD
    0x08000b70   0x08000b70   0x00000068   Code   RO          259    i.SystemInit        system_stm32f4xx.o
    0x08000bd8   0x08000bd8   0x000000f8   Code   RO          675    i.TIM3_IRQHandler   bsp_timer.o
    0x08000cd0   0x08000cd0   0x0000005c   Code   RO          676    i.TIM3_Int_Init     bsp_timer.o
    0x08000d2c   0x08000d2c   0x00000038   Code   RO         2672    i.TIM4_IRQHandler   usmart.o
    0x08000d64   0x08000d64   0x00000006   Code   RO         2029    i.TIM_ClearFlag     stm32f4xx_tim.o
    0x08000d6a   0x08000d6a   0x00000006   Code   RO         2030    i.TIM_ClearITPendingBit  stm32f4xx_tim.o
    0x08000d70   0x08000d70   0x00000018   Code   RO         2035    i.TIM_Cmd           stm32f4xx_tim.o
    0x08000d88   0x08000d88   0x00000006   Code   RO         2054    i.TIM_GetCounter    stm32f4xx_tim.o
    0x08000d8e   0x08000d8e   0x00000012   Code   RO         2055    i.TIM_GetFlagStatus  stm32f4xx_tim.o
    0x08000da0   0x08000da0   0x00000022   Code   RO         2056    i.TIM_GetITStatus   stm32f4xx_tim.o
    0x08000dc2   0x08000dc2   0x00000012   Code   RO         2060    i.TIM_ITConfig      stm32f4xx_tim.o
    0x08000dd4   0x08000dd4   0x00000004   Code   RO         2095    i.TIM_SetAutoreload  stm32f4xx_tim.o
    0x08000dd8   0x08000dd8   0x00000004   Code   RO         2101    i.TIM_SetCounter    stm32f4xx_tim.o
    0x08000ddc   0x08000ddc   0x00000084   Code   RO         2107    i.TIM_TimeBaseInit  stm32f4xx_tim.o
    0x08000e60   0x08000e60   0x0000005c   Code   RO         2673    i.Timer4_Init       usmart.o
    0x08000ebc   0x08000ebc   0x00000088   Code   RO         1017    i.USART1_IRQHandler  usart.o
    0x08000f44   0x08000f44   0x00000054   Code   RO         1597    i.USART_GetITStatus  stm32f4xx_usart.o
    0x08000f98   0x08000f98   0x0000000a   Code   RO         1607    i.USART_ReceiveData  stm32f4xx_usart.o
    0x08000fa2   0x08000fa2   0x00000004   Code   RO          173    i.UsageFault_Handler  stm32f4xx_it.o
    0x08000fa6   0x08000fa6   0x00000002   PAD
    0x08000fa8   0x08000fa8   0x00000020   Code   RO         3285    i.__0printf$8       mc_w.l(printf8.o)
    0x08000fc8   0x08000fc8   0x0000000e   Code   RO         3394    i.__scatterload_copy  mc_w.l(handlers.o)
    0x08000fd6   0x08000fd6   0x00000002   Code   RO         3395    i.__scatterload_null  mc_w.l(handlers.o)
    0x08000fd8   0x08000fd8   0x0000000e   Code   RO         3396    i.__scatterload_zeroinit  mc_w.l(handlers.o)
    0x08000fe6   0x08000fe6   0x00000002   PAD
    0x08000fe8   0x08000fe8   0x00000410   Code   RO         3292    i._printf_core      mc_w.l(printf8.o)
    0x080013f8   0x080013f8   0x00000024   Code   RO         3293    i._printf_post_padding  mc_w.l(printf8.o)
    0x0800141c   0x0800141c   0x0000002e   Code   RO         3294    i._printf_pre_padding  mc_w.l(printf8.o)
    0x0800144a   0x0800144a   0x00000028   Code   RO          294    i.bspInit           bsp.o
    0x08001472   0x08001472   0x00000002   PAD
    0x08001474   0x08001474   0x00000024   Code   RO          476    i.bspLedFlash       bsp_led.o
    0x08001498   0x08001498   0x00000050   Code   RO          477    i.bspLedInit        bsp_led.o
    0x080014e8   0x080014e8   0x0000003c   Code   RO          911    i.bsp_pcf8974x_io_init  bsp_pcf8574.o
    0x08001524   0x08001524   0x00000042   Code   RO         2892    i.crc16_ccitt       eventrecorder.o
    0x08001566   0x08001566   0x00000002   PAD
    0x08001568   0x08001568   0x0000003c   Code   RO          959    i.delay_init        delay.o
    0x080015a4   0x080015a4   0x00000038   Code   RO          960    i.delay_ms          delay.o
    0x080015dc   0x080015dc   0x0000004c   Code   RO          961    i.delay_us          delay.o
    0x08001628   0x08001628   0x0000004c   Code   RO          962    i.delay_xms         delay.o
    0x08001674   0x08001674   0x00000020   Code   RO         3005    i.fputc             retarget_io.o
    0x08001694   0x08001694   0x0000006c   Code   RO            3    i.main              main.o
    0x08001700   0x08001700   0x00000006   Code   RO         2674    i.read_addr         usmart.o
    0x08001706   0x08001706   0x00000002   PAD
    0x08001708   0x08001708   0x00000050   Code   RO         3006    i.stdout_putchar    retarget_io.o
    0x08001758   0x08001758   0x000000b0   Code   RO         2675    i.usmart_cmd_rec    usmart.o
    0x08001808   0x08001808   0x000002d4   Code   RO         2676    i.usmart_exe        usmart.o
    0x08001adc   0x08001adc   0x000000c8   Code   RO         2795    i.usmart_get_aparm  usmart_str.o
    0x08001ba4   0x08001ba4   0x00000036   Code   RO         2796    i.usmart_get_cmdname  usmart_str.o
    0x08001bda   0x08001bda   0x00000002   PAD
    0x08001bdc   0x08001bdc   0x000001c0   Code   RO         2797    i.usmart_get_fname  usmart_str.o
    0x08001d9c   0x08001d9c   0x0000010c   Code   RO         2798    i.usmart_get_fparam  usmart_str.o
    0x08001ea8   0x08001ea8   0x00000020   Code   RO         2799    i.usmart_get_parmpos  usmart_str.o
    0x08001ec8   0x08001ec8   0x00000044   Code   RO         2677    i.usmart_get_runtime  usmart.o
    0x08001f0c   0x08001f0c   0x00000028   Code   RO         2678    i.usmart_init       usmart.o
    0x08001f34   0x08001f34   0x00000016   Code   RO         2800    i.usmart_pow        usmart_str.o
    0x08001f4a   0x08001f4a   0x00000002   PAD
    0x08001f4c   0x08001f4c   0x00000030   Code   RO         2679    i.usmart_reset_runtime  usmart.o
    0x08001f7c   0x08001f7c   0x000000bc   Code   RO         2680    i.usmart_scan       usmart.o
    0x08002038   0x08002038   0x00000016   Code   RO         2801    i.usmart_search_nextc  usmart_str.o
    0x0800204e   0x0800204e   0x000000ca   Code   RO         2802    i.usmart_str2num    usmart_str.o
    0x08002118   0x08002118   0x00000022   Code   RO         2803    i.usmart_strcmp     usmart_str.o
    0x0800213a   0x0800213a   0x00000016   Code   RO         2804    i.usmart_strcopy    usmart_str.o
    0x08002150   0x08002150   0x00000018   Code   RO         2805    i.usmart_strlen     usmart_str.o
    0x08002168   0x08002168   0x000006e4   Code   RO         2681    i.usmart_sys_cmd_exe  usmart.o
    0x0800284c   0x0800284c   0x00000004   Code   RO         2682    i.write_addr        usmart.o
    0x08002850   0x08002850   0x00000018   Data   RO         2894    .constdata          eventrecorder.o
    0x08002868   0x08002868   0x00000028   Data   RO         2683    .conststring        usmart.o
    0x08002890   0x08002890   0x0000006b   Data   RO         2767    .conststring        usmart_config.o
    0x080028fb   0x080028fb   0x00000001   PAD
    0x080028fc   0x080028fc   0x00000020   Data   RO         3392    Region$$Table       anon$$obj.o


    Execution Region RW_IRAM1 (Exec base: 0x20000000, Load base: 0x0800291c, Size: 0x00000b28, Max: 0x00020000, ABSOLUTE, COMPRESSED[0x00000058])

    Exec Addr    Load Addr    Size         Type   Attr      Idx    E Section Name        Object

    0x20000000   COMPRESSED   0x00000001   Data   RW            5    .data               main.o
    0x20000001   COMPRESSED   0x00000003   PAD
    0x20000004   COMPRESSED   0x00000014   Data   RW          260    .data               system_stm32f4xx.o
    0x20000018   COMPRESSED   0x00000001   Data   RW          478    .data               bsp_led.o
    0x20000019   COMPRESSED   0x00000001   PAD
    0x2000001a   COMPRESSED   0x00000008   Data   RW          677    .data               bsp_timer.o
    0x20000022   COMPRESSED   0x00000004   Data   RW          963    .data               delay.o
    0x20000026   COMPRESSED   0x00000002   Data   RW         1020    .data               usart.o
    0x20000028   COMPRESSED   0x00000004   Data   RW         2648    .data               segger_hardfaulthandler.o
    0x2000002c   COMPRESSED   0x0000001c   Data   RW         2684    .data               usmart.o
    0x20000048   COMPRESSED   0x00000114   Data   RW         2768    .data               usmart_config.o
    0x2000015c   COMPRESSED   0x0000000c   Data   RW         3007    .data               retarget_io.o
    0x20000168   COMPRESSED   0x00000004   Data   RW         3070    .data               mc_w.l(stdout.o)
    0x2000016c        -       0x000000c8   Zero   RW         1019    .bss                usart.o
    0x20000234        -       0x00000040   Zero   RW         2647    .bss                segger_hardfaulthandler.o
    0x20000274   COMPRESSED   0x0000000c   PAD
    0x20000280        -       0x000004a4   Zero   RW         2893    .bss.noinit         eventrecorder.o
    0x20000724   COMPRESSED   0x00000004   PAD
    0x20000728        -       0x00000400   Zero   RW         1048    STACK               startup_stm32f40_41xxx.o


==============================================================================

Image component sizes


      Code (inc. data)   RO Data    RW Data    ZI Data      Debug   Object Name

        40          0          0          0          0        450   bsp.o
       116         18          0          1          0        987   bsp_led.o
        60          4          0          0          0        547   bsp_pcf8574.o
       340         54          0          8          0       1617   bsp_timer.o
       268         16          0          4          0       2427   delay.o
      1358         86         24          0       1188      16305   eventrecorder.o
        18          0          0          0          0        284   hardfaulthandler.o
       108          6          0          1          0     267188   main.o
       160         14          0          0          0       1486   misc.o
       112         18          0         12          0       2608   retarget_io.o
       180         14          0          4         64       3283   segger_hardfaulthandler.o
        36          8        392          0       1024        820   startup_stm32f40_41xxx.o
       148          0          0          0          0       1567   stm32f4xx_gpio.o
        22          0          0          0          0       3450   stm32f4xx_it.o
        64         12          0          0          0       1146   stm32f4xx_rcc.o
       252         28          0          0          0       6308   stm32f4xx_tim.o
        94          0          0          0          0       1932   stm32f4xx_usart.o
       340         32          0         20          0       1669   system_stm32f4xx.o
       136         14          0          2        200       1132   usart.o
      3166       1332         40         28          0       7726   usmart.o
         0          0        107        276          0       1532   usmart_config.o
      1328         20          0          0          0       8645   usmart_str.o

    ----------------------------------------------------------------------
      8366       1676        596        360       2492     333109   Object Totals
         0          0         32          0          0          0   (incl. Generated)
        20          0          1          4         16          0   (incl. Padding)

    ----------------------------------------------------------------------

      Code (inc. data)   RO Data    RW Data    ZI Data      Debug   Library Member Name

        86          0          0          0          0          0   __dczerorl2.o
         0          0          0          0          0          0   entry.o
         0          0          0          0          0          0   entry10a.o
         0          0          0          0          0          0   entry11a.o
         8          4          0          0          0          0   entry2.o
         4          0          0          0          0          0   entry5.o
         0          0          0          0          0          0   entry7b.o
         0          0          0          0          0          0   entry8b.o
         8          4          0          0          0          0   entry9a.o
        30          0          0          0          0          0   handlers.o
        36          8          0          0          0         68   init.o
        30          0          0          0          0         68   llshl.o
        32          0          0          0          0         68   llushr.o
        36          0          0          0          0         68   memcpya.o
        36          0          0          0          0        108   memseta.o
      1154         54          0          0          0        352   printf8.o
         0          0          0          4          0          0   stdout.o
        98          0          0          0          0         92   uldiv.o

    ----------------------------------------------------------------------
      1562         70          0          4          0        824   Library Totals
         4          0          0          0          0          0   (incl. Padding)

    ----------------------------------------------------------------------

      Code (inc. data)   RO Data    RW Data    ZI Data      Debug   Library Name

      1558         70          0          4          0        824   mc_w.l

    ----------------------------------------------------------------------
      1562         70          0          4          0        824   Library Totals

    ----------------------------------------------------------------------

==============================================================================


      Code (inc. data)   RO Data    RW Data    ZI Data      Debug   

      9928       1746        596        364       2492     326453   Grand Totals
      9928       1746        596         88       2492     326453   ELF Image Totals (compressed)
      9928       1746        596         88          0          0   ROM Totals

==============================================================================

    Total RO  Size (Code + RO Data)                10524 (  10.28kB)
    Total RW  Size (RW Data + ZI Data)              2856 (   2.79kB)
    Total ROM Size (Code + RO Data + RW Data)      10612 (  10.36kB)

==============================================================================

