Component: ARM Compiler 5.06 update 6 (build 750) Tool: armlink [4d35ed]

==============================================================================

Section Cross References

    main.o(i.main) refers to bsp.o(i.bspInit) for bspInit
    main.o(i.main) refers to tasks.o(i.xTaskCreate) for xTaskCreate
    main.o(i.main) refers to tasks.o(i.vTaskStartScheduler) for vTaskStartScheduler
    main.o(i.main) refers to main.o(.data) for xHandleTaskInit
    main.o(i.main) refers to main.o(i.vTaskTaskInit) for vTaskTaskInit
    main.o(i.vTaskAudioPlay) refers to queue.o(i.xQueueReceive) for xQueueReceive
    main.o(i.vTaskAudioPlay) refers to bsp_pcf8574.o(i.bsp_pcf8974x_bit_set) for bsp_pcf8974x_bit_set
    main.o(i.vTaskAudioPlay) refers to printfa.o(i.__0sprintf) for __2sprintf
    main.o(i.vTaskAudioPlay) refers to voice_access.o(i.recoder_enter_play_mode) for recoder_enter_play_mode
    main.o(i.vTaskAudioPlay) refers to wavplay.o(i.wav_play_song) for wav_play_song
    main.o(i.vTaskAudioPlay) refers to tasks.o(i.vTaskDelay) for vTaskDelay
    main.o(i.vTaskAudioPlay) refers to main.o(.data) for AudioNoQueueHandle
    main.o(i.vTaskAudioPlay) refers to main.o(.bss) for sprintf_str
    main.o(i.vTaskKeyGet) refers to queue.o(i.xQueueSemaphoreTake) for xQueueSemaphoreTake
    main.o(i.vTaskKeyGet) refers to printfa.o(i.__0printf) for __2printf
    main.o(i.vTaskKeyGet) refers to tasks.o(i.vTaskDelay) for vTaskDelay
    main.o(i.vTaskKeyGet) refers to queue.o(i.xQueueGenericSend) for xQueueGenericSend
    main.o(i.vTaskKeyGet) refers to main.o(.data) for xKeySemaphoreHandle
    main.o(i.vTaskLED) refers to bsp_led.o(i.bspLedToggle) for bspLedToggle
    main.o(i.vTaskLED) refers to bsp_pcf8574.o(i.bsp_pcf8974x_receive) for bsp_pcf8974x_receive
    main.o(i.vTaskLED) refers to bsp_pcf8574.o(i.bsp_pcf8974x_test) for bsp_pcf8974x_test
    main.o(i.vTaskLED) refers to jlx_gb2312g_1016.o(i.clear_screen) for clear_screen
    main.o(i.vTaskLED) refers to bsp_dhtxx.o(i.DHTxx_Get_Data) for DHTxx_Get_Data
    main.o(i.vTaskLED) refers to bsp_bh1750fvi.o(i.bh1750fvi_send_measure) for bh1750fvi_send_measure
    main.o(i.vTaskLED) refers to jlx_gb2312g_1016.o(i.lx_Gb2312g_Str) for lx_Gb2312g_Str
    main.o(i.vTaskLED) refers to printfa.o(i.__0sprintf) for __2sprintf
    main.o(i.vTaskLED) refers to printfa.o(i.__0printf) for __2printf
    main.o(i.vTaskLED) refers to strlen.o(.text) for strlen
    main.o(i.vTaskLED) refers to speech_rec.o(i.UartDataPacking) for UartDataPacking
    main.o(i.vTaskLED) refers to bsp_dma.o(i.usartSendStart) for usartSendStart
    main.o(i.vTaskLED) refers to tasks.o(i.vTaskDelay) for vTaskDelay
    main.o(i.vTaskLED) refers to main.o(.data) for count
    main.o(i.vTaskLED) refers to myapp.o(.data) for LastEspStatue
    main.o(i.vTaskLED) refers to main.o(.bss) for DHTxx_Tab
    main.o(i.vTaskSpeechRec) refers to queue.o(i.xQueueSemaphoreTake) for xQueueSemaphoreTake
    main.o(i.vTaskSpeechRec) refers to printfa.o(i.__0printf) for __2printf
    main.o(i.vTaskSpeechRec) refers to speech_rec.o(i.Speech_Handle) for Speech_Handle
    main.o(i.vTaskSpeechRec) refers to queue.o(i.xQueueGenericSend) for xQueueGenericSend
    main.o(i.vTaskSpeechRec) refers to main.o(.data) for xSpeechRecSemaphoreHandle
    main.o(i.vTaskSpeechRec) refers to myapp.o(.data) for LastEspStatue
    main.o(i.vTaskTaskInit) refers to port.o(i.vPortEnterCritical) for vPortEnterCritical
    main.o(i.vTaskTaskInit) refers to fattester.o(i.mf_mount) for mf_mount
    main.o(i.vTaskTaskInit) refers to queue.o(i.xQueueGenericCreate) for xQueueGenericCreate
    main.o(i.vTaskTaskInit) refers to tasks.o(i.xTaskCreate) for xTaskCreate
    main.o(i.vTaskTaskInit) refers to tasks.o(i.vTaskDelete) for vTaskDelete
    main.o(i.vTaskTaskInit) refers to port.o(i.vPortExitCritical) for vPortExitCritical
    main.o(i.vTaskTaskInit) refers to main.o(.data) for xKeySemaphoreHandle
    main.o(i.vTaskTaskInit) refers to main.o(i.vTaskLED) for vTaskLED
    main.o(i.vTaskTaskInit) refers to main.o(i.vTaskSpeechRec) for vTaskSpeechRec
    main.o(i.vTaskTaskInit) refers to main.o(i.vTaskKeyGet) for vTaskKeyGet
    main.o(i.vTaskTaskInit) refers to main.o(i.vTaskUsartParse) for vTaskUsartParse
    main.o(i.vTaskTaskInit) refers to main.o(i.vTaskAudioPlay) for vTaskAudioPlay
    main.o(i.vTaskUsartParse) refers to queue.o(i.xQueueSemaphoreTake) for xQueueSemaphoreTake
    main.o(i.vTaskUsartParse) refers to bsp_dma.o(i.read_current_finaliy_point) for read_current_finaliy_point
    main.o(i.vTaskUsartParse) refers to myapp.o(i.usart_parse) for usart_parse
    main.o(i.vTaskUsartParse) refers to main.o(.data) for xUsartParseSemaphoreHandle
    bsp.o(i.bspInit) refers to misc.o(i.NVIC_PriorityGroupConfig) for NVIC_PriorityGroupConfig
    bsp.o(i.bspInit) refers to delay.o(i.delay_init) for delay_init
    bsp.o(i.bspInit) refers to bsp_led.o(i.bspLedInit) for bspLedInit
    bsp.o(i.bspInit) refers to bsp_key.o(i.bspKeyInit) for bspKeyInit
[...]
    USART_ReceiveData                        0x080048bd   Thumb Code    10  stm32f4xx_usart.o(i.USART_ReceiveData)
    UartDataPacking                          0x080048e9   Thumb Code    42  speech_rec.o(i.UartDataPacking)
    UsageFault_Handler                       0x0800493b   Thumb Code     4  stm32f4xx_it.o(i.UsageFault_Handler)
    WM8978_ADDA_Cfg                          0x0800493f   Thumb Code    64  bsp_wm8978.o(i.WM8978_ADDA_Cfg)
    WM8978_AUX_Gain                          0x0800497f   Thumb Code    54  bsp_wm8978.o(i.WM8978_AUX_Gain)
    WM8978_HPvol_Set                         0x080049b5   Thumb Code    46  bsp_wm8978.o(i.WM8978_HPvol_Set)
    WM8978_I2S_Cfg                           0x080049e3   Thumb Code    28  bsp_wm8978.o(i.WM8978_I2S_Cfg)
    WM8978_Init                              0x08004a01   Thumb Code   244  bsp_wm8978.o(i.WM8978_Init)
    WM8978_Input_Cfg                         0x08004afd   Thumb Code   102  bsp_wm8978.o(i.WM8978_Input_Cfg)
    WM8978_LINEIN_Gain                       0x08004b63   Thumb Code    54  bsp_wm8978.o(i.WM8978_LINEIN_Gain)
    WM8978_MIC_Gain                          0x08004b99   Thumb Code    28  bsp_wm8978.o(i.WM8978_MIC_Gain)
    WM8978_Output_Cfg                        0x08004bb5   Thumb Code    42  bsp_wm8978.o(i.WM8978_Output_Cfg)
    WM8978_Read_Reg                          0x08004be1   Thumb Code    10  bsp_wm8978.o(i.WM8978_Read_Reg)
    WM8978_SPKvol_Set                        0x08004bf1   Thumb Code    34  bsp_wm8978.o(i.WM8978_SPKvol_Set)
    WM8978_Write_Reg                         0x08004c15   Thumb Code    80  bsp_wm8978.o(i.WM8978_Write_Reg)
    __0printf                                0x08004c69   Thumb Code    22  printfa.o(i.__0printf)
    __1printf                                0x08004c69   Thumb Code     0  printfa.o(i.__0printf)
    __2printf                                0x08004c69   Thumb Code     0  printfa.o(i.__0printf)
    __c89printf                              0x08004c69   Thumb Code     0  printfa.o(i.__0printf)
    printf                                   0x08004c69   Thumb Code     0  printfa.o(i.__0printf)
    __0sprintf                               0x08004c89   Thumb Code    34  printfa.o(i.__0sprintf)
    __1sprintf                               0x08004c89   Thumb Code     0  printfa.o(i.__0sprintf)
    __2sprintf                               0x08004c89   Thumb Code     0  printfa.o(i.__0sprintf)
    __c89sprintf                             0x08004c89   Thumb Code     0  printfa.o(i.__0sprintf)
    sprintf                                  0x08004c89   Thumb Code     0  printfa.o(i.__0sprintf)
    __hardfp_fabs                            0x08004cb1   Thumb Code    20  fabs.o(i.__hardfp_fabs)
    __scatterload_copy                       0x08004cc5   Thumb Code    14  handlers.o(i.__scatterload_copy)
    __scatterload_null                       0x08004cd3   Thumb Code     2  handlers.o(i.__scatterload_null)
    __scatterload_zeroinit                   0x08004cd5   Thumb Code    14  handlers.o(i.__scatterload_zeroinit)
    audio_start                              0x080055a1   Thumb Code    14  audioplay.o(i.audio_start)
    audio_stop                               0x080055b5   Thumb Code    14  audioplay.o(i.audio_stop)
    base64_array_encoding                    0x080055c9   Thumb Code   202  base64.o(i.base64_array_encoding)
    bh1750fvi_send_measure                   0x080057b9   Thumb Code   132  bsp_bh1750fvi.o(i.bh1750fvi_send_measure)
    bspDmaUsartInit                          0x08005865   Thumb Code    22  bsp_dma.o(i.bspDmaUsartInit)
    bspExitInit                              0x080059b1   Thumb Code   118  bsp_exti.o(i.bspExitInit)
    bspInit                                  0x08005a29   Thumb Code   202  bsp.o(i.bspInit)
    bspKeyInit                               0x08005b75   Thumb Code    42  bsp_key.o(i.bspKeyInit)
    bspLedInit                               0x08005ba5   Thumb Code    48  bsp_led.o(i.bspLedInit)
    bspLedToggle                             0x08005bd9   Thumb Code    26  bsp_led.o(i.bspLedToggle)
    bspUsartInit                             0x08005bfd   Thumb Code   178  bsp_usart.o(i.bspUsartInit)
    bsp_bh1750fvi_io_init                    0x08005cd1   Thumb Code    82  bsp_bh1750fvi.o(i.bsp_bh1750fvi_io_init)
    bsp_pcf8974x_bit_set                     0x08005d49   Thumb Code    48  bsp_pcf8574.o(i.bsp_pcf8974x_bit_set)
    bsp_pcf8974x_io_init                     0x08005dbd   Thumb Code    56  bsp_pcf8574.o(i.bsp_pcf8974x_io_init)
    bsp_pcf8974x_receive                     0x08005e15   Thumb Code    46  bsp_pcf8574.o(i.bsp_pcf8974x_receive)
    bsp_pcf8974x_test                        0x08005e49   Thumb Code    44  bsp_pcf8574.o(i.bsp_pcf8974x_test)
    clear_screen                             0x08005f11   Thumb Code    56  jlx_gb2312g_1016.o(i.clear_screen)
    convert_from_bytes_to_power_of_two       0x0800602d   Thumb Code    18  bsp_sdio_sdcard.o(i.convert_from_bytes_to_power_of_two)
    delay_init                               0x0800658d   Thumb Code    58  delay.o(i.delay_init)
    delay_ms                                 0x080065d1   Thumb Code    60  delay.o(i.delay_ms)
    delay_us                                 0x08006611   Thumb Code    68  delay.o(i.delay_us)
    dir_sdi                                  0x08006bb9   Thumb Code   154  ff.o(i.dir_sdi)
    disk_initialize                          0x08006c53   Thumb Code    40  diskio.o(i.disk_initialize)
    disk_ioctl                               0x08006c7d   Thumb Code   106  diskio.o(i.disk_ioctl)
    disk_read                                0x08006ced   Thumb Code    98  diskio.o(i.disk_read)
    disk_status                              0x08006d4f   Thumb Code     6  diskio.o(i.disk_status)
    disk_write                               0x08006d55   Thumb Code    98  diskio.o(i.disk_write)
    exfuns_init                              0x08006db9   Thumb Code   106  exfuns.o(i.exfuns_init)
    f_close                                  0x08006e35   Thumb Code    34  ff.o(i.f_close)
    f_closedir                               0x08006e57   Thumb Code    24  ff.o(i.f_closedir)
    f_getfree                                0x08006e6f   Thumb Code   246  ff.o(i.f_getfree)
    f_getlabel                               0x08006f65   Thumb Code   190  ff.o(i.f_getlabel)
    f_gets                                   0x08007023   Thumb Code    82  ff.o(i.f_gets)
    f_lseek                                  0x08007075   Thumb Code   388  ff.o(i.f_lseek)
    f_mkdir                                  0x080071f9   Thumb Code   292  ff.o(i.f_mkdir)
    f_mkfs                                   0x0800731d   Thumb Code  1824  ff.o(i.f_mkfs)
    f_mount                                  0x08007a71   Thumb Code    80  ff.o(i.f_mount)
    f_open                                   0x08007ac5   Thumb Code   520  ff.o(i.f_open)
    f_opendir                                0x08007ccd   Thumb Code   138  ff.o(i.f_opendir)
    f_putc                                   0x08007d57   Thumb Code    34  ff.o(i.f_putc)
    f_puts                                   0x08007d79   Thumb Code    44  ff.o(i.f_puts)
    f_read                                   0x08007da5   Thumb Code   412  ff.o(i.f_read)
    f_readdir                                0x08007f41   Thumb Code   104  ff.o(i.f_readdir)
    f_rename                                 0x08007fa9   Thumb Code   316  ff.o(i.f_rename)
    f_setlabel                               0x080080e5   Thumb Code   306  ff.o(i.f_setlabel)
    f_sync                                   0x0800821d   Thumb Code   160  ff.o(i.f_sync)
    f_unlink                                 0x080082bd   Thumb Code   196  ff.o(i.f_unlink)
    f_write                                  0x08008381   Thumb Code   478  ff.o(i.f_write)
    ff_convert                               0x08008561   Thumb Code   116  gbk.o(i.ff_convert)
    ff_memalloc                              0x080085dd   Thumb Code    12  ffsystem.o(i.ff_memalloc)
    ff_memfree                               0x080085e9   Thumb Code    12  ffsystem.o(i.ff_memfree)
    ff_oem2uni                               0x080085f5   Thumb Code   100  ffunicode.o(i.ff_oem2uni)
    ff_uni2oem                               0x0800865d   Thumb Code   112  ffunicode.o(i.ff_uni2oem)
    ff_wtoupper                              0x080086d1   Thumb Code   166  ffunicode.o(i.ff_wtoupper)
    fputc                                    0x08008899   Thumb Code    22  usart.o(i.fputc)
    free                                     0x080088b5   Thumb Code    76  malloc.o(i.free)
    get_fattime                              0x08008ab1   Thumb Code     4  diskio.o(i.get_fattime)
    getgb                                    0x08008c87   Thumb Code    26  gbk2utf2uni.o(i.getgb)
    initial_lcd                              0x08008ca1   Thumb Code   128  jlx_gb2312g_1016.o(i.initial_lcd)
    lx_Gb2312g_Str                           0x08008def   Thumb Code   224  jlx_gb2312g_1016.o(i.lx_Gb2312g_Str)
    main                                     0x08008f59   Thumb Code    34  main.o(i.main)
    malloc                                   0x08008f95   Thumb Code    92  malloc.o(i.malloc)
    mf_close                                 0x08009051   Thumb Code    14  fattester.o(i.mf_close)
    mf_closedir                              0x08009065   Thumb Code    10  fattester.o(i.mf_closedir)
    mf_fmkfs                                 0x08009075   Thumb Code    20  fattester.o(i.mf_fmkfs)
    mf_getlabel                              0x08009089   Thumb Code    58  fattester.o(i.mf_getlabel)
    mf_gets                                  0x0800910d   Thumb Code    38  fattester.o(i.mf_gets)
    mf_lseek                                 0x08009159   Thumb Code    16  fattester.o(i.mf_lseek)
    mf_mkdir                                 0x0800916d   Thumb Code    12  fattester.o(i.mf_mkdir)
    mf_mount                                 0x08009179   Thumb Code    20  fattester.o(i.mf_mount)
    mf_open                                  0x08009191   Thumb Code    24  fattester.o(i.mf_open)
    mf_opendir                               0x080091ad   Thumb Code    14  fattester.o(i.mf_opendir)
    mf_putc                                  0x080091c1   Thumb Code    18  fattester.o(i.mf_putc)
    mf_puts                                  0x080091d9   Thumb Code    18  fattester.o(i.mf_puts)
    mf_read                                  0x080091f1   Thumb Code   224  fattester.o(i.mf_read)
    mf_readdir                               0x08009349   Thumb Code    92  fattester.o(i.mf_readdir)
    mf_rename                                0x08009411   Thumb Code    16  fattester.o(i.mf_rename)
    mf_setlabel                              0x08009421   Thumb Code    34  fattester.o(i.mf_setlabel)
    mf_showfree                              0x0800947d   Thumb Code    88  fattester.o(i.mf_showfree)
    mf_size                                  0x08009525   Thumb Code     8  fattester.o(i.mf_size)
    mf_tell                                  0x08009531   Thumb Code     8  fattester.o(i.mf_tell)
    mf_unlink                                0x0800953d   Thumb Code    12  fattester.o(i.mf_unlink)
    mf_write                                 0x08009549   Thumb Code    68  fattester.o(i.mf_write)
    pvPortMalloc                             0x0800a6f5   Thumb Code   272  heap_4.o(i.pvPortMalloc)
    pvTaskIncrementMutexHeldCount            0x0800a855   Thumb Code    26  tasks.o(i.pvTaskIncrementMutexHeldCount)
    pxPortInitialiseStack                    0x0800a875   Thumb Code    38  port.o(i.pxPortInitialiseStack)
    read_addr                                0x0800a8a1   Thumb Code     6  usmart.o(i.read_addr)
    read_current_finaliy_point               0x0800a8a9   Thumb Code    18  bsp_dma.o(i.read_current_finaliy_point)
    rec_i2s_dma_rx_callback                  0x0800a8c9   Thumb Code   240  voice_access.o(i.rec_i2s_dma_rx_callback)
    recoder_enter_play_mode                  0x0800a9e5   Thumb Code    44  voice_access.o(i.recoder_enter_play_mode)
    recoder_enter_rec_mode                   0x0800aa11   Thumb Code   132  voice_access.o(i.recoder_enter_rec_mode)
    scan_files                               0x0800ab49   Thumb Code   124  fattester.o(i.scan_files)
    swi2cAck                                 0x0800ac41   Thumb Code    62  bsp_swi2c.o(i.swi2cAck)
    swi2cReceiveByte                         0x0800ac7f   Thumb Code    78  bsp_swi2c.o(i.swi2cReceiveByte)
    swi2cSendByte                            0x0800accd   Thumb Code    64  bsp_swi2c.o(i.swi2cSendByte)
    swi2cStart                               0x0800ad0d   Thumb Code    50  bsp_swi2c.o(i.swi2cStart)
    swi2cStop                                0x0800ad3f   Thumb Code    38  bsp_swi2c.o(i.swi2cStop)
    swi2cWaitAck                             0x0800ad65   Thumb Code    70  bsp_swi2c.o(i.swi2cWaitAck)
    swich_current_read_point                 0x0800adad   Thumb Code    26  bsp_dma.o(i.swich_current_read_point)
    uart_init                                0x0800afc1   Thumb Code   166  usart.o(i.uart_init)
    uasrt_key_send                           0x0800b071   Thumb Code     6  bsp_key.o(i.uasrt_key_send)
    usartReadStart                           0x0800b07d   Thumb Code    38  bsp_dma.o(i.usartReadStart)
    usartSendStart                           0x0800b0a9   Thumb Code    38  bsp_dma.o(i.usartSendStart)
    usart_parse                              0x0800b0d5   Thumb Code   354  myapp.o(i.usart_parse)
    usmart_cmd_rec                           0x0800b2f5   Thumb Code   170  usmart.o(i.usmart_cmd_rec)
    usmart_exe                               0x0800b3a5   Thumb Code   632  usmart.o(i.usmart_exe)
    usmart_get_aparm                         0x0800b679   Thumb Code   200  usmart_str.o(i.usmart_get_aparm)
    usmart_get_cmdname                       0x0800b741   Thumb Code    54  usmart_str.o(i.usmart_get_cmdname)
    usmart_get_fname                         0x0800b779   Thumb Code   440  usmart_str.o(i.usmart_get_fname)
    usmart_get_fparam                        0x0800b939   Thumb Code   262  usmart_str.o(i.usmart_get_fparam)
    usmart_get_parmpos                       0x0800ba45   Thumb Code    26  usmart_str.o(i.usmart_get_parmpos)
    usmart_get_runtime                       0x0800ba65   Thumb Code    60  usmart.o(i.usmart_get_runtime)
    usmart_init                              0x0800baa9   Thumb Code    36  usmart.o(i.usmart_init)
    usmart_pow                               0x0800bad1   Thumb Code    22  usmart_str.o(i.usmart_pow)
    usmart_reset_runtime                     0x0800bae9   Thumb Code    38  usmart.o(i.usmart_reset_runtime)
    usmart_scan                              0x0800bb19   Thumb Code   120  usmart.o(i.usmart_scan)
    usmart_search_nextc                      0x0800bbd5   Thumb Code    22  usmart_str.o(i.usmart_search_nextc)
    usmart_str2num                           0x0800bbeb   Thumb Code   202  usmart_str.o(i.usmart_str2num)
    usmart_strcmp                            0x0800bcb5   Thumb Code    34  usmart_str.o(i.usmart_strcmp)
    usmart_strcopy                           0x0800bcd7   Thumb Code    22  usmart_str.o(i.usmart_strcopy)
    usmart_strlen                            0x0800bced   Thumb Code    24  usmart_str.o(i.usmart_strlen)
    usmart_sys_cmd_exe                       0x0800bd05   Thumb Code  1554  usmart.o(i.usmart_sys_cmd_exe)
    utf82gbk                                 0x0800c3e9   Thumb Code   194  gbk2utf2uni.o(i.utf82gbk)
    uxListRemove                             0x0800c4ab   Thumb Code    40  list.o(i.uxListRemove)
    vDhtxx_Init                              0x0800c505   Thumb Code     8  bsp_dhtxx.o(i.vDhtxx_Init)
    vListInitialise                          0x0800c50d   Thumb Code    26  list.o(i.vListInitialise)
    vListInitialiseItem                      0x0800c527   Thumb Code     6  list.o(i.vListInitialiseItem)
    vListInsert                              0x0800c52d   Thumb Code    52  list.o(i.vListInsert)
    vListInsertEnd                           0x0800c561   Thumb Code    24  list.o(i.vListInsertEnd)
    vPortEnterCritical                       0x0800c579   Thumb Code    68  port.o(i.vPortEnterCritical)
    vPortExitCritical                        0x0800c601   Thumb Code    48  port.o(i.vPortExitCritical)
    vPortFree                                0x0800c671   Thumb Code   130  heap_4.o(i.vPortFree)
    vPortSetupTimerInterrupt                 0x0800c739   Thumb Code    20  port.o(i.vPortSetupTimerInterrupt)
    vPortValidateInterruptPriority           0x0800c751   Thumb Code    86  port.o(i.vPortValidateInterruptPriority)
    vQueueAddToRegistry                      0x0800c7f1   Thumb Code    38  queue.o(i.vQueueAddToRegistry)
    vQueueWaitForMessageRestricted           0x0800c81d   Thumb Code    74  queue.o(i.vQueueWaitForMessageRestricted)
    vTaskDelay                               0x0800c9d9   Thumb Code    72  tasks.o(i.vTaskDelay)
    vTaskDelete                              0x0800ca4d   Thumb Code   192  tasks.o(i.vTaskDelete)
    vTaskInternalSetTimeOutState             0x0800cb59   Thumb Code    14  tasks.o(i.vTaskInternalSetTimeOutState)
    vTaskMissedYield                         0x0800cdc1   Thumb Code     8  tasks.o(i.vTaskMissedYield)
    vTaskPlaceOnEventList                    0x0800cdcd   Thumb Code    42  tasks.o(i.vTaskPlaceOnEventList)
    vTaskPlaceOnEventListRestricted          0x0800ce21   Thumb Code    50  tasks.o(i.vTaskPlaceOnEventListRestricted)
    vTaskPriorityDisinheritAfterTimeout      0x0800ce7d   Thumb Code   196  tasks.o(i.vTaskPriorityDisinheritAfterTimeout)
    vTaskStartScheduler                      0x0800d015   Thumb Code   108  tasks.o(i.vTaskStartScheduler)
    vTaskSuspendAll                          0x0800d0c1   Thumb Code    12  tasks.o(i.vTaskSuspendAll)
    vTaskSwitchContext                       0x0800d0d1   Thumb Code   110  tasks.o(i.vTaskSwitchContext)
    voice_End_Receive                        0x0800d319   Thumb Code    62  voice_access.o(i.voice_End_Receive)
    voice_Receive                            0x0800d36d   Thumb Code   140  voice_access.o(i.voice_Receive)
    voice_info_size                          0x0800d42d   Thumb Code    26  voice_access.o(i.voice_info_size)
    wav_buffill                              0x0800d459   Thumb Code   280  wavplay.o(i.wav_buffill)
    wav_decode_init                          0x0800d579   Thumb Code   308  wavplay.o(i.wav_decode_init)
    wav_i2s_dma_tx_callback                  0x0800d76d   Thumb Code    96  wavplay.o(i.wav_i2s_dma_tx_callback)
    wav_play_song                            0x0800d7dd   Thumb Code   396  wavplay.o(i.wav_play_song)
    write_addr                               0x0800d981   Thumb Code     4  usmart.o(i.write_addr)
    xPortStartScheduler                      0x0800d985   Thumb Code   322  port.o(i.xPortStartScheduler)
    xPortSysTickHandler                      0x0800db21   Thumb Code    46  port.o(i.xPortSysTickHandler)
    xQueueGenericCreate                      0x0800db55   Thumb Code    74  queue.o(i.xQueueGenericCreate)
    xQueueGenericReset                       0x0800dbc5   Thumb Code   136  queue.o(i.xQueueGenericReset)
    xQueueGenericSend                        0x0800dc75   Thumb Code   426  queue.o(i.xQueueGenericSend)
    xQueueGenericSendFromISR                 0x0800de49   Thumb Code   244  queue.o(i.xQueueGenericSendFromISR)
    xQueueGiveFromISR                        0x0800df61   Thumb Code   214  queue.o(i.xQueueGiveFromISR)
    xQueueReceive                            0x0800e05d   Thumb Code   326  queue.o(i.xQueueReceive)
    xQueueSemaphoreTake                      0x0800e1cd   Thumb Code   394  queue.o(i.xQueueSemaphoreTake)
    xTaskCheckForTimeOut                     0x0800e381   Thumb Code   112  tasks.o(i.xTaskCheckForTimeOut)
    xTaskCreate                              0x0800e41d   Thumb Code    96  tasks.o(i.xTaskCreate)
    xTaskGetSchedulerState                   0x0800e47d   Thumb Code    24  tasks.o(i.xTaskGetSchedulerState)
    xTaskGetTickCount                        0x0800e49d   Thumb Code     6  tasks.o(i.xTaskGetTickCount)
    xTaskIncrementTick                       0x0800e4a9   Thumb Code   272  tasks.o(i.xTaskIncrementTick)
    xTaskPriorityDisinherit                  0x0800e609   Thumb Code   168  tasks.o(i.xTaskPriorityDisinherit)
    xTaskPriorityInherit                     0x0800e6e1   Thumb Code   172  tasks.o(i.xTaskPriorityInherit)
    xTaskRemoveFromEventList                 0x0800e799   Thumb Code   118  tasks.o(i.xTaskRemoveFromEventList)
    xTaskResumeAll                           0x0800e84d   Thumb Code   214  tasks.o(i.xTaskResumeAll)
    xTimerCreateTimerTask                    0x0800e96d   Thumb Code    56  timers.o(i.xTimerCreateTimerTask)
    xTimerGenericCommand                     0x0800e9e1   Thumb Code   116  timers.o(i.xTimerGenericCommand)
    I2S_PSC_TBL                              0x0800ea80   Data         110  bsp_i2s.o(.constdata)
    i2splaybuf                               0x0800eaee   Data           4  voice_access.o(.constdata)
    base64_tab                               0x0800eaf2   Data          64  base64.o(.constdata)
    uni2oem                                  0x0800eb32   Data       87172  gbk.o(.constdata)
    oem2uni                                  0x08023fb6   Data       87172  gbk.o(.constdata)
    Region$$Table$$Base                      0x080644cc   Number         0  anon$$obj.o(Region$$Table)
    Region$$Table$$Limit                     0x080644ec   Number         0  anon$$obj.o(Region$$Table)
    xKeySemaphoreHandle                      0x20000018   Data           4  main.o(.data)
    xSpeechRecSemaphoreHandle                0x2000001c   Data           4  main.o(.data)
    xUsartParseSemaphoreHandle               0x20000020   Data           4  main.o(.data)
    AudioNoQueueHandle                       0x20000024   Data           4  main.o(.data)
    speech_rec_statue                        0x20000028   Data           1  main.o(.data)
    timeout                                  0x20000029   Data           1  main.o(.data)
    count                                    0x2000002a   Data           1  main.o(.data)
    TransferError                            0x2000003a   Data           1  bsp_sdio_sdcard.o(.data)
    TransferEnd                              0x2000003b   Data           1  bsp_sdio_sdcard.o(.data)
    tempbuff                                 0x2000003c   Data           4  bsp_sdio_sdcard.o(.data)
    i2s_tx_callback                          0x200000b4   Data           4  bsp_i2s.o(.data)
    i2s_rx_callback                          0x200000b8   Data           4  bsp_i2s.o(.data)
    keyval                                   0x200000bc   Data           1  bsp_key.o(.data)
    t_pcf8574_swi2c                          0x200000c8   Data          20  bsp_pcf8574.o(.data)
    g_dhtxx_table                            0x200000dc   Data           5  bsp_dhtxx.o(.data)
    t_bh1750fvi_swi2c                        0x200000e4   Data          20  bsp_bh1750fvi.o(.data)
    wavtransferend                           0x200000f8   Data           1  wavplay.o(.data)
    wavwitchbuf                              0x200000f9   Data           1  wavplay.o(.data)
    g_MainKeyChar                            0x200000fc   Data          40  myapp.o(.data)
    g_DeviceKeyChar                          0x20000124   Data          48  myapp.o(.data)
    g_StatueKeyChar                          0x20000154   Data          16  myapp.o(.data)
    LastEspStatue                            0x20000164   Data           1  myapp.o(.data)
    SpeechRecStr                             0x20000168   Data           4  speech_rec.o(.data)
    SpeechRecStrBody                         0x2000016c   Data           4  speech_rec.o(.data)
    i2srecbuf1                               0x20000174   Data           4  voice_access.o(.data)
    i2srecbuf2                               0x20000178   Data           4  voice_access.o(.data)
    f_rec                                    0x2000017c   Data           4  voice_access.o(.data)
    wavsize                                  0x20000180   Data           4  voice_access.o(.data)
    rec_sta                                  0x20000184   Data           1  voice_access.o(.data)
    sys_cmd_tab                              0x20000188   Data          28  usmart.o(.data)
    usmart_nametab                           0x200001a4   Data         224  usmart_config.o(.data)
    usmart_dev                               0x20000284   Data         244  usmart_config.o(.data)
    __stdout                                 0x2000037c   Data           4  usart.o(.data)
    USART_RX_STA                             0x20000380   Data           2  usart.o(.data)
    pxCurrentTCB                             0x20000384   Data           4  tasks.o(.data)
    fs                                       0x20000408   Data           4  exfuns.o(.data)
    file                                     0x2000040c   Data           4  exfuns.o(.data)
    ftemp                                    0x20000410   Data           4  exfuns.o(.data)
    br                                       0x20000414   Data           4  exfuns.o(.data)
    bw                                       0x20000418   Data           4  exfuns.o(.data)
    fatbuf                                   0x2000041c   Data           4  exfuns.o(.data)
    __microlib_freelist                      0x20000434   Data           4  mvars.o(.data)
    __microlib_freelist_initialised          0x20000438   Data           4  mvars.o(.data)
    sprintf_str                              0x20000440   Data          30  main.o(.bss)
    DHTxx_Tab                                0x20000460   Data          16  main.o(.bss)
    SDIO_InitStructure                       0x20000470   Data          24  bsp_sdio_sdcard.o(.bss)
    SDIO_CmdInitStructure                    0x20000488   Data          20  bsp_sdio_sdcard.o(.bss)
    SDIO_DataInitStructure                   0x2000049c   Data          24  bsp_sdio_sdcard.o(.bss)
    SDCardInfo                               0x200004d8   Data          88  bsp_sdio_sdcard.o(.bss)
    SDIO_DATA_BUFFER                         0x20000530   Data         512  bsp_sdio_sdcard.o(.bss)
    wavctrl                                  0x200007f8   Data          32  wavplay.o(.bss)
    cTmp                                     0x20000818   Data          10  myapp.o(.bss)
    g_Str                                    0x20000822   Data          20  speech_rec.o(.bss)
    audiodev                                 0x20000836   Data          17  audioplay.o(.bss)
    USART_RX_BUF                             0x20000847   Data         200  usart.o(.bss)
    xQueueRegistry                           0x20000910   Data          64  queue.o(.bss)
    dir                                      0x2000ab1c   Data          48  exfuns.o(.bss)
    __heap_base                              0x2000aca8   Data           0  startup_stm32f40_41xxx.o(HEAP)
    __heap_limit                             0x2001aca8   Data           0  startup_stm32f40_41xxx.o(HEAP)
    __initial_sp                             0x2001b0a8   Data           0  startup_stm32f40_41xxx.o(STACK)



==============================================================================

Memory Map of the image

  Image Entry point : 0x08000189

  Load Region LR_IROM1 (Base: 0x08000000, Size: 0x00064928, Max: 0x00080000, ABSOLUTE, COMPRESSED[0x00064684])

    Execution Region ER_IROM1 (Exec base: 0x08000000, Load base: 0x08000000, Size: 0x000644ec, Max: 0x00080000, ABSOLUTE)

    Exec Addr    Load Addr    Size         Type   Attr      Idx    E Section Name        Object

    0x08000000   0x08000000   0x00000188   Data   RO         4303    RESET               startup_stm32f40_41xxx.o
    0x08000188   0x08000188   0x00000000   Code   RO         6496  * .ARM.Collect$$$$00000000  mc_w.l(entry.o)
    0x08000188   0x08000188   0x00000004   Code   RO         6824    .ARM.Collect$$$$00000001  mc_w.l(entry2.o)
    0x0800018c   0x0800018c   0x00000004   Code   RO         6827    .ARM.Collect$$$$00000004  mc_w.l(entry5.o)
    0x08000190   0x08000190   0x00000000   Code   RO         6829    .ARM.Collect$$$$00000008  mc_w.l(entry7b.o)
    0x08000190   0x08000190   0x00000000   Code   RO         6831    .ARM.Collect$$$$0000000A  mc_w.l(entry8b.o)
    0x08000190   0x08000190   0x00000008   Code   RO         6832    .ARM.Collect$$$$0000000B  mc_w.l(entry9a.o)
    0x08000198   0x08000198   0x00000000   Code   RO         6834    .ARM.Collect$$$$0000000D  mc_w.l(entry10a.o)
    0x08000198   0x08000198   0x00000000   Code   RO         6836    .ARM.Collect$$$$0000000F  mc_w.l(entry11a.o)
    0x08000198   0x08000198   0x00000004   Code   RO         6825    .ARM.Collect$$$$00002712  mc_w.l(entry2.o)
    0x0800019c   0x0800019c   0x00000010   Code   RO         2237    .emb_text           sys.o
    0x080001ac   0x080001ac   0x000000be   Code   RO         3501    .emb_text           port.o
    0x0800026a   0x0800026a   0x00000002   PAD
    0x0800026c   0x0800026c   0x00000024   Code   RO         4304    .text               startup_stm32f40_41xxx.o
    0x08000290   0x08000290   0x00000062   Code   RO         6499    .text               mc_w.l(ldiv.o)
    0x080002f2   0x080002f2   0x00000024   Code   RO         6501    .text               mc_w.l(memcpya.o)
    0x08000316   0x08000316   0x00000024   Code   RO         6505    .text               mc_w.l(memseta.o)
    0x0800033a   0x0800033a   0x00000024   Code   RO         6509    .text               mc_w.l(strstr.o)
    0x0800035e   0x0800035e   0x0000000e   Code   RO         6511    .text               mc_w.l(strlen.o)
    0x0800036c   0x0800036c   0x0000001c   Code   RO         6513    .text               mc_w.l(strcmp.o)
    0x08000388   0x08000388   0x0000014e   Code   RO         6808    .text               mf_w.l(dadd.o)
    0x080004d6   0x080004d6   0x000000e4   Code   RO         6810    .text               mf_w.l(dmul.o)
    0x080005ba   0x080005ba   0x000000de   Code   RO         6812    .text               mf_w.l(ddiv.o)
    0x08000698   0x08000698   0x00000022   Code   RO         6814    .text               mf_w.l(dflti.o)
    0x080006ba   0x080006ba   0x0000001a   Code   RO         6816    .text               mf_w.l(dfltui.o)
    0x080006d4   0x080006d4   0x0000003e   Code   RO         6818    .text               mf_w.l(dfixi.o)
    0x08000712   0x08000712   0x00000032   Code   RO         6820    .text               mf_w.l(dfixui.o)
    0x08000744   0x08000744   0x00000030   Code   RO         6822    .text               mf_w.l(cdrcmple.o)
    0x08000774   0x08000774   0x0000002c   Code   RO         6838    .text               mc_w.l(uidiv.o)
    0x080007a0   0x080007a0   0x00000062   Code   RO         6840    .text               mc_w.l(uldiv.o)
    0x08000802   0x08000802   0x0000001e   Code   RO         6842    .text               mc_w.l(llshl.o)
    0x08000820   0x08000820   0x00000020   Code   RO         6844    .text               mc_w.l(llushr.o)
    0x08000840   0x08000840   0x00000024   Code   RO         6846    .text               mc_w.l(llsshr.o)
    0x08000864   0x08000864   0x00000000   Code   RO         6850    .text               mc_w.l(iusefp.o)
    0x08000864   0x08000864   0x000000ba   Code   RO         6851    .text               mf_w.l(depilogue.o)
    0x0800091e   0x0800091e   0x00000030   Code   RO         6853    .text               mf_w.l(dfixul.o)
    0x0800094e   0x0800094e   0x00000002   PAD
    0x08000950   0x08000950   0x00000024   Code   RO         6855    .text               mc_w.l(init.o)
    0x08000974   0x08000974   0x00000056   Code   RO         6865    .text               mc_w.l(__dczerorl2.o)
    0x080009ca   0x080009ca   0x00000002   PAD
    0x080009cc   0x080009cc   0x00000012   Code   RO         6464    OSKERNEL            hardfaulthandler.o
    0x080009de   0x080009de   0x00000004   Code   RO         4310    i.BusFault_Handler  stm32f4xx_it.o
    0x080009e2   0x080009e2   0x00000002   PAD
    0x080009e4   0x080009e4   0x0000001c   Code   RO         1624    i.CloseEspTcpConnect  myapp.o
    0x08000a00   0x08000a00   0x00000030   Code   RO          429    i.CmdError          bsp_sdio_sdcard.o
    0x08000a30   0x08000a30   0x00000064   Code   RO          430    i.CmdResp1Error     bsp_sdio_sdcard.o
    0x08000a94   0x08000a94   0x00000054   Code   RO          431    i.CmdResp2Error     bsp_sdio_sdcard.o
    0x08000ae8   0x08000ae8   0x00000038   Code   RO          432    i.CmdResp3Error     bsp_sdio_sdcard.o
    0x08000b20   0x08000b20   0x00000094   Code   RO          433    i.CmdResp6Error     bsp_sdio_sdcard.o
    0x08000bb4   0x08000bb4   0x0000004c   Code   RO          434    i.CmdResp7Error     bsp_sdio_sdcard.o
    0x08000c00   0x08000c00   0x00000034   Code   RO         1441    i.DHTxx_Action      bsp_dhtxx.o
    0x08000c34   0x08000c34   0x000000b0   Code   RO         1442    i.DHTxx_Get_Data    bsp_dhtxx.o
    0x08000ce4   0x08000ce4   0x0000002c   Code   RO          840    i.DMA1_Stream3_IRQHandler  bsp_i2s.o
    0x08000d10   0x08000d10   0x0000002c   Code   RO          841    i.DMA1_Stream4_IRQHandler  bsp_i2s.o
    0x08000d3c   0x08000d3c   0x00000020   Code   RO         1002    i.DMA1_Stream5_IRQHandler  bsp_dma.o
    0x08000d5c   0x08000d5c   0x00000040   Code   RO         1003    i.DMA1_Stream6_IRQHandler  bsp_dma.o
    0x08000d9c   0x08000d9c   0x00000034   Code   RO         5981    i.DMA_ClearITPendingBit  stm32f4xx_dma.o
    0x08000dd0   0x08000dd0   0x00000016   Code   RO         5982    i.DMA_Cmd           stm32f4xx_dma.o
    0x08000de6   0x08000de6   0x00000002   PAD
    0x08000de8   0x08000de8   0x00000158   Code   RO         5983    i.DMA_DeInit        stm32f4xx_dma.o
    0x08000f40   0x08000f40   0x00000016   Code   RO         5984    i.DMA_DoubleBufferModeCmd  stm32f4xx_dma.o
    0x08000f56   0x08000f56   0x00000018   Code   RO         5985    i.DMA_DoubleBufferModeConfig  stm32f4xx_dma.o
    0x08000f6e   0x08000f6e   0x00000016   Code   RO         5986    i.DMA_FlowControllerConfig  stm32f4xx_dma.o
    0x08000f84   0x08000f84   0x00000014   Code   RO         5987    i.DMA_GetCmdStatus  stm32f4xx_dma.o
    0x08000f98   0x08000f98   0x00000064   Code   RO         5992    i.DMA_GetITStatus   stm32f4xx_dma.o
    0x08000ffc   0x08000ffc   0x0000003a   Code   RO         5993    i.DMA_ITConfig      stm32f4xx_dma.o
    0x08001036   0x08001036   0x00000002   PAD
    0x08001038   0x08001038   0x00000058   Code   RO         5994    i.DMA_Init          stm32f4xx_dma.o
    0x08001090   0x08001090   0x00000004   Code   RO         5997    i.DMA_SetCurrDataCounter  stm32f4xx_dma.o
    0x08001094   0x08001094   0x00000002   Code   RO         4311    i.DebugMon_Handler  stm32f4xx_it.o
    0x08001096   0x08001096   0x00000002   PAD
    0x08001098   0x08001098   0x00000074   Code   RO          962    i.EXTI15_10_IRQHandler  bsp_exti.o
    0x0800110c   0x0800110c   0x0000000c   Code   RO         5919    i.EXTI_ClearITPendingBit  stm32f4xx_exti.o
    0x08001118   0x08001118   0x00000018   Code   RO         5923    i.EXTI_GetITStatus  stm32f4xx_exti.o
    0x08001130   0x08001130   0x00000094   Code   RO         5924    i.EXTI_Init         stm32f4xx_exti.o
    0x080011c4   0x080011c4   0x00000194   Code   RO          435    i.FindSCR           bsp_sdio_sdcard.o
    0x08001358   0x08001358   0x00000018   Code   RO         2084    i.FuncTest          usmart_config.o
    0x08001370   0x08001370   0x00000090   Code   RO         4439    i.GPIO_Init         stm32f4xx_gpio.o
    0x08001400   0x08001400   0x00000046   Code   RO         4440    i.GPIO_PinAFConfig  stm32f4xx_gpio.o
    0x08001446   0x08001446   0x00000004   Code   RO         4447    i.GPIO_SetBits      stm32f4xx_gpio.o
    0x0800144a   0x0800144a   0x00000002   PAD
    0x0800144c   0x0800144c   0x0000000c   Code   RO         1004    i.GetDmaStatus      bsp_dma.o
    0x08001458   0x08001458   0x0000007a   Code   RO         1246    i.Get_15X16_GB2312_Adder  jlx_gb2312z.o
    0x080014d2   0x080014d2   0x00000002   PAD
    0x080014d4   0x080014d4   0x00000024   Code   RO         1250    i.Get_8X16_Ascll_Bold_Adder  jlx_gb2312z.o
    0x080014f8   0x080014f8   0x00000084   Code   RO         1251    i.Get_JLX_15X16_GB2312  jlx_gb2312z.o
    0x0800157c   0x0800157c   0x00000080   Code   RO         1255    i.Get_JLX_8X16_Bold_Ascll  jlx_gb2312z.o
    0x080015fc   0x080015fc   0x000000b4   Code   RO         6469    i.HardFaultHandler  segger_hardfaulthandler.o
    0x080016b0   0x080016b0   0x00000064   Code   RO          842    i.I2S2_Init         bsp_i2s.o
    0x08001714   0x08001714   0x000000a0   Code   RO          843    i.I2S2_SampleRate_Set  bsp_i2s.o
    0x080017b4   0x080017b4   0x000000b0   Code   RO          844    i.I2S2_TX_DMA_Init  bsp_i2s.o
    0x08001864   0x08001864   0x0000004c   Code   RO          845    i.I2S2ext_Init      bsp_i2s.o
    0x080018b0   0x080018b0   0x000000b0   Code   RO          846    i.I2S2ext_RX_DMA_Init  bsp_i2s.o
    0x08001960   0x08001960   0x00000018   Code   RO         6302    i.I2S_Cmd           stm32f4xx_spi.o
    0x08001978   0x08001978   0x00000050   Code   RO         6303    i.I2S_FullDuplexConfig  stm32f4xx_spi.o
    0x080019c8   0x080019c8   0x00000198   Code   RO         6304    i.I2S_Init          stm32f4xx_spi.o
    0x08001b60   0x08001b60   0x00000010   Code   RO          847    i.I2S_Play_Start    bsp_i2s.o
    0x08001b70   0x08001b70   0x00000010   Code   RO          848    i.I2S_Play_Stop     bsp_i2s.o
    0x08001b80   0x08001b80   0x00000010   Code   RO          849    i.I2S_Rec_Start     bsp_i2s.o
    0x08001b90   0x08001b90   0x00000010   Code   RO          850    i.I2S_Rec_Stop      bsp_i2s.o
    0x08001ba0   0x08001ba0   0x0000004c   Code   RO          779    i.IIC_Init          bsp_myiic.o
    0x08001bec   0x08001bec   0x00000068   Code   RO          782    i.IIC_Send_Byte     bsp_myiic.o
    0x08001c54   0x08001c54   0x0000004c   Code   RO          783    i.IIC_Start         bsp_myiic.o
    0x08001ca0   0x08001ca0   0x0000004c   Code   RO          784    i.IIC_Stop          bsp_myiic.o
    0x08001cec   0x08001cec   0x00000060   Code   RO          785    i.IIC_Wait_Ack      bsp_myiic.o
    0x08001d4c   0x08001d4c   0x0000003c   Code   RO         1443    i.Io_Init           bsp_dhtxx.o
    0x08001d88   0x08001d88   0x000000a0   Code   RO          436    i.IsCardProgramming  bsp_sdio_sdcard.o
    0x08001e28   0x08001e28   0x00000034   Code   RO         1155    i.Jlx_gb2312g_io_init  jlx_gb2312g_1016.o
    0x08001e5c   0x08001e5c   0x00000004   Code   RO         4312    i.MemManage_Handler  stm32f4xx_it.o
    0x08001e60   0x08001e60   0x00000002   Code   RO         4313    i.NMI_Handler       stm32f4xx_it.o
    0x08001e62   0x08001e62   0x00000002   PAD
    0x08001e64   0x08001e64   0x00000078   Code   RO         4394    i.NVIC_Init         misc.o
    0x08001edc   0x08001edc   0x00000014   Code   RO         4395    i.NVIC_PriorityGroupConfig  misc.o
    0x08001ef0   0x08001ef0   0x00000020   Code   RO         4536    i.RCC_AHB1PeriphClockCmd  stm32f4xx_rcc.o
    0x08001f10   0x08001f10   0x00000020   Code   RO         4545    i.RCC_APB1PeriphClockCmd  stm32f4xx_rcc.o
    0x08001f30   0x08001f30   0x00000020   Code   RO         4547    i.RCC_APB1PeriphResetCmd  stm32f4xx_rcc.o
    0x08001f50   0x08001f50   0x00000020   Code   RO         4548    i.RCC_APB2PeriphClockCmd  stm32f4xx_rcc.o
    0x08001f70   0x08001f70   0x00000020   Code   RO         4550    i.RCC_APB2PeriphResetCmd  stm32f4xx_rcc.o
    0x08001f90   0x08001f90   0x000000e8   Code   RO         4557    i.RCC_GetClocksFreq  stm32f4xx_rcc.o
    0x08002078   0x08002078   0x0000000c   Code   RO         4576    i.RCC_PLLI2SCmd     stm32f4xx_rcc.o
    0x08002084   0x08002084   0x00000010   Code   RO         4577    i.RCC_PLLI2SConfig  stm32f4xx_rcc.o
    0x08002094   0x08002094   0x000000ac   Code   RO          437    i.SDEnWideBus       bsp_sdio_sdcard.o
    0x08002140   0x08002140   0x0000000c   Code   RO         6109    i.SDIO_ClearFlag    stm32f4xx_sdio.o
    0x0800214c   0x0800214c   0x00000014   Code   RO          438    i.SDIO_Clock_Set    bsp_sdio_sdcard.o
    0x08002160   0x08002160   0x00000034   Code   RO         6115    i.SDIO_DataConfig   stm32f4xx_sdio.o
    0x08002194   0x08002194   0x00000018   Code   RO         6121    i.SDIO_GetFlagStatus  stm32f4xx_sdio.o
    0x080021ac   0x080021ac   0x00000010   Code   RO         6123    i.SDIO_GetPowerState  stm32f4xx_sdio.o
    0x080021bc   0x080021bc   0x00000008   Code   RO          439    i.SDIO_IRQHandler   bsp_sdio_sdcard.o
    0x080021c4   0x080021c4   0x00000030   Code   RO         6126    i.SDIO_Init         stm32f4xx_sdio.o
    0x080021f4   0x080021f4   0x00000038   Code   RO          440    i.SDIO_Register_Deinit  bsp_sdio_sdcard.o
    0x0800222c   0x0800222c   0x0000002c   Code   RO         6129    i.SDIO_SendCommand  stm32f4xx_sdio.o
    0x08002258   0x08002258   0x0000000c   Code   RO         6131    i.SDIO_SetPowerState  stm32f4xx_sdio.o
    0x08002264   0x08002264   0x00000080   Code   RO          441    i.SD_DMA_Config     bsp_sdio_sdcard.o
    0x080022e4   0x080022e4   0x00000068   Code   RO          442    i.SD_EnableWideBusOperation  bsp_sdio_sdcard.o
    0x0800234c   0x0800234c   0x00000314   Code   RO          443    i.SD_GetCardInfo    bsp_sdio_sdcard.o
    0x08002660   0x08002660   0x00000134   Code   RO          445    i.SD_Init           bsp_sdio_sdcard.o
    0x08002794   0x08002794   0x00000164   Code   RO          446    i.SD_InitializeCards  bsp_sdio_sdcard.o
    0x080028f8   0x080028f8   0x000001e4   Code   RO          448    i.SD_PowerON        bsp_sdio_sdcard.o
    0x08002adc   0x08002adc   0x00000154   Code   RO          449    i.SD_ProcessIRQSrc  bsp_sdio_sdcard.o
    0x08002c30   0x08002c30   0x00000268   Code   RO          450    i.SD_ReadBlock      bsp_sdio_sdcard.o
    0x08002e98   0x08002e98   0x00000098   Code   RO          451    i.SD_ReadDisk       bsp_sdio_sdcard.o
    0x08002f30   0x08002f30   0x000002f4   Code   RO          452    i.SD_ReadMultiBlocks  bsp_sdio_sdcard.o
    0x08003224   0x08003224   0x00000030   Code   RO          453    i.SD_SelectDeselect  bsp_sdio_sdcard.o
    0x08003254   0x08003254   0x00000018   Code   RO          455    i.SD_SetDeviceMode  bsp_sdio_sdcard.o
    0x0800326c   0x0800326c   0x00000388   Code   RO          456    i.SD_WriteBlock     bsp_sdio_sdcard.o
    0x080035f4   0x080035f4   0x00000098   Code   RO          457    i.SD_WriteDisk      bsp_sdio_sdcard.o
    0x0800368c   0x0800368c   0x000003d0   Code   RO          458    i.SD_WriteMultiBlocks  bsp_sdio_sdcard.o
    0x08003a5c   0x08003a5c   0x000000cc   Code   RO         1123    i.SPI1_Init         bsp_spi.o
    0x08003b28   0x08003b28   0x00000050   Code   RO         1124    i.SPI1_ReadWriteByte  bsp_spi.o
    0x08003b78   0x08003b78   0x00000018   Code   RO         6308    i.SPI_Cmd           stm32f4xx_spi.o
    0x08003b90   0x08003b90   0x00000012   Code   RO         6314    i.SPI_I2S_DMACmd    stm32f4xx_spi.o
    0x08003ba2   0x08003ba2   0x00000012   Code   RO         6316    i.SPI_I2S_GetFlagStatus  stm32f4xx_spi.o
    0x08003bb4   0x08003bb4   0x00000006   Code   RO         6319    i.SPI_I2S_ReceiveData  stm32f4xx_spi.o
    0x08003bba   0x08003bba   0x00000004   Code   RO         6320    i.SPI_I2S_SendData  stm32f4xx_spi.o
    0x08003bbe   0x08003bbe   0x0000003c   Code   RO         6321    i.SPI_Init          stm32f4xx_spi.o
    0x08003bfa   0x08003bfa   0x00000002   PAD
    0x08003bfc   0x08003bfc   0x00000040   Code   RO         4873    i.SYSCFG_EXTILineConfig  stm32f4xx_syscfg.o
    0x08003c3c   0x08003c3c   0x0000001c   Code   RO         1005    i.SetDmaStatus      bsp_dma.o
    0x08003c58   0x08003c58   0x000000ec   Code   RO         4357    i.SetSysClock       system_stm32f4xx.o
    0x08003d44   0x08003d44   0x000002e4   Code   RO         1678    i.SpeechRecUartPack  speech_rec.o
    0x08004028   0x08004028   0x00000308   Code   RO         1626    i.SpeechRecUartParse  myapp.o
    0x08004330   0x08004330   0x000000e0   Code   RO         1679    i.Speech_Handle     speech_rec.o
    0x08004410   0x08004410   0x00000028   Code   RO         4398    i.SysTick_CLKSourceConfig  misc.o
    0x08004438   0x08004438   0x00000010   Code   RO         2191    i.SysTick_Handler   delay.o
    0x08004448   0x08004448   0x00000068   Code   RO         4359    i.SystemInit        system_stm32f4xx.o
    0x080044b0   0x080044b0   0x00000038   Code   RO         2000    i.TIM4_IRQHandler   usmart.o
    0x080044e8   0x080044e8   0x00000006   Code   RO         5366    i.TIM_ClearFlag     stm32f4xx_tim.o
    0x080044ee   0x080044ee   0x00000006   Code   RO         5367    i.TIM_ClearITPendingBit  stm32f4xx_tim.o
    0x080044f4   0x080044f4   0x00000018   Code   RO         5372    i.TIM_Cmd           stm32f4xx_tim.o
    0x0800450c   0x0800450c   0x00000006   Code   RO         5391    i.TIM_GetCounter    stm32f4xx_tim.o
    0x08004512   0x08004512   0x00000012   Code   RO         5392    i.TIM_GetFlagStatus  stm32f4xx_tim.o
    0x08004524   0x08004524   0x00000022   Code   RO         5393    i.TIM_GetITStatus   stm32f4xx_tim.o
    0x08004546   0x08004546   0x00000012   Code   RO         5397    i.TIM_ITConfig      stm32f4xx_tim.o
    0x08004558   0x08004558   0x00000004   Code   RO         5432    i.TIM_SetAutoreload  stm32f4xx_tim.o
    0x0800455c   0x0800455c   0x00000004   Code   RO         5438    i.TIM_SetCounter    stm32f4xx_tim.o
    0x08004560   0x08004560   0x00000084   Code   RO         5444    i.TIM_TimeBaseInit  stm32f4xx_tim.o
    0x080045e4   0x080045e4   0x0000005c   Code   RO         2001    i.Timer4_Init       usmart.o
    0x08004640   0x08004640   0x00000088   Code   RO         2255    i.USART1_IRQHandler  usart.o
    0x080046c8   0x080046c8   0x00000058   Code   RO         1096    i.USART2_IRQHandler  bsp_usart.o
    0x08004720   0x08004720   0x00000018   Code   RO         4930    i.USART_Cmd         stm32f4xx_usart.o
    0x08004738   0x08004738   0x00000012   Code   RO         4931    i.USART_DMACmd      stm32f4xx_usart.o
    0x0800474a   0x0800474a   0x00000054   Code   RO         4934    i.USART_GetITStatus  stm32f4xx_usart.o
    0x0800479e   0x0800479e   0x0000004a   Code   RO         4936    i.USART_ITConfig    stm32f4xx_usart.o
    0x080047e8   0x080047e8   0x000000d4   Code   RO         4937    i.USART_Init        stm32f4xx_usart.o
    0x080048bc   0x080048bc   0x0000000a   Code   RO         4944    i.USART_ReceiveData  stm32f4xx_usart.o
    0x080048c6   0x080048c6   0x00000022   Code   RO         1680    i.UartDataFrontPacking  speech_rec.o
    0x080048e8   0x080048e8   0x0000002a   Code   RO         1681    i.UartDataPacking   speech_rec.o
    0x08004912   0x08004912   0x00000028   Code   RO         1682    i.UartDataTailPacking  speech_rec.o
    0x0800493a   0x0800493a   0x00000004   Code   RO         4314    i.UsageFault_Handler  stm32f4xx_it.o
    0x0800493e   0x0800493e   0x00000040   Code   RO          646    i.WM8978_ADDA_Cfg   bsp_wm8978.o
    0x0800497e   0x0800497e   0x00000036   Code   RO          647    i.WM8978_AUX_Gain   bsp_wm8978.o
    0x080049b4   0x080049b4   0x0000002e   Code   RO          654    i.WM8978_HPvol_Set  bsp_wm8978.o
    0x080049e2   0x080049e2   0x0000001c   Code   RO          655    i.WM8978_I2S_Cfg    bsp_wm8978.o
    0x080049fe   0x080049fe   0x00000002   PAD
    0x08004a00   0x08004a00   0x000000fc   Code   RO          656    i.WM8978_Init       bsp_wm8978.o
    0x08004afc   0x08004afc   0x00000066   Code   RO          657    i.WM8978_Input_Cfg  bsp_wm8978.o
    0x08004b62   0x08004b62   0x00000036   Code   RO          658    i.WM8978_LINEIN_Gain  bsp_wm8978.o
    0x08004b98   0x08004b98   0x0000001c   Code   RO          659    i.WM8978_MIC_Gain   bsp_wm8978.o
    0x08004bb4   0x08004bb4   0x0000002a   Code   RO          660    i.WM8978_Output_Cfg  bsp_wm8978.o
    0x08004bde   0x08004bde   0x00000002   PAD
    0x08004be0   0x08004be0   0x00000010   Code   RO          661    i.WM8978_Read_Reg   bsp_wm8978.o
    0x08004bf0   0x08004bf0   0x00000022   Code   RO          662    i.WM8978_SPKvol_Set  bsp_wm8978.o
    0x08004c12   0x08004c12   0x00000002   PAD
    0x08004c14   0x08004c14   0x00000054   Code   RO          663    i.WM8978_Write_Reg  bsp_wm8978.o
    0x08004c68   0x08004c68   0x00000020   Code   RO         6752    i.__0printf         mc_w.l(printfa.o)
    0x08004c88   0x08004c88   0x00000028   Code   RO         6754    i.__0sprintf        mc_w.l(printfa.o)
    0x08004cb0   0x08004cb0   0x00000014   Code   RO         6490    i.__hardfp_fabs     m_wm.l(fabs.o)
    0x08004cc4   0x08004cc4   0x0000000e   Code   RO         6859    i.__scatterload_copy  mc_w.l(handlers.o)
    0x08004cd2   0x08004cd2   0x00000002   Code   RO         6860    i.__scatterload_null  mc_w.l(handlers.o)
    0x08004cd4   0x08004cd4   0x0000000e   Code   RO         6861    i.__scatterload_zeroinit  mc_w.l(handlers.o)
    0x08004ce2   0x08004ce2   0x00000002   PAD
    0x08004ce4   0x08004ce4   0x00000184   Code   RO         6759    i._fp_digits        mc_w.l(printfa.o)
    0x08004e68   0x08004e68   0x000006dc   Code   RO         6760    i._printf_core      mc_w.l(printfa.o)
    0x08005544   0x08005544   0x00000024   Code   RO         6761    i._printf_post_padding  mc_w.l(printfa.o)
    0x08005568   0x08005568   0x0000002e   Code   RO         6762    i._printf_pre_padding  mc_w.l(printfa.o)
    0x08005596   0x08005596   0x0000000a   Code   RO         6764    i._sputc            mc_w.l(printfa.o)
    0x080055a0   0x080055a0   0x00000014   Code   RO         1813    i.audio_start       audioplay.o
    0x080055b4   0x080055b4   0x00000014   Code   RO         1814    i.audio_stop        audioplay.o
    0x080055c8   0x080055c8   0x000000dc   Code   RO         1858    i.base64_array_encoding  base64.o
    0x080056a4   0x080056a4   0x000000a0   Code   RO         1859    i.base64_encoding   base64.o
    0x08005744   0x08005744   0x00000034   Code   RO         1506    i.bh1750fvi_read_data  bsp_bh1750fvi.o
    0x08005778   0x08005778   0x0000001c   Code   RO         1507    i.bh1750fvi_send_cmd  bsp_bh1750fvi.o
    0x08005794   0x08005794   0x00000024   Code   RO         1508    i.bh1750fvi_send_header  bsp_bh1750fvi.o
    0x080057b8   0x080057b8   0x00000090   Code   RO         1509    i.bh1750fvi_send_measure  bsp_bh1750fvi.o
    0x08005848   0x08005848   0x0000001c   Code   RO         1510    i.bh1750fvi_send_power_on  bsp_bh1750fvi.o
    0x08005864   0x08005864   0x0000001c   Code   RO         1006    i.bspDmaUsartInit   bsp_dma.o
    0x08005880   0x08005880   0x0000009c   Code   RO         1007    i.bspDmaUsartReadCfg  bsp_dma.o
    0x0800591c   0x0800591c   0x00000094   Code   RO         1008    i.bspDmaUsartSendCfg  bsp_dma.o
    0x080059b0   0x080059b0   0x00000076   Code   RO          963    i.bspExitInit       bsp_exti.o
    0x08005a26   0x08005a26   0x00000002   PAD
    0x08005a28   0x08005a28   0x0000014c   Code   RO          317    i.bspInit           bsp.o
    0x08005b74   0x08005b74   0x00000030   Code   RO          927    i.bspKeyInit        bsp_key.o
    0x08005ba4   0x08005ba4   0x00000034   Code   RO          402    i.bspLedInit        bsp_led.o
    0x08005bd8   0x08005bd8   0x00000024   Code   RO          403    i.bspLedToggle      bsp_led.o
    0x08005bfc   0x08005bfc   0x000000bc   Code   RO         1097    i.bspUsartInit      bsp_usart.o
    0x08005cb8   0x08005cb8   0x00000018   Code   RO         1511    i.bsp_bh1750fvi_in  bsp_bh1750fvi.o
    0x08005cd0   0x08005cd0   0x0000005c   Code   RO         1512    i.bsp_bh1750fvi_io_init  bsp_bh1750fvi.o
    0x08005d2c   0x08005d2c   0x0000001c   Code   RO         1513    i.bsp_bh1750fvi_out  bsp_bh1750fvi.o
    0x08005d48   0x08005d48   0x00000030   Code   RO         1365    i.bsp_pcf8974x_bit_set  bsp_pcf8574.o
    0x08005d78   0x08005d78   0x0000002c   Code   RO         1366    i.bsp_pcf8974x_header  bsp_pcf8574.o
    0x08005da4   0x08005da4   0x00000018   Code   RO         1367    i.bsp_pcf8974x_in   bsp_pcf8574.o
    0x08005dbc   0x08005dbc   0x0000003c   Code   RO         1368    i.bsp_pcf8974x_io_init  bsp_pcf8574.o
    0x08005df8   0x08005df8   0x0000001c   Code   RO         1369    i.bsp_pcf8974x_out  bsp_pcf8574.o
    0x08005e14   0x08005e14   0x00000034   Code   RO         1370    i.bsp_pcf8974x_receive  bsp_pcf8574.o
    0x08005e48   0x08005e48   0x00000030   Code   RO         1371    i.bsp_pcf8974x_test  bsp_pcf8574.o
    0x08005e78   0x08005e78   0x00000080   Code   RO         3639    i.check_fs          ff.o
    0x08005ef8   0x08005ef8   0x00000018   Code   RO         3640    i.chk_chr           ff.o
    0x08005f10   0x08005f10   0x00000038   Code   RO         1156    i.clear_screen      jlx_gb2312g_1016.o
    0x08005f48   0x08005f48   0x0000001a   Code   RO         3641    i.clst2sect         ff.o
    0x08005f62   0x08005f62   0x00000002   PAD
    0x08005f64   0x08005f64   0x00000098   Code   RO         3642    i.cmp_lfn           ff.o
    0x08005ffc   0x08005ffc   0x00000030   Code   RO         1157    i.column_overflow   jlx_gb2312g_1016.o
    0x0800602c   0x0800602c   0x00000012   Code   RO          459    i.convert_from_bytes_to_power_of_two  bsp_sdio_sdcard.o
    0x0800603e   0x0800603e   0x00000120   Code   RO         3643    i.create_chain      ff.o
    0x0800615e   0x0800615e   0x00000002   PAD
    0x08006160   0x08006160   0x00000254   Code   RO         3644    i.create_name       ff.o
    0x080063b4   0x080063b4   0x0000015c   Code   RO         3645    i.create_partition  ff.o
    0x08006510   0x08006510   0x00000034   Code   RO         3646    i.dbc_1st           ff.o
    0x08006544   0x08006544   0x00000048   Code   RO         3647    i.dbc_2nd           ff.o
    0x0800658c   0x0800658c   0x00000044   Code   RO         2192    i.delay_init        delay.o
    0x080065d0   0x080065d0   0x00000040   Code   RO         2193    i.delay_ms          delay.o
    0x08006610   0x08006610   0x00000048   Code   RO         2194    i.delay_us          delay.o
    0x08006658   0x08006658   0x00000060   Code   RO         3648    i.dir_alloc         ff.o
    0x080066b8   0x080066b8   0x000000c6   Code   RO         3649    i.dir_clear         ff.o
    0x0800677e   0x0800677e   0x000000fc   Code   RO         3650    i.dir_find          ff.o
    0x0800687a   0x0800687a   0x000000ca   Code   RO         3651    i.dir_next          ff.o
    0x08006944   0x08006944   0x000000d2   Code   RO         3652    i.dir_read          ff.o
    0x08006a16   0x08006a16   0x00000142   Code   RO         3653    i.dir_register      ff.o
    0x08006b58   0x08006b58   0x00000060   Code   RO         3654    i.dir_remove        ff.o
    0x08006bb8   0x08006bb8   0x0000009a   Code   RO         3655    i.dir_sdi           ff.o
    0x08006c52   0x08006c52   0x00000028   Code   RO         3586    i.disk_initialize   diskio.o
    0x08006c7a   0x08006c7a   0x00000002   PAD
    0x08006c7c   0x08006c7c   0x00000070   Code   RO         3587    i.disk_ioctl        diskio.o
    0x08006cec   0x08006cec   0x00000062   Code   RO         3588    i.disk_read         diskio.o
    0x08006d4e   0x08006d4e   0x00000006   Code   RO         3589    i.disk_status       diskio.o
    0x08006d54   0x08006d54   0x00000062   Code   RO         3590    i.disk_write        diskio.o
    0x08006db6   0x08006db6   0x00000002   PAD
    0x08006db8   0x08006db8   0x0000007c   Code   RO         4099    i.exfuns_init       exfuns.o
    0x08006e34   0x08006e34   0x00000022   Code   RO         3656    i.f_close           ff.o
    0x08006e56   0x08006e56   0x00000018   Code   RO         3657    i.f_closedir        ff.o
    0x08006e6e   0x08006e6e   0x000000f6   Code   RO         3658    i.f_getfree         ff.o
    0x08006f64   0x08006f64   0x000000be   Code   RO         3659    i.f_getlabel        ff.o
    0x08007022   0x08007022   0x00000052   Code   RO         3660    i.f_gets            ff.o
    0x08007074   0x08007074   0x00000184   Code   RO         3661    i.f_lseek           ff.o
    0x080071f8   0x080071f8   0x00000124   Code   RO         3662    i.f_mkdir           ff.o
    0x0800731c   0x0800731c   0x00000754   Code   RO         3663    i.f_mkfs            ff.o
    0x08007a70   0x08007a70   0x00000054   Code   RO         3664    i.f_mount           ff.o
    0x08007ac4   0x08007ac4   0x00000208   Code   RO         3665    i.f_open            ff.o
    0x08007ccc   0x08007ccc   0x0000008a   Code   RO         3666    i.f_opendir         ff.o
    0x08007d56   0x08007d56   0x00000022   Code   RO         3668    i.f_putc            ff.o
    0x08007d78   0x08007d78   0x0000002c   Code   RO         3669    i.f_puts            ff.o
    0x08007da4   0x08007da4   0x0000019c   Code   RO         3670    i.f_read            ff.o
    0x08007f40   0x08007f40   0x00000068   Code   RO         3671    i.f_readdir         ff.o
    0x08007fa8   0x08007fa8   0x0000013c   Code   RO         3672    i.f_rename          ff.o
    0x080080e4   0x080080e4   0x00000138   Code   RO         3673    i.f_setlabel        ff.o
    0x0800821c   0x0800821c   0x000000a0   Code   RO         3675    i.f_sync            ff.o
    0x080082bc   0x080082bc   0x000000c4   Code   RO         3677    i.f_unlink          ff.o
    0x08008380   0x08008380   0x000001de   Code   RO         3678    i.f_write           ff.o
    0x0800855e   0x0800855e   0x00000002   PAD
    0x08008560   0x08008560   0x0000007c   Code   RO         1983    i.ff_convert        gbk.o
    0x080085dc   0x080085dc   0x0000000c   Code   RO         4037    i.ff_memalloc       ffsystem.o
    0x080085e8   0x080085e8   0x0000000c   Code   RO         4038    i.ff_memfree        ffsystem.o
    0x080085f4   0x080085f4   0x00000068   Code   RO         4063    i.ff_oem2uni        ffunicode.o
    0x0800865c   0x0800865c   0x00000074   Code   RO         4064    i.ff_uni2oem        ffunicode.o
    0x080086d0   0x080086d0   0x000000b0   Code   RO         4065    i.ff_wtoupper       ffunicode.o
    0x08008780   0x08008780   0x00000078   Code   RO         3679    i.find_volume       ff.o
    0x080087f8   0x080087f8   0x000000a0   Code   RO         3680    i.follow_path       ff.o
    0x08008898   0x08008898   0x0000001c   Code   RO         2257    i.fputc             usart.o
    0x080088b4   0x080088b4   0x00000050   Code   RO         6780    i.free              mc_w.l(malloc.o)
    0x08008904   0x08008904   0x000000cc   Code   RO         3681    i.gen_numname       ff.o
    0x080089d0   0x080089d0   0x000000e0   Code   RO         3682    i.get_fat           ff.o
    0x08008ab0   0x08008ab0   0x00000004   Code   RO         3591    i.get_fattime       diskio.o
    0x08008ab4   0x08008ab4   0x0000017e   Code   RO         3683    i.get_fileinfo      ff.o
    0x08008c32   0x08008c32   0x00000054   Code   RO         3684    i.get_ldnumber      ff.o
    0x08008c86   0x08008c86   0x0000001a   Code   RO         1928    i.getgb             gbk2utf2uni.o
    0x08008ca0   0x08008ca0   0x00000088   Code   RO         1158    i.initial_lcd       jlx_gb2312g_1016.o
    0x08008d28   0x08008d28   0x00000054   Code   RO         1627    i.keychartimesort   myapp.o
    0x08008d7c   0x08008d7c   0x00000028   Code   RO         1159    i.lcd_address       jlx_gb2312g_1016.o
    0x08008da4   0x08008da4   0x00000026   Code   RO         3685    i.ld_clust          ff.o
    0x08008dca   0x08008dca   0x00000018   Code   RO         3686    i.ld_dword          ff.o
    0x08008de2   0x08008de2   0x0000000c   Code   RO         3687    i.ld_word           ff.o
    0x08008dee   0x08008dee   0x000000e0   Code   RO         1160    i.lx_Gb2312g_Str    jlx_gb2312g_1016.o
    0x08008ece   0x08008ece   0x00000002   PAD
    0x08008ed0   0x08008ed0   0x00000044   Code   RO         1166    i.lx_Gb2312g_Write_Cmd  jlx_gb2312g_1016.o
    0x08008f14   0x08008f14   0x00000044   Code   RO         1167    i.lx_Gb2312g_Write_Data  jlx_gb2312g_1016.o
    0x08008f58   0x08008f58   0x0000003c   Code   RO            3    i.main              main.o
    0x08008f94   0x08008f94   0x0000006c   Code   RO         6781    i.malloc            mc_w.l(malloc.o)
    0x08009000   0x08009000   0x00000024   Code   RO         3688    i.mem_cmp           ff.o
    0x08009024   0x08009024   0x0000001a   Code   RO         3689    i.mem_cpy           ff.o
    0x0800903e   0x0800903e   0x00000012   Code   RO         3690    i.mem_set           ff.o
    0x08009050   0x08009050   0x00000014   Code   RO         4150    i.mf_close          fattester.o
    0x08009064   0x08009064   0x00000010   Code   RO         4151    i.mf_closedir       fattester.o
    0x08009074   0x08009074   0x00000014   Code   RO         4152    i.mf_fmkfs          fattester.o
    0x08009088   0x08009088   0x00000084   Code   RO         4153    i.mf_getlabel       fattester.o
    0x0800910c   0x0800910c   0x0000004c   Code   RO         4154    i.mf_gets           fattester.o
    0x08009158   0x08009158   0x00000014   Code   RO         4155    i.mf_lseek          fattester.o
    0x0800916c   0x0800916c   0x0000000c   Code   RO         4156    i.mf_mkdir          fattester.o
    0x08009178   0x08009178   0x00000018   Code   RO         4157    i.mf_mount          fattester.o
    0x08009190   0x08009190   0x0000001c   Code   RO         4158    i.mf_open           fattester.o
    0x080091ac   0x080091ac   0x00000014   Code   RO         4159    i.mf_opendir        fattester.o
    0x080091c0   0x080091c0   0x00000018   Code   RO         4160    i.mf_putc           fattester.o
    0x080091d8   0x080091d8   0x00000018   Code   RO         4161    i.mf_puts           fattester.o
    0x080091f0   0x080091f0   0x00000158   Code   RO         4162    i.mf_read           fattester.o
    0x08009348   0x08009348   0x000000c8   Code   RO         4164    i.mf_readdir        fattester.o
    0x08009410   0x08009410   0x00000010   Code   RO         4165    i.mf_rename         fattester.o
    0x08009420   0x08009420   0x0000005c   Code   RO         4166    i.mf_setlabel       fattester.o
    0x0800947c   0x0800947c   0x000000a8   Code   RO         4167    i.mf_showfree       fattester.o
    0x08009524   0x08009524   0x0000000c   Code   RO         4168    i.mf_size           fattester.o
    0x08009530   0x08009530   0x0000000c   Code   RO         4169    i.mf_tell           fattester.o
    0x0800953c   0x0800953c   0x0000000c   Code   RO         4170    i.mf_unlink         fattester.o
    0x08009548   0x08009548   0x000000b8   Code   RO         4171    i.mf_write          fattester.o
    0x08009600   0x08009600   0x000002a8   Code   RO         3691    i.mount_volume      ff.o
    0x080098a8   0x080098a8   0x00000034   Code   RO         3692    i.move_window       ff.o
    0x080098dc   0x080098dc   0x0000008c   Code   RO         3693    i.pick_lfn          ff.o
    0x08009968   0x08009968   0x00000098   Code   RO         2904    i.prvAddCurrentTaskToDelayedList  tasks.o
    0x08009a00   0x08009a00   0x000000b8   Code   RO         2905    i.prvAddNewTaskToReadyList  tasks.o
    0x08009ab8   0x08009ab8   0x00000064   Code   RO         3285    i.prvCheckForValidListAndQueue  timers.o
    0x08009b1c   0x08009b1c   0x00000048   Code   RO         2906    i.prvCheckTasksWaitingTermination  tasks.o
    0x08009b64   0x08009b64   0x0000002a   Code   RO         2475    i.prvCopyDataFromQueue  queue.o
    0x08009b8e   0x08009b8e   0x0000007e   Code   RO         2476    i.prvCopyDataToQueue  queue.o
    0x08009c0c   0x08009c0c   0x00000012   Code   RO         2907    i.prvDeleteTCB      tasks.o
    0x08009c1e   0x08009c1e   0x00000014   Code   RO         2477    i.prvGetDisinheritPriorityAfterTimeout  queue.o
    0x08009c32   0x08009c32   0x00000002   PAD
    0x08009c34   0x08009c34   0x00000028   Code   RO         3286    i.prvGetNextExpireTime  timers.o
    0x08009c5c   0x08009c5c   0x0000007c   Code   RO         3438    i.prvHeapInit       heap_4.o
    0x08009cd8   0x08009cd8   0x00000008   Code   RO         2908    i.prvIdleTask       tasks.o
    0x08009ce0   0x08009ce0   0x0000002e   Code   RO         2479    i.prvInitialiseNewQueue  queue.o
    0x08009d0e   0x08009d0e   0x00000002   PAD
    0x08009d10   0x08009d10   0x000000d8   Code   RO         2909    i.prvInitialiseNewTask  tasks.o
    0x08009de8   0x08009de8   0x00000068   Code   RO         2910    i.prvInitialiseTaskLists  tasks.o
    0x08009e50   0x08009e50   0x00000068   Code   RO         3439    i.prvInsertBlockIntoFreeList  heap_4.o
    0x08009eb8   0x08009eb8   0x00000058   Code   RO         3288    i.prvInsertTimerInActiveList  timers.o
    0x08009f10   0x08009f10   0x0000001a   Code   RO         2480    i.prvIsQueueEmpty   queue.o
    0x08009f2a   0x08009f2a   0x0000001e   Code   RO         2481    i.prvIsQueueFull    queue.o
    0x08009f48   0x08009f48   0x0000009c   Code   RO         2482    i.prvNotifyQueueSetContainer  queue.o
    0x08009fe4   0x08009fe4   0x00000090   Code   RO         3289    i.prvProcessExpiredTimer  timers.o
    0x0800a074   0x0800a074   0x0000014c   Code   RO         3290    i.prvProcessReceivedCommands  timers.o
    0x0800a1c0   0x0800a1c0   0x00000074   Code   RO         3291    i.prvProcessTimerOrBlockTask  timers.o
    0x0800a234   0x0800a234   0x00000034   Code   RO         2912    i.prvResetNextTaskUnblockTime  tasks.o
    0x0800a268   0x0800a268   0x0000002c   Code   RO         3292    i.prvSampleTimeNow  timers.o
    0x0800a294   0x0800a294   0x000000c0   Code   RO         3293    i.prvSwitchTimerLists  timers.o
    0x0800a354   0x0800a354   0x00000070   Code   RO         3502    i.prvTaskExitError  port.o
    0x0800a3c4   0x0800a3c4   0x0000001a   Code   RO         3294    i.prvTimerTask      timers.o
    0x0800a3de   0x0800a3de   0x00000090   Code   RO         2483    i.prvUnlockQueue    queue.o
    0x0800a46e   0x0800a46e   0x00000138   Code   RO         3694    i.put_fat           ff.o
    0x0800a5a6   0x0800a5a6   0x00000002   PAD
    0x0800a5a8   0x0800a5a8   0x00000080   Code   RO         3695    i.put_lfn           ff.o
    0x0800a628   0x0800a628   0x00000048   Code   RO         3696    i.put_utf           ff.o
    0x0800a670   0x0800a670   0x00000044   Code   RO         3697    i.putc_bfd          ff.o
    0x0800a6b4   0x0800a6b4   0x0000002c   Code   RO         3698    i.putc_flush        ff.o
    0x0800a6e0   0x0800a6e0   0x00000014   Code   RO         3699    i.putc_init         ff.o
    0x0800a6f4   0x0800a6f4   0x00000160   Code   RO         3440    i.pvPortMalloc      heap_4.o
    0x0800a854   0x0800a854   0x00000020   Code   RO         2915    i.pvTaskIncrementMutexHeldCount  tasks.o
    0x0800a874   0x0800a874   0x0000002c   Code   RO         3503    i.pxPortInitialiseStack  port.o
    0x0800a8a0   0x0800a8a0   0x00000006   Code   RO         2002    i.read_addr         usmart.o
    0x0800a8a6   0x0800a8a6   0x00000002   PAD
    0x0800a8a8   0x0800a8a8   0x00000020   Code   RO         1009    i.read_current_finaliy_point  bsp_dma.o
    0x0800a8c8   0x0800a8c8   0x0000011c   Code   RO         1744    i.rec_i2s_dma_rx_callback  voice_access.o
    0x0800a9e4   0x0800a9e4   0x0000002c   Code   RO         1745    i.recoder_enter_play_mode  voice_access.o
    0x0800aa10   0x0800aa10   0x0000009c   Code   RO         1746    i.recoder_enter_rec_mode  voice_access.o
    0x0800aaac   0x0800aaac   0x0000009a   Code   RO         3700    i.remove_chain      ff.o
    0x0800ab46   0x0800ab46   0x00000002   PAD
    0x0800ab48   0x0800ab48   0x00000090   Code   RO         4172    i.scan_files        fattester.o
    0x0800abd8   0x0800abd8   0x00000024   Code   RO         3701    i.st_clust          ff.o
    0x0800abfc   0x0800abfc   0x00000018   Code   RO         3702    i.st_dword          ff.o
    0x0800ac14   0x0800ac14   0x0000000c   Code   RO         3703    i.st_word           ff.o
    0x0800ac20   0x0800ac20   0x00000020   Code   RO         3704    i.sum_sfn           ff.o
    0x0800ac40   0x0800ac40   0x0000003e   Code   RO         1315    i.swi2cAck          bsp_swi2c.o
    0x0800ac7e   0x0800ac7e   0x0000004e   Code   RO         1316    i.swi2cReceiveByte  bsp_swi2c.o
    0x0800accc   0x0800accc   0x00000040   Code   RO         1317    i.swi2cSendByte     bsp_swi2c.o
    0x0800ad0c   0x0800ad0c   0x00000032   Code   RO         1318    i.swi2cStart        bsp_swi2c.o
    0x0800ad3e   0x0800ad3e   0x00000026   Code   RO         1319    i.swi2cStop         bsp_swi2c.o
    0x0800ad64   0x0800ad64   0x00000046   Code   RO         1320    i.swi2cWaitAck      bsp_swi2c.o
    0x0800adaa   0x0800adaa   0x00000002   PAD
    0x0800adac   0x0800adac   0x00000028   Code   RO         1010    i.swich_current_read_point  bsp_dma.o
    0x0800add4   0x0800add4   0x00000090   Code   RO         3705    i.sync_fs           ff.o
    0x0800ae64   0x0800ae64   0x0000004a   Code   RO         3706    i.sync_window       ff.o
    0x0800aeae   0x0800aeae   0x0000004c   Code   RO         3707    i.tchar2uni         ff.o
    0x0800aefa   0x0800aefa   0x00000002   PAD
    0x0800aefc   0x0800aefc   0x00000048   Code   RO         1444    i.uDHTxx_Answer     bsp_dhtxx.o
    0x0800af44   0x0800af44   0x0000007c   Code   RO         1445    i.uRead_Byte        bsp_dhtxx.o
    0x0800afc0   0x0800afc0   0x000000b0   Code   RO         2258    i.uart_init         usart.o
    0x0800b070   0x0800b070   0x0000000c   Code   RO          929    i.uasrt_key_send    bsp_key.o
    0x0800b07c   0x0800b07c   0x0000002c   Code   RO         1011    i.usartReadStart    bsp_dma.o
    0x0800b0a8   0x0800b0a8   0x0000002c   Code   RO         1013    i.usartSendStart    bsp_dma.o
    0x0800b0d4   0x0800b0d4   0x00000220   Code   RO         1628    i.usart_parse       myapp.o
    0x0800b2f4   0x0800b2f4   0x000000b0   Code   RO         2003    i.usmart_cmd_rec    usmart.o
    0x0800b3a4   0x0800b3a4   0x000002d4   Code   RO         2004    i.usmart_exe        usmart.o
    0x0800b678   0x0800b678   0x000000c8   Code   RO         2111    i.usmart_get_aparm  usmart_str.o
    0x0800b740   0x0800b740   0x00000036   Code   RO         2112    i.usmart_get_cmdname  usmart_str.o
    0x0800b776   0x0800b776   0x00000002   PAD
    0x0800b778   0x0800b778   0x000001c0   Code   RO         2113    i.usmart_get_fname  usmart_str.o
    0x0800b938   0x0800b938   0x0000010c   Code   RO         2114    i.usmart_get_fparam  usmart_str.o
    0x0800ba44   0x0800ba44   0x00000020   Code   RO         2115    i.usmart_get_parmpos  usmart_str.o
    0x0800ba64   0x0800ba64   0x00000044   Code   RO         2005    i.usmart_get_runtime  usmart.o
    0x0800baa8   0x0800baa8   0x00000028   Code   RO         2006    i.usmart_init       usmart.o
    0x0800bad0   0x0800bad0   0x00000016   Code   RO         2116    i.usmart_pow        usmart_str.o
    0x0800bae6   0x0800bae6   0x00000002   PAD
    0x0800bae8   0x0800bae8   0x00000030   Code   RO         2007    i.usmart_reset_runtime  usmart.o
    0x0800bb18   0x0800bb18   0x000000bc   Code   RO         2008    i.usmart_scan       usmart.o
    0x0800bbd4   0x0800bbd4   0x00000016   Code   RO         2117    i.usmart_search_nextc  usmart_str.o
    0x0800bbea   0x0800bbea   0x000000ca   Code   RO         2118    i.usmart_str2num    usmart_str.o
    0x0800bcb4   0x0800bcb4   0x00000022   Code   RO         2119    i.usmart_strcmp     usmart_str.o
    0x0800bcd6   0x0800bcd6   0x00000016   Code   RO         2120    i.usmart_strcopy    usmart_str.o
    0x0800bcec   0x0800bcec   0x00000018   Code   RO         2121    i.usmart_strlen     usmart_str.o
    0x0800bd04   0x0800bd04   0x000006e4   Code   RO         2009    i.usmart_sys_cmd_exe  usmart.o
    0x0800c3e8   0x0800c3e8   0x000000c2   Code   RO         1932    i.utf82gbk          gbk2utf2uni.o
    0x0800c4aa   0x0800c4aa   0x00000028   Code   RO         2430    i.uxListRemove      list.o
    0x0800c4d2   0x0800c4d2   0x00000002   PAD
    0x0800c4d4   0x0800c4d4   0x00000030   Code   RO         1446    i.vDHTxx_Start      bsp_dhtxx.o
    0x0800c504   0x0800c504   0x00000008   Code   RO         1447    i.vDhtxx_Init       bsp_dhtxx.o
    0x0800c50c   0x0800c50c   0x0000001a   Code   RO         2431    i.vListInitialise   list.o
    0x0800c526   0x0800c526   0x00000006   Code   RO         2432    i.vListInitialiseItem  list.o
    0x0800c52c   0x0800c52c   0x00000034   Code   RO         2433    i.vListInsert       list.o
    0x0800c560   0x0800c560   0x00000018   Code   RO         2434    i.vListInsertEnd    list.o
    0x0800c578   0x0800c578   0x00000088   Code   RO         3505    i.vPortEnterCritical  port.o
    0x0800c600   0x0800c600   0x00000070   Code   RO         3506    i.vPortExitCritical  port.o
    0x0800c670   0x0800c670   0x000000c8   Code   RO         3441    i.vPortFree         heap_4.o
    0x0800c738   0x0800c738   0x00000018   Code   RO         3507    i.vPortSetupTimerInterrupt  port.o
    0x0800c750   0x0800c750   0x000000a0   Code   RO         3508    i.vPortValidateInterruptPriority  port.o
    0x0800c7f0   0x0800c7f0   0x0000002c   Code   RO         2489    i.vQueueAddToRegistry  queue.o
    0x0800c81c   0x0800c81c   0x0000004a   Code   RO         2493    i.vQueueWaitForMessageRestricted  queue.o
    0x0800c866   0x0800c866   0x00000002   PAD
    0x0800c868   0x0800c868   0x00000034   Code   RO         1449    i.vSetIoState       bsp_dhtxx.o
    0x0800c89c   0x0800c89c   0x0000013c   Code   RO            4    i.vTaskAudioPlay    main.o
    0x0800c9d8   0x0800c9d8   0x00000074   Code   RO         2924    i.vTaskDelay        tasks.o
    0x0800ca4c   0x0800ca4c   0x0000010c   Code   RO         2926    i.vTaskDelete       tasks.o
    0x0800cb58   0x0800cb58   0x00000018   Code   RO         2929    i.vTaskInternalSetTimeOutState  tasks.o
    0x0800cb70   0x0800cb70   0x0000009c   Code   RO            5    i.vTaskKeyGet       main.o
    0x0800cc0c   0x0800cc0c   0x000001b4   Code   RO            6    i.vTaskLED          main.o
    0x0800cdc0   0x0800cdc0   0x0000000c   Code   RO         2930    i.vTaskMissedYield  tasks.o
    0x0800cdcc   0x0800cdcc   0x00000054   Code   RO         2932    i.vTaskPlaceOnEventList  tasks.o
    0x0800ce20   0x0800ce20   0x0000005c   Code   RO         2933    i.vTaskPlaceOnEventListRestricted  tasks.o
    0x0800ce7c   0x0800ce7c   0x000000f4   Code   RO         2935    i.vTaskPriorityDisinheritAfterTimeout  tasks.o
    0x0800cf70   0x0800cf70   0x000000a4   Code   RO            7    i.vTaskSpeechRec    main.o
    0x0800d014   0x0800d014   0x000000ac   Code   RO         2941    i.vTaskStartScheduler  tasks.o
    0x0800d0c0   0x0800d0c0   0x00000010   Code   RO         2943    i.vTaskSuspendAll   tasks.o
    0x0800d0d0   0x0800d0d0   0x000000a8   Code   RO         2944    i.vTaskSwitchContext  tasks.o
    0x0800d178   0x0800d178   0x00000144   Code   RO            8    i.vTaskTaskInit     main.o
    0x0800d2bc   0x0800d2bc   0x00000020   Code   RO            9    i.vTaskUsartParse   main.o
    0x0800d2dc   0x0800d2dc   0x0000003c   Code   RO         3708    i.validate          ff.o
    0x0800d318   0x0800d318   0x00000054   Code   RO         1747    i.voice_End_Receive  voice_access.o
    0x0800d36c   0x0800d36c   0x000000c0   Code   RO         1748    i.voice_Receive     voice_access.o
    0x0800d42c   0x0800d42c   0x0000002c   Code   RO         1750    i.voice_info_size   voice_access.o
    0x0800d458   0x0800d458   0x00000120   Code   RO         1565    i.wav_buffill       wavplay.o
    0x0800d578   0x0800d578   0x000001f4   Code   RO         1566    i.wav_decode_init   wavplay.o
    0x0800d76c   0x0800d76c   0x00000070   Code   RO         1568    i.wav_i2s_dma_tx_callback  wavplay.o
    0x0800d7dc   0x0800d7dc   0x000001a4   Code   RO         1569    i.wav_play_song     wavplay.o
    0x0800d980   0x0800d980   0x00000004   Code   RO         2010    i.write_addr        usmart.o
    0x0800d984   0x0800d984   0x0000019c   Code   RO         3509    i.xPortStartScheduler  port.o
    0x0800db20   0x0800db20   0x00000034   Code   RO         3510    i.xPortSysTickHandler  port.o
    0x0800db54   0x0800db54   0x00000070   Code   RO         2498    i.xQueueGenericCreate  queue.o
    0x0800dbc4   0x0800dbc4   0x000000b0   Code   RO         2499    i.xQueueGenericReset  queue.o
    0x0800dc74   0x0800dc74   0x000001d4   Code   RO         2500    i.xQueueGenericSend  queue.o
    0x0800de48   0x0800de48   0x00000118   Code   RO         2501    i.xQueueGenericSendFromISR  queue.o
    0x0800df60   0x0800df60   0x000000fc   Code   RO         2502    i.xQueueGiveFromISR  queue.o
    0x0800e05c   0x0800e05c   0x00000170   Code   RO         2508    i.xQueueReceive     queue.o
    0x0800e1cc   0x0800e1cc   0x000001b4   Code   RO         2513    i.xQueueSemaphoreTake  queue.o
    0x0800e380   0x0800e380   0x0000009c   Code   RO         2946    i.xTaskCheckForTimeOut  tasks.o
    0x0800e41c   0x0800e41c   0x00000060   Code   RO         2947    i.xTaskCreate       tasks.o
    0x0800e47c   0x0800e47c   0x00000020   Code   RO         2951    i.xTaskGetSchedulerState  tasks.o
    0x0800e49c   0x0800e49c   0x0000000c   Code   RO         2952    i.xTaskGetTickCount  tasks.o
    0x0800e4a8   0x0800e4a8   0x00000160   Code   RO         2954    i.xTaskIncrementTick  tasks.o
    0x0800e608   0x0800e608   0x000000d8   Code   RO         2957    i.xTaskPriorityDisinherit  tasks.o
    0x0800e6e0   0x0800e6e0   0x000000b8   Code   RO         2958    i.xTaskPriorityInherit  tasks.o
    0x0800e798   0x0800e798   0x000000b4   Code   RO         2959    i.xTaskRemoveFromEventList  tasks.o
    0x0800e84c   0x0800e84c   0x00000120   Code   RO         2960    i.xTaskResumeAll    tasks.o
    0x0800e96c   0x0800e96c   0x00000074   Code   RO         3302    i.xTimerCreateTimerTask  timers.o
    0x0800e9e0   0x0800e9e0   0x000000a0   Code   RO         3303    i.xTimerGenericCommand  timers.o
    0x0800ea80   0x0800ea80   0x0000006e   Data   RO          851    .constdata          bsp_i2s.o
    0x0800eaee   0x0800eaee   0x00000004   Data   RO         1751    .constdata          voice_access.o
    0x0800eaf2   0x0800eaf2   0x00000040   Data   RO         1860    .constdata          base64.o
    0x0800eb32   0x0800eb32   0x0002a908   Data   RO         1984    .constdata          gbk.o
    0x0803943a   0x0803943a   0x00000002   PAD
    0x0803943c   0x0803943c   0x00000058   Data   RO         3709    .constdata          ff.o
    0x08039494   0x08039494   0x0002abb6   Data   RO         4066    .constdata          ffunicode.o
    0x0806404a   0x0806404a   0x00000002   PAD
    0x0806404c   0x0806404c   0x00000059   Data   RO         1630    .conststring        myapp.o
    0x080640a5   0x080640a5   0x00000003   PAD
    0x080640a8   0x080640a8   0x0000011d   Data   RO         1684    .conststring        speech_rec.o
    0x080641c5   0x080641c5   0x00000003   PAD
    0x080641c8   0x080641c8   0x00000028   Data   RO         2011    .conststring        usmart.o
    0x080641f0   0x080641f0   0x000002d9   Data   RO         2085    .conststring        usmart_config.o
    0x080644c9   0x080644c9   0x00000003   PAD
    0x080644cc   0x080644cc   0x00000020   Data   RO         6857    Region$$Table       anon$$obj.o


    Execution Region RW_IRAM1 (Exec base: 0x20000000, Load base: 0x080644ec, Size: 0x0001b0a8, Max: 0x00020000, ABSOLUTE, COMPRESSED[0x00000198])

    Exec Addr    Load Addr    Size         Type   Attr      Idx    E Section Name        Object

    0x20000000   COMPRESSED   0x0000002c   Data   RW           11    .data               main.o
    0x2000002c   COMPRESSED   0x00000001   Data   RW          404    .data               bsp_led.o
    0x2000002d   COMPRESSED   0x00000003   PAD
    0x20000030   COMPRESSED   0x00000010   Data   RW          462    .data               bsp_sdio_sdcard.o
    0x20000040   COMPRESSED   0x00000074   Data   RW          664    .data               bsp_wm8978.o
    0x200000b4   COMPRESSED   0x00000008   Data   RW          852    .data               bsp_i2s.o
    0x200000bc   COMPRESSED   0x00000002   Data   RW          930    .data               bsp_key.o
    0x200000be   COMPRESSED   0x00000002   PAD
    0x200000c0   COMPRESSED   0x00000008   Data   RW         1016    .data               bsp_dma.o
    0x200000c8   COMPRESSED   0x00000014   Data   RW         1372    .data               bsp_pcf8574.o
    0x200000dc   COMPRESSED   0x00000005   Data   RW         1450    .data               bsp_dhtxx.o
    0x200000e1   COMPRESSED   0x00000003   PAD
    0x200000e4   COMPRESSED   0x00000014   Data   RW         1514    .data               bsp_bh1750fvi.o
    0x200000f8   COMPRESSED   0x00000002   Data   RW         1571    .data               wavplay.o
    0x200000fa   COMPRESSED   0x00000002   PAD
    0x200000fc   COMPRESSED   0x00000069   Data   RW         1631    .data               myapp.o
    0x20000165   COMPRESSED   0x00000003   PAD
    0x20000168   COMPRESSED   0x00000009   Data   RW         1685    .data               speech_rec.o
    0x20000171   COMPRESSED   0x00000003   PAD
    0x20000174   COMPRESSED   0x00000011   Data   RW         1752    .data               voice_access.o
    0x20000185   COMPRESSED   0x00000003   PAD
    0x20000188   COMPRESSED   0x0000001c   Data   RW         2012    .data               usmart.o
    0x200001a4   COMPRESSED   0x000001d4   Data   RW         2086    .data               usmart_config.o
    0x20000378   COMPRESSED   0x00000004   Data   RW         2196    .data               delay.o
    0x2000037c   COMPRESSED   0x00000006   Data   RW         2260    .data               usart.o
    0x20000382   COMPRESSED   0x00000002   PAD
    0x20000384   COMPRESSED   0x0000003c   Data   RW         2963    .data               tasks.o
    0x200003c0   COMPRESSED   0x00000014   Data   RW         3309    .data               timers.o
    0x200003d4   COMPRESSED   0x00000020   Data   RW         3447    .data               heap_4.o
    0x200003f4   COMPRESSED   0x0000000c   Data   RW         3511    .data               port.o
    0x20000400   COMPRESSED   0x00000006   Data   RW         3710    .data               ff.o
    0x20000406   COMPRESSED   0x00000002   PAD
    0x20000408   COMPRESSED   0x00000018   Data   RW         4104    .data               exfuns.o
    0x20000420   COMPRESSED   0x00000010   Data   RW         4589    .data               stm32f4xx_rcc.o
    0x20000430   COMPRESSED   0x00000004   Data   RW         6471    .data               segger_hardfaulthandler.o
    0x20000434   COMPRESSED   0x00000004   Data   RW         6848    .data               mc_w.l(mvars.o)
    0x20000438   COMPRESSED   0x00000004   Data   RW         6849    .data               mc_w.l(mvars.o)
    0x2000043c   COMPRESSED   0x00000004   PAD
    0x20000440        -       0x00000030   Zero   RW           10    .bss                main.o
    0x20000470        -       0x000002c0   Zero   RW          461    .bss                bsp_sdio_sdcard.o
    0x20000730        -       0x000000c8   Zero   RW         1015    .bss                bsp_dma.o
    0x200007f8        -       0x00000020   Zero   RW         1570    .bss                wavplay.o
    0x20000818        -       0x0000000a   Zero   RW         1629    .bss                myapp.o
    0x20000822        -       0x00000014   Zero   RW         1683    .bss                speech_rec.o
    0x20000836        -       0x00000011   Zero   RW         1815    .bss                audioplay.o
    0x20000847        -       0x000000c8   Zero   RW         2259    .bss                usart.o
    0x2000090f   COMPRESSED   0x00000001   PAD
    0x20000910        -       0x00000040   Zero   RW         2515    .bss                queue.o
    0x20000950        -       0x000001a4   Zero   RW         2962    .bss                tasks.o
    0x20000af4        -       0x00000028   Zero   RW         3308    .bss                timers.o
    0x20000b1c        -       0x0000a000   Zero   RW         3446    .bss                heap_4.o
    0x2000ab1c        -       0x00000030   Zero   RW         4101    .bss                exfuns.o
    0x2000ab4c        -       0x00000118   Zero   RW         4173    .bss                fattester.o
    0x2000ac64        -       0x00000040   Zero   RW         6470    .bss                segger_hardfaulthandler.o
    0x2000aca4   COMPRESSED   0x00000004   PAD
    0x2000aca8        -       0x00010000   Zero   RW         4302    HEAP                startup_stm32f40_41xxx.o
    0x2001aca8        -       0x00000400   Zero   RW         4301    STACK               startup_stm32f40_41xxx.o


==============================================================================

Image component sizes


      Code (inc. data)   RO Data    RW Data    ZI Data      Debug   Object Name

        40         12          0          0         17       1750   audioplay.o
       380         22         64          0          0       2601   base64.o
       332        130          0          0          0        582   bsp.o
       432         52          0         20          0       5009   bsp_bh1750fvi.o
       592         46          0          5          0       5231   bsp_dhtxx.o
       628         96          0          8        200       7036   bsp_dma.o
       234         14          0          0          0       1213   bsp_exti.o
       840         90        110          8          0       7660   bsp_i2s.o
        60         12          0          2          0       1687   bsp_key.o
        88         14          0          1          0       1020   bsp_led.o
       428         68          0          0          0       2837   bsp_myiic.o
       304         26          0         20          0       4239   bsp_pcf8574.o
      7486        402          0         16        704      34489   bsp_sdio_sdcard.o
       284         16          0          0          0       1365   bsp_spi.o
       362          0          0          0          0       4194   bsp_swi2c.o
       276         22          0          0          0       1379   bsp_usart.o
       804         18          0        116          0       8169   bsp_wm8978.o
       220         18          0          4          0       2541   delay.o
       358          6          0          0          0       5308   diskio.o
         0          0          0          0          0       8180   event_groups.o
       124         18          0         24         48       1513   exfuns.o
      1600        664          0          0        280      13703   fattester.o
     12602        192         88          6          0      72636   ff.o
        24          0          0          0          0       1119   ffsystem.o
       396         28     175030          0          0       3024   ffunicode.o
       124          8     174344          0          0       1543   gbk.o
       220          0          0          0          0       1735   gbk2utf2uni.o
        18          0          0          0          0        304   hardfaulthandler.o
       780        184          0         32      40960       4087   heap_4.o
       692         30          0          0          0       5584   jlx_gb2312g_1016.o
       418         16          0          0          0       3473   jlx_gb2312z.o
       148          0          0          0          0       3238   list.o
      1488        426          0         44         48     337807   main.o
       180         24          0          0          0       2081   misc.o
      1432        262         89        105         10       4806   myapp.o
      1242        392          0         12          0      10973   port.o
      2800        322          0          0         64      18796   queue.o
       180         14          0          4         64       3351   segger_hardfaulthandler.o
      1080        276        285          9         20       7272   speech_rec.o
        36          8        392          0      66560        840   startup_stm32f40_41xxx.o
       756         58          0          0          0       8201   stm32f4xx_dma.o
       184         16          0          0          0       2100   stm32f4xx_exti.o
       218          0          0          0          0       2330   stm32f4xx_gpio.o
        16          0          0          0          0       2281   stm32f4xx_it.o
       420         58          0         16          0       6908   stm32f4xx_rcc.o
       208         38          0          0          0       5689   stm32f4xx_sdio.o
       642         12          0          0          0       6291   stm32f4xx_spi.o
        64          4          0          0          0        656   stm32f4xx_syscfg.o
       252         28          0          0          0       6552   stm32f4xx_tim.o
       422          8          0          0          0       4893   stm32f4xx_usart.o
        16          0          0          0          0        504   sys.o
       340         32          0          0          0       1485   system_stm32f4xx.o
      3550        880          0         60        420      30769   tasks.o
      1358        310          0         20         40      11419   timers.o
       340         30          0          6        200       3804   usart.o
      3166       1330         40         28          0       8010   usmart.o
        24          8        729        468          0       2223   usmart_config.o
      1328         20          0          0          0       8913   usmart_str.o
       804        160          4         17          0       5044   voice_access.o
      1320        240          0          2         32       4315   wavplay.o

    ----------------------------------------------------------------------
     55220       7160     351220       1076     109672     726762   Object Totals
         0          0         32          0          0          0   (incl. Generated)
        60          0         13         23          5          0   (incl. Padding)

    ----------------------------------------------------------------------

      Code (inc. data)   RO Data    RW Data    ZI Data      Debug   Library Member Name

        20          0          0          0          0        124   fabs.o
        86          0          0          0          0          0   __dczerorl2.o
         0          0          0          0          0          0   entry.o
         0          0          0          0          0          0   entry10a.o
         0          0          0          0          0          0   entry11a.o
         8          4          0          0          0          0   entry2.o
         4          0          0          0          0          0   entry5.o
         0          0          0          0          0          0   entry7b.o
         0          0          0          0          0          0   entry8b.o
         8          4          0          0          0          0   entry9a.o
        30          0          0          0          0          0   handlers.o
        36          8          0          0          0         68   init.o
         0          0          0          0          0          0   iusefp.o
        98          0          0          0          0         84   ldiv.o
        30          0          0          0          0         68   llshl.o
        36          0          0          0          0         68   llsshr.o
        32          0          0          0          0         68   llushr.o
       188         20          0          0          0        160   malloc.o
        36          0          0          0          0         68   memcpya.o
        36          0          0          0          0        108   memseta.o
         0          0          0          8          0          0   mvars.o
      2308         96          0          0          0        604   printfa.o
        28          0          0          0          0         76   strcmp.o
        14          0          0          0          0         68   strlen.o
        36          0          0          0          0         80   strstr.o
        44          0          0          0          0         80   uidiv.o
        98          0          0          0          0         92   uldiv.o
        48          0          0          0          0         68   cdrcmple.o
       334          0          0          0          0        148   dadd.o
       222          0          0          0          0        100   ddiv.o
       186          0          0          0          0        176   depilogue.o
        62          0          0          0          0         80   dfixi.o
        50          0          0          0          0         76   dfixui.o
        48          0          0          0          0         68   dfixul.o
        34          0          0          0          0         76   dflti.o
        26          0          0          0          0         76   dfltui.o
       228          0          0          0          0         96   dmul.o

    ----------------------------------------------------------------------
      4420        132          0          8          4       2780   Library Totals
         6          0          0          0          4          0   (incl. Padding)

    ----------------------------------------------------------------------

      Code (inc. data)   RO Data    RW Data    ZI Data      Debug   Library Name

        20          0          0          0          0        124   m_wm.l
      3156        132          0          8          0       1692   mc_w.l
      1238          0          0          0          0        964   mf_w.l

    ----------------------------------------------------------------------
      4420        132          0          8          4       2780   Library Totals

    ----------------------------------------------------------------------

==============================================================================


      Code (inc. data)   RO Data    RW Data    ZI Data      Debug   

     59640       7292     351220       1084     109676     686170   Grand Totals
     59640       7292     351220        408     109676     686170   ELF Image Totals (compressed)
     59640       7292     351220        408          0          0   ROM Totals

==============================================================================

    Total RO  Size (Code + RO Data)               410860 ( 401.23kB)
    Total RW  Size (RW Data + ZI Data)            110760 ( 108.16kB)
    Total ROM Size (Code + RO Data + RW Data)     411268 ( 401.63kB)

==============================================================================

