Component: ARM Compiler 5.06 update 6 (build 750) Tool: armlink [4d35ed]

==============================================================================

Section Cross References

    main.o(i.main) refers to bsp.o(i.bspInit) for bspInit
    main.o(i.main) refers to tasks.o(i.xTaskCreate) for xTaskCreate
    main.o(i.main) refers to tasks.o(i.vTaskStartScheduler) for vTaskStartScheduler
    main.o(i.main) refers to main.o(.data) for xHandleTaskInit
    main.o(i.main) refers to main.o(i.vTaskTaskInit) for vTaskTaskInit
    main.o(i.vTaskFileRead) refers to recorder.o(i.wav_recorder) for wav_recorder
    main.o(i.vTaskFileWrite) refers to ff.o(i.f_open) for f_open
    main.o(i.vTaskFileWrite) refers to heap_4.o(i.pvPortMalloc) for pvPortMalloc
    main.o(i.vTaskFileWrite) refers to f2d.o(.text) for __aeabi_f2d
    main.o(i.vTaskFileWrite) refers to printfa.o(i.__0sprintf) for __2sprintf
    main.o(i.vTaskFileWrite) refers to printfa.o(i.__0printf) for __2printf
    main.o(i.vTaskFileWrite) refers to strlen.o(.text) for strlen
    main.o(i.vTaskFileWrite) refers to ff.o(i.f_write) for f_write
    main.o(i.vTaskFileWrite) refers to heap_4.o(i.vPortFree) for vPortFree
    main.o(i.vTaskFileWrite) refers to ff.o(i.f_close) for f_close
    main.o(i.vTaskFileWrite) refers to tasks.o(i.vTaskDelay) for vTaskDelay
    main.o(i.vTaskFileWrite) refers to exfuns.o(.data) for file
    main.o(i.vTaskFileWrite) refers to main.o(.data) for float_num
    main.o(i.vTaskLED) refers to bsp_led.o(i.bspLedToggle) for bspLedToggle
    main.o(i.vTaskLED) refers to tasks.o(i.vTaskDelay) for vTaskDelay
    main.o(i.vTaskTaskInit) refers to port.o(i.vPortEnterCritical) for vPortEnterCritical
    main.o(i.vTaskTaskInit) refers to fattester.o(i.mf_mount) for mf_mount
    main.o(i.vTaskTaskInit) refers to tasks.o(i.xTaskCreate) for xTaskCreate
    main.o(i.vTaskTaskInit) refers to tasks.o(i.vTaskDelete) for vTaskDelete
    main.o(i.vTaskTaskInit) refers to port.o(i.vPortExitCritical) for vPortExitCritical
    main.o(i.vTaskTaskInit) refers to main.o(.data) for xHandleTaskLED
    main.o(i.vTaskTaskInit) refers to main.o(i.vTaskLED) for vTaskLED
    main.o(i.vTaskTaskInit) refers to main.o(i.vTaskFileRead) for vTaskFileRead
    bsp.o(i.bspInit) refers to misc.o(i.NVIC_PriorityGroupConfig) for NVIC_PriorityGroupConfig
    bsp.o(i.bspInit) refers to delay.o(i.delay_init) for delay_init
    bsp.o(i.bspInit) refers to bsp_led.o(i.bspLedInit) for bspLedInit
    bsp.o(i.bspInit) refers to usart.o(i.uart_init) for uart_init
    bsp.o(i.bspInit) refers to usmart.o(i.usmart_init) for usmart_init
    bsp.o(i.bspInit) refers to bsp_wm8978.o(i.WM8978_Init) for WM8978_Init
    bsp.o(i.bspInit) refers to bsp_wm8978.o(i.WM8978_HPvol_Set) for WM8978_HPvol_Set
    bsp.o(i.bspInit) refers to bsp_wm8978.o(i.WM8978_SPKvol_Set) for WM8978_SPKvol_Set
    bsp.o(i.bspInit) refers to exfuns.o(i.exfuns_init) for exfuns_init
    bsp.o(i.bspInit) refers to printfa.o(i.__0printf) for __2printf
    bsp.o(i.bspInit) refers to delay.o(i.delay_ms) for delay_ms
    bsp.o(i.bspInit) refers to bsp_sdio_sdcard.o(i.SD_Init) for SD_Init
    bsp_dhtxx.o(i.DHTxx_Action) refers to bsp_dhtxx.o(i.vDHTxx_Start) for vDHTxx_Start
    bsp_dhtxx.o(i.DHTxx_Action) refers to bsp_dhtxx.o(i.uDHTxx_Answer) for uDHTxx_Answer
    bsp_dhtxx.o(i.DHTxx_Action) refers to bsp_dhtxx.o(i.uRead_Byte) for uRead_Byte
    bsp_dhtxx.o(i.DHTxx_Get_Data) refers to bsp_dhtxx.o(i.DHTxx_Action) for DHTxx_Action
    bsp_dhtxx.o(i.DHTxx_Get_Data) refers to dflti.o(.text) for __aeabi_i2d
    bsp_dhtxx.o(i.DHTxx_Get_Data) refers to ddiv.o(.text) for __aeabi_ddiv
    bsp_dhtxx.o(i.DHTxx_Get_Data) refers to bsp_dhtxx.o(.data) for g_dhtxx_table
    bsp_dhtxx.o(i.Io_Init) refers to stm32f4xx_rcc.o(i.RCC_AHB1PeriphClockCmd) for RCC_AHB1PeriphClockCmd
    bsp_dhtxx.o(i.Io_Init) refers to stm32f4xx_gpio.o(i.GPIO_Init) for GPIO_Init
    bsp_dhtxx.o(i.Io_Init) refers to stm32f4xx_gpio.o(i.GPIO_SetBits) for GPIO_SetBits
    bsp_dhtxx.o(i.uDHTxx_Answer) refers to bsp_dhtxx.o(i.vSetIoState) for vSetIoState
    bsp_dhtxx.o(i.uDHTxx_Answer) refers to delay.o(i.delay_us) for delay_us
    bsp_dhtxx.o(i.uRead_Byte) refers to delay.o(i.delay_us) for delay_us
    bsp_dhtxx.o(i.vDHTxx_Start) refers to bsp_dhtxx.o(i.vSetIoState) for vSetIoState
    bsp_dhtxx.o(i.vDHTxx_Start) refers to delay.o(i.delay_us) for delay_us
    bsp_dhtxx.o(i.vDhtxx_Init) refers to bsp_dhtxx.o(i.Io_Init) for Io_Init
    bsp_dhtxx.o(i.vInstability_Period) refers to delay.o(i.delay_ms) for delay_ms
    bsp_adc.o(i.Get_Adc) refers to stm32f4xx_adc.o(i.ADC_RegularChannelConfig) for ADC_RegularChannelConfig
    bsp_adc.o(i.Get_Adc) refers to stm32f4xx_adc.o(i.ADC_SoftwareStartConv) for ADC_SoftwareStartConv
    bsp_adc.o(i.Get_Adc) refers to stm32f4xx_adc.o(i.ADC_GetFlagStatus) for ADC_GetFlagStatus
    bsp_adc.o(i.Get_Adc) refers to stm32f4xx_adc.o(i.ADC_GetConversionValue) for ADC_GetConversionValue
[...]
    RCC_IRQHandler                           0x08000287   Thumb Code     0  startup_stm32f40_41xxx.o(.text)
    RTC_Alarm_IRQHandler                     0x08000287   Thumb Code     0  startup_stm32f40_41xxx.o(.text)
    RTC_WKUP_IRQHandler                      0x08000287   Thumb Code     0  startup_stm32f40_41xxx.o(.text)
    SPI1_IRQHandler                          0x08000287   Thumb Code     0  startup_stm32f40_41xxx.o(.text)
    SPI2_IRQHandler                          0x08000287   Thumb Code     0  startup_stm32f40_41xxx.o(.text)
    SPI3_IRQHandler                          0x08000287   Thumb Code     0  startup_stm32f40_41xxx.o(.text)
    TAMP_STAMP_IRQHandler                    0x08000287   Thumb Code     0  startup_stm32f40_41xxx.o(.text)
    TIM1_BRK_TIM9_IRQHandler                 0x08000287   Thumb Code     0  startup_stm32f40_41xxx.o(.text)
    TIM1_CC_IRQHandler                       0x08000287   Thumb Code     0  startup_stm32f40_41xxx.o(.text)
    TIM1_TRG_COM_TIM11_IRQHandler            0x08000287   Thumb Code     0  startup_stm32f40_41xxx.o(.text)
    TIM1_UP_TIM10_IRQHandler                 0x08000287   Thumb Code     0  startup_stm32f40_41xxx.o(.text)
    TIM2_IRQHandler                          0x08000287   Thumb Code     0  startup_stm32f40_41xxx.o(.text)
    TIM5_IRQHandler                          0x08000287   Thumb Code     0  startup_stm32f40_41xxx.o(.text)
    TIM6_DAC_IRQHandler                      0x08000287   Thumb Code     0  startup_stm32f40_41xxx.o(.text)
    TIM7_IRQHandler                          0x08000287   Thumb Code     0  startup_stm32f40_41xxx.o(.text)
    TIM8_BRK_TIM12_IRQHandler                0x08000287   Thumb Code     0  startup_stm32f40_41xxx.o(.text)
    TIM8_CC_IRQHandler                       0x08000287   Thumb Code     0  startup_stm32f40_41xxx.o(.text)
    TIM8_TRG_COM_TIM14_IRQHandler            0x08000287   Thumb Code     0  startup_stm32f40_41xxx.o(.text)
    TIM8_UP_TIM13_IRQHandler                 0x08000287   Thumb Code     0  startup_stm32f40_41xxx.o(.text)
    UART4_IRQHandler                         0x08000287   Thumb Code     0  startup_stm32f40_41xxx.o(.text)
    UART5_IRQHandler                         0x08000287   Thumb Code     0  startup_stm32f40_41xxx.o(.text)
    USART2_IRQHandler                        0x08000287   Thumb Code     0  startup_stm32f40_41xxx.o(.text)
    USART3_IRQHandler                        0x08000287   Thumb Code     0  startup_stm32f40_41xxx.o(.text)
    USART6_IRQHandler                        0x08000287   Thumb Code     0  startup_stm32f40_41xxx.o(.text)
    WWDG_IRQHandler                          0x08000287   Thumb Code     0  startup_stm32f40_41xxx.o(.text)
    __aeabi_ldivmod                          0x08000291   Thumb Code    98  ldiv.o(.text)
    __aeabi_memcpy                           0x080002f3   Thumb Code    36  memcpya.o(.text)
    __aeabi_memcpy4                          0x080002f3   Thumb Code     0  memcpya.o(.text)
    __aeabi_memcpy8                          0x080002f3   Thumb Code     0  memcpya.o(.text)
    __aeabi_memset                           0x08000317   Thumb Code    14  memseta.o(.text)
    __aeabi_memset4                          0x08000317   Thumb Code     0  memseta.o(.text)
    __aeabi_memset8                          0x08000317   Thumb Code     0  memseta.o(.text)
    __aeabi_memclr                           0x08000325   Thumb Code     4  memseta.o(.text)
    __aeabi_memclr4                          0x08000325   Thumb Code     0  memseta.o(.text)
    __aeabi_memclr8                          0x08000325   Thumb Code     0  memseta.o(.text)
    memset                                   0x08000329   Thumb Code    18  memseta.o(.text)
    strlen                                   0x0800033b   Thumb Code    14  strlen.o(.text)
    strcmp                                   0x08000349   Thumb Code    28  strcmp.o(.text)
    strcpy                                   0x08000365   Thumb Code    18  strcpy.o(.text)
    __aeabi_dadd                             0x08000377   Thumb Code   322  dadd.o(.text)
    __aeabi_dsub                             0x080004b9   Thumb Code     6  dadd.o(.text)
    __aeabi_drsub                            0x080004bf   Thumb Code     6  dadd.o(.text)
    __aeabi_dmul                             0x080004c5   Thumb Code   228  dmul.o(.text)
    __aeabi_ddiv                             0x080005a9   Thumb Code   222  ddiv.o(.text)
    __aeabi_cdrcmple                         0x08000689   Thumb Code    48  cdrcmple.o(.text)
    __aeabi_uidiv                            0x080006b9   Thumb Code     0  uidiv.o(.text)
    __aeabi_uidivmod                         0x080006b9   Thumb Code    44  uidiv.o(.text)
    __aeabi_uldivmod                         0x080006e5   Thumb Code    98  uldiv.o(.text)
    __aeabi_llsl                             0x08000747   Thumb Code    30  llshl.o(.text)
    _ll_shift_l                              0x08000747   Thumb Code     0  llshl.o(.text)
    __aeabi_llsr                             0x08000765   Thumb Code    32  llushr.o(.text)
    _ll_ushift_r                             0x08000765   Thumb Code     0  llushr.o(.text)
    __aeabi_lasr                             0x08000785   Thumb Code    36  llsshr.o(.text)
    _ll_sshift_r                             0x08000785   Thumb Code     0  llsshr.o(.text)
    __I$use$fp                               0x080007a9   Thumb Code     0  iusefp.o(.text)
    _double_round                            0x080007a9   Thumb Code    30  depilogue.o(.text)
    _double_epilogue                         0x080007c7   Thumb Code   156  depilogue.o(.text)
    __aeabi_d2ulz                            0x08000863   Thumb Code    48  dfixul.o(.text)
    __scatterload                            0x08000895   Thumb Code    28  init.o(.text)
    __scatterload_rt2                        0x08000895   Thumb Code     0  init.o(.text)
    __decompress                             0x080008b9   Thumb Code     0  __dczerorl2.o(.text)
    __decompress1                            0x080008b9   Thumb Code    86  __dczerorl2.o(.text)
    HardFault_Handler                        0x08000911   Thumb Code     0  hardfaulthandler.o(OSKERNEL)
    BusFault_Handler                         0x08000923   Thumb Code     4  stm32f4xx_it.o(i.BusFault_Handler)
    CmdError                                 0x08000927   Thumb Code    48  bsp_sdio_sdcard.o(i.CmdError)
    CmdResp1Error                            0x08000959   Thumb Code    94  bsp_sdio_sdcard.o(i.CmdResp1Error)
    CmdResp2Error                            0x080009bd   Thumb Code    80  bsp_sdio_sdcard.o(i.CmdResp2Error)
    CmdResp3Error                            0x08000a11   Thumb Code    50  bsp_sdio_sdcard.o(i.CmdResp3Error)
    CmdResp6Error                            0x08000a49   Thumb Code   144  bsp_sdio_sdcard.o(i.CmdResp6Error)
    CmdResp7Error                            0x08000add   Thumb Code    70  bsp_sdio_sdcard.o(i.CmdResp7Error)
    DMA1_Stream3_IRQHandler                  0x08000b29   Thumb Code    30  bsp_i2s.o(i.DMA1_Stream3_IRQHandler)
    DMA1_Stream4_IRQHandler                  0x08000b55   Thumb Code    30  bsp_i2s.o(i.DMA1_Stream4_IRQHandler)
    DMA_ClearITPendingBit                    0x08000b81   Thumb Code    38  stm32f4xx_dma.o(i.DMA_ClearITPendingBit)
    DMA_Cmd                                  0x08000bb5   Thumb Code    22  stm32f4xx_dma.o(i.DMA_Cmd)
    DMA_DeInit                               0x08000bcd   Thumb Code   324  stm32f4xx_dma.o(i.DMA_DeInit)
    DMA_DoubleBufferModeCmd                  0x08000d25   Thumb Code    22  stm32f4xx_dma.o(i.DMA_DoubleBufferModeCmd)
    DMA_DoubleBufferModeConfig               0x08000d3b   Thumb Code    24  stm32f4xx_dma.o(i.DMA_DoubleBufferModeConfig)
    DMA_FlowControllerConfig                 0x08000d53   Thumb Code    22  stm32f4xx_dma.o(i.DMA_FlowControllerConfig)
    DMA_GetCmdStatus                         0x08000d69   Thumb Code    20  stm32f4xx_dma.o(i.DMA_GetCmdStatus)
    DMA_GetITStatus                          0x08000d7d   Thumb Code    82  stm32f4xx_dma.o(i.DMA_GetITStatus)
    DMA_ITConfig                             0x08000de1   Thumb Code    58  stm32f4xx_dma.o(i.DMA_ITConfig)
    DMA_Init                                 0x08000e1d   Thumb Code    82  stm32f4xx_dma.o(i.DMA_Init)
    DebugMon_Handler                         0x08000e75   Thumb Code     2  stm32f4xx_it.o(i.DebugMon_Handler)
    FindSCR                                  0x08000e79   Thumb Code   388  bsp_sdio_sdcard.o(i.FindSCR)
    FuncTest                                 0x0800100d   Thumb Code    16  usmart_config.o(i.FuncTest)
    GPIO_Init                                0x08001025   Thumb Code   144  stm32f4xx_gpio.o(i.GPIO_Init)
    GPIO_PinAFConfig                         0x080010b5   Thumb Code    70  stm32f4xx_gpio.o(i.GPIO_PinAFConfig)
    GPIO_ReadInputDataBit                    0x080010fb   Thumb Code    18  stm32f4xx_gpio.o(i.GPIO_ReadInputDataBit)
    HardFaultHandler                         0x0800110d   Thumb Code   166  segger_hardfaulthandler.o(i.HardFaultHandler)
    I2S2_Init                                0x080011c1   Thumb Code    94  bsp_i2s.o(i.I2S2_Init)
    I2S2_SampleRate_Set                      0x08001225   Thumb Code   148  bsp_i2s.o(i.I2S2_SampleRate_Set)
    I2S2_TX_DMA_Init                         0x080012c5   Thumb Code   164  bsp_i2s.o(i.I2S2_TX_DMA_Init)
    I2S2ext_Init                             0x08001375   Thumb Code    72  bsp_i2s.o(i.I2S2ext_Init)
    I2S2ext_RX_DMA_Init                      0x080013c1   Thumb Code   164  bsp_i2s.o(i.I2S2ext_RX_DMA_Init)
    I2S_Cmd                                  0x08001471   Thumb Code    24  stm32f4xx_spi.o(i.I2S_Cmd)
    I2S_FullDuplexConfig                     0x08001489   Thumb Code    80  stm32f4xx_spi.o(i.I2S_FullDuplexConfig)
    I2S_Init                                 0x080014d9   Thumb Code   396  stm32f4xx_spi.o(i.I2S_Init)
    I2S_Play_Start                           0x08001671   Thumb Code    12  bsp_i2s.o(i.I2S_Play_Start)
    I2S_Play_Stop                            0x08001681   Thumb Code    12  bsp_i2s.o(i.I2S_Play_Stop)
    I2S_Rec_Start                            0x08001691   Thumb Code    12  bsp_i2s.o(i.I2S_Rec_Start)
    I2S_Rec_Stop                             0x080016a1   Thumb Code    12  bsp_i2s.o(i.I2S_Rec_Stop)
    IIC_Init                                 0x080016b1   Thumb Code    62  bsp_myiic.o(i.IIC_Init)
    IIC_Send_Byte                            0x080016fd   Thumb Code    90  bsp_myiic.o(i.IIC_Send_Byte)
    IIC_Start                                0x08001765   Thumb Code    64  bsp_myiic.o(i.IIC_Start)
    IIC_Stop                                 0x080017b1   Thumb Code    62  bsp_myiic.o(i.IIC_Stop)
    IIC_Wait_Ack                             0x080017fd   Thumb Code    82  bsp_myiic.o(i.IIC_Wait_Ack)
    IsCardProgramming                        0x0800185d   Thumb Code   146  bsp_sdio_sdcard.o(i.IsCardProgramming)
    KEY_Scan                                 0x080018fd   Thumb Code   188  bsp_key.o(i.KEY_Scan)
    MemManage_Handler                        0x080019c5   Thumb Code     4  stm32f4xx_it.o(i.MemManage_Handler)
    NMI_Handler                              0x080019c9   Thumb Code     2  stm32f4xx_it.o(i.NMI_Handler)
    NVIC_Init                                0x080019cd   Thumb Code   106  misc.o(i.NVIC_Init)
    NVIC_PriorityGroupConfig                 0x08001a45   Thumb Code    10  misc.o(i.NVIC_PriorityGroupConfig)
    RCC_AHB1PeriphClockCmd                   0x08001a59   Thumb Code    26  stm32f4xx_rcc.o(i.RCC_AHB1PeriphClockCmd)
    RCC_APB1PeriphClockCmd                   0x08001a79   Thumb Code    26  stm32f4xx_rcc.o(i.RCC_APB1PeriphClockCmd)
    RCC_APB1PeriphResetCmd                   0x08001a99   Thumb Code    26  stm32f4xx_rcc.o(i.RCC_APB1PeriphResetCmd)
    RCC_APB2PeriphClockCmd                   0x08001ab9   Thumb Code    26  stm32f4xx_rcc.o(i.RCC_APB2PeriphClockCmd)
    RCC_APB2PeriphResetCmd                   0x08001ad9   Thumb Code    26  stm32f4xx_rcc.o(i.RCC_APB2PeriphResetCmd)
    RCC_GetClocksFreq                        0x08001af9   Thumb Code   214  stm32f4xx_rcc.o(i.RCC_GetClocksFreq)
    RCC_PLLI2SCmd                            0x08001be1   Thumb Code     6  stm32f4xx_rcc.o(i.RCC_PLLI2SCmd)
    RCC_PLLI2SConfig                         0x08001bed   Thumb Code    12  stm32f4xx_rcc.o(i.RCC_PLLI2SConfig)
    SDEnWideBus                              0x08001bfd   Thumb Code   158  bsp_sdio_sdcard.o(i.SDEnWideBus)
    SDIO_ClearFlag                           0x08001ca9   Thumb Code     6  stm32f4xx_sdio.o(i.SDIO_ClearFlag)
    SDIO_Clock_Set                           0x08001cb5   Thumb Code    16  bsp_sdio_sdcard.o(i.SDIO_Clock_Set)
    SDIO_DataConfig                          0x08001cc9   Thumb Code    46  stm32f4xx_sdio.o(i.SDIO_DataConfig)
    SDIO_GetFlagStatus                       0x08001cfd   Thumb Code    20  stm32f4xx_sdio.o(i.SDIO_GetFlagStatus)
    SDIO_GetPowerState                       0x08001d15   Thumb Code    10  stm32f4xx_sdio.o(i.SDIO_GetPowerState)
    SDIO_IRQHandler                          0x08001d25   Thumb Code     8  bsp_sdio_sdcard.o(i.SDIO_IRQHandler)
    SDIO_Init                                0x08001d2d   Thumb Code    42  stm32f4xx_sdio.o(i.SDIO_Init)
    SDIO_Register_Deinit                     0x08001d5d   Thumb Code    48  bsp_sdio_sdcard.o(i.SDIO_Register_Deinit)
    SDIO_SendCommand                         0x08001d95   Thumb Code    40  stm32f4xx_sdio.o(i.SDIO_SendCommand)
    SDIO_SetPowerState                       0x08001dc1   Thumb Code     6  stm32f4xx_sdio.o(i.SDIO_SetPowerState)
    SD_DMA_Config                            0x08001dcd   Thumb Code   118  bsp_sdio_sdcard.o(i.SD_DMA_Config)
    SD_EnableWideBusOperation                0x08001e4d   Thumb Code    94  bsp_sdio_sdcard.o(i.SD_EnableWideBusOperation)
    SD_GetCardInfo                           0x08001eb5   Thumb Code   772  bsp_sdio_sdcard.o(i.SD_GetCardInfo)
    SD_Init                                  0x080021c9   Thumb Code   286  bsp_sdio_sdcard.o(i.SD_Init)
    SD_InitializeCards                       0x080022fd   Thumb Code   330  bsp_sdio_sdcard.o(i.SD_InitializeCards)
    SD_PowerON                               0x08002461   Thumb Code   460  bsp_sdio_sdcard.o(i.SD_PowerON)
    SD_ProcessIRQSrc                         0x08002645   Thumb Code   318  bsp_sdio_sdcard.o(i.SD_ProcessIRQSrc)
    SD_ReadBlock                             0x08002799   Thumb Code   574  bsp_sdio_sdcard.o(i.SD_ReadBlock)
    SD_ReadDisk                              0x08002a01   Thumb Code   148  bsp_sdio_sdcard.o(i.SD_ReadDisk)
    SD_ReadMultiBlocks                       0x08002a99   Thumb Code   710  bsp_sdio_sdcard.o(i.SD_ReadMultiBlocks)
    SD_SelectDeselect                        0x08002d8d   Thumb Code    42  bsp_sdio_sdcard.o(i.SD_SelectDeselect)
    SD_SetDeviceMode                         0x08002dbd   Thumb Code    20  bsp_sdio_sdcard.o(i.SD_SetDeviceMode)
    SD_WriteBlock                            0x08002dd5   Thumb Code   862  bsp_sdio_sdcard.o(i.SD_WriteBlock)
    SD_WriteDisk                             0x0800315d   Thumb Code   148  bsp_sdio_sdcard.o(i.SD_WriteDisk)
    SD_WriteMultiBlocks                      0x080031f5   Thumb Code   934  bsp_sdio_sdcard.o(i.SD_WriteMultiBlocks)
    SPI_I2S_DMACmd                           0x080035c5   Thumb Code    18  stm32f4xx_spi.o(i.SPI_I2S_DMACmd)
    SysTick_CLKSourceConfig                  0x080036c5   Thumb Code    40  misc.o(i.SysTick_CLKSourceConfig)
    SysTick_Handler                          0x080036ed   Thumb Code    16  delay.o(i.SysTick_Handler)
    SystemInit                               0x080036fd   Thumb Code    88  system_stm32f4xx.o(i.SystemInit)
    TIM3_IRQHandler                          0x08003765   Thumb Code    20  bsp_timer.o(i.TIM3_IRQHandler)
    TIM4_IRQHandler                          0x0800377d   Thumb Code    46  usmart.o(i.TIM4_IRQHandler)
    TIM_ClearFlag                            0x080037b5   Thumb Code     6  stm32f4xx_tim.o(i.TIM_ClearFlag)
    TIM_ClearITPendingBit                    0x080037bb   Thumb Code     6  stm32f4xx_tim.o(i.TIM_ClearITPendingBit)
    TIM_Cmd                                  0x080037c1   Thumb Code    24  stm32f4xx_tim.o(i.TIM_Cmd)
    TIM_GetCounter                           0x080037d9   Thumb Code     6  stm32f4xx_tim.o(i.TIM_GetCounter)
    TIM_GetFlagStatus                        0x080037df   Thumb Code    18  stm32f4xx_tim.o(i.TIM_GetFlagStatus)
    TIM_GetITStatus                          0x080037f1   Thumb Code    34  stm32f4xx_tim.o(i.TIM_GetITStatus)
    TIM_ITConfig                             0x08003813   Thumb Code    18  stm32f4xx_tim.o(i.TIM_ITConfig)
    TIM_SetAutoreload                        0x08003825   Thumb Code     4  stm32f4xx_tim.o(i.TIM_SetAutoreload)
    TIM_SetCounter                           0x08003829   Thumb Code     4  stm32f4xx_tim.o(i.TIM_SetCounter)
    TIM_TimeBaseInit                         0x0800382d   Thumb Code   104  stm32f4xx_tim.o(i.TIM_TimeBaseInit)
    Timer4_Init                              0x080038b1   Thumb Code    88  usmart.o(i.Timer4_Init)
    USART1_IRQHandler                        0x0800390d   Thumb Code   122  usart.o(i.USART1_IRQHandler)
    USART_Cmd                                0x08003995   Thumb Code    24  stm32f4xx_usart.o(i.USART_Cmd)
    USART_GetITStatus                        0x080039ad   Thumb Code    84  stm32f4xx_usart.o(i.USART_GetITStatus)
    USART_ITConfig                           0x08003a01   Thumb Code    74  stm32f4xx_usart.o(i.USART_ITConfig)
    USART_Init                               0x08003a4d   Thumb Code   204  stm32f4xx_usart.o(i.USART_Init)
    USART_ReceiveData                        0x08003b21   Thumb Code    10  stm32f4xx_usart.o(i.USART_ReceiveData)
    UsageFault_Handler                       0x08003b2b   Thumb Code     4  stm32f4xx_it.o(i.UsageFault_Handler)
    WM8978_ADDA_Cfg                          0x08003b2f   Thumb Code    64  bsp_wm8978.o(i.WM8978_ADDA_Cfg)
    WM8978_AUX_Gain                          0x08003b6f   Thumb Code    54  bsp_wm8978.o(i.WM8978_AUX_Gain)
    WM8978_HPvol_Set                         0x08003ba5   Thumb Code    46  bsp_wm8978.o(i.WM8978_HPvol_Set)
    WM8978_I2S_Cfg                           0x08003bd3   Thumb Code    28  bsp_wm8978.o(i.WM8978_I2S_Cfg)
    WM8978_Init                              0x08003bf1   Thumb Code   244  bsp_wm8978.o(i.WM8978_Init)
    WM8978_Input_Cfg                         0x08003ced   Thumb Code   102  bsp_wm8978.o(i.WM8978_Input_Cfg)
    WM8978_LINEIN_Gain                       0x08003d53   Thumb Code    54  bsp_wm8978.o(i.WM8978_LINEIN_Gain)
    WM8978_MIC_Gain                          0x08003d89   Thumb Code    28  bsp_wm8978.o(i.WM8978_MIC_Gain)
    WM8978_Output_Cfg                        0x08003da5   Thumb Code    42  bsp_wm8978.o(i.WM8978_Output_Cfg)
    WM8978_Read_Reg                          0x08003dd1   Thumb Code    10  bsp_wm8978.o(i.WM8978_Read_Reg)
    WM8978_SPKvol_Set                        0x08003de1   Thumb Code    34  bsp_wm8978.o(i.WM8978_SPKvol_Set)
    WM8978_Write_Reg                         0x08003e05   Thumb Code    80  bsp_wm8978.o(i.WM8978_Write_Reg)
    __0printf                                0x08003e59   Thumb Code    22  printfa.o(i.__0printf)
    __1printf                                0x08003e59   Thumb Code     0  printfa.o(i.__0printf)
    __2printf                                0x08003e59   Thumb Code     0  printfa.o(i.__0printf)
    __c89printf                              0x08003e59   Thumb Code     0  printfa.o(i.__0printf)
    printf                                   0x08003e59   Thumb Code     0  printfa.o(i.__0printf)
    __0sprintf                               0x08003e79   Thumb Code    34  printfa.o(i.__0sprintf)
    __1sprintf                               0x08003e79   Thumb Code     0  printfa.o(i.__0sprintf)
    __2sprintf                               0x08003e79   Thumb Code     0  printfa.o(i.__0sprintf)
    __c89sprintf                             0x08003e79   Thumb Code     0  printfa.o(i.__0sprintf)
    sprintf                                  0x08003e79   Thumb Code     0  printfa.o(i.__0sprintf)
    __scatterload_copy                       0x08003ea1   Thumb Code    14  handlers.o(i.__scatterload_copy)
    __scatterload_null                       0x08003eaf   Thumb Code     2  handlers.o(i.__scatterload_null)
    __scatterload_zeroinit                   0x08003eb1   Thumb Code    14  handlers.o(i.__scatterload_zeroinit)
    audio_play_song                          0x0800477d   Thumb Code    44  audioplay.o(i.audio_play_song)
    audio_start                              0x080047b9   Thumb Code    14  audioplay.o(i.audio_start)
    audio_stop                               0x080047cd   Thumb Code    14  audioplay.o(i.audio_stop)
    bspInit                                  0x080047e1   Thumb Code   102  bsp.o(i.bspInit)
    bspLedInit                               0x08004879   Thumb Code    48  bsp_led.o(i.bspLedInit)
    bspLedToggle                             0x080048ad   Thumb Code    26  bsp_led.o(i.bspLedToggle)
    char_upper                               0x080048d1   Thumb Code    26  exfuns.o(i.char_upper)
    convert_from_bytes_to_power_of_two       0x08004a39   Thumb Code    18  bsp_sdio_sdcard.o(i.convert_from_bytes_to_power_of_two)
    delay_init                               0x08004f99   Thumb Code    58  delay.o(i.delay_init)
    delay_ms                                 0x08004fdd   Thumb Code    60  delay.o(i.delay_ms)
    delay_us                                 0x0800501d   Thumb Code    68  delay.o(i.delay_us)
    dir_sdi                                  0x080055c5   Thumb Code   154  ff.o(i.dir_sdi)
    disk_initialize                          0x0800565f   Thumb Code    40  diskio.o(i.disk_initialize)
    disk_ioctl                               0x08005689   Thumb Code   106  diskio.o(i.disk_ioctl)
    disk_read                                0x080056f9   Thumb Code    98  diskio.o(i.disk_read)
    disk_status                              0x0800575b   Thumb Code     6  diskio.o(i.disk_status)
    disk_write                               0x08005761   Thumb Code    98  diskio.o(i.disk_write)
    exfuns_init                              0x080057c5   Thumb Code   106  exfuns.o(i.exfuns_init)
    f_close                                  0x08005841   Thumb Code    34  ff.o(i.f_close)
    f_closedir                               0x08005863   Thumb Code    24  ff.o(i.f_closedir)
    f_getfree                                0x0800587b   Thumb Code   246  ff.o(i.f_getfree)
    f_getlabel                               0x08005971   Thumb Code   190  ff.o(i.f_getlabel)
    f_gets                                   0x08005a2f   Thumb Code    82  ff.o(i.f_gets)
    f_lseek                                  0x08005a81   Thumb Code   388  ff.o(i.f_lseek)
    f_mkdir                                  0x08005c05   Thumb Code   292  ff.o(i.f_mkdir)
    f_mkfs                                   0x08005d29   Thumb Code  1824  ff.o(i.f_mkfs)
    f_mount                                  0x0800647d   Thumb Code    80  ff.o(i.f_mount)
    f_open                                   0x080064d1   Thumb Code   520  ff.o(i.f_open)
    f_opendir                                0x080066d9   Thumb Code   138  ff.o(i.f_opendir)
    f_putc                                   0x08006763   Thumb Code    34  ff.o(i.f_putc)
    f_puts                                   0x08006785   Thumb Code    44  ff.o(i.f_puts)
    f_read                                   0x080067b1   Thumb Code   412  ff.o(i.f_read)
    f_readdir                                0x0800694d   Thumb Code   104  ff.o(i.f_readdir)
    f_rename                                 0x080069b5   Thumb Code   316  ff.o(i.f_rename)
    f_setlabel                               0x08006af1   Thumb Code   306  ff.o(i.f_setlabel)
    f_sync                                   0x08006c29   Thumb Code   160  ff.o(i.f_sync)
    f_typetell                               0x08006cc9   Thumb Code   172  exfuns.o(i.f_typetell)
    f_unlink                                 0x08006d79   Thumb Code   196  ff.o(i.f_unlink)
    f_write                                  0x08006e3d   Thumb Code   478  ff.o(i.f_write)
    ff_memalloc                              0x0800701b   Thumb Code    12  ffsystem.o(i.ff_memalloc)
    ff_memfree                               0x08007027   Thumb Code    12  ffsystem.o(i.ff_memfree)
    ff_oem2uni                               0x08007035   Thumb Code   100  ffunicode.o(i.ff_oem2uni)
    ff_uni2oem                               0x0800709d   Thumb Code   112  ffunicode.o(i.ff_uni2oem)
    ff_wtoupper                              0x08007111   Thumb Code   166  ffunicode.o(i.ff_wtoupper)
    fputc                                    0x080072d9   Thumb Code    22  usart.o(i.fputc)
    free                                     0x080072f5   Thumb Code    76  malloc.o(i.free)
    get_fattime                              0x080074f1   Thumb Code     4  diskio.o(i.get_fattime)
    main                                     0x08007711   Thumb Code    34  main.o(i.main)
    malloc                                   0x0800774d   Thumb Code    92  malloc.o(i.malloc)
    mf_close                                 0x08007809   Thumb Code    14  fattester.o(i.mf_close)
    mf_closedir                              0x0800781d   Thumb Code    10  fattester.o(i.mf_closedir)
    mf_fmkfs                                 0x0800782d   Thumb Code    20  fattester.o(i.mf_fmkfs)
    mf_getlabel                              0x08007841   Thumb Code    58  fattester.o(i.mf_getlabel)
    mf_gets                                  0x080078c5   Thumb Code    38  fattester.o(i.mf_gets)
    mf_lseek                                 0x08007911   Thumb Code    16  fattester.o(i.mf_lseek)
    mf_mkdir                                 0x08007925   Thumb Code    12  fattester.o(i.mf_mkdir)
    mf_mount                                 0x08007931   Thumb Code    20  fattester.o(i.mf_mount)
    mf_open                                  0x08007949   Thumb Code    24  fattester.o(i.mf_open)
    mf_opendir                               0x08007965   Thumb Code    14  fattester.o(i.mf_opendir)
    mf_putc                                  0x08007979   Thumb Code    18  fattester.o(i.mf_putc)
    mf_puts                                  0x08007991   Thumb Code    18  fattester.o(i.mf_puts)
    mf_read                                  0x080079a9   Thumb Code   224  fattester.o(i.mf_read)
    mf_read_type                             0x08007b01   Thumb Code   192  fattester.o(i.mf_read_type)
    mf_readdir                               0x08007c1d   Thumb Code    92  fattester.o(i.mf_readdir)
    mf_rename                                0x08007ce5   Thumb Code    16  fattester.o(i.mf_rename)
    mf_setlabel                              0x08007cf5   Thumb Code    34  fattester.o(i.mf_setlabel)
    mf_showfree                              0x08007d51   Thumb Code    88  fattester.o(i.mf_showfree)
    mf_size                                  0x08007df9   Thumb Code     8  fattester.o(i.mf_size)
    mf_tell                                  0x08007e05   Thumb Code     8  fattester.o(i.mf_tell)
    mf_unlink                                0x08007e11   Thumb Code    12  fattester.o(i.mf_unlink)
    mf_write                                 0x08007e1d   Thumb Code    68  fattester.o(i.mf_write)
    pvPortMalloc                             0x08008f21   Thumb Code   272  heap_4.o(i.pvPortMalloc)
    pxPortInitialiseStack                    0x08009081   Thumb Code    38  port.o(i.pxPortInitialiseStack)
    read_addr                                0x080090ad   Thumb Code     6  usmart.o(i.read_addr)
    rec_i2s_dma_rx_callback                  0x080090b5   Thumb Code   194  recorder.o(i.rec_i2s_dma_rx_callback)
    recoder_enter_play_mode                  0x080091a5   Thumb Code    44  recorder.o(i.recoder_enter_play_mode)
    recoder_enter_rec_mode                   0x080091d1   Thumb Code   130  recorder.o(i.recoder_enter_rec_mode)
    recoder_new_pathname                     0x0800926d   Thumb Code    54  recorder.o(i.recoder_new_pathname)
    recoder_wav_init                         0x080092c1   Thumb Code    66  recorder.o(i.recoder_wav_init)
    scan_files                               0x080093b1   Thumb Code   124  fattester.o(i.scan_files)
    uart_init                                0x080095d1   Thumb Code   166  usart.o(i.uart_init)
    uasrt_key_get                            0x08009681   Thumb Code    40  bsp_key.o(i.uasrt_key_get)
    uasrt_key_send                           0x080096b1   Thumb Code     6  bsp_key.o(i.uasrt_key_send)
    usmart_cmd_rec                           0x080096bd   Thumb Code   170  usmart.o(i.usmart_cmd_rec)
    usmart_exe                               0x0800976d   Thumb Code   632  usmart.o(i.usmart_exe)
    usmart_get_aparm                         0x08009a41   Thumb Code   200  usmart_str.o(i.usmart_get_aparm)
    usmart_get_cmdname                       0x08009b09   Thumb Code    54  usmart_str.o(i.usmart_get_cmdname)
    usmart_get_fname                         0x08009b41   Thumb Code   440  usmart_str.o(i.usmart_get_fname)
    usmart_get_fparam                        0x08009d01   Thumb Code   262  usmart_str.o(i.usmart_get_fparam)
    usmart_get_parmpos                       0x08009e0d   Thumb Code    26  usmart_str.o(i.usmart_get_parmpos)
    usmart_get_runtime                       0x08009e2d   Thumb Code    60  usmart.o(i.usmart_get_runtime)
    usmart_init                              0x08009e71   Thumb Code    36  usmart.o(i.usmart_init)
    usmart_pow                               0x08009e99   Thumb Code    22  usmart_str.o(i.usmart_pow)
    usmart_reset_runtime                     0x08009eb1   Thumb Code    38  usmart.o(i.usmart_reset_runtime)
    usmart_scan                              0x08009ee1   Thumb Code   120  usmart.o(i.usmart_scan)
    usmart_search_nextc                      0x08009f9d   Thumb Code    22  usmart_str.o(i.usmart_search_nextc)
    usmart_str2num                           0x08009fb3   Thumb Code   202  usmart_str.o(i.usmart_str2num)
    usmart_strcmp                            0x0800a07d   Thumb Code    34  usmart_str.o(i.usmart_strcmp)
    usmart_strcopy                           0x0800a09f   Thumb Code    22  usmart_str.o(i.usmart_strcopy)
    usmart_strlen                            0x0800a0b5   Thumb Code    24  usmart_str.o(i.usmart_strlen)
    usmart_sys_cmd_exe                       0x0800a0cd   Thumb Code  1554  usmart.o(i.usmart_sys_cmd_exe)
    uxListRemove                             0x0800a7b1   Thumb Code    40  list.o(i.uxListRemove)
    vListInitialise                          0x0800a7d9   Thumb Code    26  list.o(i.vListInitialise)
    vListInitialiseItem                      0x0800a7f3   Thumb Code     6  list.o(i.vListInitialiseItem)
    vListInsert                              0x0800a7f9   Thumb Code    52  list.o(i.vListInsert)
    vListInsertEnd                           0x0800a82d   Thumb Code    24  list.o(i.vListInsertEnd)
    vPortEnterCritical                       0x0800a845   Thumb Code    68  port.o(i.vPortEnterCritical)
    vPortExitCritical                        0x0800a8cd   Thumb Code    48  port.o(i.vPortExitCritical)
    vPortFree                                0x0800a93d   Thumb Code   130  heap_4.o(i.vPortFree)
    vPortSetupTimerInterrupt                 0x0800aa05   Thumb Code    20  port.o(i.vPortSetupTimerInterrupt)
    vPortValidateInterruptPriority           0x0800aa1d   Thumb Code    86  port.o(i.vPortValidateInterruptPriority)
    vQueueAddToRegistry                      0x0800aabd   Thumb Code    38  queue.o(i.vQueueAddToRegistry)
    vQueueWaitForMessageRestricted           0x0800aae9   Thumb Code    74  queue.o(i.vQueueWaitForMessageRestricted)
    vTaskDelay                               0x0800ab35   Thumb Code    72  tasks.o(i.vTaskDelay)
    vTaskDelete                              0x0800aba9   Thumb Code   192  tasks.o(i.vTaskDelete)
    vTaskInternalSetTimeOutState             0x0800acbd   Thumb Code    14  tasks.o(i.vTaskInternalSetTimeOutState)
    vTaskMissedYield                         0x0800ace5   Thumb Code     8  tasks.o(i.vTaskMissedYield)
    vTaskPlaceOnEventList                    0x0800acf1   Thumb Code    42  tasks.o(i.vTaskPlaceOnEventList)
    vTaskPlaceOnEventListRestricted          0x0800ad45   Thumb Code    50  tasks.o(i.vTaskPlaceOnEventListRestricted)
    vTaskStartScheduler                      0x0800ada1   Thumb Code   108  tasks.o(i.vTaskStartScheduler)
    vTaskSuspendAll                          0x0800ae4d   Thumb Code    12  tasks.o(i.vTaskSuspendAll)
    vTaskSwitchContext                       0x0800ae5d   Thumb Code   110  tasks.o(i.vTaskSwitchContext)
    wav_buffill                              0x0800afbd   Thumb Code   280  wavplay.o(i.wav_buffill)
    wav_decode_init                          0x0800b0dd   Thumb Code   308  wavplay.o(i.wav_decode_init)
    wav_get_curtime                          0x0800b2d1   Thumb Code    74  wavplay.o(i.wav_get_curtime)
    wav_i2s_dma_tx_callback                  0x0800b31d   Thumb Code    96  wavplay.o(i.wav_i2s_dma_tx_callback)
    wav_play_song                            0x0800b38d   Thumb Code   526  wavplay.o(i.wav_play_song)
    wav_recorder                             0x0800b5b9   Thumb Code   420  recorder.o(i.wav_recorder)
    write_addr                               0x0800b791   Thumb Code     4  usmart.o(i.write_addr)
    xPortStartScheduler                      0x0800b795   Thumb Code   322  port.o(i.xPortStartScheduler)
    xPortSysTickHandler                      0x0800b931   Thumb Code    46  port.o(i.xPortSysTickHandler)
    xQueueGenericCreate                      0x0800b965   Thumb Code    74  queue.o(i.xQueueGenericCreate)
    xQueueGenericReset                       0x0800b9d5   Thumb Code   136  queue.o(i.xQueueGenericReset)
    xQueueGenericSend                        0x0800ba85   Thumb Code   380  queue.o(i.xQueueGenericSend)
    xQueueGenericSendFromISR                 0x0800bc29   Thumb Code   222  queue.o(i.xQueueGenericSendFromISR)
    xQueueReceive                            0x0800bd2d   Thumb Code   326  queue.o(i.xQueueReceive)
    xTaskCheckForTimeOut                     0x0800be9d   Thumb Code   112  tasks.o(i.xTaskCheckForTimeOut)
    xTaskCreate                              0x0800bf39   Thumb Code    96  tasks.o(i.xTaskCreate)
    xTaskGetSchedulerState                   0x0800bf99   Thumb Code    24  tasks.o(i.xTaskGetSchedulerState)
    xTaskGetTickCount                        0x0800bfb9   Thumb Code     6  tasks.o(i.xTaskGetTickCount)
    xTaskIncrementTick                       0x0800bfc5   Thumb Code   272  tasks.o(i.xTaskIncrementTick)
    xTaskPriorityDisinherit                  0x0800c125   Thumb Code   168  tasks.o(i.xTaskPriorityDisinherit)
    xTaskRemoveFromEventList                 0x0800c1fd   Thumb Code   118  tasks.o(i.xTaskRemoveFromEventList)
    xTaskResumeAll                           0x0800c2b1   Thumb Code   214  tasks.o(i.xTaskResumeAll)
    xTimerCreateTimerTask                    0x0800c3d1   Thumb Code    56  timers.o(i.xTimerCreateTimerTask)
    xTimerGenericCommand                     0x0800c445   Thumb Code   116  timers.o(i.xTimerGenericCommand)
    I2S_PSC_TBL                              0x0800c4e4   Data         110  bsp_i2s.o(.constdata)
    FILE_TYPE_TBL                            0x08037164   Data         112  exfuns.o(.constdata)
    i2splaybuf                               0x080371d4   Data           4  recorder.o(.constdata)
    EventRecorderInfo                        0x080371d8   Data          24  eventrecorder.o(.constdata)
    Region$$Table$$Base                      0x08037538   Number         0  anon$$obj.o(Region$$Table)
    Region$$Table$$Limit                     0x08037558   Number         0  anon$$obj.o(Region$$Table)
    TransferError                            0x2000001e   Data           1  bsp_sdio_sdcard.o(.data)
    TransferEnd                              0x2000001f   Data           1  bsp_sdio_sdcard.o(.data)
    tempbuff                                 0x20000020   Data           4  bsp_sdio_sdcard.o(.data)
    i2s_tx_callback                          0x20000098   Data           4  bsp_i2s.o(.data)
    i2s_rx_callback                          0x2000009c   Data           4  bsp_i2s.o(.data)
    keyval                                   0x200000a0   Data           1  bsp_key.o(.data)
    pxCurrentTCB                             0x200000a4   Data           4  tasks.o(.data)
    fs                                       0x20000128   Data           4  exfuns.o(.data)
    file                                     0x2000012c   Data           4  exfuns.o(.data)
    ftemp                                    0x20000130   Data           4  exfuns.o(.data)
    br                                       0x20000134   Data           4  exfuns.o(.data)
    bw                                       0x20000138   Data           4  exfuns.o(.data)
    fatbuf                                   0x2000013c   Data           4  exfuns.o(.data)
    sys_cmd_tab                              0x20000140   Data          28  usmart.o(.data)
    usmart_nametab                           0x2000015c   Data         224  usmart_config.o(.data)
    usmart_dev                               0x2000023c   Data         244  usmart_config.o(.data)
    __stdout                                 0x20000334   Data           4  usart.o(.data)
    USART_RX_STA                             0x20000338   Data           2  usart.o(.data)
    wavtransferend                           0x20000350   Data           1  wavplay.o(.data)
    wavwitchbuf                              0x20000351   Data           1  wavplay.o(.data)
    i2srecbuf1                               0x20000354   Data           4  recorder.o(.data)
    i2srecbuf2                               0x20000358   Data           4  recorder.o(.data)
    f_rec                                    0x2000035c   Data           4  recorder.o(.data)
    wavsize                                  0x20000360   Data           4  recorder.o(.data)
    rec_sta                                  0x20000364   Data           1  recorder.o(.data)
    __microlib_freelist                      0x20000368   Data           4  mvars.o(.data)
    __microlib_freelist_initialised          0x2000036c   Data           4  mvars.o(.data)
    SDIO_InitStructure                       0x20000370   Data          24  bsp_sdio_sdcard.o(.bss)
    SDIO_CmdInitStructure                    0x20000388   Data          20  bsp_sdio_sdcard.o(.bss)
    SDIO_DataInitStructure                   0x2000039c   Data          24  bsp_sdio_sdcard.o(.bss)
    SDCardInfo                               0x200003d8   Data          88  bsp_sdio_sdcard.o(.bss)
    SDIO_DATA_BUFFER                         0x20000430   Data         512  bsp_sdio_sdcard.o(.bss)
    xQueueRegistry                           0x20000630   Data          64  queue.o(.bss)
    dir                                      0x2000583c   Data          48  exfuns.o(.bss)
    USART_RX_BUF                             0x20005984   Data         200  usart.o(.bss)
    wavctrl                                  0x20005a8c   Data          32  wavplay.o(.bss)
    audiodev                                 0x20005aac   Data          17  audioplay.o(.bss)
    __heap_base                              0x20005f68   Data           0  startup_stm32f40_41xxx.o(HEAP)
    __heap_limit                             0x20017f68   Data           0  startup_stm32f40_41xxx.o(HEAP)
    __initial_sp                             0x20018368   Data           0  startup_stm32f40_41xxx.o(STACK)



==============================================================================

Memory Map of the image

  Image Entry point : 0x08000189

  Load Region LR_IROM1 (Base: 0x08000000, Size: 0x000378c8, Max: 0x00080000, ABSOLUTE, COMPRESSED[0x00037688])

    Execution Region ER_IROM1 (Exec base: 0x08000000, Load base: 0x08000000, Size: 0x00037558, Max: 0x00080000, ABSOLUTE)

    Exec Addr    Load Addr    Size         Type   Attr      Idx    E Section Name        Object

    0x08000000   0x08000000   0x00000188   Data   RO         3838    RESET               startup_stm32f40_41xxx.o
    0x08000188   0x08000188   0x00000000   Code   RO         6370  * .ARM.Collect$$$$00000000  mc_w.l(entry.o)
    0x08000188   0x08000188   0x00000004   Code   RO         6705    .ARM.Collect$$$$00000001  mc_w.l(entry2.o)
    0x0800018c   0x0800018c   0x00000004   Code   RO         6708    .ARM.Collect$$$$00000004  mc_w.l(entry5.o)
    0x08000190   0x08000190   0x00000000   Code   RO         6710    .ARM.Collect$$$$00000008  mc_w.l(entry7b.o)
    0x08000190   0x08000190   0x00000000   Code   RO         6712    .ARM.Collect$$$$0000000A  mc_w.l(entry8b.o)
    0x08000190   0x08000190   0x00000008   Code   RO         6713    .ARM.Collect$$$$0000000B  mc_w.l(entry9a.o)
    0x08000198   0x08000198   0x00000000   Code   RO         6715    .ARM.Collect$$$$0000000D  mc_w.l(entry10a.o)
    0x08000198   0x08000198   0x00000000   Code   RO         6717    .ARM.Collect$$$$0000000F  mc_w.l(entry11a.o)
    0x08000198   0x08000198   0x00000004   Code   RO         6706    .ARM.Collect$$$$00002712  mc_w.l(entry2.o)
    0x0800019c   0x0800019c   0x000000be   Code   RO         2717    .emb_text           port.o
    0x0800025a   0x0800025a   0x00000002   PAD
    0x0800025c   0x0800025c   0x00000010   Code   RO         3765    .emb_text           sys.o
    0x0800026c   0x0800026c   0x00000024   Code   RO         3839    .text               startup_stm32f40_41xxx.o
    0x08000290   0x08000290   0x00000062   Code   RO         6378    .text               mc_w.l(ldiv.o)
    0x080002f2   0x080002f2   0x00000024   Code   RO         6380    .text               mc_w.l(memcpya.o)
    0x08000316   0x08000316   0x00000024   Code   RO         6384    .text               mc_w.l(memseta.o)
    0x0800033a   0x0800033a   0x0000000e   Code   RO         6388    .text               mc_w.l(strlen.o)
    0x08000348   0x08000348   0x0000001c   Code   RO         6390    .text               mc_w.l(strcmp.o)
    0x08000364   0x08000364   0x00000012   Code   RO         6392    .text               mc_w.l(strcpy.o)
    0x08000376   0x08000376   0x0000014e   Code   RO         6685    .text               mf_w.l(dadd.o)
    0x080004c4   0x080004c4   0x000000e4   Code   RO         6687    .text               mf_w.l(dmul.o)
    0x080005a8   0x080005a8   0x000000de   Code   RO         6689    .text               mf_w.l(ddiv.o)
    0x08000686   0x08000686   0x00000002   PAD
    0x08000688   0x08000688   0x00000030   Code   RO         6701    .text               mf_w.l(cdrcmple.o)
    0x080006b8   0x080006b8   0x0000002c   Code   RO         6719    .text               mc_w.l(uidiv.o)
    0x080006e4   0x080006e4   0x00000062   Code   RO         6721    .text               mc_w.l(uldiv.o)
    0x08000746   0x08000746   0x0000001e   Code   RO         6723    .text               mc_w.l(llshl.o)
    0x08000764   0x08000764   0x00000020   Code   RO         6725    .text               mc_w.l(llushr.o)
    0x08000784   0x08000784   0x00000024   Code   RO         6727    .text               mc_w.l(llsshr.o)
    0x080007a8   0x080007a8   0x00000000   Code   RO         6731    .text               mc_w.l(iusefp.o)
    0x080007a8   0x080007a8   0x000000ba   Code   RO         6734    .text               mf_w.l(depilogue.o)
    0x08000862   0x08000862   0x00000030   Code   RO         6736    .text               mf_w.l(dfixul.o)
    0x08000892   0x08000892   0x00000002   PAD
    0x08000894   0x08000894   0x00000024   Code   RO         6738    .text               mc_w.l(init.o)
    0x080008b8   0x080008b8   0x00000056   Code   RO         6748    .text               mc_w.l(__dczerorl2.o)
    0x0800090e   0x0800090e   0x00000002   PAD
    0x08000910   0x08000910   0x00000012   Code   RO         5999    OSKERNEL            hardfaulthandler.o
    0x08000922   0x08000922   0x00000004   Code   RO         3845    i.BusFault_Handler  stm32f4xx_it.o
    0x08000926   0x08000926   0x00000030   Code   RO          996    i.CmdError          bsp_sdio_sdcard.o
    0x08000956   0x08000956   0x00000002   PAD
    0x08000958   0x08000958   0x00000064   Code   RO          997    i.CmdResp1Error     bsp_sdio_sdcard.o
    0x080009bc   0x080009bc   0x00000054   Code   RO          998    i.CmdResp2Error     bsp_sdio_sdcard.o
    0x08000a10   0x08000a10   0x00000038   Code   RO          999    i.CmdResp3Error     bsp_sdio_sdcard.o
    0x08000a48   0x08000a48   0x00000094   Code   RO         1000    i.CmdResp6Error     bsp_sdio_sdcard.o
    0x08000adc   0x08000adc   0x0000004c   Code   RO         1001    i.CmdResp7Error     bsp_sdio_sdcard.o
    0x08000b28   0x08000b28   0x0000002c   Code   RO         1404    i.DMA1_Stream3_IRQHandler  bsp_i2s.o
    0x08000b54   0x08000b54   0x0000002c   Code   RO         1405    i.DMA1_Stream4_IRQHandler  bsp_i2s.o
    0x08000b80   0x08000b80   0x00000034   Code   RO         5516    i.DMA_ClearITPendingBit  stm32f4xx_dma.o
    0x08000bb4   0x08000bb4   0x00000016   Code   RO         5517    i.DMA_Cmd           stm32f4xx_dma.o
    0x08000bca   0x08000bca   0x00000002   PAD
    0x08000bcc   0x08000bcc   0x00000158   Code   RO         5518    i.DMA_DeInit        stm32f4xx_dma.o
    0x08000d24   0x08000d24   0x00000016   Code   RO         5519    i.DMA_DoubleBufferModeCmd  stm32f4xx_dma.o
    0x08000d3a   0x08000d3a   0x00000018   Code   RO         5520    i.DMA_DoubleBufferModeConfig  stm32f4xx_dma.o
    0x08000d52   0x08000d52   0x00000016   Code   RO         5521    i.DMA_FlowControllerConfig  stm32f4xx_dma.o
    0x08000d68   0x08000d68   0x00000014   Code   RO         5522    i.DMA_GetCmdStatus  stm32f4xx_dma.o
    0x08000d7c   0x08000d7c   0x00000064   Code   RO         5527    i.DMA_GetITStatus   stm32f4xx_dma.o
    0x08000de0   0x08000de0   0x0000003a   Code   RO         5528    i.DMA_ITConfig      stm32f4xx_dma.o
    0x08000e1a   0x08000e1a   0x00000002   PAD
    0x08000e1c   0x08000e1c   0x00000058   Code   RO         5529    i.DMA_Init          stm32f4xx_dma.o
    0x08000e74   0x08000e74   0x00000002   Code   RO         3846    i.DebugMon_Handler  stm32f4xx_it.o
    0x08000e76   0x08000e76   0x00000002   PAD
    0x08000e78   0x08000e78   0x00000194   Code   RO         1002    i.FindSCR           bsp_sdio_sdcard.o
    0x0800100c   0x0800100c   0x00000018   Code   RO         3612    i.FuncTest          usmart_config.o
    0x08001024   0x08001024   0x00000090   Code   RO         3974    i.GPIO_Init         stm32f4xx_gpio.o
    0x080010b4   0x080010b4   0x00000046   Code   RO         3975    i.GPIO_PinAFConfig  stm32f4xx_gpio.o
    0x080010fa   0x080010fa   0x00000012   Code   RO         3978    i.GPIO_ReadInputDataBit  stm32f4xx_gpio.o
    0x0800110c   0x0800110c   0x000000b4   Code   RO         6004    i.HardFaultHandler  segger_hardfaulthandler.o
    0x080011c0   0x080011c0   0x00000064   Code   RO         1406    i.I2S2_Init         bsp_i2s.o
    0x08001224   0x08001224   0x000000a0   Code   RO         1407    i.I2S2_SampleRate_Set  bsp_i2s.o
    0x080012c4   0x080012c4   0x000000b0   Code   RO         1408    i.I2S2_TX_DMA_Init  bsp_i2s.o
    0x08001374   0x08001374   0x0000004c   Code   RO         1409    i.I2S2ext_Init      bsp_i2s.o
    0x080013c0   0x080013c0   0x000000b0   Code   RO         1410    i.I2S2ext_RX_DMA_Init  bsp_i2s.o
    0x08001470   0x08001470   0x00000018   Code   RO         5837    i.I2S_Cmd           stm32f4xx_spi.o
    0x08001488   0x08001488   0x00000050   Code   RO         5838    i.I2S_FullDuplexConfig  stm32f4xx_spi.o
    0x080014d8   0x080014d8   0x00000198   Code   RO         5839    i.I2S_Init          stm32f4xx_spi.o
    0x08001670   0x08001670   0x00000010   Code   RO         1411    i.I2S_Play_Start    bsp_i2s.o
    0x08001680   0x08001680   0x00000010   Code   RO         1412    i.I2S_Play_Stop     bsp_i2s.o
    0x08001690   0x08001690   0x00000010   Code   RO         1413    i.I2S_Rec_Start     bsp_i2s.o
    0x080016a0   0x080016a0   0x00000010   Code   RO         1414    i.I2S_Rec_Stop      bsp_i2s.o
    0x080016b0   0x080016b0   0x0000004c   Code   RO         1343    i.IIC_Init          bsp_myiic.o
    0x080016fc   0x080016fc   0x00000068   Code   RO         1346    i.IIC_Send_Byte     bsp_myiic.o
    0x08001764   0x08001764   0x0000004c   Code   RO         1347    i.IIC_Start         bsp_myiic.o
    0x080017b0   0x080017b0   0x0000004c   Code   RO         1348    i.IIC_Stop          bsp_myiic.o
    0x080017fc   0x080017fc   0x00000060   Code   RO         1349    i.IIC_Wait_Ack      bsp_myiic.o
    0x0800185c   0x0800185c   0x000000a0   Code   RO         1003    i.IsCardProgramming  bsp_sdio_sdcard.o
    0x080018fc   0x080018fc   0x000000c8   Code   RO         1491    i.KEY_Scan          bsp_key.o
    0x080019c4   0x080019c4   0x00000004   Code   RO         3847    i.MemManage_Handler  stm32f4xx_it.o
    0x080019c8   0x080019c8   0x00000002   Code   RO         3848    i.NMI_Handler       stm32f4xx_it.o
    0x080019ca   0x080019ca   0x00000002   PAD
    0x080019cc   0x080019cc   0x00000078   Code   RO         3929    i.NVIC_Init         misc.o
    0x08001a44   0x08001a44   0x00000014   Code   RO         3930    i.NVIC_PriorityGroupConfig  misc.o
    0x08001a58   0x08001a58   0x00000020   Code   RO         4071    i.RCC_AHB1PeriphClockCmd  stm32f4xx_rcc.o
    0x08001a78   0x08001a78   0x00000020   Code   RO         4080    i.RCC_APB1PeriphClockCmd  stm32f4xx_rcc.o
    0x08001a98   0x08001a98   0x00000020   Code   RO         4082    i.RCC_APB1PeriphResetCmd  stm32f4xx_rcc.o
    0x08001ab8   0x08001ab8   0x00000020   Code   RO         4083    i.RCC_APB2PeriphClockCmd  stm32f4xx_rcc.o
    0x08001ad8   0x08001ad8   0x00000020   Code   RO         4085    i.RCC_APB2PeriphResetCmd  stm32f4xx_rcc.o
    0x08001af8   0x08001af8   0x000000e8   Code   RO         4092    i.RCC_GetClocksFreq  stm32f4xx_rcc.o
    0x08001be0   0x08001be0   0x0000000c   Code   RO         4111    i.RCC_PLLI2SCmd     stm32f4xx_rcc.o
    0x08001bec   0x08001bec   0x00000010   Code   RO         4112    i.RCC_PLLI2SConfig  stm32f4xx_rcc.o
    0x08001bfc   0x08001bfc   0x000000ac   Code   RO         1004    i.SDEnWideBus       bsp_sdio_sdcard.o
    0x08001ca8   0x08001ca8   0x0000000c   Code   RO         5644    i.SDIO_ClearFlag    stm32f4xx_sdio.o
    0x08001cb4   0x08001cb4   0x00000014   Code   RO         1005    i.SDIO_Clock_Set    bsp_sdio_sdcard.o
    0x08001cc8   0x08001cc8   0x00000034   Code   RO         5650    i.SDIO_DataConfig   stm32f4xx_sdio.o
    0x08001cfc   0x08001cfc   0x00000018   Code   RO         5656    i.SDIO_GetFlagStatus  stm32f4xx_sdio.o
    0x08001d14   0x08001d14   0x00000010   Code   RO         5658    i.SDIO_GetPowerState  stm32f4xx_sdio.o
    0x08001d24   0x08001d24   0x00000008   Code   RO         1006    i.SDIO_IRQHandler   bsp_sdio_sdcard.o
    0x08001d2c   0x08001d2c   0x00000030   Code   RO         5661    i.SDIO_Init         stm32f4xx_sdio.o
    0x08001d5c   0x08001d5c   0x00000038   Code   RO         1007    i.SDIO_Register_Deinit  bsp_sdio_sdcard.o
    0x08001d94   0x08001d94   0x0000002c   Code   RO         5664    i.SDIO_SendCommand  stm32f4xx_sdio.o
    0x08001dc0   0x08001dc0   0x0000000c   Code   RO         5666    i.SDIO_SetPowerState  stm32f4xx_sdio.o
    0x08001dcc   0x08001dcc   0x00000080   Code   RO         1008    i.SD_DMA_Config     bsp_sdio_sdcard.o
    0x08001e4c   0x08001e4c   0x00000068   Code   RO         1009    i.SD_EnableWideBusOperation  bsp_sdio_sdcard.o
    0x08001eb4   0x08001eb4   0x00000314   Code   RO         1010    i.SD_GetCardInfo    bsp_sdio_sdcard.o
    0x080021c8   0x080021c8   0x00000134   Code   RO         1012    i.SD_Init           bsp_sdio_sdcard.o
    0x080022fc   0x080022fc   0x00000164   Code   RO         1013    i.SD_InitializeCards  bsp_sdio_sdcard.o
    0x08002460   0x08002460   0x000001e4   Code   RO         1015    i.SD_PowerON        bsp_sdio_sdcard.o
    0x08002644   0x08002644   0x00000154   Code   RO         1016    i.SD_ProcessIRQSrc  bsp_sdio_sdcard.o
    0x08002798   0x08002798   0x00000268   Code   RO         1017    i.SD_ReadBlock      bsp_sdio_sdcard.o
    0x08002a00   0x08002a00   0x00000098   Code   RO         1018    i.SD_ReadDisk       bsp_sdio_sdcard.o
    0x08002a98   0x08002a98   0x000002f4   Code   RO         1019    i.SD_ReadMultiBlocks  bsp_sdio_sdcard.o
    0x08002d8c   0x08002d8c   0x00000030   Code   RO         1020    i.SD_SelectDeselect  bsp_sdio_sdcard.o
    0x08002dbc   0x08002dbc   0x00000018   Code   RO         1022    i.SD_SetDeviceMode  bsp_sdio_sdcard.o
    0x08002dd4   0x08002dd4   0x00000388   Code   RO         1023    i.SD_WriteBlock     bsp_sdio_sdcard.o
    0x0800315c   0x0800315c   0x00000098   Code   RO         1024    i.SD_WriteDisk      bsp_sdio_sdcard.o
    0x080031f4   0x080031f4   0x000003d0   Code   RO         1025    i.SD_WriteMultiBlocks  bsp_sdio_sdcard.o
    0x080035c4   0x080035c4   0x00000012   Code   RO         5849    i.SPI_I2S_DMACmd    stm32f4xx_spi.o
    0x080035d6   0x080035d6   0x00000002   PAD
    0x080035d8   0x080035d8   0x000000ec   Code   RO         3892    i.SetSysClock       system_stm32f4xx.o
    0x080036c4   0x080036c4   0x00000028   Code   RO         3933    i.SysTick_CLKSourceConfig  misc.o
    0x080036ec   0x080036ec   0x00000010   Code   RO         3719    i.SysTick_Handler   delay.o
    0x080036fc   0x080036fc   0x00000068   Code   RO         3894    i.SystemInit        system_stm32f4xx.o
    0x08003764   0x08003764   0x00000018   Code   RO          717    i.TIM3_IRQHandler   bsp_timer.o
    0x0800377c   0x0800377c   0x00000038   Code   RO         3528    i.TIM4_IRQHandler   usmart.o
    0x080037b4   0x080037b4   0x00000006   Code   RO         4901    i.TIM_ClearFlag     stm32f4xx_tim.o
    0x080037ba   0x080037ba   0x00000006   Code   RO         4902    i.TIM_ClearITPendingBit  stm32f4xx_tim.o
    0x080037c0   0x080037c0   0x00000018   Code   RO         4907    i.TIM_Cmd           stm32f4xx_tim.o
    0x080037d8   0x080037d8   0x00000006   Code   RO         4926    i.TIM_GetCounter    stm32f4xx_tim.o
    0x080037de   0x080037de   0x00000012   Code   RO         4927    i.TIM_GetFlagStatus  stm32f4xx_tim.o
    0x080037f0   0x080037f0   0x00000022   Code   RO         4928    i.TIM_GetITStatus   stm32f4xx_tim.o
    0x08003812   0x08003812   0x00000012   Code   RO         4932    i.TIM_ITConfig      stm32f4xx_tim.o
    0x08003824   0x08003824   0x00000004   Code   RO         4967    i.TIM_SetAutoreload  stm32f4xx_tim.o
    0x08003828   0x08003828   0x00000004   Code   RO         4973    i.TIM_SetCounter    stm32f4xx_tim.o
    0x0800382c   0x0800382c   0x00000084   Code   RO         4979    i.TIM_TimeBaseInit  stm32f4xx_tim.o
    0x080038b0   0x080038b0   0x0000005c   Code   RO         3529    i.Timer4_Init       usmart.o
    0x0800390c   0x0800390c   0x00000088   Code   RO         3783    i.USART1_IRQHandler  usart.o
    0x08003994   0x08003994   0x00000018   Code   RO         4465    i.USART_Cmd         stm32f4xx_usart.o
    0x080039ac   0x080039ac   0x00000054   Code   RO         4469    i.USART_GetITStatus  stm32f4xx_usart.o
    0x08003a00   0x08003a00   0x0000004a   Code   RO         4471    i.USART_ITConfig    stm32f4xx_usart.o
    0x08003a4a   0x08003a4a   0x00000002   PAD
    0x08003a4c   0x08003a4c   0x000000d4   Code   RO         4472    i.USART_Init        stm32f4xx_usart.o
    0x08003b20   0x08003b20   0x0000000a   Code   RO         4479    i.USART_ReceiveData  stm32f4xx_usart.o
    0x08003b2a   0x08003b2a   0x00000004   Code   RO         3849    i.UsageFault_Handler  stm32f4xx_it.o
    0x08003b2e   0x08003b2e   0x00000040   Code   RO         1210    i.WM8978_ADDA_Cfg   bsp_wm8978.o
    0x08003b6e   0x08003b6e   0x00000036   Code   RO         1211    i.WM8978_AUX_Gain   bsp_wm8978.o
    0x08003ba4   0x08003ba4   0x0000002e   Code   RO         1218    i.WM8978_HPvol_Set  bsp_wm8978.o
    0x08003bd2   0x08003bd2   0x0000001c   Code   RO         1219    i.WM8978_I2S_Cfg    bsp_wm8978.o
    0x08003bee   0x08003bee   0x00000002   PAD
    0x08003bf0   0x08003bf0   0x000000fc   Code   RO         1220    i.WM8978_Init       bsp_wm8978.o
    0x08003cec   0x08003cec   0x00000066   Code   RO         1221    i.WM8978_Input_Cfg  bsp_wm8978.o
    0x08003d52   0x08003d52   0x00000036   Code   RO         1222    i.WM8978_LINEIN_Gain  bsp_wm8978.o
    0x08003d88   0x08003d88   0x0000001c   Code   RO         1223    i.WM8978_MIC_Gain   bsp_wm8978.o
    0x08003da4   0x08003da4   0x0000002a   Code   RO         1224    i.WM8978_Output_Cfg  bsp_wm8978.o
    0x08003dce   0x08003dce   0x00000002   PAD
    0x08003dd0   0x08003dd0   0x00000010   Code   RO         1225    i.WM8978_Read_Reg   bsp_wm8978.o
    0x08003de0   0x08003de0   0x00000022   Code   RO         1226    i.WM8978_SPKvol_Set  bsp_wm8978.o
    0x08003e02   0x08003e02   0x00000002   PAD
    0x08003e04   0x08003e04   0x00000054   Code   RO         1227    i.WM8978_Write_Reg  bsp_wm8978.o
    0x08003e58   0x08003e58   0x00000020   Code   RO         6629    i.__0printf         mc_w.l(printfa.o)
    0x08003e78   0x08003e78   0x00000028   Code   RO         6631    i.__0sprintf        mc_w.l(printfa.o)
    0x08003ea0   0x08003ea0   0x0000000e   Code   RO         6742    i.__scatterload_copy  mc_w.l(handlers.o)
    0x08003eae   0x08003eae   0x00000002   Code   RO         6743    i.__scatterload_null  mc_w.l(handlers.o)
    0x08003eb0   0x08003eb0   0x0000000e   Code   RO         6744    i.__scatterload_zeroinit  mc_w.l(handlers.o)
    0x08003ebe   0x08003ebe   0x00000002   PAD
    0x08003ec0   0x08003ec0   0x00000184   Code   RO         6636    i._fp_digits        mc_w.l(printfa.o)
    0x08004044   0x08004044   0x000006dc   Code   RO         6637    i._printf_core      mc_w.l(printfa.o)
    0x08004720   0x08004720   0x00000024   Code   RO         6638    i._printf_post_padding  mc_w.l(printfa.o)
    0x08004744   0x08004744   0x0000002e   Code   RO         6639    i._printf_pre_padding  mc_w.l(printfa.o)
    0x08004772   0x08004772   0x0000000a   Code   RO         6641    i._sputc            mc_w.l(printfa.o)
    0x0800477c   0x0800477c   0x0000003c   Code   RO         6081    i.audio_play_song   audioplay.o
    0x080047b8   0x080047b8   0x00000014   Code   RO         6082    i.audio_start       audioplay.o
    0x080047cc   0x080047cc   0x00000014   Code   RO         6083    i.audio_stop        audioplay.o
    0x080047e0   0x080047e0   0x00000098   Code   RO          271    i.bspInit           bsp.o
    0x08004878   0x08004878   0x00000034   Code   RO          518    i.bspLedInit        bsp_led.o
    0x080048ac   0x080048ac   0x00000024   Code   RO          519    i.bspLedToggle      bsp_led.o
    0x080048d0   0x080048d0   0x0000001a   Code   RO         3322    i.char_upper        exfuns.o
    0x080048ea   0x080048ea   0x00000002   PAD
    0x080048ec   0x080048ec   0x00000080   Code   RO         2861    i.check_fs          ff.o
    0x0800496c   0x0800496c   0x00000018   Code   RO         2862    i.chk_chr           ff.o
    0x08004984   0x08004984   0x0000001a   Code   RO         2863    i.clst2sect         ff.o
    0x0800499e   0x0800499e   0x00000002   PAD
    0x080049a0   0x080049a0   0x00000098   Code   RO         2864    i.cmp_lfn           ff.o
    0x08004a38   0x08004a38   0x00000012   Code   RO         1026    i.convert_from_bytes_to_power_of_two  bsp_sdio_sdcard.o
    0x08004a4a   0x08004a4a   0x00000120   Code   RO         2865    i.create_chain      ff.o
    0x08004b6a   0x08004b6a   0x00000002   PAD
    0x08004b6c   0x08004b6c   0x00000254   Code   RO         2866    i.create_name       ff.o
    0x08004dc0   0x08004dc0   0x0000015c   Code   RO         2867    i.create_partition  ff.o
    0x08004f1c   0x08004f1c   0x00000034   Code   RO         2868    i.dbc_1st           ff.o
    0x08004f50   0x08004f50   0x00000048   Code   RO         2869    i.dbc_2nd           ff.o
    0x08004f98   0x08004f98   0x00000044   Code   RO         3720    i.delay_init        delay.o
    0x08004fdc   0x08004fdc   0x00000040   Code   RO         3721    i.delay_ms          delay.o
    0x0800501c   0x0800501c   0x00000048   Code   RO         3722    i.delay_us          delay.o
    0x08005064   0x08005064   0x00000060   Code   RO         2870    i.dir_alloc         ff.o
    0x080050c4   0x080050c4   0x000000c6   Code   RO         2871    i.dir_clear         ff.o
    0x0800518a   0x0800518a   0x000000fc   Code   RO         2872    i.dir_find          ff.o
    0x08005286   0x08005286   0x000000ca   Code   RO         2873    i.dir_next          ff.o
    0x08005350   0x08005350   0x000000d2   Code   RO         2874    i.dir_read          ff.o
    0x08005422   0x08005422   0x00000142   Code   RO         2875    i.dir_register      ff.o
    0x08005564   0x08005564   0x00000060   Code   RO         2876    i.dir_remove        ff.o
    0x080055c4   0x080055c4   0x0000009a   Code   RO         2877    i.dir_sdi           ff.o
    0x0800565e   0x0800565e   0x00000028   Code   RO         2802    i.disk_initialize   diskio.o
    0x08005686   0x08005686   0x00000002   PAD
    0x08005688   0x08005688   0x00000070   Code   RO         2803    i.disk_ioctl        diskio.o
    0x080056f8   0x080056f8   0x00000062   Code   RO         2804    i.disk_read         diskio.o
    0x0800575a   0x0800575a   0x00000006   Code   RO         2805    i.disk_status       diskio.o
    0x08005760   0x08005760   0x00000062   Code   RO         2806    i.disk_write        diskio.o
    0x080057c2   0x080057c2   0x00000002   PAD
    0x080057c4   0x080057c4   0x0000007c   Code   RO         3324    i.exfuns_init       exfuns.o
    0x08005840   0x08005840   0x00000022   Code   RO         2878    i.f_close           ff.o
    0x08005862   0x08005862   0x00000018   Code   RO         2879    i.f_closedir        ff.o
    0x0800587a   0x0800587a   0x000000f6   Code   RO         2880    i.f_getfree         ff.o
    0x08005970   0x08005970   0x000000be   Code   RO         2881    i.f_getlabel        ff.o
    0x08005a2e   0x08005a2e   0x00000052   Code   RO         2882    i.f_gets            ff.o
    0x08005a80   0x08005a80   0x00000184   Code   RO         2883    i.f_lseek           ff.o
    0x08005c04   0x08005c04   0x00000124   Code   RO         2884    i.f_mkdir           ff.o
    0x08005d28   0x08005d28   0x00000754   Code   RO         2885    i.f_mkfs            ff.o
    0x0800647c   0x0800647c   0x00000054   Code   RO         2886    i.f_mount           ff.o
    0x080064d0   0x080064d0   0x00000208   Code   RO         2887    i.f_open            ff.o
    0x080066d8   0x080066d8   0x0000008a   Code   RO         2888    i.f_opendir         ff.o
    0x08006762   0x08006762   0x00000022   Code   RO         2890    i.f_putc            ff.o
    0x08006784   0x08006784   0x0000002c   Code   RO         2891    i.f_puts            ff.o
    0x080067b0   0x080067b0   0x0000019c   Code   RO         2892    i.f_read            ff.o
    0x0800694c   0x0800694c   0x00000068   Code   RO         2893    i.f_readdir         ff.o
    0x080069b4   0x080069b4   0x0000013c   Code   RO         2894    i.f_rename          ff.o
    0x08006af0   0x08006af0   0x00000138   Code   RO         2895    i.f_setlabel        ff.o
    0x08006c28   0x08006c28   0x000000a0   Code   RO         2897    i.f_sync            ff.o
    0x08006cc8   0x08006cc8   0x000000b0   Code   RO         3325    i.f_typetell        exfuns.o
    0x08006d78   0x08006d78   0x000000c4   Code   RO         2899    i.f_unlink          ff.o
    0x08006e3c   0x08006e3c   0x000001de   Code   RO         2900    i.f_write           ff.o
    0x0800701a   0x0800701a   0x0000000c   Code   RO         3259    i.ff_memalloc       ffsystem.o
    0x08007026   0x08007026   0x0000000c   Code   RO         3260    i.ff_memfree        ffsystem.o
    0x08007032   0x08007032   0x00000002   PAD
    0x08007034   0x08007034   0x00000068   Code   RO         3288    i.ff_oem2uni        ffunicode.o
    0x0800709c   0x0800709c   0x00000074   Code   RO         3289    i.ff_uni2oem        ffunicode.o
    0x08007110   0x08007110   0x000000b0   Code   RO         3290    i.ff_wtoupper       ffunicode.o
    0x080071c0   0x080071c0   0x00000078   Code   RO         2901    i.find_volume       ff.o
    0x08007238   0x08007238   0x000000a0   Code   RO         2902    i.follow_path       ff.o
    0x080072d8   0x080072d8   0x0000001c   Code   RO         3785    i.fputc             usart.o
    0x080072f4   0x080072f4   0x00000050   Code   RO         6657    i.free              mc_w.l(malloc.o)
    0x08007344   0x08007344   0x000000cc   Code   RO         2903    i.gen_numname       ff.o
    0x08007410   0x08007410   0x000000e0   Code   RO         2904    i.get_fat           ff.o
    0x080074f0   0x080074f0   0x00000004   Code   RO         2807    i.get_fattime       diskio.o
    0x080074f4   0x080074f4   0x0000017e   Code   RO         2905    i.get_fileinfo      ff.o
    0x08007672   0x08007672   0x00000054   Code   RO         2906    i.get_ldnumber      ff.o
    0x080076c6   0x080076c6   0x00000026   Code   RO         2907    i.ld_clust          ff.o
    0x080076ec   0x080076ec   0x00000018   Code   RO         2908    i.ld_dword          ff.o
    0x08007704   0x08007704   0x0000000c   Code   RO         2909    i.ld_word           ff.o
    0x08007710   0x08007710   0x0000003c   Code   RO            3    i.main              main.o
    0x0800774c   0x0800774c   0x0000006c   Code   RO         6658    i.malloc            mc_w.l(malloc.o)
    0x080077b8   0x080077b8   0x00000024   Code   RO         2910    i.mem_cmp           ff.o
    0x080077dc   0x080077dc   0x0000001a   Code   RO         2911    i.mem_cpy           ff.o
    0x080077f6   0x080077f6   0x00000012   Code   RO         2912    i.mem_set           ff.o
    0x08007808   0x08007808   0x00000014   Code   RO         3375    i.mf_close          fattester.o
    0x0800781c   0x0800781c   0x00000010   Code   RO         3376    i.mf_closedir       fattester.o
    0x0800782c   0x0800782c   0x00000014   Code   RO         3377    i.mf_fmkfs          fattester.o
    0x08007840   0x08007840   0x00000084   Code   RO         3378    i.mf_getlabel       fattester.o
    0x080078c4   0x080078c4   0x0000004c   Code   RO         3379    i.mf_gets           fattester.o
    0x08007910   0x08007910   0x00000014   Code   RO         3380    i.mf_lseek          fattester.o
    0x08007924   0x08007924   0x0000000c   Code   RO         3381    i.mf_mkdir          fattester.o
    0x08007930   0x08007930   0x00000018   Code   RO         3382    i.mf_mount          fattester.o
    0x08007948   0x08007948   0x0000001c   Code   RO         3383    i.mf_open           fattester.o
    0x08007964   0x08007964   0x00000014   Code   RO         3384    i.mf_opendir        fattester.o
    0x08007978   0x08007978   0x00000018   Code   RO         3385    i.mf_putc           fattester.o
    0x08007990   0x08007990   0x00000018   Code   RO         3386    i.mf_puts           fattester.o
    0x080079a8   0x080079a8   0x00000158   Code   RO         3387    i.mf_read           fattester.o
    0x08007b00   0x08007b00   0x0000011c   Code   RO         3388    i.mf_read_type      fattester.o
    0x08007c1c   0x08007c1c   0x000000c8   Code   RO         3389    i.mf_readdir        fattester.o
    0x08007ce4   0x08007ce4   0x00000010   Code   RO         3390    i.mf_rename         fattester.o
    0x08007cf4   0x08007cf4   0x0000005c   Code   RO         3391    i.mf_setlabel       fattester.o
    0x08007d50   0x08007d50   0x000000a8   Code   RO         3392    i.mf_showfree       fattester.o
    0x08007df8   0x08007df8   0x0000000c   Code   RO         3393    i.mf_size           fattester.o
    0x08007e04   0x08007e04   0x0000000c   Code   RO         3394    i.mf_tell           fattester.o
    0x08007e10   0x08007e10   0x0000000c   Code   RO         3395    i.mf_unlink         fattester.o
    0x08007e1c   0x08007e1c   0x000000b8   Code   RO         3396    i.mf_write          fattester.o
    0x08007ed4   0x08007ed4   0x000002a8   Code   RO         2913    i.mount_volume      ff.o
    0x0800817c   0x0800817c   0x00000034   Code   RO         2914    i.move_window       ff.o
    0x080081b0   0x080081b0   0x0000008c   Code   RO         2915    i.pick_lfn          ff.o
    0x0800823c   0x0800823c   0x00000098   Code   RO         2120    i.prvAddCurrentTaskToDelayedList  tasks.o
    0x080082d4   0x080082d4   0x000000b8   Code   RO         2121    i.prvAddNewTaskToReadyList  tasks.o
    0x0800838c   0x0800838c   0x00000064   Code   RO         2501    i.prvCheckForValidListAndQueue  timers.o
    0x080083f0   0x080083f0   0x00000048   Code   RO         2122    i.prvCheckTasksWaitingTermination  tasks.o
    0x08008438   0x08008438   0x0000002a   Code   RO         1723    i.prvCopyDataFromQueue  queue.o
    0x08008462   0x08008462   0x0000007e   Code   RO         1724    i.prvCopyDataToQueue  queue.o
    0x080084e0   0x080084e0   0x00000012   Code   RO         2123    i.prvDeleteTCB      tasks.o
    0x080084f2   0x080084f2   0x00000002   PAD
    0x080084f4   0x080084f4   0x00000028   Code   RO         2502    i.prvGetNextExpireTime  timers.o
    0x0800851c   0x0800851c   0x0000007c   Code   RO         2654    i.prvHeapInit       heap_4.o
    0x08008598   0x08008598   0x00000028   Code   RO         2124    i.prvIdleTask       tasks.o
    0x080085c0   0x080085c0   0x0000002a   Code   RO         1727    i.prvInitialiseNewQueue  queue.o
    0x080085ea   0x080085ea   0x00000002   PAD
    0x080085ec   0x080085ec   0x000000d8   Code   RO         2125    i.prvInitialiseNewTask  tasks.o
    0x080086c4   0x080086c4   0x00000068   Code   RO         2126    i.prvInitialiseTaskLists  tasks.o
    0x0800872c   0x0800872c   0x00000068   Code   RO         2655    i.prvInsertBlockIntoFreeList  heap_4.o
    0x08008794   0x08008794   0x00000058   Code   RO         2504    i.prvInsertTimerInActiveList  timers.o
    0x080087ec   0x080087ec   0x0000001a   Code   RO         1728    i.prvIsQueueEmpty   queue.o
    0x08008806   0x08008806   0x0000001e   Code   RO         1729    i.prvIsQueueFull    queue.o
    0x08008824   0x08008824   0x00000090   Code   RO         2505    i.prvProcessExpiredTimer  timers.o
    0x080088b4   0x080088b4   0x0000014c   Code   RO         2506    i.prvProcessReceivedCommands  timers.o
    0x08008a00   0x08008a00   0x00000074   Code   RO         2507    i.prvProcessTimerOrBlockTask  timers.o
    0x08008a74   0x08008a74   0x00000034   Code   RO         2128    i.prvResetNextTaskUnblockTime  tasks.o
    0x08008aa8   0x08008aa8   0x0000002c   Code   RO         2508    i.prvSampleTimeNow  timers.o
    0x08008ad4   0x08008ad4   0x000000c0   Code   RO         2509    i.prvSwitchTimerLists  timers.o
    0x08008b94   0x08008b94   0x00000070   Code   RO         2718    i.prvTaskExitError  port.o
    0x08008c04   0x08008c04   0x0000001a   Code   RO         2510    i.prvTimerTask      timers.o
    0x08008c1e   0x08008c1e   0x0000007e   Code   RO         1730    i.prvUnlockQueue    queue.o
    0x08008c9c   0x08008c9c   0x00000138   Code   RO         2916    i.put_fat           ff.o
    0x08008dd4   0x08008dd4   0x00000080   Code   RO         2917    i.put_lfn           ff.o
    0x08008e54   0x08008e54   0x00000048   Code   RO         2918    i.put_utf           ff.o
    0x08008e9c   0x08008e9c   0x00000044   Code   RO         2919    i.putc_bfd          ff.o
    0x08008ee0   0x08008ee0   0x0000002c   Code   RO         2920    i.putc_flush        ff.o
    0x08008f0c   0x08008f0c   0x00000014   Code   RO         2921    i.putc_init         ff.o
    0x08008f20   0x08008f20   0x00000160   Code   RO         2656    i.pvPortMalloc      heap_4.o
    0x08009080   0x08009080   0x0000002c   Code   RO         2719    i.pxPortInitialiseStack  port.o
    0x080090ac   0x080090ac   0x00000006   Code   RO         3530    i.read_addr         usmart.o
    0x080090b2   0x080090b2   0x00000002   PAD
    0x080090b4   0x080090b4   0x000000f0   Code   RO         6129    i.rec_i2s_dma_rx_callback  recorder.o
    0x080091a4   0x080091a4   0x0000002c   Code   RO         6130    i.recoder_enter_play_mode  recorder.o
    0x080091d0   0x080091d0   0x0000009c   Code   RO         6131    i.recoder_enter_rec_mode  recorder.o
    0x0800926c   0x0800926c   0x00000054   Code   RO         6132    i.recoder_new_pathname  recorder.o
    0x080092c0   0x080092c0   0x00000054   Code   RO         6133    i.recoder_wav_init  recorder.o
    0x08009314   0x08009314   0x0000009a   Code   RO         2922    i.remove_chain      ff.o
    0x080093ae   0x080093ae   0x00000002   PAD
    0x080093b0   0x080093b0   0x00000090   Code   RO         3397    i.scan_files        fattester.o
    0x08009440   0x08009440   0x00000024   Code   RO         2923    i.st_clust          ff.o
    0x08009464   0x08009464   0x00000018   Code   RO         2924    i.st_dword          ff.o
    0x0800947c   0x0800947c   0x0000000c   Code   RO         2925    i.st_word           ff.o
    0x08009488   0x08009488   0x00000020   Code   RO         2926    i.sum_sfn           ff.o
    0x080094a8   0x080094a8   0x00000090   Code   RO         2927    i.sync_fs           ff.o
    0x08009538   0x08009538   0x0000004a   Code   RO         2928    i.sync_window       ff.o
    0x08009582   0x08009582   0x0000004c   Code   RO         2929    i.tchar2uni         ff.o
    0x080095ce   0x080095ce   0x00000002   PAD
    0x080095d0   0x080095d0   0x000000b0   Code   RO         3786    i.uart_init         usart.o
    0x08009680   0x08009680   0x00000030   Code   RO         1493    i.uasrt_key_get     bsp_key.o
    0x080096b0   0x080096b0   0x0000000c   Code   RO         1494    i.uasrt_key_send    bsp_key.o
    0x080096bc   0x080096bc   0x000000b0   Code   RO         3531    i.usmart_cmd_rec    usmart.o
    0x0800976c   0x0800976c   0x000002d4   Code   RO         3532    i.usmart_exe        usmart.o
    0x08009a40   0x08009a40   0x000000c8   Code   RO         3639    i.usmart_get_aparm  usmart_str.o
    0x08009b08   0x08009b08   0x00000036   Code   RO         3640    i.usmart_get_cmdname  usmart_str.o
    0x08009b3e   0x08009b3e   0x00000002   PAD
    0x08009b40   0x08009b40   0x000001c0   Code   RO         3641    i.usmart_get_fname  usmart_str.o
    0x08009d00   0x08009d00   0x0000010c   Code   RO         3642    i.usmart_get_fparam  usmart_str.o
    0x08009e0c   0x08009e0c   0x00000020   Code   RO         3643    i.usmart_get_parmpos  usmart_str.o
    0x08009e2c   0x08009e2c   0x00000044   Code   RO         3533    i.usmart_get_runtime  usmart.o
    0x08009e70   0x08009e70   0x00000028   Code   RO         3534    i.usmart_init       usmart.o
    0x08009e98   0x08009e98   0x00000016   Code   RO         3644    i.usmart_pow        usmart_str.o
    0x08009eae   0x08009eae   0x00000002   PAD
    0x08009eb0   0x08009eb0   0x00000030   Code   RO         3535    i.usmart_reset_runtime  usmart.o
    0x08009ee0   0x08009ee0   0x000000bc   Code   RO         3536    i.usmart_scan       usmart.o
    0x08009f9c   0x08009f9c   0x00000016   Code   RO         3645    i.usmart_search_nextc  usmart_str.o
    0x08009fb2   0x08009fb2   0x000000ca   Code   RO         3646    i.usmart_str2num    usmart_str.o
    0x0800a07c   0x0800a07c   0x00000022   Code   RO         3647    i.usmart_strcmp     usmart_str.o
    0x0800a09e   0x0800a09e   0x00000016   Code   RO         3648    i.usmart_strcopy    usmart_str.o
    0x0800a0b4   0x0800a0b4   0x00000018   Code   RO         3649    i.usmart_strlen     usmart_str.o
    0x0800a0cc   0x0800a0cc   0x000006e4   Code   RO         3537    i.usmart_sys_cmd_exe  usmart.o
    0x0800a7b0   0x0800a7b0   0x00000028   Code   RO         1675    i.uxListRemove      list.o
    0x0800a7d8   0x0800a7d8   0x0000001a   Code   RO         1676    i.vListInitialise   list.o
    0x0800a7f2   0x0800a7f2   0x00000006   Code   RO         1677    i.vListInitialiseItem  list.o
    0x0800a7f8   0x0800a7f8   0x00000034   Code   RO         1678    i.vListInsert       list.o
    0x0800a82c   0x0800a82c   0x00000018   Code   RO         1679    i.vListInsertEnd    list.o
    0x0800a844   0x0800a844   0x00000088   Code   RO         2721    i.vPortEnterCritical  port.o
    0x0800a8cc   0x0800a8cc   0x00000070   Code   RO         2722    i.vPortExitCritical  port.o
    0x0800a93c   0x0800a93c   0x000000c8   Code   RO         2657    i.vPortFree         heap_4.o
    0x0800aa04   0x0800aa04   0x00000018   Code   RO         2723    i.vPortSetupTimerInterrupt  port.o
    0x0800aa1c   0x0800aa1c   0x000000a0   Code   RO         2724    i.vPortValidateInterruptPriority  port.o
    0x0800aabc   0x0800aabc   0x0000002c   Code   RO         1736    i.vQueueAddToRegistry  queue.o
    0x0800aae8   0x0800aae8   0x0000004a   Code   RO         1740    i.vQueueWaitForMessageRestricted  queue.o
    0x0800ab32   0x0800ab32   0x00000002   PAD
    0x0800ab34   0x0800ab34   0x00000074   Code   RO         2140    i.vTaskDelay        tasks.o
    0x0800aba8   0x0800aba8   0x0000010c   Code   RO         2142    i.vTaskDelete       tasks.o
    0x0800acb4   0x0800acb4   0x00000008   Code   RO            4    i.vTaskFileRead     main.o
    0x0800acbc   0x0800acbc   0x00000018   Code   RO         2145    i.vTaskInternalSetTimeOutState  tasks.o
    0x0800acd4   0x0800acd4   0x00000010   Code   RO            6    i.vTaskLED          main.o
    0x0800ace4   0x0800ace4   0x0000000c   Code   RO         2146    i.vTaskMissedYield  tasks.o
    0x0800acf0   0x0800acf0   0x00000054   Code   RO         2148    i.vTaskPlaceOnEventList  tasks.o
    0x0800ad44   0x0800ad44   0x0000005c   Code   RO         2149    i.vTaskPlaceOnEventListRestricted  tasks.o
    0x0800ada0   0x0800ada0   0x000000ac   Code   RO         2157    i.vTaskStartScheduler  tasks.o
    0x0800ae4c   0x0800ae4c   0x00000010   Code   RO         2159    i.vTaskSuspendAll   tasks.o
    0x0800ae5c   0x0800ae5c   0x000000a8   Code   RO         2160    i.vTaskSwitchContext  tasks.o
    0x0800af04   0x0800af04   0x0000007c   Code   RO            7    i.vTaskTaskInit     main.o
    0x0800af80   0x0800af80   0x0000003c   Code   RO         2930    i.validate          ff.o
    0x0800afbc   0x0800afbc   0x00000120   Code   RO         6027    i.wav_buffill       wavplay.o
    0x0800b0dc   0x0800b0dc   0x000001f4   Code   RO         6028    i.wav_decode_init   wavplay.o
    0x0800b2d0   0x0800b2d0   0x0000004a   Code   RO         6029    i.wav_get_curtime   wavplay.o
    0x0800b31a   0x0800b31a   0x00000002   PAD
    0x0800b31c   0x0800b31c   0x00000070   Code   RO         6030    i.wav_i2s_dma_tx_callback  wavplay.o
    0x0800b38c   0x0800b38c   0x0000022c   Code   RO         6031    i.wav_play_song     wavplay.o
    0x0800b5b8   0x0800b5b8   0x000001d8   Code   RO         6134    i.wav_recorder      recorder.o
    0x0800b790   0x0800b790   0x00000004   Code   RO         3538    i.write_addr        usmart.o
    0x0800b794   0x0800b794   0x0000019c   Code   RO         2725    i.xPortStartScheduler  port.o
    0x0800b930   0x0800b930   0x00000034   Code   RO         2726    i.xPortSysTickHandler  port.o
    0x0800b964   0x0800b964   0x00000070   Code   RO         1743    i.xQueueGenericCreate  queue.o
    0x0800b9d4   0x0800b9d4   0x000000b0   Code   RO         1744    i.xQueueGenericReset  queue.o
    0x0800ba84   0x0800ba84   0x000001a4   Code   RO         1745    i.xQueueGenericSend  queue.o
    0x0800bc28   0x0800bc28   0x00000104   Code   RO         1746    i.xQueueGenericSendFromISR  queue.o
    0x0800bd2c   0x0800bd2c   0x00000170   Code   RO         1753    i.xQueueReceive     queue.o
    0x0800be9c   0x0800be9c   0x0000009c   Code   RO         2162    i.xTaskCheckForTimeOut  tasks.o
    0x0800bf38   0x0800bf38   0x00000060   Code   RO         2163    i.xTaskCreate       tasks.o
    0x0800bf98   0x0800bf98   0x00000020   Code   RO         2167    i.xTaskGetSchedulerState  tasks.o
    0x0800bfb8   0x0800bfb8   0x0000000c   Code   RO         2168    i.xTaskGetTickCount  tasks.o
    0x0800bfc4   0x0800bfc4   0x00000160   Code   RO         2170    i.xTaskIncrementTick  tasks.o
    0x0800c124   0x0800c124   0x000000d8   Code   RO         2173    i.xTaskPriorityDisinherit  tasks.o
    0x0800c1fc   0x0800c1fc   0x000000b4   Code   RO         2175    i.xTaskRemoveFromEventList  tasks.o
    0x0800c2b0   0x0800c2b0   0x00000120   Code   RO         2176    i.xTaskResumeAll    tasks.o
    0x0800c3d0   0x0800c3d0   0x00000074   Code   RO         2518    i.xTimerCreateTimerTask  timers.o
    0x0800c444   0x0800c444   0x000000a0   Code   RO         2519    i.xTimerGenericCommand  timers.o
    0x0800c4e4   0x0800c4e4   0x0000006e   Data   RO         1415    .constdata          bsp_i2s.o
    0x0800c552   0x0800c552   0x00000002   PAD
    0x0800c554   0x0800c554   0x00000058   Data   RO         2931    .constdata          ff.o
    0x0800c5ac   0x0800c5ac   0x0002abb6   Data   RO         3291    .constdata          ffunicode.o
    0x08037162   0x08037162   0x00000002   PAD
    0x08037164   0x08037164   0x00000070   Data   RO         3327    .constdata          exfuns.o
    0x080371d4   0x080371d4   0x00000004   Data   RO         6135    .constdata          recorder.o
    0x080371d8   0x080371d8   0x00000018   Data   RO         6202    .constdata          eventrecorder.o
    0x080371f0   0x080371f0   0x00000044   Data   RO         3328    .conststring        exfuns.o
    0x08037234   0x08037234   0x00000028   Data   RO         3539    .conststring        usmart.o
    0x0803725c   0x0803725c   0x000002d9   Data   RO         3613    .conststring        usmart_config.o
    0x08037535   0x08037535   0x00000003   PAD
    0x08037538   0x08037538   0x00000020   Data   RO         6740    Region$$Table       anon$$obj.o


    Execution Region RW_IRAM1 (Exec base: 0x20000000, Load base: 0x08037558, Size: 0x00018368, Max: 0x00020000, ABSOLUTE, COMPRESSED[0x00000130])

    Exec Addr    Load Addr    Size         Type   Attr      Idx    E Section Name        Object

    0x20000000   COMPRESSED   0x00000010   Data   RW            8    .data               main.o
    0x20000010   COMPRESSED   0x00000001   Data   RW          520    .data               bsp_led.o
    0x20000011   COMPRESSED   0x00000003   PAD
    0x20000014   COMPRESSED   0x00000010   Data   RW         1029    .data               bsp_sdio_sdcard.o
    0x20000024   COMPRESSED   0x00000074   Data   RW         1228    .data               bsp_wm8978.o
    0x20000098   COMPRESSED   0x00000008   Data   RW         1416    .data               bsp_i2s.o
    0x200000a0   COMPRESSED   0x00000003   Data   RW         1495    .data               bsp_key.o
    0x200000a3   COMPRESSED   0x00000001   PAD
    0x200000a4   COMPRESSED   0x0000003c   Data   RW         2179    .data               tasks.o
    0x200000e0   COMPRESSED   0x00000014   Data   RW         2525    .data               timers.o
    0x200000f4   COMPRESSED   0x00000020   Data   RW         2663    .data               heap_4.o
    0x20000114   COMPRESSED   0x0000000c   Data   RW         2727    .data               port.o
    0x20000120   COMPRESSED   0x00000006   Data   RW         2932    .data               ff.o
    0x20000126   COMPRESSED   0x00000002   PAD
    0x20000128   COMPRESSED   0x00000018   Data   RW         3329    .data               exfuns.o
    0x20000140   COMPRESSED   0x0000001c   Data   RW         3540    .data               usmart.o
    0x2000015c   COMPRESSED   0x000001d4   Data   RW         3614    .data               usmart_config.o
    0x20000330   COMPRESSED   0x00000004   Data   RW         3724    .data               delay.o
    0x20000334   COMPRESSED   0x00000006   Data   RW         3788    .data               usart.o
    0x2000033a   COMPRESSED   0x00000010   Data   RW         4124    .data               stm32f4xx_rcc.o
    0x2000034a   COMPRESSED   0x00000002   PAD
    0x2000034c   COMPRESSED   0x00000004   Data   RW         6006    .data               segger_hardfaulthandler.o
    0x20000350   COMPRESSED   0x00000002   Data   RW         6033    .data               wavplay.o
    0x20000352   COMPRESSED   0x00000002   PAD
    0x20000354   COMPRESSED   0x00000011   Data   RW         6136    .data               recorder.o
    0x20000365   COMPRESSED   0x00000003   PAD
    0x20000368   COMPRESSED   0x00000004   Data   RW         6729    .data               mc_w.l(mvars.o)
    0x2000036c   COMPRESSED   0x00000004   Data   RW         6730    .data               mc_w.l(mvars.o)
    0x20000370        -       0x000002c0   Zero   RW         1028    .bss                bsp_sdio_sdcard.o
    0x20000630        -       0x00000040   Zero   RW         1757    .bss                queue.o
    0x20000670        -       0x000001a4   Zero   RW         2178    .bss                tasks.o
    0x20000814        -       0x00000028   Zero   RW         2524    .bss                timers.o
    0x2000083c        -       0x00005000   Zero   RW         2662    .bss                heap_4.o
    0x2000583c        -       0x00000030   Zero   RW         3326    .bss                exfuns.o
    0x2000586c        -       0x00000118   Zero   RW         3398    .bss                fattester.o
    0x20005984        -       0x000000c8   Zero   RW         3787    .bss                usart.o
    0x20005a4c        -       0x00000040   Zero   RW         6005    .bss                segger_hardfaulthandler.o
    0x20005a8c        -       0x00000020   Zero   RW         6032    .bss                wavplay.o
    0x20005aac        -       0x00000011   Zero   RW         6084    .bss                audioplay.o
    0x20005abd   COMPRESSED   0x00000003   PAD
    0x20005ac0        -       0x000004a4   Zero   RW         6201    .bss.noinit         eventrecorder.o
    0x20005f64   COMPRESSED   0x00000004   PAD
    0x20005f68        -       0x00012000   Zero   RW         3837    HEAP                startup_stm32f40_41xxx.o
    0x20017f68        -       0x00000400   Zero   RW         3836    STACK               startup_stm32f40_41xxx.o


==============================================================================

Image component sizes


      Code (inc. data)   RO Data    RW Data    ZI Data      Debug   Object Name

       100         28          0          0         17       2808   audioplay.o
       152         50          0          0          0        518   bsp.o
       840         90        110          8          0       7660   bsp_i2s.o
       260         26          0          3          0       1989   bsp_key.o
        88         14          0          1          0       1020   bsp_led.o
       428         68          0          0          0       2837   bsp_myiic.o
         0          0          0          0          0       1472   bsp_oled.o
      7486        402          0         16        704      34489   bsp_sdio_sdcard.o
        24          4          0          0          0        502   bsp_timer.o
       804         18          0        116          0       8169   bsp_wm8978.o
       220         18          0          4          0       2541   delay.o
       358          6          0          0          0       5308   diskio.o
         0          0          0          0          0       9072   event_groups.o
         0          0         24          0       1188       3932   eventrecorder.o
       326         22        180         24         48       2971   exfuns.o
      1884        756          0          0        280      14518   fattester.o
     12602        192         88          6          0      72636   ff.o
        24          0          0          0          0       1119   ffsystem.o
       396         28     175030          0          0       3024   ffunicode.o
        18          0          0          0          0        304   hardfaulthandler.o
       780        184          0         32      20480       4087   heap_4.o
       148          0          0          0          0       3238   list.o
       208         78          0         16          0     330335   main.o
       180         24          0          0          0       2081   misc.o
      1242        392          0         12          0      10973   port.o
      1846        204          0          0         64      14838   queue.o
      1080        172          4         17          0       4935   recorder.o
       180         14          0          4         64       3351   segger_hardfaulthandler.o
        36          8        392          0      74752        840   startup_stm32f40_41xxx.o
       752         58          0          0          0       7624   stm32f4xx_dma.o
       232          0          0          0          0       2423   stm32f4xx_gpio.o
        16          0          0          0          0       2281   stm32f4xx_it.o
       420         58          0         16          0       6908   stm32f4xx_rcc.o
       208         38          0          0          0       5689   stm32f4xx_sdio.o
       530         12          0          0          0       3353   stm32f4xx_spi.o
       252         28          0          0          0       6552   stm32f4xx_tim.o
       404          8          0          0          0       4278   stm32f4xx_usart.o
        16          0          0          0          0        504   sys.o
       340         32          0          0          0       1485   system_stm32f4xx.o
      3122        822          0         60        420      28548   tasks.o
      1358        310          0         20         40      11419   timers.o
       340         30          0          6        200       3804   usart.o
      3166       1330         40         28          0       8010   usmart.o
        24          8        729        468          0       2223   usmart_config.o
      1328         20          0          0          0       8913   usmart_str.o
      1530        246          0          2         32       5117   wavplay.o

    ----------------------------------------------------------------------
     45800       5798     176636        872      98296     660698   Object Totals
         0          0         32          0          0          0   (incl. Generated)
        52          0          7         13          7          0   (incl. Padding)

    ----------------------------------------------------------------------

      Code (inc. data)   RO Data    RW Data    ZI Data      Debug   Library Member Name

        86          0          0          0          0          0   __dczerorl2.o
         0          0          0          0          0          0   entry.o
         0          0          0          0          0          0   entry10a.o
         0          0          0          0          0          0   entry11a.o
         8          4          0          0          0          0   entry2.o
         4          0          0          0          0          0   entry5.o
         0          0          0          0          0          0   entry7b.o
         0          0          0          0          0          0   entry8b.o
         8          4          0          0          0          0   entry9a.o
        30          0          0          0          0          0   handlers.o
        36          8          0          0          0         68   init.o
         0          0          0          0          0          0   iusefp.o
        98          0          0          0          0         84   ldiv.o
        30          0          0          0          0         68   llshl.o
        36          0          0          0          0         68   llsshr.o
        32          0          0          0          0         68   llushr.o
       188         20          0          0          0        160   malloc.o
        36          0          0          0          0         68   memcpya.o
        36          0          0          0          0        108   memseta.o
         0          0          0          8          0          0   mvars.o
      2308         96          0          0          0        604   printfa.o
        28          0          0          0          0         76   strcmp.o
        18          0          0          0          0         68   strcpy.o
        14          0          0          0          0         68   strlen.o
        44          0          0          0          0         80   uidiv.o
        98          0          0          0          0         92   uldiv.o
        48          0          0          0          0         68   cdrcmple.o
       334          0          0          0          0        148   dadd.o
       222          0          0          0          0        100   ddiv.o
       186          0          0          0          0        176   depilogue.o
        48          0          0          0          0         68   dfixul.o
       228          0          0          0          0         96   dmul.o

    ----------------------------------------------------------------------
      4212        132          0          8          0       2336   Library Totals
         8          0          0          0          0          0   (incl. Padding)

    ----------------------------------------------------------------------

      Code (inc. data)   RO Data    RW Data    ZI Data      Debug   Library Name

      3138        132          0          8          0       1680   mc_w.l
      1066          0          0          0          0        656   mf_w.l

    ----------------------------------------------------------------------
      4212        132          0          8          0       2336   Library Totals

    ----------------------------------------------------------------------

==============================================================================


      Code (inc. data)   RO Data    RW Data    ZI Data      Debug   

     50012       5930     176636        880      98296     628570   Grand Totals
     50012       5930     176636        304      98296     628570   ELF Image Totals (compressed)
     50012       5930     176636        304          0          0   ROM Totals

==============================================================================

    Total RO  Size (Code + RO Data)               226648 ( 221.34kB)
    Total RW  Size (RW Data + ZI Data)             99176 (  96.85kB)
    Total ROM Size (Code + RO Data + RW Data)     226952 ( 221.63kB)

==============================================================================

