Component: ARM Compiler 5.06 update 6 (build 750) Tool: armlink [4d35ed]

==============================================================================

Section Cross References

    main.o(i.main) refers to bsp.o(i.bspInit) for bspInit
    main.o(i.main) refers to printf8.o(i.__0printf$8) for __2printf
    main.o(i.main) refers to delay.o(i.delay_ms) for delay_ms
    main.o(i.main) refers to bsp_sdio_sdcard.o(i.SD_Init) for SD_Init
    main.o(i.main) refers to bsp_led.o(i.bspLedFlash) for bspLedFlash
    main.o(i.main) refers to main.o(.data) for g_ucStateFlag
    main.o(i.show_sdcard_info) refers to printf8.o(i.__0printf$8) for __2printf
    main.o(i.show_sdcard_info) refers to bsp_sdio_sdcard.o(.bss) for SDCardInfo
    system_stm32f4xx.o(i.SystemCoreClockUpdate) refers to system_stm32f4xx.o(.data) for SystemCoreClock
    system_stm32f4xx.o(i.SystemInit) refers to system_stm32f4xx.o(i.SetSysClock) for SetSysClock
    bsp.o(i.bspInit) refers to misc.o(i.NVIC_PriorityGroupConfig) for NVIC_PriorityGroupConfig
    bsp.o(i.bspInit) refers to delay.o(i.delay_init) for delay_init
    bsp.o(i.bspInit) refers to bsp_led.o(i.bspLedInit) for bspLedInit
    bsp.o(i.bspInit) refers to bsp_timer.o(i.TIM3_Int_Init) for TIM3_Int_Init
    bsp.o(i.bspInit) refers to usart.o(i.uart_init) for uart_init
    bsp.o(i.bspInit) refers to bsp_pcf8574.o(i.bsp_pcf8974x_io_init) for bsp_pcf8974x_io_init
    bsp.o(i.bspInit) refers to usmart.o(i.usmart_init) for usmart_init
    bsp.o(i.bspInit) refers to exfuns.o(i.exfuns_init) for exfuns_init
    bsp_dhtxx.o(i.DHTxx_Action) refers to bsp_dhtxx.o(i.vDHTxx_Start) for vDHTxx_Start
    bsp_dhtxx.o(i.DHTxx_Action) refers to bsp_dhtxx.o(i.uDHTxx_Answer) for uDHTxx_Answer
    bsp_dhtxx.o(i.DHTxx_Action) refers to bsp_dhtxx.o(i.uRead_Byte) for uRead_Byte
    bsp_dhtxx.o(i.DHTxx_Get_Data) refers to bsp_dhtxx.o(i.DHTxx_Action) for DHTxx_Action
    bsp_dhtxx.o(i.DHTxx_Get_Data) refers to dflti.o(.text) for __aeabi_i2d
    bsp_dhtxx.o(i.DHTxx_Get_Data) refers to ddiv.o(.text) for __aeabi_ddiv
    bsp_dhtxx.o(i.DHTxx_Get_Data) refers to bsp_dhtxx.o(.data) for g_dhtxx_table
    bsp_dhtxx.o(i.Io_Init) refers to stm32f4xx_rcc.o(i.RCC_AHB1PeriphClockCmd) for RCC_AHB1PeriphClockCmd
    bsp_dhtxx.o(i.Io_Init) refers to stm32f4xx_gpio.o(i.GPIO_Init) for GPIO_Init
    bsp_dhtxx.o(i.Io_Init) refers to stm32f4xx_gpio.o(i.GPIO_SetBits) for GPIO_SetBits
    bsp_dhtxx.o(i.uDHTxx_Answer) refers to bsp_dhtxx.o(i.vSetIoState) for vSetIoState
    bsp_dhtxx.o(i.uDHTxx_Answer) refers to delay.o(i.delay_us) for delay_us
    bsp_dhtxx.o(i.uRead_Byte) refers to delay.o(i.delay_us) for delay_us
    bsp_dhtxx.o(i.vDHTxx_Start) refers to bsp_dhtxx.o(i.vSetIoState) for vSetIoState
    bsp_dhtxx.o(i.vDHTxx_Start) refers to delay.o(i.delay_us) for delay_us
    bsp_dhtxx.o(i.vDhtxx_Init) refers to bsp_dhtxx.o(i.Io_Init) for Io_Init
    bsp_dhtxx.o(i.vInstability_Period) refers to delay.o(i.delay_ms) for delay_ms
    bsp_adc.o(i.Get_Adc) refers to stm32f4xx_adc.o(i.ADC_RegularChannelConfig) for ADC_RegularChannelConfig
    bsp_adc.o(i.Get_Adc) refers to stm32f4xx_adc.o(i.ADC_SoftwareStartConv) for ADC_SoftwareStartConv
    bsp_adc.o(i.Get_Adc) refers to stm32f4xx_adc.o(i.ADC_GetFlagStatus) for ADC_GetFlagStatus
    bsp_adc.o(i.Get_Adc) refers to stm32f4xx_adc.o(i.ADC_GetConversionValue) for ADC_GetConversionValue
    bsp_adc.o(i.Get_Adc_Average) refers to bsp_adc.o(i.Get_Adc) for Get_Adc
    bsp_adc.o(i.Get_Adc_Average) refers to delay.o(i.delay_ms) for delay_ms
    bsp_adc.o(i.bsp_adc_init) refers to stm32f4xx_rcc.o(i.RCC_AHB1PeriphClockCmd) for RCC_AHB1PeriphClockCmd
    bsp_adc.o(i.bsp_adc_init) refers to stm32f4xx_rcc.o(i.RCC_APB2PeriphClockCmd) for RCC_APB2PeriphClockCmd
    bsp_adc.o(i.bsp_adc_init) refers to stm32f4xx_gpio.o(i.GPIO_Init) for GPIO_Init
    bsp_adc.o(i.bsp_adc_init) refers to stm32f4xx_rcc.o(i.RCC_APB2PeriphResetCmd) for RCC_APB2PeriphResetCmd
    bsp_adc.o(i.bsp_adc_init) refers to stm32f4xx_adc.o(i.ADC_CommonInit) for ADC_CommonInit
    bsp_adc.o(i.bsp_adc_init) refers to stm32f4xx_adc.o(i.ADC_Init) for ADC_Init
    bsp_adc.o(i.bsp_adc_init) refers to stm32f4xx_adc.o(i.ADC_Cmd) for ADC_Cmd
    bsp_buzzer.o(i.bspBeepDisable) refers to bsp_buzzer.o(.bss) for tBuzzer
    bsp_buzzer.o(i.bspBeepEnable) refers to bsp_buzzer.o(.bss) for tBuzzer
    bsp_buzzer.o(i.bspBeepHandler) refers to bsp_buzzer.o(i.bspBuzzerFlash) for bspBuzzerFlash
    bsp_buzzer.o(i.bspBeepHandler) refers to bsp_buzzer.o(.bss) for tBuzzer
    bsp_buzzer.o(i.bspBuzzerFreq) refers to bsp_buzzer.o(.bss) for tBuzzer
    bsp_buzzer.o(i.bspBuzzerInit) refers to stm32f4xx_rcc.o(i.RCC_AHB1PeriphClockCmd) for RCC_AHB1PeriphClockCmd
    bsp_buzzer.o(i.bspBuzzerInit) refers to stm32f4xx_gpio.o(i.GPIO_Init) for GPIO_Init
    bsp_buzzer.o(i.bspBuzzerInit) refers to stm32f4xx_gpio.o(i.GPIO_SetBits) for GPIO_SetBits
    bsp_led.o(i.bspLedFlash) refers to bsp_led.o(.data) for flag
[...]
    dir_register                             0x08003e9b   Thumb Code   322  ff.o(i.dir_register)
    i.dir_remove                             0x08003fdc   Section        0  ff.o(i.dir_remove)
    dir_remove                               0x08003fdd   Thumb Code    96  ff.o(i.dir_remove)
    i.dir_sdi                                0x0800403c   Section        0  ff.o(i.dir_sdi)
    dir_sdi                                  0x0800403d   Thumb Code   154  ff.o(i.dir_sdi)
    i.disk_initialize                        0x080040d6   Section        0  diskio.o(i.disk_initialize)
    i.disk_ioctl                             0x08004100   Section        0  diskio.o(i.disk_ioctl)
    i.disk_read                              0x08004170   Section        0  diskio.o(i.disk_read)
    i.disk_status                            0x080041d2   Section        0  diskio.o(i.disk_status)
    i.disk_write                             0x080041d8   Section        0  diskio.o(i.disk_write)
    i.exfuns_init                            0x0800423c   Section        0  exfuns.o(i.exfuns_init)
    i.f_close                                0x080042b8   Section        0  ff.o(i.f_close)
    i.f_closedir                             0x080042da   Section        0  ff.o(i.f_closedir)
    i.f_getfree                              0x080042f2   Section        0  ff.o(i.f_getfree)
    i.f_getlabel                             0x080043e8   Section        0  ff.o(i.f_getlabel)
    i.f_gets                                 0x080044a4   Section        0  ff.o(i.f_gets)
    i.f_lseek                                0x080044f4   Section        0  ff.o(i.f_lseek)
    i.f_mkdir                                0x08004678   Section        0  ff.o(i.f_mkdir)
    i.f_mkfs                                 0x0800479c   Section        0  ff.o(i.f_mkfs)
    i.f_mount                                0x08004ef0   Section        0  ff.o(i.f_mount)
    i.f_open                                 0x08004f44   Section        0  ff.o(i.f_open)
    i.f_opendir                              0x0800514c   Section        0  ff.o(i.f_opendir)
    i.f_putc                                 0x080051d6   Section        0  ff.o(i.f_putc)
    i.f_puts                                 0x080051f8   Section        0  ff.o(i.f_puts)
    i.f_read                                 0x08005224   Section        0  ff.o(i.f_read)
    i.f_readdir                              0x080053c0   Section        0  ff.o(i.f_readdir)
    i.f_rename                               0x08005428   Section        0  ff.o(i.f_rename)
    i.f_setlabel                             0x08005564   Section        0  ff.o(i.f_setlabel)
    i.f_sync                                 0x08005698   Section        0  ff.o(i.f_sync)
    i.f_unlink                               0x08005738   Section        0  ff.o(i.f_unlink)
    i.f_write                                0x080057fc   Section        0  ff.o(i.f_write)
    i.ff_memalloc                            0x080059da   Section        0  ffsystem.o(i.ff_memalloc)
    i.ff_memfree                             0x080059e6   Section        0  ffsystem.o(i.ff_memfree)
    i.ff_oem2uni                             0x080059f4   Section        0  ffunicode.o(i.ff_oem2uni)
    i.ff_uni2oem                             0x08005a5c   Section        0  ffunicode.o(i.ff_uni2oem)
    i.ff_wtoupper                            0x08005ad0   Section        0  ffunicode.o(i.ff_wtoupper)
    i.find_volume                            0x08005b80   Section        0  ff.o(i.find_volume)
    find_volume                              0x08005b81   Thumb Code   120  ff.o(i.find_volume)
    i.follow_path                            0x08005bf8   Section        0  ff.o(i.follow_path)
    follow_path                              0x08005bf9   Thumb Code   158  ff.o(i.follow_path)
    i.fputc                                  0x08005c98   Section        0  usart.o(i.fputc)
    i.free                                   0x08005cb4   Section        0  malloc.o(i.free)
    i.gen_numname                            0x08005d04   Section        0  ff.o(i.gen_numname)
    gen_numname                              0x08005d05   Thumb Code   198  ff.o(i.gen_numname)
    i.get_fat                                0x08005dd0   Section        0  ff.o(i.get_fat)
    get_fat                                  0x08005dd1   Thumb Code   224  ff.o(i.get_fat)
    i.get_fattime                            0x08005eb0   Section        0  diskio.o(i.get_fattime)
    i.get_fileinfo                           0x08005eb4   Section        0  ff.o(i.get_fileinfo)
    get_fileinfo                             0x08005eb5   Thumb Code   376  ff.o(i.get_fileinfo)
    i.get_ldnumber                           0x0800602c   Section        0  ff.o(i.get_ldnumber)
    get_ldnumber                             0x0800602d   Thumb Code    78  ff.o(i.get_ldnumber)
    i.ld_clust                               0x0800607a   Section        0  ff.o(i.ld_clust)
    ld_clust                                 0x0800607b   Thumb Code    38  ff.o(i.ld_clust)
    i.ld_dword                               0x080060a0   Section        0  ff.o(i.ld_dword)
    ld_dword                                 0x080060a1   Thumb Code    24  ff.o(i.ld_dword)
    i.ld_word                                0x080060b8   Section        0  ff.o(i.ld_word)
    ld_word                                  0x080060b9   Thumb Code    12  ff.o(i.ld_word)
    i.main                                   0x080060c4   Section        0  main.o(i.main)
    i.malloc                                 0x08006174   Section        0  malloc.o(i.malloc)
    i.mem_cmp                                0x080061e0   Section        0  ff.o(i.mem_cmp)
    mem_cmp                                  0x080061e1   Thumb Code    36  ff.o(i.mem_cmp)
    i.mem_cpy                                0x08006204   Section        0  ff.o(i.mem_cpy)
    mem_cpy                                  0x08006205   Thumb Code    26  ff.o(i.mem_cpy)
    i.mem_set                                0x0800621e   Section        0  ff.o(i.mem_set)
    mem_set                                  0x0800621f   Thumb Code    18  ff.o(i.mem_set)
    i.mf_close                               0x08006230   Section        0  fattester.o(i.mf_close)
    i.mf_closedir                            0x08006244   Section        0  fattester.o(i.mf_closedir)
    i.mf_fmkfs                               0x08006254   Section        0  fattester.o(i.mf_fmkfs)
    i.mf_getlabel                            0x08006268   Section        0  fattester.o(i.mf_getlabel)
    i.mf_gets                                0x080062ec   Section        0  fattester.o(i.mf_gets)
    i.mf_lseek                               0x08006338   Section        0  fattester.o(i.mf_lseek)
    i.mf_mkdir                               0x0800634c   Section        0  fattester.o(i.mf_mkdir)
    i.mf_mount                               0x08006358   Section        0  fattester.o(i.mf_mount)
    i.mf_open                                0x08006370   Section        0  fattester.o(i.mf_open)
    i.mf_opendir                             0x0800638c   Section        0  fattester.o(i.mf_opendir)
    i.mf_putc                                0x080063a0   Section        0  fattester.o(i.mf_putc)
    i.mf_puts                                0x080063b8   Section        0  fattester.o(i.mf_puts)
    i.mf_read                                0x080063d0   Section        0  fattester.o(i.mf_read)
    i.mf_readdir                             0x08006528   Section        0  fattester.o(i.mf_readdir)
    i.mf_rename                              0x080065f0   Section        0  fattester.o(i.mf_rename)
    i.mf_setlabel                            0x08006600   Section        0  fattester.o(i.mf_setlabel)
    i.mf_showfree                            0x0800665c   Section        0  fattester.o(i.mf_showfree)
    i.mf_size                                0x08006704   Section        0  fattester.o(i.mf_size)
    i.mf_tell                                0x08006710   Section        0  fattester.o(i.mf_tell)
    i.mf_unlink                              0x0800671c   Section        0  fattester.o(i.mf_unlink)
    i.mf_write                               0x08006728   Section        0  fattester.o(i.mf_write)
    i.mount_volume                           0x080067e0   Section        0  ff.o(i.mount_volume)
    mount_volume                             0x080067e1   Thumb Code   658  ff.o(i.mount_volume)
    i.move_window                            0x08006a88   Section        0  ff.o(i.move_window)
    move_window                              0x08006a89   Thumb Code    52  ff.o(i.move_window)
    i.pick_lfn                               0x08006abc   Section        0  ff.o(i.pick_lfn)
    pick_lfn                                 0x08006abd   Thumb Code   136  ff.o(i.pick_lfn)
    i.put_fat                                0x08006b48   Section        0  ff.o(i.put_fat)
    put_fat                                  0x08006b49   Thumb Code   312  ff.o(i.put_fat)
    i.put_lfn                                0x08006c80   Section        0  ff.o(i.put_lfn)
    put_lfn                                  0x08006c81   Thumb Code   124  ff.o(i.put_lfn)
    i.put_utf                                0x08006d00   Section        0  ff.o(i.put_utf)
    put_utf                                  0x08006d01   Thumb Code    66  ff.o(i.put_utf)
    i.putc_bfd                               0x08006d42   Section        0  ff.o(i.putc_bfd)
    putc_bfd                                 0x08006d43   Thumb Code    68  ff.o(i.putc_bfd)
    i.putc_flush                             0x08006d86   Section        0  ff.o(i.putc_flush)
    putc_flush                               0x08006d87   Thumb Code    44  ff.o(i.putc_flush)
    i.putc_init                              0x08006db2   Section        0  ff.o(i.putc_init)
    putc_init                                0x08006db3   Thumb Code    20  ff.o(i.putc_init)
    i.read_addr                              0x08006dc6   Section        0  usmart.o(i.read_addr)
    i.remove_chain                           0x08006dcc   Section        0  ff.o(i.remove_chain)
    remove_chain                             0x08006dcd   Thumb Code   154  ff.o(i.remove_chain)
    i.scan_files                             0x08006e68   Section        0  fattester.o(i.scan_files)
    i.st_clust                               0x08006ef8   Section        0  ff.o(i.st_clust)
    st_clust                                 0x08006ef9   Thumb Code    36  ff.o(i.st_clust)
    i.st_dword                               0x08006f1c   Section        0  ff.o(i.st_dword)
    st_dword                                 0x08006f1d   Thumb Code    24  ff.o(i.st_dword)
    i.st_word                                0x08006f34   Section        0  ff.o(i.st_word)
    st_word                                  0x08006f35   Thumb Code    12  ff.o(i.st_word)
    i.sum_sfn                                0x08006f40   Section        0  ff.o(i.sum_sfn)
    sum_sfn                                  0x08006f41   Thumb Code    32  ff.o(i.sum_sfn)
    i.sync_fs                                0x08006f60   Section        0  ff.o(i.sync_fs)
    sync_fs                                  0x08006f61   Thumb Code   134  ff.o(i.sync_fs)
    i.sync_window                            0x08006ff0   Section        0  ff.o(i.sync_window)
    sync_window                              0x08006ff1   Thumb Code    74  ff.o(i.sync_window)
    i.tchar2uni                              0x0800703a   Section        0  ff.o(i.tchar2uni)
    tchar2uni                                0x0800703b   Thumb Code    76  ff.o(i.tchar2uni)
    i.uart_init                              0x08007088   Section        0  usart.o(i.uart_init)
    i.usmart_cmd_rec                         0x08007138   Section        0  usmart.o(i.usmart_cmd_rec)
    i.usmart_exe                             0x080071e8   Section        0  usmart.o(i.usmart_exe)
    i.usmart_get_aparm                       0x080074bc   Section        0  usmart_str.o(i.usmart_get_aparm)
    i.usmart_get_cmdname                     0x08007584   Section        0  usmart_str.o(i.usmart_get_cmdname)
    i.usmart_get_fname                       0x080075bc   Section        0  usmart_str.o(i.usmart_get_fname)
    i.usmart_get_fparam                      0x0800777c   Section        0  usmart_str.o(i.usmart_get_fparam)
    i.usmart_get_parmpos                     0x08007888   Section        0  usmart_str.o(i.usmart_get_parmpos)
    i.usmart_get_runtime                     0x080078a8   Section        0  usmart.o(i.usmart_get_runtime)
    i.usmart_init                            0x080078ec   Section        0  usmart.o(i.usmart_init)
    i.usmart_pow                             0x08007914   Section        0  usmart_str.o(i.usmart_pow)
    i.usmart_reset_runtime                   0x0800792c   Section        0  usmart.o(i.usmart_reset_runtime)
    i.usmart_scan                            0x0800795c   Section        0  usmart.o(i.usmart_scan)
    i.usmart_search_nextc                    0x08007a18   Section        0  usmart_str.o(i.usmart_search_nextc)
    i.usmart_str2num                         0x08007a2e   Section        0  usmart_str.o(i.usmart_str2num)
    i.usmart_strcmp                          0x08007af8   Section        0  usmart_str.o(i.usmart_strcmp)
    i.usmart_strcopy                         0x08007b1a   Section        0  usmart_str.o(i.usmart_strcopy)
    i.usmart_strlen                          0x08007b30   Section        0  usmart_str.o(i.usmart_strlen)
    i.usmart_sys_cmd_exe                     0x08007b48   Section        0  usmart.o(i.usmart_sys_cmd_exe)
    i.validate                               0x0800822c   Section        0  ff.o(i.validate)
    validate                                 0x0800822d   Thumb Code    60  ff.o(i.validate)
    i.write_addr                             0x08008268   Section        0  usmart.o(i.write_addr)
    .constdata                               0x0800826c   Section       88  ff.o(.constdata)
    LfnOfs                                   0x0800826c   Data          13  ff.o(.constdata)
    DbcTbl                                   0x08008279   Data          10  ff.o(.constdata)
    badchr                                   0x08008283   Data          18  ff.o(.constdata)
    cst                                      0x08008296   Data          14  ff.o(.constdata)
    cst32                                    0x080082a4   Data          14  ff.o(.constdata)
    defopt                                   0x080082b4   Data          16  ff.o(.constdata)
    .constdata                               0x080082c4   Section    175030  ffunicode.o(.constdata)
    uni2oem936                               0x080082c4   Data       87172  ffunicode.o(.constdata)
    oem2uni936                               0x0801d748   Data       87172  ffunicode.o(.constdata)
    cvt1                                     0x08032bcc   Data         498  ffunicode.o(.constdata)
    cvt2                                     0x08032dbe   Data         188  ffunicode.o(.constdata)
    .constdata                               0x08032e7c   Section       24  eventrecorder.o(.constdata)
    __tagsym$$used                           0x08032e7c   Number         0  eventrecorder.o(.constdata)
    .conststring                             0x08032e94   Section       40  usmart.o(.conststring)
    .conststring                             0x08032ebc   Section      697  usmart_config.o(.conststring)
    .data                                    0x20000000   Section        1  main.o(.data)
    .data                                    0x20000001   Section        1  bsp_led.o(.data)
    flag                                     0x20000001   Data           1  bsp_led.o(.data)
    .data                                    0x20000002   Section        8  bsp_timer.o(.data)
    .data                                    0x2000000c   Section       16  bsp_sdio_sdcard.o(.data)
    CardType                                 0x2000000c   Data           1  bsp_sdio_sdcard.o(.data)
    RCA                                      0x20000010   Data           4  bsp_sdio_sdcard.o(.data)
    DeviceMode                               0x20000014   Data           1  bsp_sdio_sdcard.o(.data)
    StopCondition                            0x20000015   Data           1  bsp_sdio_sdcard.o(.data)
    .data                                    0x2000001c   Section        6  ff.o(.data)
    FatFs                                    0x2000001c   Data           4  ff.o(.data)
    Fsid                                     0x20000020   Data           2  ff.o(.data)
    .data                                    0x20000024   Section       24  exfuns.o(.data)
    .data                                    0x2000003c   Section       28  usmart.o(.data)
    .data                                    0x20000058   Section      460  usmart_config.o(.data)
    .data                                    0x20000224   Section        4  delay.o(.data)
    fac_us                                   0x20000224   Data           1  delay.o(.data)
    fac_ms                                   0x20000226   Data           2  delay.o(.data)
    .data                                    0x20000228   Section        6  usart.o(.data)
    .data                                    0x2000022e   Section       16  stm32f4xx_rcc.o(.data)
    APBAHBPrescTable                         0x2000022e   Data          16  stm32f4xx_rcc.o(.data)
    .data                                    0x20000240   Section        4  segger_hardfaulthandler.o(.data)
    _Continue                                0x20000240   Data           4  segger_hardfaulthandler.o(.data)
    .data                                    0x20000244   Section        4  mvars.o(.data)
    .data                                    0x20000248   Section        4  mvars.o(.data)
    .bss                                     0x20000250   Section      704  bsp_sdio_sdcard.o(.bss)
    CSD_Tab                                  0x20000294   Data          16  bsp_sdio_sdcard.o(.bss)
    CID_Tab                                  0x200002a4   Data          16  bsp_sdio_sdcard.o(.bss)
    .bss                                     0x20000510   Section       48  exfuns.o(.bss)
    .bss                                     0x20000540   Section      280  fattester.o(.bss)
    fileinfo                                 0x20000540   Data         280  fattester.o(.bss)
    .bss                                     0x20000658   Section      200  usart.o(.bss)
    .bss                                     0x20000720   Section       64  segger_hardfaulthandler.o(.bss)
    HardFaultRegs                            0x20000720   Data          64  segger_hardfaulthandler.o(.bss)
    .bss.noinit                              0x20000780   Section     1188  eventrecorder.o(.bss.noinit)
    EventBuffer                              0x20000780   Data        1024  eventrecorder.o(.bss.noinit)
    EventFilter                              0x20000b80   Data         128  eventrecorder.o(.bss.noinit)
    EventStatus                              0x20000c00   Data          36  eventrecorder.o(.bss.noinit)
    HEAP                                     0x20000c28   Section    61440  startup_stm32f40_41xxx.o(HEAP)
    STACK                                    0x2000fc28   Section     1024  startup_stm32f40_41xxx.o(STACK)

    Global Symbols

    Symbol Name                              Value     Ov Type        Size  Object(Section)

    BuildAttributes$$THM_ISAv4$E$P$D$K$B$S$7EM$VFPi3$EXTD16$VFPS$VFMA$PE$A:L22UL41UL21$X:L11$S22US41US21$IEEE1$IW$USESV6$~STKCKD$USESV7$~SHL$OTIME$ROPI$IEEEJ$EBA8$MICROLIB$REQ8$PRES8$EABIv2 0x00000000   Number         0  anon$$obj.o ABSOLUTE
    __ARM_use_no_argv                        0x00000000   Number         0  main.o ABSOLUTE
    __use_no_errno                           0x00000000   Number         0  useno.o ABSOLUTE
    __use_no_exception_handling              0x00000000   Number         0  useno.o ABSOLUTE
    __use_no_fp                              0x00000000   Number         0  useno.o ABSOLUTE
    __use_no_heap                            0x00000000   Number         0  useno.o ABSOLUTE
    __use_no_heap_region                     0x00000000   Number         0  useno.o ABSOLUTE
    __use_no_semihosting                     0x00000000   Number         0  useno.o ABSOLUTE
    __use_no_semihosting_swi                 0x00000000   Number         0  useno.o ABSOLUTE
    __use_no_signal_handling                 0x00000000   Number         0  useno.o ABSOLUTE
    _printf_a                                0x00000000   Number         0  stubs.o ABSOLUTE
    _printf_c                                0x00000000   Number         0  stubs.o ABSOLUTE
    _printf_charcount                        0x00000000   Number         0  stubs.o ABSOLUTE
    _printf_d                                0x00000000   Number         0  stubs.o ABSOLUTE
    _printf_e                                0x00000000   Number         0  stubs.o ABSOLUTE
    _printf_f                                0x00000000   Number         0  stubs.o ABSOLUTE
    _printf_flags                            0x00000000   Number         0  stubs.o ABSOLUTE
    _printf_fp_dec                           0x00000000   Number         0  stubs.o ABSOLUTE
    _printf_fp_hex                           0x00000000   Number         0  stubs.o ABSOLUTE
    _printf_g                                0x00000000   Number         0  stubs.o ABSOLUTE
    _printf_i                                0x00000000   Number         0  stubs.o ABSOLUTE
    _printf_int_dec                          0x00000000   Number         0  stubs.o ABSOLUTE
    _printf_l                                0x00000000   Number         0  stubs.o ABSOLUTE
    _printf_lc                               0x00000000   Number         0  stubs.o ABSOLUTE
    _printf_ll                               0x00000000   Number         0  stubs.o ABSOLUTE
    _printf_lld                              0x00000000   Number         0  stubs.o ABSOLUTE
    _printf_lli                              0x00000000   Number         0  stubs.o ABSOLUTE
    _printf_llo                              0x00000000   Number         0  stubs.o ABSOLUTE
    _printf_llu                              0x00000000   Number         0  stubs.o ABSOLUTE
    _printf_llx                              0x00000000   Number         0  stubs.o ABSOLUTE
    _printf_longlong_dec                     0x00000000   Number         0  stubs.o ABSOLUTE
    _printf_longlong_hex                     0x00000000   Number         0  stubs.o ABSOLUTE
    _printf_longlong_oct                     0x00000000   Number         0  stubs.o ABSOLUTE
    _printf_ls                               0x00000000   Number         0  stubs.o ABSOLUTE
    _printf_mbtowc                           0x00000000   Number         0  stubs.o ABSOLUTE
    _printf_n                                0x00000000   Number         0  stubs.o ABSOLUTE
    _printf_o                                0x00000000   Number         0  stubs.o ABSOLUTE
    _printf_p                                0x00000000   Number         0  stubs.o ABSOLUTE
    _printf_percent                          0x00000000   Number         0  stubs.o ABSOLUTE
    _printf_pre_padding                      0x00000000   Number         0  stubs.o ABSOLUTE
    _printf_return_value                     0x00000000   Number         0  stubs.o ABSOLUTE
    _printf_s                                0x00000000   Number         0  stubs.o ABSOLUTE
    _printf_sizespec                         0x00000000   Number         0  stubs.o ABSOLUTE
    _printf_str                              0x00000000   Number         0  stubs.o ABSOLUTE
    _printf_truncate_signed                  0x00000000   Number         0  stubs.o ABSOLUTE
    _printf_truncate_unsigned                0x00000000   Number         0  stubs.o ABSOLUTE
    _printf_u                                0x00000000   Number         0  stubs.o ABSOLUTE
    _printf_wc                               0x00000000   Number         0  stubs.o ABSOLUTE
    _printf_wctomb                           0x00000000   Number         0  stubs.o ABSOLUTE
    _printf_widthprec                        0x00000000   Number         0  stubs.o ABSOLUTE
    _printf_x                                0x00000000   Number         0  stubs.o ABSOLUTE
    __cpp_initialize__aeabi_                  - Undefined Weak Reference
    __cxa_finalize                            - Undefined Weak Reference
    _clock_init                               - Undefined Weak Reference
    _microlib_exit                            - Undefined Weak Reference
    __Vectors_Size                           0x00000188   Number         0  startup_stm32f40_41xxx.o ABSOLUTE
    __Vectors                                0x08000000   Data           4  startup_stm32f40_41xxx.o(RESET)
    __Vectors_End                            0x08000188   Data           0  startup_stm32f40_41xxx.o(RESET)
    __main                                   0x08000189   Thumb Code     0  entry.o(.ARM.Collect$$$$00000000)
    _main_stk                                0x08000189   Thumb Code     0  entry2.o(.ARM.Collect$$$$00000001)
    _main_scatterload                        0x0800018d   Thumb Code     0  entry5.o(.ARM.Collect$$$$00000004)
    __main_after_scatterload                 0x08000191   Thumb Code     0  entry5.o(.ARM.Collect$$$$00000004)
    _main_clock                              0x08000191   Thumb Code     0  entry7b.o(.ARM.Collect$$$$00000008)
    _main_cpp_init                           0x08000191   Thumb Code     0  entry8b.o(.ARM.Collect$$$$0000000A)
    _main_init                               0x08000191   Thumb Code     0  entry9a.o(.ARM.Collect$$$$0000000B)
    __rt_final_cpp                           0x08000199   Thumb Code     0  entry10a.o(.ARM.Collect$$$$0000000D)
    __rt_final_exit                          0x08000199   Thumb Code     0  entry11a.o(.ARM.Collect$$$$0000000F)
    WFI_SET                                  0x0800019d   Thumb Code     2  sys.o(.emb_text)
    INTX_DISABLE                             0x0800019f   Thumb Code     4  sys.o(.emb_text)
    INTX_ENABLE                              0x080001a3   Thumb Code     4  sys.o(.emb_text)
    MSR_MSP                                  0x080001a7   Thumb Code     6  sys.o(.emb_text)
    Reset_Handler                            0x080001ad   Thumb Code     8  startup_stm32f40_41xxx.o(.text)
    ADC_IRQHandler                           0x080001c7   Thumb Code     0  startup_stm32f40_41xxx.o(.text)
    CAN1_RX0_IRQHandler                      0x080001c7   Thumb Code     0  startup_stm32f40_41xxx.o(.text)
    CAN1_RX1_IRQHandler                      0x080001c7   Thumb Code     0  startup_stm32f40_41xxx.o(.text)
    CAN1_SCE_IRQHandler                      0x080001c7   Thumb Code     0  startup_stm32f40_41xxx.o(.text)
    CAN1_TX_IRQHandler                       0x080001c7   Thumb Code     0  startup_stm32f40_41xxx.o(.text)
    CAN2_RX0_IRQHandler                      0x080001c7   Thumb Code     0  startup_stm32f40_41xxx.o(.text)
    CAN2_RX1_IRQHandler                      0x080001c7   Thumb Code     0  startup_stm32f40_41xxx.o(.text)
    CAN2_SCE_IRQHandler                      0x080001c7   Thumb Code     0  startup_stm32f40_41xxx.o(.text)
    CAN2_TX_IRQHandler                       0x080001c7   Thumb Code     0  startup_stm32f40_41xxx.o(.text)
    CRYP_IRQHandler                          0x080001c7   Thumb Code     0  startup_stm32f40_41xxx.o(.text)
    DCMI_IRQHandler                          0x080001c7   Thumb Code     0  startup_stm32f40_41xxx.o(.text)
    DMA1_Stream0_IRQHandler                  0x080001c7   Thumb Code     0  startup_stm32f40_41xxx.o(.text)
    DMA1_Stream1_IRQHandler                  0x080001c7   Thumb Code     0  startup_stm32f40_41xxx.o(.text)
    DMA1_Stream2_IRQHandler                  0x080001c7   Thumb Code     0  startup_stm32f40_41xxx.o(.text)
    DMA1_Stream3_IRQHandler                  0x080001c7   Thumb Code     0  startup_stm32f40_41xxx.o(.text)
    DMA1_Stream4_IRQHandler                  0x080001c7   Thumb Code     0  startup_stm32f40_41xxx.o(.text)
    DMA1_Stream5_IRQHandler                  0x080001c7   Thumb Code     0  startup_stm32f40_41xxx.o(.text)
    DMA1_Stream6_IRQHandler                  0x080001c7   Thumb Code     0  startup_stm32f40_41xxx.o(.text)
    DMA1_Stream7_IRQHandler                  0x080001c7   Thumb Code     0  startup_stm32f40_41xxx.o(.text)
    DMA2_Stream0_IRQHandler                  0x080001c7   Thumb Code     0  startup_stm32f40_41xxx.o(.text)
    DMA2_Stream1_IRQHandler                  0x080001c7   Thumb Code     0  startup_stm32f40_41xxx.o(.text)
    DMA2_Stream2_IRQHandler                  0x080001c7   Thumb Code     0  startup_stm32f40_41xxx.o(.text)
    DMA2_Stream3_IRQHandler                  0x080001c7   Thumb Code     0  startup_stm32f40_41xxx.o(.text)
    DMA2_Stream4_IRQHandler                  0x080001c7   Thumb Code     0  startup_stm32f40_41xxx.o(.text)
    DMA2_Stream5_IRQHandler                  0x080001c7   Thumb Code     0  startup_stm32f40_41xxx.o(.text)
    DMA2_Stream6_IRQHandler                  0x080001c7   Thumb Code     0  startup_stm32f40_41xxx.o(.text)
    DMA2_Stream7_IRQHandler                  0x080001c7   Thumb Code     0  startup_stm32f40_41xxx.o(.text)
    ETH_IRQHandler                           0x080001c7   Thumb Code     0  startup_stm32f40_41xxx.o(.text)
    ETH_WKUP_IRQHandler                      0x080001c7   Thumb Code     0  startup_stm32f40_41xxx.o(.text)
    EXTI0_IRQHandler                         0x080001c7   Thumb Code     0  startup_stm32f40_41xxx.o(.text)
    EXTI15_10_IRQHandler                     0x080001c7   Thumb Code     0  startup_stm32f40_41xxx.o(.text)
    EXTI1_IRQHandler                         0x080001c7   Thumb Code     0  startup_stm32f40_41xxx.o(.text)
    EXTI2_IRQHandler                         0x080001c7   Thumb Code     0  startup_stm32f40_41xxx.o(.text)
    EXTI3_IRQHandler                         0x080001c7   Thumb Code     0  startup_stm32f40_41xxx.o(.text)
    EXTI4_IRQHandler                         0x080001c7   Thumb Code     0  startup_stm32f40_41xxx.o(.text)
    EXTI9_5_IRQHandler                       0x080001c7   Thumb Code     0  startup_stm32f40_41xxx.o(.text)
    FLASH_IRQHandler                         0x080001c7   Thumb Code     0  startup_stm32f40_41xxx.o(.text)
    FPU_IRQHandler                           0x080001c7   Thumb Code     0  startup_stm32f40_41xxx.o(.text)
    FSMC_IRQHandler                          0x080001c7   Thumb Code     0  startup_stm32f40_41xxx.o(.text)
    HASH_RNG_IRQHandler                      0x080001c7   Thumb Code     0  startup_stm32f40_41xxx.o(.text)
    I2C1_ER_IRQHandler                       0x080001c7   Thumb Code     0  startup_stm32f40_41xxx.o(.text)
    I2C1_EV_IRQHandler                       0x080001c7   Thumb Code     0  startup_stm32f40_41xxx.o(.text)
    I2C2_ER_IRQHandler                       0x080001c7   Thumb Code     0  startup_stm32f40_41xxx.o(.text)
    I2C2_EV_IRQHandler                       0x080001c7   Thumb Code     0  startup_stm32f40_41xxx.o(.text)
    I2C3_ER_IRQHandler                       0x080001c7   Thumb Code     0  startup_stm32f40_41xxx.o(.text)
    I2C3_EV_IRQHandler                       0x080001c7   Thumb Code     0  startup_stm32f40_41xxx.o(.text)
    OTG_FS_IRQHandler                        0x080001c7   Thumb Code     0  startup_stm32f40_41xxx.o(.text)
    OTG_FS_WKUP_IRQHandler                   0x080001c7   Thumb Code     0  startup_stm32f40_41xxx.o(.text)
    OTG_HS_EP1_IN_IRQHandler                 0x080001c7   Thumb Code     0  startup_stm32f40_41xxx.o(.text)
    OTG_HS_EP1_OUT_IRQHandler                0x080001c7   Thumb Code     0  startup_stm32f40_41xxx.o(.text)
    OTG_HS_IRQHandler                        0x080001c7   Thumb Code     0  startup_stm32f40_41xxx.o(.text)
    OTG_HS_WKUP_IRQHandler                   0x080001c7   Thumb Code     0  startup_stm32f40_41xxx.o(.text)
    PVD_IRQHandler                           0x080001c7   Thumb Code     0  startup_stm32f40_41xxx.o(.text)
    RCC_IRQHandler                           0x080001c7   Thumb Code     0  startup_stm32f40_41xxx.o(.text)
    RTC_Alarm_IRQHandler                     0x080001c7   Thumb Code     0  startup_stm32f40_41xxx.o(.text)
    RTC_WKUP_IRQHandler                      0x080001c7   Thumb Code     0  startup_stm32f40_41xxx.o(.text)
    SPI1_IRQHandler                          0x080001c7   Thumb Code     0  startup_stm32f40_41xxx.o(.text)
    SPI2_IRQHandler                          0x080001c7   Thumb Code     0  startup_stm32f40_41xxx.o(.text)
    SPI3_IRQHandler                          0x080001c7   Thumb Code     0  startup_stm32f40_41xxx.o(.text)
    TAMP_STAMP_IRQHandler                    0x080001c7   Thumb Code     0  startup_stm32f40_41xxx.o(.text)
    TIM1_BRK_TIM9_IRQHandler                 0x080001c7   Thumb Code     0  startup_stm32f40_41xxx.o(.text)
    TIM1_CC_IRQHandler                       0x080001c7   Thumb Code     0  startup_stm32f40_41xxx.o(.text)
    TIM1_TRG_COM_TIM11_IRQHandler            0x080001c7   Thumb Code     0  startup_stm32f40_41xxx.o(.text)
    TIM1_UP_TIM10_IRQHandler                 0x080001c7   Thumb Code     0  startup_stm32f40_41xxx.o(.text)
    TIM2_IRQHandler                          0x080001c7   Thumb Code     0  startup_stm32f40_41xxx.o(.text)
    TIM5_IRQHandler                          0x080001c7   Thumb Code     0  startup_stm32f40_41xxx.o(.text)
    TIM6_DAC_IRQHandler                      0x080001c7   Thumb Code     0  startup_stm32f40_41xxx.o(.text)
    TIM7_IRQHandler                          0x080001c7   Thumb Code     0  startup_stm32f40_41xxx.o(.text)
    TIM8_BRK_TIM12_IRQHandler                0x080001c7   Thumb Code     0  startup_stm32f40_41xxx.o(.text)
    TIM8_CC_IRQHandler                       0x080001c7   Thumb Code     0  startup_stm32f40_41xxx.o(.text)
    TIM8_TRG_COM_TIM14_IRQHandler            0x080001c7   Thumb Code     0  startup_stm32f40_41xxx.o(.text)
    TIM8_UP_TIM13_IRQHandler                 0x080001c7   Thumb Code     0  startup_stm32f40_41xxx.o(.text)
    UART4_IRQHandler                         0x080001c7   Thumb Code     0  startup_stm32f40_41xxx.o(.text)
    UART5_IRQHandler                         0x080001c7   Thumb Code     0  startup_stm32f40_41xxx.o(.text)
    USART2_IRQHandler                        0x080001c7   Thumb Code     0  startup_stm32f40_41xxx.o(.text)
    USART3_IRQHandler                        0x080001c7   Thumb Code     0  startup_stm32f40_41xxx.o(.text)
    USART6_IRQHandler                        0x080001c7   Thumb Code     0  startup_stm32f40_41xxx.o(.text)
    WWDG_IRQHandler                          0x080001c7   Thumb Code     0  startup_stm32f40_41xxx.o(.text)
    __aeabi_ldivmod                          0x080001d1   Thumb Code    98  ldiv.o(.text)
    __aeabi_memcpy                           0x08000233   Thumb Code    36  memcpya.o(.text)
    __aeabi_memcpy4                          0x08000233   Thumb Code     0  memcpya.o(.text)
    __aeabi_memcpy8                          0x08000233   Thumb Code     0  memcpya.o(.text)
    strlen                                   0x08000257   Thumb Code    14  strlen.o(.text)
    __aeabi_uldivmod                         0x08000265   Thumb Code    98  uldiv.o(.text)
    __aeabi_llsl                             0x080002c7   Thumb Code    30  llshl.o(.text)
    _ll_shift_l                              0x080002c7   Thumb Code     0  llshl.o(.text)
    __aeabi_llsr                             0x080002e5   Thumb Code    32  llushr.o(.text)
    _ll_ushift_r                             0x080002e5   Thumb Code     0  llushr.o(.text)
    __scatterload                            0x08000305   Thumb Code    28  init.o(.text)
    __scatterload_rt2                        0x08000305   Thumb Code     0  init.o(.text)
    __decompress                             0x08000329   Thumb Code     0  __dczerorl2.o(.text)
    __decompress1                            0x08000329   Thumb Code    86  __dczerorl2.o(.text)
    HardFault_Handler                        0x08000381   Thumb Code     0  hardfaulthandler.o(OSKERNEL)
    BusFault_Handler                         0x08000393   Thumb Code     4  stm32f4xx_it.o(i.BusFault_Handler)
    CmdError                                 0x08000397   Thumb Code    48  bsp_sdio_sdcard.o(i.CmdError)
    CmdResp1Error                            0x080003c9   Thumb Code    94  bsp_sdio_sdcard.o(i.CmdResp1Error)
    CmdResp2Error                            0x0800042d   Thumb Code    80  bsp_sdio_sdcard.o(i.CmdResp2Error)
    CmdResp3Error                            0x08000481   Thumb Code    50  bsp_sdio_sdcard.o(i.CmdResp3Error)
    CmdResp6Error                            0x080004b9   Thumb Code   144  bsp_sdio_sdcard.o(i.CmdResp6Error)
    CmdResp7Error                            0x0800054d   Thumb Code    70  bsp_sdio_sdcard.o(i.CmdResp7Error)
    DMA_Cmd                                  0x08000599   Thumb Code    22  stm32f4xx_dma.o(i.DMA_Cmd)
    DMA_DeInit                               0x080005b1   Thumb Code   324  stm32f4xx_dma.o(i.DMA_DeInit)
    DMA_FlowControllerConfig                 0x08000709   Thumb Code    22  stm32f4xx_dma.o(i.DMA_FlowControllerConfig)
    DMA_GetCmdStatus                         0x0800071f   Thumb Code    20  stm32f4xx_dma.o(i.DMA_GetCmdStatus)
    DMA_Init                                 0x08000735   Thumb Code    82  stm32f4xx_dma.o(i.DMA_Init)
    DebugMon_Handler                         0x0800078d   Thumb Code     2  stm32f4xx_it.o(i.DebugMon_Handler)
    FindSCR                                  0x08000791   Thumb Code   388  bsp_sdio_sdcard.o(i.FindSCR)
    FuncTest                                 0x08000925   Thumb Code    16  usmart_config.o(i.FuncTest)
    GPIO_Init                                0x0800093d   Thumb Code   144  stm32f4xx_gpio.o(i.GPIO_Init)
    GPIO_PinAFConfig                         0x080009cd   Thumb Code    70  stm32f4xx_gpio.o(i.GPIO_PinAFConfig)
    GPIO_SetBits                             0x08000a13   Thumb Code     4  stm32f4xx_gpio.o(i.GPIO_SetBits)
    HardFaultHandler                         0x08000a19   Thumb Code   166  segger_hardfaulthandler.o(i.HardFaultHandler)
    IsCardProgramming                        0x08000acd   Thumb Code   146  bsp_sdio_sdcard.o(i.IsCardProgramming)
    MemManage_Handler                        0x08000b6d   Thumb Code     4  stm32f4xx_it.o(i.MemManage_Handler)
    NMI_Handler                              0x08000b71   Thumb Code     2  stm32f4xx_it.o(i.NMI_Handler)
    NVIC_Init                                0x08000b75   Thumb Code   106  misc.o(i.NVIC_Init)
    NVIC_PriorityGroupConfig                 0x08000bed   Thumb Code    10  misc.o(i.NVIC_PriorityGroupConfig)
    PendSV_Handler                           0x08000c01   Thumb Code     2  stm32f4xx_it.o(i.PendSV_Handler)
    RCC_AHB1PeriphClockCmd                   0x08000c05   Thumb Code    26  stm32f4xx_rcc.o(i.RCC_AHB1PeriphClockCmd)
    RCC_APB1PeriphClockCmd                   0x08000c25   Thumb Code    26  stm32f4xx_rcc.o(i.RCC_APB1PeriphClockCmd)
    RCC_APB2PeriphClockCmd                   0x08000c45   Thumb Code    26  stm32f4xx_rcc.o(i.RCC_APB2PeriphClockCmd)
    RCC_APB2PeriphResetCmd                   0x08000c65   Thumb Code    26  stm32f4xx_rcc.o(i.RCC_APB2PeriphResetCmd)
    RCC_GetClocksFreq                        0x08000c85   Thumb Code   214  stm32f4xx_rcc.o(i.RCC_GetClocksFreq)
    SDEnWideBus                              0x08000d6d   Thumb Code   158  bsp_sdio_sdcard.o(i.SDEnWideBus)
    SDIO_ClearFlag                           0x08000e19   Thumb Code     6  stm32f4xx_sdio.o(i.SDIO_ClearFlag)
    SDIO_Clock_Set                           0x08000e25   Thumb Code    16  bsp_sdio_sdcard.o(i.SDIO_Clock_Set)
    SDIO_DataConfig                          0x08000e39   Thumb Code    46  stm32f4xx_sdio.o(i.SDIO_DataConfig)
    SDIO_GetFlagStatus                       0x08000e6d   Thumb Code    20  stm32f4xx_sdio.o(i.SDIO_GetFlagStatus)
    SDIO_GetPowerState                       0x08000e85   Thumb Code    10  stm32f4xx_sdio.o(i.SDIO_GetPowerState)
    SDIO_IRQHandler                          0x08000e95   Thumb Code     8  bsp_sdio_sdcard.o(i.SDIO_IRQHandler)
    SDIO_Init                                0x08000e9d   Thumb Code    42  stm32f4xx_sdio.o(i.SDIO_Init)
    SDIO_Register_Deinit                     0x08000ecd   Thumb Code    48  bsp_sdio_sdcard.o(i.SDIO_Register_Deinit)
    SDIO_SendCommand                         0x08000f05   Thumb Code    40  stm32f4xx_sdio.o(i.SDIO_SendCommand)
    SDIO_SetPowerState                       0x08000f31   Thumb Code     6  stm32f4xx_sdio.o(i.SDIO_SetPowerState)
    SD_DMA_Config                            0x08000f3d   Thumb Code   118  bsp_sdio_sdcard.o(i.SD_DMA_Config)
    SD_EnableWideBusOperation                0x08000fbd   Thumb Code    94  bsp_sdio_sdcard.o(i.SD_EnableWideBusOperation)
    SD_GetCardInfo                           0x08001025   Thumb Code   772  bsp_sdio_sdcard.o(i.SD_GetCardInfo)
    SD_Init                                  0x08001339   Thumb Code   286  bsp_sdio_sdcard.o(i.SD_Init)
    SD_InitializeCards                       0x0800146d   Thumb Code   330  bsp_sdio_sdcard.o(i.SD_InitializeCards)
    SD_PowerON                               0x080015d1   Thumb Code   460  bsp_sdio_sdcard.o(i.SD_PowerON)
    SD_ProcessIRQSrc                         0x080017b5   Thumb Code   318  bsp_sdio_sdcard.o(i.SD_ProcessIRQSrc)
    SD_ReadBlock                             0x08001909   Thumb Code   574  bsp_sdio_sdcard.o(i.SD_ReadBlock)
    SD_ReadDisk                              0x08001b71   Thumb Code   148  bsp_sdio_sdcard.o(i.SD_ReadDisk)
    SD_ReadMultiBlocks                       0x08001c09   Thumb Code   710  bsp_sdio_sdcard.o(i.SD_ReadMultiBlocks)
    SD_SelectDeselect                        0x08001efd   Thumb Code    42  bsp_sdio_sdcard.o(i.SD_SelectDeselect)
    SD_SetDeviceMode                         0x08001f2d   Thumb Code    20  bsp_sdio_sdcard.o(i.SD_SetDeviceMode)
    SD_WriteBlock                            0x08001f45   Thumb Code   862  bsp_sdio_sdcard.o(i.SD_WriteBlock)
    SD_WriteDisk                             0x080022cd   Thumb Code   148  bsp_sdio_sdcard.o(i.SD_WriteDisk)
    SD_WriteMultiBlocks                      0x08002365   Thumb Code   934  bsp_sdio_sdcard.o(i.SD_WriteMultiBlocks)
    SVC_Handler                              0x08002735   Thumb Code     2  stm32f4xx_it.o(i.SVC_Handler)
    SysTick_CLKSourceConfig                  0x08002825   Thumb Code    40  misc.o(i.SysTick_CLKSourceConfig)
    SysTick_Handler                          0x0800284d   Thumb Code     2  stm32f4xx_it.o(i.SysTick_Handler)
    SystemInit                               0x08002851   Thumb Code    88  system_stm32f4xx.o(i.SystemInit)
    TIM3_IRQHandler                          0x080028b9   Thumb Code   168  bsp_timer.o(i.TIM3_IRQHandler)
    TIM3_Int_Init                            0x08002979   Thumb Code    88  bsp_timer.o(i.TIM3_Int_Init)
    TIM4_IRQHandler                          0x080029d5   Thumb Code    46  usmart.o(i.TIM4_IRQHandler)
    TIM_ClearFlag                            0x08002a0d   Thumb Code     6  stm32f4xx_tim.o(i.TIM_ClearFlag)
    TIM_ClearITPendingBit                    0x08002a13   Thumb Code     6  stm32f4xx_tim.o(i.TIM_ClearITPendingBit)
    TIM_Cmd                                  0x08002a19   Thumb Code    24  stm32f4xx_tim.o(i.TIM_Cmd)
    TIM_GetCounter                           0x08002a31   Thumb Code     6  stm32f4xx_tim.o(i.TIM_GetCounter)
    TIM_GetFlagStatus                        0x08002a37   Thumb Code    18  stm32f4xx_tim.o(i.TIM_GetFlagStatus)
    TIM_GetITStatus                          0x08002a49   Thumb Code    34  stm32f4xx_tim.o(i.TIM_GetITStatus)
    TIM_ITConfig                             0x08002a6b   Thumb Code    18  stm32f4xx_tim.o(i.TIM_ITConfig)
    TIM_SetAutoreload                        0x08002a7d   Thumb Code     4  stm32f4xx_tim.o(i.TIM_SetAutoreload)
    TIM_SetCounter                           0x08002a81   Thumb Code     4  stm32f4xx_tim.o(i.TIM_SetCounter)
    TIM_TimeBaseInit                         0x08002a85   Thumb Code   104  stm32f4xx_tim.o(i.TIM_TimeBaseInit)
    Timer4_Init                              0x08002b09   Thumb Code    86  usmart.o(i.Timer4_Init)
    USART1_IRQHandler                        0x08002b65   Thumb Code   122  usart.o(i.USART1_IRQHandler)
    USART_Cmd                                0x08002bed   Thumb Code    24  stm32f4xx_usart.o(i.USART_Cmd)
    USART_GetITStatus                        0x08002c05   Thumb Code    84  stm32f4xx_usart.o(i.USART_GetITStatus)
    USART_ITConfig                           0x08002c59   Thumb Code    74  stm32f4xx_usart.o(i.USART_ITConfig)
    USART_Init                               0x08002ca5   Thumb Code   204  stm32f4xx_usart.o(i.USART_Init)
    USART_ReceiveData                        0x08002d79   Thumb Code    10  stm32f4xx_usart.o(i.USART_ReceiveData)
    UsageFault_Handler                       0x08002d83   Thumb Code     4  stm32f4xx_it.o(i.UsageFault_Handler)
    __0printf$8                              0x08002d89   Thumb Code    22  printf8.o(i.__0printf$8)
    __1printf$8                              0x08002d89   Thumb Code     0  printf8.o(i.__0printf$8)
    __2printf                                0x08002d89   Thumb Code     0  printf8.o(i.__0printf$8)
    __0sprintf$8                             0x08002da9   Thumb Code    34  printf8.o(i.__0sprintf$8)
    __1sprintf$8                             0x08002da9   Thumb Code     0  printf8.o(i.__0sprintf$8)
    __2sprintf                               0x08002da9   Thumb Code     0  printf8.o(i.__0sprintf$8)
    __scatterload_copy                       0x08002dd1   Thumb Code    14  handlers.o(i.__scatterload_copy)
    __scatterload_null                       0x08002ddf   Thumb Code     2  handlers.o(i.__scatterload_null)
    __scatterload_zeroinit                   0x08002de1   Thumb Code    14  handlers.o(i.__scatterload_zeroinit)
    bspInit                                  0x0800325d   Thumb Code    54  bsp.o(i.bspInit)
    bspLedFlash                              0x08003295   Thumb Code    26  bsp_led.o(i.bspLedFlash)
    bspLedInit                               0x080032b9   Thumb Code    48  bsp_led.o(i.bspLedInit)
    bsp_pcf8974x_io_init                     0x080032ed   Thumb Code    56  bsp_pcf8574.o(i.bsp_pcf8974x_io_init)
    convert_from_bytes_to_power_of_two       0x08003471   Thumb Code    18  bsp_sdio_sdcard.o(i.convert_from_bytes_to_power_of_two)
    delay_init                               0x080039d1   Thumb Code    52  delay.o(i.delay_init)
    delay_ms                                 0x08003a0d   Thumb Code    56  delay.o(i.delay_ms)
    delay_us                                 0x08003a45   Thumb Code    72  delay.o(i.delay_us)
    delay_xms                                0x08003a91   Thumb Code    72  delay.o(i.delay_xms)
    disk_initialize                          0x080040d7   Thumb Code    40  diskio.o(i.disk_initialize)
    disk_ioctl                               0x08004101   Thumb Code   106  diskio.o(i.disk_ioctl)
    disk_read                                0x08004171   Thumb Code    98  diskio.o(i.disk_read)
    disk_status                              0x080041d3   Thumb Code     6  diskio.o(i.disk_status)
    disk_write                               0x080041d9   Thumb Code    98  diskio.o(i.disk_write)
    exfuns_init                              0x0800423d   Thumb Code   106  exfuns.o(i.exfuns_init)
    f_close                                  0x080042b9   Thumb Code    34  ff.o(i.f_close)
    f_closedir                               0x080042db   Thumb Code    24  ff.o(i.f_closedir)
    f_getfree                                0x080042f3   Thumb Code   246  ff.o(i.f_getfree)
    f_getlabel                               0x080043e9   Thumb Code   188  ff.o(i.f_getlabel)
    f_gets                                   0x080044a5   Thumb Code    80  ff.o(i.f_gets)
    f_lseek                                  0x080044f5   Thumb Code   388  ff.o(i.f_lseek)
    f_mkdir                                  0x08004679   Thumb Code   292  ff.o(i.f_mkdir)
    f_mkfs                                   0x0800479d   Thumb Code  1824  ff.o(i.f_mkfs)
    f_mount                                  0x08004ef1   Thumb Code    80  ff.o(i.f_mount)
    f_open                                   0x08004f45   Thumb Code   520  ff.o(i.f_open)
    f_opendir                                0x0800514d   Thumb Code   138  ff.o(i.f_opendir)
    f_putc                                   0x080051d7   Thumb Code    34  ff.o(i.f_putc)
    f_puts                                   0x080051f9   Thumb Code    44  ff.o(i.f_puts)
    f_read                                   0x08005225   Thumb Code   412  ff.o(i.f_read)
    f_readdir                                0x080053c1   Thumb Code   104  ff.o(i.f_readdir)
    f_rename                                 0x08005429   Thumb Code   316  ff.o(i.f_rename)
    f_setlabel                               0x08005565   Thumb Code   304  ff.o(i.f_setlabel)
    f_sync                                   0x08005699   Thumb Code   160  ff.o(i.f_sync)
    f_unlink                                 0x08005739   Thumb Code   196  ff.o(i.f_unlink)
    f_write                                  0x080057fd   Thumb Code   478  ff.o(i.f_write)
    ff_memalloc                              0x080059db   Thumb Code    12  ffsystem.o(i.ff_memalloc)
    ff_memfree                               0x080059e7   Thumb Code    12  ffsystem.o(i.ff_memfree)
    ff_oem2uni                               0x080059f5   Thumb Code   100  ffunicode.o(i.ff_oem2uni)
    ff_uni2oem                               0x08005a5d   Thumb Code   112  ffunicode.o(i.ff_uni2oem)
    ff_wtoupper                              0x08005ad1   Thumb Code   166  ffunicode.o(i.ff_wtoupper)
    fputc                                    0x08005c99   Thumb Code    22  usart.o(i.fputc)
    free                                     0x08005cb5   Thumb Code    76  malloc.o(i.free)
    get_fattime                              0x08005eb1   Thumb Code     4  diskio.o(i.get_fattime)
    main                                     0x080060c5   Thumb Code   138  main.o(i.main)
    malloc                                   0x08006175   Thumb Code    92  malloc.o(i.malloc)
    mf_close                                 0x08006231   Thumb Code    14  fattester.o(i.mf_close)
    mf_closedir                              0x08006245   Thumb Code    10  fattester.o(i.mf_closedir)
    mf_fmkfs                                 0x08006255   Thumb Code    20  fattester.o(i.mf_fmkfs)
    mf_getlabel                              0x08006269   Thumb Code    58  fattester.o(i.mf_getlabel)
    mf_gets                                  0x080062ed   Thumb Code    38  fattester.o(i.mf_gets)
    mf_lseek                                 0x08006339   Thumb Code    16  fattester.o(i.mf_lseek)
    mf_mkdir                                 0x0800634d   Thumb Code    12  fattester.o(i.mf_mkdir)
    mf_mount                                 0x08006359   Thumb Code    20  fattester.o(i.mf_mount)
    mf_open                                  0x08006371   Thumb Code    24  fattester.o(i.mf_open)
    mf_opendir                               0x0800638d   Thumb Code    14  fattester.o(i.mf_opendir)
    mf_putc                                  0x080063a1   Thumb Code    18  fattester.o(i.mf_putc)
    mf_puts                                  0x080063b9   Thumb Code    18  fattester.o(i.mf_puts)
    mf_read                                  0x080063d1   Thumb Code   224  fattester.o(i.mf_read)
    mf_readdir                               0x08006529   Thumb Code    92  fattester.o(i.mf_readdir)
    mf_rename                                0x080065f1   Thumb Code    16  fattester.o(i.mf_rename)
    mf_setlabel                              0x08006601   Thumb Code    34  fattester.o(i.mf_setlabel)
    mf_showfree                              0x0800665d   Thumb Code    88  fattester.o(i.mf_showfree)
    mf_size                                  0x08006705   Thumb Code     8  fattester.o(i.mf_size)
    mf_tell                                  0x08006711   Thumb Code     8  fattester.o(i.mf_tell)
    mf_unlink                                0x0800671d   Thumb Code    12  fattester.o(i.mf_unlink)
    mf_write                                 0x08006729   Thumb Code    68  fattester.o(i.mf_write)
    read_addr                                0x08006dc7   Thumb Code     6  usmart.o(i.read_addr)
    scan_files                               0x08006e69   Thumb Code   124  fattester.o(i.scan_files)
    uart_init                                0x08007089   Thumb Code   166  usart.o(i.uart_init)
    usmart_cmd_rec                           0x08007139   Thumb Code   170  usmart.o(i.usmart_cmd_rec)
    usmart_exe                               0x080071e9   Thumb Code   632  usmart.o(i.usmart_exe)
    usmart_get_aparm                         0x080074bd   Thumb Code   200  usmart_str.o(i.usmart_get_aparm)
    usmart_get_cmdname                       0x08007585   Thumb Code    54  usmart_str.o(i.usmart_get_cmdname)
    usmart_get_fname                         0x080075bd   Thumb Code   440  usmart_str.o(i.usmart_get_fname)
    usmart_get_fparam                        0x0800777d   Thumb Code   262  usmart_str.o(i.usmart_get_fparam)
    usmart_get_parmpos                       0x08007889   Thumb Code    26  usmart_str.o(i.usmart_get_parmpos)
    usmart_get_runtime                       0x080078a9   Thumb Code    60  usmart.o(i.usmart_get_runtime)
    usmart_init                              0x080078ed   Thumb Code    36  usmart.o(i.usmart_init)
    usmart_pow                               0x08007915   Thumb Code    22  usmart_str.o(i.usmart_pow)
    usmart_reset_runtime                     0x0800792d   Thumb Code    38  usmart.o(i.usmart_reset_runtime)
    usmart_scan                              0x0800795d   Thumb Code   120  usmart.o(i.usmart_scan)
    usmart_search_nextc                      0x08007a19   Thumb Code    22  usmart_str.o(i.usmart_search_nextc)
    usmart_str2num                           0x08007a2f   Thumb Code   202  usmart_str.o(i.usmart_str2num)
    usmart_strcmp                            0x08007af9   Thumb Code    34  usmart_str.o(i.usmart_strcmp)
    usmart_strcopy                           0x08007b1b   Thumb Code    22  usmart_str.o(i.usmart_strcopy)
    usmart_strlen                            0x08007b31   Thumb Code    24  usmart_str.o(i.usmart_strlen)
    usmart_sys_cmd_exe                       0x08007b49   Thumb Code  1554  usmart.o(i.usmart_sys_cmd_exe)
    write_addr                               0x08008269   Thumb Code     4  usmart.o(i.write_addr)
    EventRecorderInfo                        0x08032e7c   Data          24  eventrecorder.o(.constdata)
    Region$$Table$$Base                      0x08033178   Number         0  anon$$obj.o(Region$$Table)
    Region$$Table$$Limit                     0x08033198   Number         0  anon$$obj.o(Region$$Table)
    g_ucStateFlag                            0x20000000   Data           1  main.o(.data)
    g_usDht22Timeout                         0x20000002   Data           2  bsp_timer.o(.data)
    g_usLedTimeout                           0x20000004   Data           2  bsp_timer.o(.data)
    g_usOledTimeout                          0x20000006   Data           2  bsp_timer.o(.data)
    g_usSgp30Timeout                         0x20000008   Data           2  bsp_timer.o(.data)
    TransferError                            0x20000016   Data           1  bsp_sdio_sdcard.o(.data)
    TransferEnd                              0x20000017   Data           1  bsp_sdio_sdcard.o(.data)
    tempbuff                                 0x20000018   Data           4  bsp_sdio_sdcard.o(.data)
    fs                                       0x20000024   Data           4  exfuns.o(.data)
    file                                     0x20000028   Data           4  exfuns.o(.data)
    ftemp                                    0x2000002c   Data           4  exfuns.o(.data)
    br                                       0x20000030   Data           4  exfuns.o(.data)
    bw                                       0x20000034   Data           4  exfuns.o(.data)
    fatbuf                                   0x20000038   Data           4  exfuns.o(.data)
    sys_cmd_tab                              0x2000003c   Data          28  usmart.o(.data)
    usmart_nametab                           0x20000058   Data         216  usmart_config.o(.data)
    usmart_dev                               0x20000130   Data         244  usmart_config.o(.data)
    __stdout                                 0x20000228   Data           4  usart.o(.data)
    USART_RX_STA                             0x2000022c   Data           2  usart.o(.data)
    __microlib_freelist                      0x20000244   Data           4  mvars.o(.data)
    __microlib_freelist_initialised          0x20000248   Data           4  mvars.o(.data)
    SDIO_InitStructure                       0x20000250   Data          24  bsp_sdio_sdcard.o(.bss)
    SDIO_CmdInitStructure                    0x20000268   Data          20  bsp_sdio_sdcard.o(.bss)
    SDIO_DataInitStructure                   0x2000027c   Data          24  bsp_sdio_sdcard.o(.bss)
    SDCardInfo                               0x200002b8   Data          88  bsp_sdio_sdcard.o(.bss)
    SDIO_DATA_BUFFER                         0x20000310   Data         512  bsp_sdio_sdcard.o(.bss)
    dir                                      0x20000510   Data          48  exfuns.o(.bss)
    USART_RX_BUF                             0x20000658   Data         200  usart.o(.bss)
    __heap_base                              0x20000c28   Data           0  startup_stm32f40_41xxx.o(HEAP)
    __heap_limit                             0x2000fc28   Data           0  startup_stm32f40_41xxx.o(HEAP)
    __initial_sp                             0x20010028   Data           0  startup_stm32f40_41xxx.o(STACK)



==============================================================================

Memory Map of the image

  Image Entry point : 0x08000189

  Load Region LR_IROM1 (Base: 0x08000000, Size: 0x000333e4, Max: 0x00080000, ABSOLUTE, COMPRESSED[0x00033288])

    Execution Region ER_IROM1 (Exec base: 0x08000000, Load base: 0x08000000, Size: 0x00033198, Max: 0x00080000, ABSOLUTE)

    Exec Addr    Load Addr    Size         Type   Attr      Idx    E Section Name        Object

    0x08000000   0x08000000   0x00000188   Data   RO         2216    RESET               startup_stm32f40_41xxx.o
    0x08000188   0x08000188   0x00000000   Code   RO         4342  * .ARM.Collect$$$$00000000  mc_w.l(entry.o)
    0x08000188   0x08000188   0x00000004   Code   RO         4673    .ARM.Collect$$$$00000001  mc_w.l(entry2.o)
    0x0800018c   0x0800018c   0x00000004   Code   RO         4676    .ARM.Collect$$$$00000004  mc_w.l(entry5.o)
    0x08000190   0x08000190   0x00000000   Code   RO         4678    .ARM.Collect$$$$00000008  mc_w.l(entry7b.o)
    0x08000190   0x08000190   0x00000000   Code   RO         4680    .ARM.Collect$$$$0000000A  mc_w.l(entry8b.o)
    0x08000190   0x08000190   0x00000008   Code   RO         4681    .ARM.Collect$$$$0000000B  mc_w.l(entry9a.o)
    0x08000198   0x08000198   0x00000000   Code   RO         4683    .ARM.Collect$$$$0000000D  mc_w.l(entry10a.o)
    0x08000198   0x08000198   0x00000000   Code   RO         4685    .ARM.Collect$$$$0000000F  mc_w.l(entry11a.o)
    0x08000198   0x08000198   0x00000004   Code   RO         4674    .ARM.Collect$$$$00002712  mc_w.l(entry2.o)
    0x0800019c   0x0800019c   0x00000010   Code   RO         2149    .emb_text           sys.o
    0x080001ac   0x080001ac   0x00000024   Code   RO         2217    .text               startup_stm32f40_41xxx.o
    0x080001d0   0x080001d0   0x00000062   Code   RO         4350    .text               mc_w.l(ldiv.o)
    0x08000232   0x08000232   0x00000024   Code   RO         4352    .text               mc_w.l(memcpya.o)
    0x08000256   0x08000256   0x0000000e   Code   RO         4356    .text               mc_w.l(strlen.o)
    0x08000264   0x08000264   0x00000062   Code   RO         4689    .text               mc_w.l(uldiv.o)
    0x080002c6   0x080002c6   0x0000001e   Code   RO         4691    .text               mc_w.l(llshl.o)
    0x080002e4   0x080002e4   0x00000020   Code   RO         4693    .text               mc_w.l(llushr.o)
    0x08000304   0x08000304   0x00000024   Code   RO         4706    .text               mc_w.l(init.o)
    0x08000328   0x08000328   0x00000056   Code   RO         4716    .text               mc_w.l(__dczerorl2.o)
    0x0800037e   0x0800037e   0x00000002   PAD
    0x08000380   0x08000380   0x00000012   Code   RO         4129    OSKERNEL            hardfaulthandler.o
    0x08000392   0x08000392   0x00000004   Code   RO          206    i.BusFault_Handler  stm32f4xx_it.o
    0x08000396   0x08000396   0x00000030   Code   RO         1015    i.CmdError          bsp_sdio_sdcard.o
    0x080003c6   0x080003c6   0x00000002   PAD
    0x080003c8   0x080003c8   0x00000064   Code   RO         1016    i.CmdResp1Error     bsp_sdio_sdcard.o
    0x0800042c   0x0800042c   0x00000054   Code   RO         1017    i.CmdResp2Error     bsp_sdio_sdcard.o
    0x08000480   0x08000480   0x00000038   Code   RO         1018    i.CmdResp3Error     bsp_sdio_sdcard.o
    0x080004b8   0x080004b8   0x00000094   Code   RO         1019    i.CmdResp6Error     bsp_sdio_sdcard.o
    0x0800054c   0x0800054c   0x0000004c   Code   RO         1020    i.CmdResp7Error     bsp_sdio_sdcard.o
    0x08000598   0x08000598   0x00000016   Code   RO         3811    i.DMA_Cmd           stm32f4xx_dma.o
    0x080005ae   0x080005ae   0x00000002   PAD
    0x080005b0   0x080005b0   0x00000158   Code   RO         3812    i.DMA_DeInit        stm32f4xx_dma.o
    0x08000708   0x08000708   0x00000016   Code   RO         3815    i.DMA_FlowControllerConfig  stm32f4xx_dma.o
    0x0800071e   0x0800071e   0x00000014   Code   RO         3816    i.DMA_GetCmdStatus  stm32f4xx_dma.o
    0x08000732   0x08000732   0x00000002   PAD
    0x08000734   0x08000734   0x00000058   Code   RO         3823    i.DMA_Init          stm32f4xx_dma.o
    0x0800078c   0x0800078c   0x00000002   Code   RO          207    i.DebugMon_Handler  stm32f4xx_it.o
    0x0800078e   0x0800078e   0x00000002   PAD
    0x08000790   0x08000790   0x00000194   Code   RO         1021    i.FindSCR           bsp_sdio_sdcard.o
    0x08000924   0x08000924   0x00000018   Code   RO         1995    i.FuncTest          usmart_config.o
    0x0800093c   0x0800093c   0x00000090   Code   RO         2268    i.GPIO_Init         stm32f4xx_gpio.o
    0x080009cc   0x080009cc   0x00000046   Code   RO         2269    i.GPIO_PinAFConfig  stm32f4xx_gpio.o
    0x08000a12   0x08000a12   0x00000004   Code   RO         2276    i.GPIO_SetBits      stm32f4xx_gpio.o
    0x08000a16   0x08000a16   0x00000002   PAD
    0x08000a18   0x08000a18   0x000000b4   Code   RO         4134    i.HardFaultHandler  segger_hardfaulthandler.o
    0x08000acc   0x08000acc   0x000000a0   Code   RO         1022    i.IsCardProgramming  bsp_sdio_sdcard.o
    0x08000b6c   0x08000b6c   0x00000004   Code   RO          208    i.MemManage_Handler  stm32f4xx_it.o
    0x08000b70   0x08000b70   0x00000002   Code   RO          209    i.NMI_Handler       stm32f4xx_it.o
    0x08000b72   0x08000b72   0x00000002   PAD
    0x08000b74   0x08000b74   0x00000078   Code   RO         2223    i.NVIC_Init         misc.o
    0x08000bec   0x08000bec   0x00000014   Code   RO         2224    i.NVIC_PriorityGroupConfig  misc.o
    0x08000c00   0x08000c00   0x00000002   Code   RO          210    i.PendSV_Handler    stm32f4xx_it.o
    0x08000c02   0x08000c02   0x00000002   PAD
    0x08000c04   0x08000c04   0x00000020   Code   RO         2365    i.RCC_AHB1PeriphClockCmd  stm32f4xx_rcc.o
    0x08000c24   0x08000c24   0x00000020   Code   RO         2374    i.RCC_APB1PeriphClockCmd  stm32f4xx_rcc.o
    0x08000c44   0x08000c44   0x00000020   Code   RO         2377    i.RCC_APB2PeriphClockCmd  stm32f4xx_rcc.o
    0x08000c64   0x08000c64   0x00000020   Code   RO         2379    i.RCC_APB2PeriphResetCmd  stm32f4xx_rcc.o
    0x08000c84   0x08000c84   0x000000e8   Code   RO         2386    i.RCC_GetClocksFreq  stm32f4xx_rcc.o
    0x08000d6c   0x08000d6c   0x000000ac   Code   RO         1023    i.SDEnWideBus       bsp_sdio_sdcard.o
    0x08000e18   0x08000e18   0x0000000c   Code   RO         3938    i.SDIO_ClearFlag    stm32f4xx_sdio.o
    0x08000e24   0x08000e24   0x00000014   Code   RO         1024    i.SDIO_Clock_Set    bsp_sdio_sdcard.o
    0x08000e38   0x08000e38   0x00000034   Code   RO         3944    i.SDIO_DataConfig   stm32f4xx_sdio.o
    0x08000e6c   0x08000e6c   0x00000018   Code   RO         3950    i.SDIO_GetFlagStatus  stm32f4xx_sdio.o
    0x08000e84   0x08000e84   0x00000010   Code   RO         3952    i.SDIO_GetPowerState  stm32f4xx_sdio.o
    0x08000e94   0x08000e94   0x00000008   Code   RO         1025    i.SDIO_IRQHandler   bsp_sdio_sdcard.o
    0x08000e9c   0x08000e9c   0x00000030   Code   RO         3955    i.SDIO_Init         stm32f4xx_sdio.o
    0x08000ecc   0x08000ecc   0x00000038   Code   RO         1026    i.SDIO_Register_Deinit  bsp_sdio_sdcard.o
    0x08000f04   0x08000f04   0x0000002c   Code   RO         3958    i.SDIO_SendCommand  stm32f4xx_sdio.o
    0x08000f30   0x08000f30   0x0000000c   Code   RO         3960    i.SDIO_SetPowerState  stm32f4xx_sdio.o
    0x08000f3c   0x08000f3c   0x00000080   Code   RO         1027    i.SD_DMA_Config     bsp_sdio_sdcard.o
    0x08000fbc   0x08000fbc   0x00000068   Code   RO         1028    i.SD_EnableWideBusOperation  bsp_sdio_sdcard.o
    0x08001024   0x08001024   0x00000314   Code   RO         1029    i.SD_GetCardInfo    bsp_sdio_sdcard.o
    0x08001338   0x08001338   0x00000134   Code   RO         1031    i.SD_Init           bsp_sdio_sdcard.o
    0x0800146c   0x0800146c   0x00000164   Code   RO         1032    i.SD_InitializeCards  bsp_sdio_sdcard.o
    0x080015d0   0x080015d0   0x000001e4   Code   RO         1034    i.SD_PowerON        bsp_sdio_sdcard.o
    0x080017b4   0x080017b4   0x00000154   Code   RO         1035    i.SD_ProcessIRQSrc  bsp_sdio_sdcard.o
    0x08001908   0x08001908   0x00000268   Code   RO         1036    i.SD_ReadBlock      bsp_sdio_sdcard.o
    0x08001b70   0x08001b70   0x00000098   Code   RO         1037    i.SD_ReadDisk       bsp_sdio_sdcard.o
    0x08001c08   0x08001c08   0x000002f4   Code   RO         1038    i.SD_ReadMultiBlocks  bsp_sdio_sdcard.o
    0x08001efc   0x08001efc   0x00000030   Code   RO         1039    i.SD_SelectDeselect  bsp_sdio_sdcard.o
    0x08001f2c   0x08001f2c   0x00000018   Code   RO         1041    i.SD_SetDeviceMode  bsp_sdio_sdcard.o
    0x08001f44   0x08001f44   0x00000388   Code   RO         1042    i.SD_WriteBlock     bsp_sdio_sdcard.o
    0x080022cc   0x080022cc   0x00000098   Code   RO         1043    i.SD_WriteDisk      bsp_sdio_sdcard.o
    0x08002364   0x08002364   0x000003d0   Code   RO         1044    i.SD_WriteMultiBlocks  bsp_sdio_sdcard.o
    0x08002734   0x08002734   0x00000002   Code   RO          211    i.SVC_Handler       stm32f4xx_it.o
    0x08002736   0x08002736   0x00000002   PAD
    0x08002738   0x08002738   0x000000ec   Code   RO          271    i.SetSysClock       system_stm32f4xx.o
    0x08002824   0x08002824   0x00000028   Code   RO         2227    i.SysTick_CLKSourceConfig  misc.o
    0x0800284c   0x0800284c   0x00000002   Code   RO          212    i.SysTick_Handler   stm32f4xx_it.o
    0x0800284e   0x0800284e   0x00000002   PAD
    0x08002850   0x08002850   0x00000068   Code   RO          273    i.SystemInit        system_stm32f4xx.o
    0x080028b8   0x080028b8   0x000000c0   Code   RO          731    i.TIM3_IRQHandler   bsp_timer.o
    0x08002978   0x08002978   0x0000005c   Code   RO          732    i.TIM3_Int_Init     bsp_timer.o
    0x080029d4   0x080029d4   0x00000038   Code   RO         1911    i.TIM4_IRQHandler   usmart.o
    0x08002a0c   0x08002a0c   0x00000006   Code   RO         3195    i.TIM_ClearFlag     stm32f4xx_tim.o
    0x08002a12   0x08002a12   0x00000006   Code   RO         3196    i.TIM_ClearITPendingBit  stm32f4xx_tim.o
    0x08002a18   0x08002a18   0x00000018   Code   RO         3201    i.TIM_Cmd           stm32f4xx_tim.o
    0x08002a30   0x08002a30   0x00000006   Code   RO         3220    i.TIM_GetCounter    stm32f4xx_tim.o
    0x08002a36   0x08002a36   0x00000012   Code   RO         3221    i.TIM_GetFlagStatus  stm32f4xx_tim.o
    0x08002a48   0x08002a48   0x00000022   Code   RO         3222    i.TIM_GetITStatus   stm32f4xx_tim.o
    0x08002a6a   0x08002a6a   0x00000012   Code   RO         3226    i.TIM_ITConfig      stm32f4xx_tim.o
    0x08002a7c   0x08002a7c   0x00000004   Code   RO         3261    i.TIM_SetAutoreload  stm32f4xx_tim.o
    0x08002a80   0x08002a80   0x00000004   Code   RO         3267    i.TIM_SetCounter    stm32f4xx_tim.o
    0x08002a84   0x08002a84   0x00000084   Code   RO         3273    i.TIM_TimeBaseInit  stm32f4xx_tim.o
    0x08002b08   0x08002b08   0x0000005c   Code   RO         1912    i.Timer4_Init       usmart.o
    0x08002b64   0x08002b64   0x00000088   Code   RO         2167    i.USART1_IRQHandler  usart.o
    0x08002bec   0x08002bec   0x00000018   Code   RO         2759    i.USART_Cmd         stm32f4xx_usart.o
    0x08002c04   0x08002c04   0x00000054   Code   RO         2763    i.USART_GetITStatus  stm32f4xx_usart.o
    0x08002c58   0x08002c58   0x0000004a   Code   RO         2765    i.USART_ITConfig    stm32f4xx_usart.o
    0x08002ca2   0x08002ca2   0x00000002   PAD
    0x08002ca4   0x08002ca4   0x000000d4   Code   RO         2766    i.USART_Init        stm32f4xx_usart.o
    0x08002d78   0x08002d78   0x0000000a   Code   RO         2773    i.USART_ReceiveData  stm32f4xx_usart.o
    0x08002d82   0x08002d82   0x00000004   Code   RO          213    i.UsageFault_Handler  stm32f4xx_it.o
    0x08002d86   0x08002d86   0x00000002   PAD
    0x08002d88   0x08002d88   0x00000020   Code   RO         4571    i.__0printf$8       mc_w.l(printf8.o)
    0x08002da8   0x08002da8   0x00000028   Code   RO         4573    i.__0sprintf$8      mc_w.l(printf8.o)
    0x08002dd0   0x08002dd0   0x0000000e   Code   RO         4710    i.__scatterload_copy  mc_w.l(handlers.o)
    0x08002dde   0x08002dde   0x00000002   Code   RO         4711    i.__scatterload_null  mc_w.l(handlers.o)
    0x08002de0   0x08002de0   0x0000000e   Code   RO         4712    i.__scatterload_zeroinit  mc_w.l(handlers.o)
    0x08002dee   0x08002dee   0x00000002   PAD
    0x08002df0   0x08002df0   0x00000410   Code   RO         4578    i._printf_core      mc_w.l(printf8.o)
    0x08003200   0x08003200   0x00000024   Code   RO         4579    i._printf_post_padding  mc_w.l(printf8.o)
    0x08003224   0x08003224   0x0000002e   Code   RO         4580    i._printf_pre_padding  mc_w.l(printf8.o)
    0x08003252   0x08003252   0x0000000a   Code   RO         4582    i._sputc            mc_w.l(printf8.o)
    0x0800325c   0x0800325c   0x00000036   Code   RO          308    i.bspInit           bsp.o
    0x08003292   0x08003292   0x00000002   PAD
    0x08003294   0x08003294   0x00000024   Code   RO          532    i.bspLedFlash       bsp_led.o
    0x080032b8   0x080032b8   0x00000034   Code   RO          533    i.bspLedInit        bsp_led.o
    0x080032ec   0x080032ec   0x0000003c   Code   RO          967    i.bsp_pcf8974x_io_init  bsp_pcf8574.o
    0x08003328   0x08003328   0x00000080   Code   RO         1280    i.check_fs          ff.o
    0x080033a8   0x080033a8   0x00000014   Code   RO         1281    i.chk_chr           ff.o
    0x080033bc   0x080033bc   0x0000001a   Code   RO         1282    i.clst2sect         ff.o
    0x080033d6   0x080033d6   0x00000002   PAD
    0x080033d8   0x080033d8   0x00000098   Code   RO         1283    i.cmp_lfn           ff.o
    0x08003470   0x08003470   0x00000012   Code   RO         1045    i.convert_from_bytes_to_power_of_two  bsp_sdio_sdcard.o
    0x08003482   0x08003482   0x00000120   Code   RO         1284    i.create_chain      ff.o
    0x080035a2   0x080035a2   0x00000002   PAD
    0x080035a4   0x080035a4   0x00000254   Code   RO         1285    i.create_name       ff.o
    0x080037f8   0x080037f8   0x0000015c   Code   RO         1286    i.create_partition  ff.o
    0x08003954   0x08003954   0x00000034   Code   RO         1287    i.dbc_1st           ff.o
    0x08003988   0x08003988   0x00000048   Code   RO         1288    i.dbc_2nd           ff.o
    0x080039d0   0x080039d0   0x0000003c   Code   RO         2109    i.delay_init        delay.o
    0x08003a0c   0x08003a0c   0x00000038   Code   RO         2110    i.delay_ms          delay.o
    0x08003a44   0x08003a44   0x0000004c   Code   RO         2111    i.delay_us          delay.o
    0x08003a90   0x08003a90   0x0000004c   Code   RO         2112    i.delay_xms         delay.o
    0x08003adc   0x08003adc   0x00000060   Code   RO         1289    i.dir_alloc         ff.o
    0x08003b3c   0x08003b3c   0x000000c6   Code   RO         1290    i.dir_clear         ff.o
    0x08003c02   0x08003c02   0x000000fc   Code   RO         1291    i.dir_find          ff.o
    0x08003cfe   0x08003cfe   0x000000ca   Code   RO         1292    i.dir_next          ff.o
    0x08003dc8   0x08003dc8   0x000000d2   Code   RO         1293    i.dir_read          ff.o
    0x08003e9a   0x08003e9a   0x00000142   Code   RO         1294    i.dir_register      ff.o
    0x08003fdc   0x08003fdc   0x00000060   Code   RO         1295    i.dir_remove        ff.o
    0x0800403c   0x0800403c   0x0000009a   Code   RO         1296    i.dir_sdi           ff.o
    0x080040d6   0x080040d6   0x00000028   Code   RO         1222    i.disk_initialize   diskio.o
    0x080040fe   0x080040fe   0x00000002   PAD
    0x08004100   0x08004100   0x00000070   Code   RO         1223    i.disk_ioctl        diskio.o
    0x08004170   0x08004170   0x00000062   Code   RO         1224    i.disk_read         diskio.o
    0x080041d2   0x080041d2   0x00000006   Code   RO         1225    i.disk_status       diskio.o
    0x080041d8   0x080041d8   0x00000062   Code   RO         1226    i.disk_write        diskio.o
    0x0800423a   0x0800423a   0x00000002   PAD
    0x0800423c   0x0800423c   0x0000007c   Code   RO         1713    i.exfuns_init       exfuns.o
    0x080042b8   0x080042b8   0x00000022   Code   RO         1297    i.f_close           ff.o
    0x080042da   0x080042da   0x00000018   Code   RO         1298    i.f_closedir        ff.o
    0x080042f2   0x080042f2   0x000000f6   Code   RO         1299    i.f_getfree         ff.o
    0x080043e8   0x080043e8   0x000000bc   Code   RO         1300    i.f_getlabel        ff.o
    0x080044a4   0x080044a4   0x00000050   Code   RO         1301    i.f_gets            ff.o
    0x080044f4   0x080044f4   0x00000184   Code   RO         1302    i.f_lseek           ff.o
    0x08004678   0x08004678   0x00000124   Code   RO         1303    i.f_mkdir           ff.o
    0x0800479c   0x0800479c   0x00000754   Code   RO         1304    i.f_mkfs            ff.o
    0x08004ef0   0x08004ef0   0x00000054   Code   RO         1305    i.f_mount           ff.o
    0x08004f44   0x08004f44   0x00000208   Code   RO         1306    i.f_open            ff.o
    0x0800514c   0x0800514c   0x0000008a   Code   RO         1307    i.f_opendir         ff.o
    0x080051d6   0x080051d6   0x00000022   Code   RO         1309    i.f_putc            ff.o
    0x080051f8   0x080051f8   0x0000002c   Code   RO         1310    i.f_puts            ff.o
    0x08005224   0x08005224   0x0000019c   Code   RO         1311    i.f_read            ff.o
    0x080053c0   0x080053c0   0x00000068   Code   RO         1312    i.f_readdir         ff.o
    0x08005428   0x08005428   0x0000013c   Code   RO         1313    i.f_rename          ff.o
    0x08005564   0x08005564   0x00000134   Code   RO         1314    i.f_setlabel        ff.o
    0x08005698   0x08005698   0x000000a0   Code   RO         1316    i.f_sync            ff.o
    0x08005738   0x08005738   0x000000c4   Code   RO         1318    i.f_unlink          ff.o
    0x080057fc   0x080057fc   0x000001de   Code   RO         1319    i.f_write           ff.o
    0x080059da   0x080059da   0x0000000c   Code   RO         1665    i.ff_memalloc       ffsystem.o
    0x080059e6   0x080059e6   0x0000000c   Code   RO         1666    i.ff_memfree        ffsystem.o
    0x080059f2   0x080059f2   0x00000002   PAD
    0x080059f4   0x080059f4   0x00000068   Code   RO         1683    i.ff_oem2uni        ffunicode.o
    0x08005a5c   0x08005a5c   0x00000074   Code   RO         1684    i.ff_uni2oem        ffunicode.o
    0x08005ad0   0x08005ad0   0x000000b0   Code   RO         1685    i.ff_wtoupper       ffunicode.o
    0x08005b80   0x08005b80   0x00000078   Code   RO         1320    i.find_volume       ff.o
    0x08005bf8   0x08005bf8   0x0000009e   Code   RO         1321    i.follow_path       ff.o
    0x08005c96   0x08005c96   0x00000002   PAD
    0x08005c98   0x08005c98   0x0000001c   Code   RO         2169    i.fputc             usart.o
    0x08005cb4   0x08005cb4   0x00000050   Code   RO         4625    i.free              mc_w.l(malloc.o)
    0x08005d04   0x08005d04   0x000000cc   Code   RO         1322    i.gen_numname       ff.o
    0x08005dd0   0x08005dd0   0x000000e0   Code   RO         1323    i.get_fat           ff.o
    0x08005eb0   0x08005eb0   0x00000004   Code   RO         1227    i.get_fattime       diskio.o
    0x08005eb4   0x08005eb4   0x00000178   Code   RO         1324    i.get_fileinfo      ff.o
    0x0800602c   0x0800602c   0x0000004e   Code   RO         1325    i.get_ldnumber      ff.o
    0x0800607a   0x0800607a   0x00000026   Code   RO         1326    i.ld_clust          ff.o
    0x080060a0   0x080060a0   0x00000018   Code   RO         1327    i.ld_dword          ff.o
    0x080060b8   0x080060b8   0x0000000c   Code   RO         1328    i.ld_word           ff.o
    0x080060c4   0x080060c4   0x000000b0   Code   RO            3    i.main              main.o
    0x08006174   0x08006174   0x0000006c   Code   RO         4626    i.malloc            mc_w.l(malloc.o)
    0x080061e0   0x080061e0   0x00000024   Code   RO         1329    i.mem_cmp           ff.o
    0x08006204   0x08006204   0x0000001a   Code   RO         1330    i.mem_cpy           ff.o
    0x0800621e   0x0800621e   0x00000012   Code   RO         1331    i.mem_set           ff.o
    0x08006230   0x08006230   0x00000014   Code   RO         1764    i.mf_close          fattester.o
    0x08006244   0x08006244   0x00000010   Code   RO         1765    i.mf_closedir       fattester.o
    0x08006254   0x08006254   0x00000014   Code   RO         1766    i.mf_fmkfs          fattester.o
    0x08006268   0x08006268   0x00000084   Code   RO         1767    i.mf_getlabel       fattester.o
    0x080062ec   0x080062ec   0x0000004c   Code   RO         1768    i.mf_gets           fattester.o
    0x08006338   0x08006338   0x00000014   Code   RO         1769    i.mf_lseek          fattester.o
    0x0800634c   0x0800634c   0x0000000c   Code   RO         1770    i.mf_mkdir          fattester.o
    0x08006358   0x08006358   0x00000018   Code   RO         1771    i.mf_mount          fattester.o
    0x08006370   0x08006370   0x0000001c   Code   RO         1772    i.mf_open           fattester.o
    0x0800638c   0x0800638c   0x00000014   Code   RO         1773    i.mf_opendir        fattester.o
    0x080063a0   0x080063a0   0x00000018   Code   RO         1774    i.mf_putc           fattester.o
    0x080063b8   0x080063b8   0x00000018   Code   RO         1775    i.mf_puts           fattester.o
    0x080063d0   0x080063d0   0x00000158   Code   RO         1776    i.mf_read           fattester.o
    0x08006528   0x08006528   0x000000c8   Code   RO         1777    i.mf_readdir        fattester.o
    0x080065f0   0x080065f0   0x00000010   Code   RO         1778    i.mf_rename         fattester.o
    0x08006600   0x08006600   0x0000005c   Code   RO         1779    i.mf_setlabel       fattester.o
    0x0800665c   0x0800665c   0x000000a8   Code   RO         1780    i.mf_showfree       fattester.o
    0x08006704   0x08006704   0x0000000c   Code   RO         1781    i.mf_size           fattester.o
    0x08006710   0x08006710   0x0000000c   Code   RO         1782    i.mf_tell           fattester.o
    0x0800671c   0x0800671c   0x0000000c   Code   RO         1783    i.mf_unlink         fattester.o
    0x08006728   0x08006728   0x000000b8   Code   RO         1784    i.mf_write          fattester.o
    0x080067e0   0x080067e0   0x000002a8   Code   RO         1332    i.mount_volume      ff.o
    0x08006a88   0x08006a88   0x00000034   Code   RO         1333    i.move_window       ff.o
    0x08006abc   0x08006abc   0x0000008c   Code   RO         1334    i.pick_lfn          ff.o
    0x08006b48   0x08006b48   0x00000138   Code   RO         1335    i.put_fat           ff.o
    0x08006c80   0x08006c80   0x00000080   Code   RO         1336    i.put_lfn           ff.o
    0x08006d00   0x08006d00   0x00000042   Code   RO         1337    i.put_utf           ff.o
    0x08006d42   0x08006d42   0x00000044   Code   RO         1338    i.putc_bfd          ff.o
    0x08006d86   0x08006d86   0x0000002c   Code   RO         1339    i.putc_flush        ff.o
    0x08006db2   0x08006db2   0x00000014   Code   RO         1340    i.putc_init         ff.o
    0x08006dc6   0x08006dc6   0x00000006   Code   RO         1913    i.read_addr         usmart.o
    0x08006dcc   0x08006dcc   0x0000009a   Code   RO         1341    i.remove_chain      ff.o
    0x08006e66   0x08006e66   0x00000002   PAD
    0x08006e68   0x08006e68   0x00000090   Code   RO         1785    i.scan_files        fattester.o
    0x08006ef8   0x08006ef8   0x00000024   Code   RO         1342    i.st_clust          ff.o
    0x08006f1c   0x08006f1c   0x00000018   Code   RO         1343    i.st_dword          ff.o
    0x08006f34   0x08006f34   0x0000000c   Code   RO         1344    i.st_word           ff.o
    0x08006f40   0x08006f40   0x00000020   Code   RO         1345    i.sum_sfn           ff.o
    0x08006f60   0x08006f60   0x00000090   Code   RO         1346    i.sync_fs           ff.o
    0x08006ff0   0x08006ff0   0x0000004a   Code   RO         1347    i.sync_window       ff.o
    0x0800703a   0x0800703a   0x0000004c   Code   RO         1348    i.tchar2uni         ff.o
    0x08007086   0x08007086   0x00000002   PAD
    0x08007088   0x08007088   0x000000b0   Code   RO         2170    i.uart_init         usart.o
    0x08007138   0x08007138   0x000000b0   Code   RO         1914    i.usmart_cmd_rec    usmart.o
    0x080071e8   0x080071e8   0x000002d4   Code   RO         1915    i.usmart_exe        usmart.o
    0x080074bc   0x080074bc   0x000000c8   Code   RO         2029    i.usmart_get_aparm  usmart_str.o
    0x08007584   0x08007584   0x00000036   Code   RO         2030    i.usmart_get_cmdname  usmart_str.o
    0x080075ba   0x080075ba   0x00000002   PAD
    0x080075bc   0x080075bc   0x000001c0   Code   RO         2031    i.usmart_get_fname  usmart_str.o
    0x0800777c   0x0800777c   0x0000010c   Code   RO         2032    i.usmart_get_fparam  usmart_str.o
    0x08007888   0x08007888   0x00000020   Code   RO         2033    i.usmart_get_parmpos  usmart_str.o
    0x080078a8   0x080078a8   0x00000044   Code   RO         1916    i.usmart_get_runtime  usmart.o
    0x080078ec   0x080078ec   0x00000028   Code   RO         1917    i.usmart_init       usmart.o
    0x08007914   0x08007914   0x00000016   Code   RO         2034    i.usmart_pow        usmart_str.o
    0x0800792a   0x0800792a   0x00000002   PAD
    0x0800792c   0x0800792c   0x00000030   Code   RO         1918    i.usmart_reset_runtime  usmart.o
    0x0800795c   0x0800795c   0x000000bc   Code   RO         1919    i.usmart_scan       usmart.o
    0x08007a18   0x08007a18   0x00000016   Code   RO         2035    i.usmart_search_nextc  usmart_str.o
    0x08007a2e   0x08007a2e   0x000000ca   Code   RO         2036    i.usmart_str2num    usmart_str.o
    0x08007af8   0x08007af8   0x00000022   Code   RO         2037    i.usmart_strcmp     usmart_str.o
    0x08007b1a   0x08007b1a   0x00000016   Code   RO         2038    i.usmart_strcopy    usmart_str.o
    0x08007b30   0x08007b30   0x00000018   Code   RO         2039    i.usmart_strlen     usmart_str.o
    0x08007b48   0x08007b48   0x000006e4   Code   RO         1920    i.usmart_sys_cmd_exe  usmart.o
    0x0800822c   0x0800822c   0x0000003c   Code   RO         1349    i.validate          ff.o
    0x08008268   0x08008268   0x00000004   Code   RO         1921    i.write_addr        usmart.o
    0x0800826c   0x0800826c   0x00000058   Data   RO         1350    .constdata          ff.o
    0x080082c4   0x080082c4   0x0002abb6   Data   RO         1686    .constdata          ffunicode.o
    0x08032e7a   0x08032e7a   0x00000002   PAD
    0x08032e7c   0x08032e7c   0x00000018   Data   RO         4176    .constdata          eventrecorder.o
    0x08032e94   0x08032e94   0x00000028   Data   RO         1922    .conststring        usmart.o
    0x08032ebc   0x08032ebc   0x000002b9   Data   RO         1996    .conststring        usmart_config.o
    0x08033175   0x08033175   0x00000003   PAD
    0x08033178   0x08033178   0x00000020   Data   RO         4708    Region$$Table       anon$$obj.o


    Execution Region RW_IRAM1 (Exec base: 0x20000000, Load base: 0x08033198, Size: 0x00010028, Max: 0x00020000, ABSOLUTE, COMPRESSED[0x000000f0])

    Exec Addr    Load Addr    Size         Type   Attr      Idx    E Section Name        Object

    0x20000000   COMPRESSED   0x00000001   Data   RW            6    .data               main.o
    0x20000001   COMPRESSED   0x00000001   Data   RW          534    .data               bsp_led.o
    0x20000002   COMPRESSED   0x00000008   Data   RW          733    .data               bsp_timer.o
    0x2000000a   COMPRESSED   0x00000002   PAD
    0x2000000c   COMPRESSED   0x00000010   Data   RW         1047    .data               bsp_sdio_sdcard.o
    0x2000001c   COMPRESSED   0x00000006   Data   RW         1351    .data               ff.o
    0x20000022   COMPRESSED   0x00000002   PAD
    0x20000024   COMPRESSED   0x00000018   Data   RW         1718    .data               exfuns.o
    0x2000003c   COMPRESSED   0x0000001c   Data   RW         1923    .data               usmart.o
    0x20000058   COMPRESSED   0x000001cc   Data   RW         1997    .data               usmart_config.o
    0x20000224   COMPRESSED   0x00000004   Data   RW         2113    .data               delay.o
    0x20000228   COMPRESSED   0x00000006   Data   RW         2172    .data               usart.o
    0x2000022e   COMPRESSED   0x00000010   Data   RW         2418    .data               stm32f4xx_rcc.o
    0x2000023e   COMPRESSED   0x00000002   PAD
    0x20000240   COMPRESSED   0x00000004   Data   RW         4136    .data               segger_hardfaulthandler.o
    0x20000244   COMPRESSED   0x00000004   Data   RW         4697    .data               mc_w.l(mvars.o)
    0x20000248   COMPRESSED   0x00000004   Data   RW         4698    .data               mc_w.l(mvars.o)
    0x2000024c   COMPRESSED   0x00000004   PAD
    0x20000250        -       0x000002c0   Zero   RW         1046    .bss                bsp_sdio_sdcard.o
    0x20000510        -       0x00000030   Zero   RW         1715    .bss                exfuns.o
    0x20000540        -       0x00000118   Zero   RW         1786    .bss                fattester.o
    0x20000658        -       0x000000c8   Zero   RW         2171    .bss                usart.o
    0x20000720        -       0x00000040   Zero   RW         4135    .bss                segger_hardfaulthandler.o
    0x20000760   COMPRESSED   0x00000020   PAD
    0x20000780        -       0x000004a4   Zero   RW         4175    .bss.noinit         eventrecorder.o
    0x20000c24   COMPRESSED   0x00000004   PAD
    0x20000c28        -       0x0000f000   Zero   RW         2215    HEAP                startup_stm32f40_41xxx.o
    0x2000fc28        -       0x00000400   Zero   RW         2214    STACK               startup_stm32f40_41xxx.o


==============================================================================

Image component sizes


      Code (inc. data)   RO Data    RW Data    ZI Data      Debug   Object Name

        54          0          0          0          0        482   bsp.o
         0          0          0          0          0     229168   bsp_dhtxx.o
        88         14          0          1          0       1015   bsp_led.o
        60          4          0          0          0        567   bsp_pcf8574.o
      7486        402          0         16        704      34489   bsp_sdio_sdcard.o
       284         28          0          8          0       1673   bsp_timer.o
       268         16          0          4          0       2535   delay.o
       358          6          0          0          0       7776   diskio.o
         0          0         24          0       1188       3932   eventrecorder.o
       124         18          0         24         48       1513   exfuns.o
      1600        664          0          0        280      13691   fattester.o
     12570        190         88          6          0      72606   ff.o
        24          0          0          0          0       1119   ffsystem.o
       396         28     175030          0          0       3024   ffunicode.o
        18          0          0          0          0        304   hardfaulthandler.o
       176         38          0          1          0      77736   main.o
       180         24          0          0          0       2081   misc.o
       180         14          0          4         64       3351   segger_hardfaulthandler.o
        36          8        392          0      62464        840   startup_stm32f40_41xxx.o
       496         26          0          0          0       4288   stm32f4xx_dma.o
       218          0          0          0          0       2330   stm32f4xx_gpio.o
        22          0          0          0          0       3634   stm32f4xx_it.o
       360         42          0         16          0       5224   stm32f4xx_rcc.o
       208         38          0          0          0       5689   stm32f4xx_sdio.o
       252         28          0          0          0       6552   stm32f4xx_tim.o
       404          8          0          0          0       4278   stm32f4xx_usart.o
        16          0          0          0          0        504   sys.o
       340         32          0          0          0       1485   system_stm32f4xx.o
       340         30          0          6        200       3780   usart.o
      3166       1332         40         28          0       8010   usmart.o
        24          8        697        460          0       2195   usmart_config.o
      1328         20          0          0          0       8913   usmart_str.o

    ----------------------------------------------------------------------
     31120       3018     176308        580      64984     514784   Object Totals
         0          0         32          0          0          0   (incl. Generated)
        44          0          5          6         36          0   (incl. Padding)

    ----------------------------------------------------------------------

      Code (inc. data)   RO Data    RW Data    ZI Data      Debug   Library Member Name

        86          0          0          0          0          0   __dczerorl2.o
         0          0          0          0          0          0   entry.o
         0          0          0          0          0          0   entry10a.o
         0          0          0          0          0          0   entry11a.o
         8          4          0          0          0          0   entry2.o
         4          0          0          0          0          0   entry5.o
         0          0          0          0          0          0   entry7b.o
         0          0          0          0          0          0   entry8b.o
         8          4          0          0          0          0   entry9a.o
        30          0          0          0          0          0   handlers.o
        36          8          0          0          0         68   init.o
        98          0          0          0          0         84   ldiv.o
        30          0          0          0          0         68   llshl.o
        32          0          0          0          0         68   llushr.o
       188         20          0          0          0        160   malloc.o
        36          0          0          0          0         68   memcpya.o
         0          0          0          8          0          0   mvars.o
      1204         60          0          0          0        504   printf8.o
        14          0          0          0          0         68   strlen.o
        98          0          0          0          0         92   uldiv.o

    ----------------------------------------------------------------------
      1876         96          0          8          4       1180   Library Totals
         4          0          0          0          4          0   (incl. Padding)

    ----------------------------------------------------------------------

      Code (inc. data)   RO Data    RW Data    ZI Data      Debug   Library Name

      1872         96          0          8          0       1180   mc_w.l

    ----------------------------------------------------------------------
      1876         96          0          8          4       1180   Library Totals

    ----------------------------------------------------------------------

==============================================================================


      Code (inc. data)   RO Data    RW Data    ZI Data      Debug   

     32996       3114     176308        588      64988     494676   Grand Totals
     32996       3114     176308        240      64988     494676   ELF Image Totals (compressed)
     32996       3114     176308        240          0          0   ROM Totals

==============================================================================

    Total RO  Size (Code + RO Data)               209304 ( 204.40kB)
    Total RW  Size (RW Data + ZI Data)             65576 (  64.04kB)
    Total ROM Size (Code + RO Data + RW Data)     209544 ( 204.63kB)

==============================================================================

