Component: ARM Compiler 5.06 update 6 (build 750) Tool: armlink [4d35ed]

==============================================================================

Section Cross References

    main.o(i.main) refers to bsp.o(i.bspInit) for bspInit
    main.o(i.main) refers to tasks.o(i.xTaskCreate) for xTaskCreate
    main.o(i.main) refers to tasks.o(i.vTaskStartScheduler) for vTaskStartScheduler
    main.o(i.main) refers to main.o(.data) for xHandleTaskInit
    main.o(i.main) refers to main.o(i.vTaskTaskInit) for vTaskTaskInit
    main.o(i.vTaskAudioPlay) refers to queue.o(i.xQueueReceive) for xQueueReceive
    main.o(i.vTaskAudioPlay) refers to main.o(.data) for AudioNoQueueHandle
    main.o(i.vTaskKeyGet) refers to queue.o(i.xQueueSemaphoreTake) for xQueueSemaphoreTake
    main.o(i.vTaskKeyGet) refers to tasks.o(i.vTaskDelay) for vTaskDelay
    main.o(i.vTaskKeyGet) refers to queue.o(i.xQueueGenericSend) for xQueueGenericSend
    main.o(i.vTaskKeyGet) refers to main.o(.data) for xKeySemaphoreHandle
    main.o(i.vTaskLED) refers to bsp_led.o(i.bspLedToggle) for bspLedToggle
    main.o(i.vTaskLED) refers to tasks.o(i.vTaskDelay) for vTaskDelay
    main.o(i.vTaskSpeechRec) refers to queue.o(i.xQueueSemaphoreTake) for xQueueSemaphoreTake
    main.o(i.vTaskSpeechRec) refers to speech_rec.o(i.Speech_Handle) for Speech_Handle
    main.o(i.vTaskSpeechRec) refers to main.o(.data) for xSpeechRecSemaphoreHandle
    main.o(i.vTaskTaskInit) refers to port.o(i.vPortEnterCritical) for vPortEnterCritical
    main.o(i.vTaskTaskInit) refers to fattester.o(i.mf_mount) for mf_mount
    main.o(i.vTaskTaskInit) refers to queue.o(i.xQueueGenericCreate) for xQueueGenericCreate
    main.o(i.vTaskTaskInit) refers to queue.o(i.xQueueCreateMutex) for xQueueCreateMutex
    main.o(i.vTaskTaskInit) refers to tasks.o(i.xTaskCreate) for xTaskCreate
    main.o(i.vTaskTaskInit) refers to tasks.o(i.vTaskDelete) for vTaskDelete
    main.o(i.vTaskTaskInit) refers to port.o(i.vPortExitCritical) for vPortExitCritical
    main.o(i.vTaskTaskInit) refers to main.o(.data) for xKeySemaphoreHandle
    main.o(i.vTaskTaskInit) refers to main.o(i.vTaskLED) for vTaskLED
    main.o(i.vTaskTaskInit) refers to main.o(i.vTaskSpeechRec) for vTaskSpeechRec
    main.o(i.vTaskTaskInit) refers to main.o(i.vTaskKeyGet) for vTaskKeyGet
    main.o(i.vTaskTaskInit) refers to main.o(i.vTaskUsartParse) for vTaskUsartParse
    main.o(i.vTaskTaskInit) refers to main.o(i.vTaskAudioPlay) for vTaskAudioPlay
    main.o(i.vTaskUsartParse) refers to queue.o(i.xQueueSemaphoreTake) for xQueueSemaphoreTake
    main.o(i.vTaskUsartParse) refers to bsp_dma.o(i.read_current_finaliy_point) for read_current_finaliy_point
    main.o(i.vTaskUsartParse) refers to myapp.o(i.usart_parse) for usart_parse
    main.o(i.vTaskUsartParse) refers to main.o(.data) for xUsartParseSemaphoreHandle
    bsp.o(i.bspInit) refers to misc.o(i.NVIC_PriorityGroupConfig) for NVIC_PriorityGroupConfig
    bsp.o(i.bspInit) refers to delay.o(i.delay_init) for delay_init
    bsp.o(i.bspInit) refers to bsp_led.o(i.bspLedInit) for bspLedInit
    bsp.o(i.bspInit) refers to bsp_key.o(i.bspKeyInit) for bspKeyInit
    bsp.o(i.bspInit) refers to bsp_exti.o(i.bspExitInit) for bspExitInit
    bsp.o(i.bspInit) refers to usart.o(i.uart_init) for uart_init
    bsp.o(i.bspInit) refers to usmart.o(i.usmart_init) for usmart_init
    bsp.o(i.bspInit) refers to bsp_wm8978.o(i.WM8978_Init) for WM8978_Init
    bsp.o(i.bspInit) refers to bsp_wm8978.o(i.WM8978_HPvol_Set) for WM8978_HPvol_Set
    bsp.o(i.bspInit) refers to bsp_wm8978.o(i.WM8978_SPKvol_Set) for WM8978_SPKvol_Set
    bsp.o(i.bspInit) refers to exfuns.o(i.exfuns_init) for exfuns_init
    bsp.o(i.bspInit) refers to printf8.o(i.__0printf$8) for __2printf
    bsp.o(i.bspInit) refers to delay.o(i.delay_ms) for delay_ms
    bsp.o(i.bspInit) refers to bsp_sdio_sdcard.o(i.SD_Init) for SD_Init
    bsp.o(i.bspInit) refers to bsp_usart.o(i.bspUsartInit) for bspUsartInit
    bsp.o(i.bspInit) refers to bsp_dma.o(i.bspDmaUsartInit) for bspDmaUsartInit
    bsp_led.o(i.bspLedInit) refers to stm32f4xx_rcc.o(i.RCC_AHB1PeriphClockCmd) for RCC_AHB1PeriphClockCmd
    bsp_led.o(i.bspLedInit) refers to stm32f4xx_gpio.o(i.GPIO_Init) for GPIO_Init
    bsp_led.o(i.bspLedToggle) refers to bsp_led.o(.data) for flag
    bsp_sdio_sdcard.o(i.CmdError) refers to stm32f4xx_sdio.o(i.SDIO_GetFlagStatus) for SDIO_GetFlagStatus
    bsp_sdio_sdcard.o(i.CmdError) refers to stm32f4xx_sdio.o(i.SDIO_ClearFlag) for SDIO_ClearFlag
    bsp_sdio_sdcard.o(i.CmdResp1Error) refers to stm32f4xx_sdio.o(i.SDIO_GetFlagStatus) for SDIO_GetFlagStatus
    bsp_sdio_sdcard.o(i.CmdResp1Error) refers to stm32f4xx_sdio.o(i.SDIO_ClearFlag) for SDIO_ClearFlag
    bsp_sdio_sdcard.o(i.CmdResp2Error) refers to stm32f4xx_sdio.o(i.SDIO_ClearFlag) for SDIO_ClearFlag
    bsp_sdio_sdcard.o(i.CmdResp2Error) refers to stm32f4xx_sdio.o(i.SDIO_GetFlagStatus) for SDIO_GetFlagStatus
[...]
    CmdResp1Error                            0x08000949   Thumb Code    94  bsp_sdio_sdcard.o(i.CmdResp1Error)
    CmdResp2Error                            0x080009ad   Thumb Code    80  bsp_sdio_sdcard.o(i.CmdResp2Error)
    CmdResp3Error                            0x08000a01   Thumb Code    50  bsp_sdio_sdcard.o(i.CmdResp3Error)
    CmdResp6Error                            0x08000a39   Thumb Code   144  bsp_sdio_sdcard.o(i.CmdResp6Error)
    CmdResp7Error                            0x08000acd   Thumb Code    70  bsp_sdio_sdcard.o(i.CmdResp7Error)
    DMA1_Stream3_IRQHandler                  0x08000b19   Thumb Code    30  bsp_i2s.o(i.DMA1_Stream3_IRQHandler)
    DMA1_Stream4_IRQHandler                  0x08000b45   Thumb Code    30  bsp_i2s.o(i.DMA1_Stream4_IRQHandler)
    DMA1_Stream5_IRQHandler                  0x08000b71   Thumb Code    24  bsp_dma.o(i.DMA1_Stream5_IRQHandler)
    DMA1_Stream6_IRQHandler                  0x08000b91   Thumb Code    50  bsp_dma.o(i.DMA1_Stream6_IRQHandler)
    DMA_ClearITPendingBit                    0x08000bd1   Thumb Code    38  stm32f4xx_dma.o(i.DMA_ClearITPendingBit)
    DMA_Cmd                                  0x08000c05   Thumb Code    22  stm32f4xx_dma.o(i.DMA_Cmd)
    DMA_DeInit                               0x08000c1d   Thumb Code   324  stm32f4xx_dma.o(i.DMA_DeInit)
    DMA_DoubleBufferModeCmd                  0x08000d75   Thumb Code    22  stm32f4xx_dma.o(i.DMA_DoubleBufferModeCmd)
    DMA_DoubleBufferModeConfig               0x08000d8b   Thumb Code    24  stm32f4xx_dma.o(i.DMA_DoubleBufferModeConfig)
    DMA_FlowControllerConfig                 0x08000da3   Thumb Code    22  stm32f4xx_dma.o(i.DMA_FlowControllerConfig)
    DMA_GetCmdStatus                         0x08000db9   Thumb Code    20  stm32f4xx_dma.o(i.DMA_GetCmdStatus)
    DMA_GetITStatus                          0x08000dcd   Thumb Code    82  stm32f4xx_dma.o(i.DMA_GetITStatus)
    DMA_ITConfig                             0x08000e31   Thumb Code    58  stm32f4xx_dma.o(i.DMA_ITConfig)
    DMA_Init                                 0x08000e6d   Thumb Code    82  stm32f4xx_dma.o(i.DMA_Init)
    DMA_SetCurrDataCounter                   0x08000ec5   Thumb Code     4  stm32f4xx_dma.o(i.DMA_SetCurrDataCounter)
    DebugMon_Handler                         0x08000ec9   Thumb Code     2  stm32f4xx_it.o(i.DebugMon_Handler)
    EXTI15_10_IRQHandler                     0x08000ecd   Thumb Code    60  bsp_exti.o(i.EXTI15_10_IRQHandler)
    EXTI_ClearITPendingBit                   0x08000f11   Thumb Code     6  stm32f4xx_exti.o(i.EXTI_ClearITPendingBit)
    EXTI_GetITStatus                         0x08000f1d   Thumb Code    20  stm32f4xx_exti.o(i.EXTI_GetITStatus)
    EXTI_Init                                0x08000f35   Thumb Code   142  stm32f4xx_exti.o(i.EXTI_Init)
    FindSCR                                  0x08000fc9   Thumb Code   388  bsp_sdio_sdcard.o(i.FindSCR)
    FuncTest                                 0x0800115d   Thumb Code    16  usmart_config.o(i.FuncTest)
    GPIO_Init                                0x08001175   Thumb Code   144  stm32f4xx_gpio.o(i.GPIO_Init)
    GPIO_PinAFConfig                         0x08001205   Thumb Code    70  stm32f4xx_gpio.o(i.GPIO_PinAFConfig)
    GetDmaStatus                             0x0800124d   Thumb Code     6  bsp_dma.o(i.GetDmaStatus)
    HardFaultHandler                         0x08001259   Thumb Code   166  segger_hardfaulthandler.o(i.HardFaultHandler)
    I2S2_Init                                0x0800130d   Thumb Code    94  bsp_i2s.o(i.I2S2_Init)
    I2S2_SampleRate_Set                      0x08001371   Thumb Code   148  bsp_i2s.o(i.I2S2_SampleRate_Set)
    I2S2_TX_DMA_Init                         0x08001411   Thumb Code   164  bsp_i2s.o(i.I2S2_TX_DMA_Init)
    I2S2ext_Init                             0x080014c1   Thumb Code    72  bsp_i2s.o(i.I2S2ext_Init)
    I2S2ext_RX_DMA_Init                      0x0800150d   Thumb Code   164  bsp_i2s.o(i.I2S2ext_RX_DMA_Init)
    I2S_Cmd                                  0x080015bd   Thumb Code    24  stm32f4xx_spi.o(i.I2S_Cmd)
    I2S_FullDuplexConfig                     0x080015d5   Thumb Code    80  stm32f4xx_spi.o(i.I2S_FullDuplexConfig)
    I2S_Init                                 0x08001625   Thumb Code   396  stm32f4xx_spi.o(i.I2S_Init)
    I2S_Play_Start                           0x080017bd   Thumb Code    12  bsp_i2s.o(i.I2S_Play_Start)
    I2S_Play_Stop                            0x080017cd   Thumb Code    12  bsp_i2s.o(i.I2S_Play_Stop)
    I2S_Rec_Start                            0x080017dd   Thumb Code    12  bsp_i2s.o(i.I2S_Rec_Start)
    I2S_Rec_Stop                             0x080017ed   Thumb Code    12  bsp_i2s.o(i.I2S_Rec_Stop)
    IIC_Init                                 0x080017fd   Thumb Code    62  bsp_myiic.o(i.IIC_Init)
    IIC_Send_Byte                            0x08001849   Thumb Code    90  bsp_myiic.o(i.IIC_Send_Byte)
    IIC_Start                                0x080018b1   Thumb Code    64  bsp_myiic.o(i.IIC_Start)
    IIC_Stop                                 0x080018fd   Thumb Code    62  bsp_myiic.o(i.IIC_Stop)
    IIC_Wait_Ack                             0x08001949   Thumb Code    82  bsp_myiic.o(i.IIC_Wait_Ack)
    IsCardProgramming                        0x080019a9   Thumb Code   146  bsp_sdio_sdcard.o(i.IsCardProgramming)
    MemManage_Handler                        0x08001a49   Thumb Code     4  stm32f4xx_it.o(i.MemManage_Handler)
    NMI_Handler                              0x08001a4d   Thumb Code     2  stm32f4xx_it.o(i.NMI_Handler)
    NVIC_Init                                0x08001a51   Thumb Code   106  misc.o(i.NVIC_Init)
    NVIC_PriorityGroupConfig                 0x08001ac9   Thumb Code    10  misc.o(i.NVIC_PriorityGroupConfig)
    RCC_AHB1PeriphClockCmd                   0x08001add   Thumb Code    26  stm32f4xx_rcc.o(i.RCC_AHB1PeriphClockCmd)
    RCC_APB1PeriphClockCmd                   0x08001afd   Thumb Code    26  stm32f4xx_rcc.o(i.RCC_APB1PeriphClockCmd)
    RCC_APB1PeriphResetCmd                   0x08001b1d   Thumb Code    26  stm32f4xx_rcc.o(i.RCC_APB1PeriphResetCmd)
    RCC_APB2PeriphClockCmd                   0x08001b3d   Thumb Code    26  stm32f4xx_rcc.o(i.RCC_APB2PeriphClockCmd)
    RCC_APB2PeriphResetCmd                   0x08001b5d   Thumb Code    26  stm32f4xx_rcc.o(i.RCC_APB2PeriphResetCmd)
    RCC_GetClocksFreq                        0x08001b7d   Thumb Code   214  stm32f4xx_rcc.o(i.RCC_GetClocksFreq)
    RCC_PLLI2SCmd                            0x08001c65   Thumb Code     6  stm32f4xx_rcc.o(i.RCC_PLLI2SCmd)
    RCC_PLLI2SConfig                         0x08001c71   Thumb Code    12  stm32f4xx_rcc.o(i.RCC_PLLI2SConfig)
    SDEnWideBus                              0x08001c81   Thumb Code   158  bsp_sdio_sdcard.o(i.SDEnWideBus)
    SDIO_ClearFlag                           0x08001d2d   Thumb Code     6  stm32f4xx_sdio.o(i.SDIO_ClearFlag)
    SDIO_Clock_Set                           0x08001d39   Thumb Code    16  bsp_sdio_sdcard.o(i.SDIO_Clock_Set)
    SDIO_DataConfig                          0x08001d4d   Thumb Code    46  stm32f4xx_sdio.o(i.SDIO_DataConfig)
    SDIO_GetFlagStatus                       0x08001d81   Thumb Code    20  stm32f4xx_sdio.o(i.SDIO_GetFlagStatus)
    SDIO_GetPowerState                       0x08001d99   Thumb Code    10  stm32f4xx_sdio.o(i.SDIO_GetPowerState)
    SDIO_IRQHandler                          0x08001da9   Thumb Code     8  bsp_sdio_sdcard.o(i.SDIO_IRQHandler)
    SDIO_Init                                0x08001db1   Thumb Code    42  stm32f4xx_sdio.o(i.SDIO_Init)
    SDIO_Register_Deinit                     0x08001de1   Thumb Code    48  bsp_sdio_sdcard.o(i.SDIO_Register_Deinit)
    SDIO_SendCommand                         0x08001e19   Thumb Code    40  stm32f4xx_sdio.o(i.SDIO_SendCommand)
    SDIO_SetPowerState                       0x08001e45   Thumb Code     6  stm32f4xx_sdio.o(i.SDIO_SetPowerState)
    SD_DMA_Config                            0x08001e51   Thumb Code   118  bsp_sdio_sdcard.o(i.SD_DMA_Config)
    SD_EnableWideBusOperation                0x08001ed1   Thumb Code    94  bsp_sdio_sdcard.o(i.SD_EnableWideBusOperation)
    SD_GetCardInfo                           0x08001f39   Thumb Code   772  bsp_sdio_sdcard.o(i.SD_GetCardInfo)
    SD_Init                                  0x0800224d   Thumb Code   286  bsp_sdio_sdcard.o(i.SD_Init)
    SD_InitializeCards                       0x08002381   Thumb Code   330  bsp_sdio_sdcard.o(i.SD_InitializeCards)
    SD_PowerON                               0x080024e5   Thumb Code   460  bsp_sdio_sdcard.o(i.SD_PowerON)
    SD_ProcessIRQSrc                         0x080026c9   Thumb Code   318  bsp_sdio_sdcard.o(i.SD_ProcessIRQSrc)
    SD_ReadBlock                             0x0800281d   Thumb Code   574  bsp_sdio_sdcard.o(i.SD_ReadBlock)
    SD_ReadDisk                              0x08002a85   Thumb Code   148  bsp_sdio_sdcard.o(i.SD_ReadDisk)
    SD_ReadMultiBlocks                       0x08002b1d   Thumb Code   710  bsp_sdio_sdcard.o(i.SD_ReadMultiBlocks)
    SD_SelectDeselect                        0x08002e11   Thumb Code    42  bsp_sdio_sdcard.o(i.SD_SelectDeselect)
    SD_SetDeviceMode                         0x08002e41   Thumb Code    20  bsp_sdio_sdcard.o(i.SD_SetDeviceMode)
    SD_WriteBlock                            0x08002e59   Thumb Code   862  bsp_sdio_sdcard.o(i.SD_WriteBlock)
    SD_WriteDisk                             0x080031e1   Thumb Code   148  bsp_sdio_sdcard.o(i.SD_WriteDisk)
    SD_WriteMultiBlocks                      0x08003279   Thumb Code   934  bsp_sdio_sdcard.o(i.SD_WriteMultiBlocks)
    SPI_I2S_DMACmd                           0x08003649   Thumb Code    18  stm32f4xx_spi.o(i.SPI_I2S_DMACmd)
    SYSCFG_EXTILineConfig                    0x0800365d   Thumb Code    60  stm32f4xx_syscfg.o(i.SYSCFG_EXTILineConfig)
    SetDmaStatus                             0x0800369d   Thumb Code    42  bsp_dma.o(i.SetDmaStatus)
    SpeechRecUartPack                        0x080037bd   Thumb Code   446  speech_rec.o(i.SpeechRecUartPack)
    Speech_Handle                            0x08003c29   Thumb Code    76  speech_rec.o(i.Speech_Handle)
    SysTick_CLKSourceConfig                  0x08003c7d   Thumb Code    40  misc.o(i.SysTick_CLKSourceConfig)
    SysTick_Handler                          0x08003ca5   Thumb Code    16  delay.o(i.SysTick_Handler)
    SystemInit                               0x08003cb5   Thumb Code    88  system_stm32f4xx.o(i.SystemInit)
    TIM4_IRQHandler                          0x08003d1d   Thumb Code    46  usmart.o(i.TIM4_IRQHandler)
    TIM_ClearFlag                            0x08003d55   Thumb Code     6  stm32f4xx_tim.o(i.TIM_ClearFlag)
    TIM_ClearITPendingBit                    0x08003d5b   Thumb Code     6  stm32f4xx_tim.o(i.TIM_ClearITPendingBit)
    TIM_Cmd                                  0x08003d61   Thumb Code    24  stm32f4xx_tim.o(i.TIM_Cmd)
    TIM_GetCounter                           0x08003d79   Thumb Code     6  stm32f4xx_tim.o(i.TIM_GetCounter)
    TIM_GetFlagStatus                        0x08003d7f   Thumb Code    18  stm32f4xx_tim.o(i.TIM_GetFlagStatus)
    TIM_GetITStatus                          0x08003d91   Thumb Code    34  stm32f4xx_tim.o(i.TIM_GetITStatus)
    TIM_ITConfig                             0x08003db3   Thumb Code    18  stm32f4xx_tim.o(i.TIM_ITConfig)
    TIM_SetAutoreload                        0x08003dc5   Thumb Code     4  stm32f4xx_tim.o(i.TIM_SetAutoreload)
    TIM_SetCounter                           0x08003dc9   Thumb Code     4  stm32f4xx_tim.o(i.TIM_SetCounter)
    TIM_TimeBaseInit                         0x08003dcd   Thumb Code   104  stm32f4xx_tim.o(i.TIM_TimeBaseInit)
    Timer4_Init                              0x08003e51   Thumb Code    88  usmart.o(i.Timer4_Init)
    USART1_IRQHandler                        0x08003ead   Thumb Code   122  usart.o(i.USART1_IRQHandler)
    USART2_IRQHandler                        0x08003f35   Thumb Code    72  bsp_usart.o(i.USART2_IRQHandler)
    USART_Cmd                                0x08003f89   Thumb Code    24  stm32f4xx_usart.o(i.USART_Cmd)
    USART_DMACmd                             0x08003fa1   Thumb Code    18  stm32f4xx_usart.o(i.USART_DMACmd)
    USART_GetITStatus                        0x08003fb3   Thumb Code    84  stm32f4xx_usart.o(i.USART_GetITStatus)
    USART_ITConfig                           0x08004007   Thumb Code    74  stm32f4xx_usart.o(i.USART_ITConfig)
    USART_Init                               0x08004051   Thumb Code   204  stm32f4xx_usart.o(i.USART_Init)
    USART_ReceiveData                        0x08004125   Thumb Code    10  stm32f4xx_usart.o(i.USART_ReceiveData)
    UsageFault_Handler                       0x080041a3   Thumb Code     4  stm32f4xx_it.o(i.UsageFault_Handler)
    WM8978_ADDA_Cfg                          0x080041a7   Thumb Code    64  bsp_wm8978.o(i.WM8978_ADDA_Cfg)
    WM8978_AUX_Gain                          0x080041e7   Thumb Code    54  bsp_wm8978.o(i.WM8978_AUX_Gain)
    WM8978_HPvol_Set                         0x0800421d   Thumb Code    46  bsp_wm8978.o(i.WM8978_HPvol_Set)
    WM8978_I2S_Cfg                           0x0800424b   Thumb Code    28  bsp_wm8978.o(i.WM8978_I2S_Cfg)
    WM8978_Init                              0x08004269   Thumb Code   244  bsp_wm8978.o(i.WM8978_Init)
    WM8978_Input_Cfg                         0x08004365   Thumb Code   102  bsp_wm8978.o(i.WM8978_Input_Cfg)
    WM8978_LINEIN_Gain                       0x080043cb   Thumb Code    54  bsp_wm8978.o(i.WM8978_LINEIN_Gain)
    WM8978_MIC_Gain                          0x08004401   Thumb Code    28  bsp_wm8978.o(i.WM8978_MIC_Gain)
    WM8978_Output_Cfg                        0x0800441d   Thumb Code    42  bsp_wm8978.o(i.WM8978_Output_Cfg)
    WM8978_Read_Reg                          0x08004449   Thumb Code    10  bsp_wm8978.o(i.WM8978_Read_Reg)
    WM8978_SPKvol_Set                        0x08004459   Thumb Code    34  bsp_wm8978.o(i.WM8978_SPKvol_Set)
    WM8978_Write_Reg                         0x0800447d   Thumb Code    80  bsp_wm8978.o(i.WM8978_Write_Reg)
    __0printf$8                              0x080044d1   Thumb Code    22  printf8.o(i.__0printf$8)
    __1printf$8                              0x080044d1   Thumb Code     0  printf8.o(i.__0printf$8)
    __2printf                                0x080044d1   Thumb Code     0  printf8.o(i.__0printf$8)
    __0sprintf$8                             0x080044f1   Thumb Code    34  printf8.o(i.__0sprintf$8)
    __1sprintf$8                             0x080044f1   Thumb Code     0  printf8.o(i.__0sprintf$8)
    __2sprintf                               0x080044f1   Thumb Code     0  printf8.o(i.__0sprintf$8)
    __hardfp_fabs                            0x08004519   Thumb Code    20  fabs.o(i.__hardfp_fabs)
    __scatterload_copy                       0x0800452d   Thumb Code    14  handlers.o(i.__scatterload_copy)
    __scatterload_null                       0x0800453b   Thumb Code     2  handlers.o(i.__scatterload_null)
    __scatterload_zeroinit                   0x0800453d   Thumb Code    14  handlers.o(i.__scatterload_zeroinit)
    base64_array_encoding                    0x080049b9   Thumb Code   202  base64.o(i.base64_array_encoding)
    bspDmaUsartInit                          0x08004b35   Thumb Code    22  bsp_dma.o(i.bspDmaUsartInit)
    bspExitInit                              0x08004c81   Thumb Code    80  bsp_exti.o(i.bspExitInit)
    bspInit                                  0x08004cd1   Thumb Code   122  bsp.o(i.bspInit)
    bspKeyInit                               0x08004d7d   Thumb Code    42  bsp_key.o(i.bspKeyInit)
    bspLedInit                               0x08004dad   Thumb Code    48  bsp_led.o(i.bspLedInit)
    bspLedToggle                             0x08004de1   Thumb Code    26  bsp_led.o(i.bspLedToggle)
    bspUsartInit                             0x08004e05   Thumb Code   178  bsp_usart.o(i.bspUsartInit)
    convert_from_bytes_to_power_of_two       0x0800500d   Thumb Code    18  bsp_sdio_sdcard.o(i.convert_from_bytes_to_power_of_two)
    delay_init                               0x0800556d   Thumb Code    58  delay.o(i.delay_init)
    delay_ms                                 0x080055b1   Thumb Code    60  delay.o(i.delay_ms)
    delay_us                                 0x080055f1   Thumb Code    68  delay.o(i.delay_us)
    dir_sdi                                  0x08005b99   Thumb Code   154  ff.o(i.dir_sdi)
    disk_initialize                          0x08005c33   Thumb Code    40  diskio.o(i.disk_initialize)
    disk_ioctl                               0x08005c5d   Thumb Code   106  diskio.o(i.disk_ioctl)
    disk_read                                0x08005ccd   Thumb Code    98  diskio.o(i.disk_read)
    disk_status                              0x08005d2f   Thumb Code     6  diskio.o(i.disk_status)
    disk_write                               0x08005d35   Thumb Code    98  diskio.o(i.disk_write)
    exfuns_init                              0x08005d99   Thumb Code   106  exfuns.o(i.exfuns_init)
    f_close                                  0x08005e15   Thumb Code    34  ff.o(i.f_close)
    f_closedir                               0x08005e37   Thumb Code    24  ff.o(i.f_closedir)
    f_getfree                                0x08005e4f   Thumb Code   246  ff.o(i.f_getfree)
    f_getlabel                               0x08005f45   Thumb Code   190  ff.o(i.f_getlabel)
    f_gets                                   0x08006003   Thumb Code    82  ff.o(i.f_gets)
    f_lseek                                  0x08006055   Thumb Code   388  ff.o(i.f_lseek)
    f_mkdir                                  0x080061d9   Thumb Code   292  ff.o(i.f_mkdir)
    f_mkfs                                   0x080062fd   Thumb Code  1824  ff.o(i.f_mkfs)
    f_mount                                  0x08006a51   Thumb Code    80  ff.o(i.f_mount)
    f_open                                   0x08006aa5   Thumb Code   520  ff.o(i.f_open)
    f_opendir                                0x08006cad   Thumb Code   138  ff.o(i.f_opendir)
    f_putc                                   0x08006d37   Thumb Code    34  ff.o(i.f_putc)
    f_puts                                   0x08006d59   Thumb Code    44  ff.o(i.f_puts)
    f_read                                   0x08006d85   Thumb Code   412  ff.o(i.f_read)
    f_readdir                                0x08006f21   Thumb Code   104  ff.o(i.f_readdir)
    f_rename                                 0x08006f89   Thumb Code   316  ff.o(i.f_rename)
    f_setlabel                               0x080070c5   Thumb Code   306  ff.o(i.f_setlabel)
    f_sync                                   0x080071fd   Thumb Code   160  ff.o(i.f_sync)
    f_unlink                                 0x0800729d   Thumb Code   196  ff.o(i.f_unlink)
    f_write                                  0x08007361   Thumb Code   478  ff.o(i.f_write)
    ff_convert                               0x08007541   Thumb Code   116  gbk.o(i.ff_convert)
    ff_memalloc                              0x080075bd   Thumb Code    12  ffsystem.o(i.ff_memalloc)
    ff_memfree                               0x080075c9   Thumb Code    12  ffsystem.o(i.ff_memfree)
    ff_oem2uni                               0x080075d5   Thumb Code   100  ffunicode.o(i.ff_oem2uni)
    ff_uni2oem                               0x0800763d   Thumb Code   112  ffunicode.o(i.ff_uni2oem)
    ff_wtoupper                              0x080076b1   Thumb Code   166  ffunicode.o(i.ff_wtoupper)
    fputc                                    0x08007879   Thumb Code    22  usart.o(i.fputc)
    free                                     0x08007895   Thumb Code    76  malloc.o(i.free)
    get_fattime                              0x08007a91   Thumb Code     4  diskio.o(i.get_fattime)
    getgb                                    0x08007c67   Thumb Code    26  gbk2utf2uni.o(i.getgb)
    main                                     0x08007d21   Thumb Code    34  main.o(i.main)
    malloc                                   0x08007d5d   Thumb Code    92  malloc.o(i.malloc)
    mf_close                                 0x08007e19   Thumb Code    14  fattester.o(i.mf_close)
    mf_closedir                              0x08007e2d   Thumb Code    10  fattester.o(i.mf_closedir)
    mf_fmkfs                                 0x08007e3d   Thumb Code    20  fattester.o(i.mf_fmkfs)
    mf_getlabel                              0x08007e51   Thumb Code    58  fattester.o(i.mf_getlabel)
    mf_gets                                  0x08007ed5   Thumb Code    38  fattester.o(i.mf_gets)
    mf_lseek                                 0x08007f21   Thumb Code    16  fattester.o(i.mf_lseek)
    mf_mkdir                                 0x08007f35   Thumb Code    12  fattester.o(i.mf_mkdir)
    mf_mount                                 0x08007f41   Thumb Code    20  fattester.o(i.mf_mount)
    mf_open                                  0x08007f59   Thumb Code    24  fattester.o(i.mf_open)
    mf_opendir                               0x08007f75   Thumb Code    14  fattester.o(i.mf_opendir)
    mf_putc                                  0x08007f89   Thumb Code    18  fattester.o(i.mf_putc)
    mf_puts                                  0x08007fa1   Thumb Code    18  fattester.o(i.mf_puts)
    mf_read                                  0x08007fb9   Thumb Code   224  fattester.o(i.mf_read)
    mf_readdir                               0x08008111   Thumb Code    92  fattester.o(i.mf_readdir)
    mf_rename                                0x080081d9   Thumb Code    16  fattester.o(i.mf_rename)
    mf_setlabel                              0x080081e9   Thumb Code    34  fattester.o(i.mf_setlabel)
    mf_showfree                              0x08008245   Thumb Code    88  fattester.o(i.mf_showfree)
    mf_size                                  0x080082ed   Thumb Code     8  fattester.o(i.mf_size)
    mf_tell                                  0x080082f9   Thumb Code     8  fattester.o(i.mf_tell)
    mf_unlink                                0x08008305   Thumb Code    12  fattester.o(i.mf_unlink)
    mf_write                                 0x08008311   Thumb Code    68  fattester.o(i.mf_write)
    pvPortMalloc                             0x080094d9   Thumb Code   272  heap_4.o(i.pvPortMalloc)
    pvTaskIncrementMutexHeldCount            0x08009639   Thumb Code    26  tasks.o(i.pvTaskIncrementMutexHeldCount)
    pxPortInitialiseStack                    0x08009659   Thumb Code    38  port.o(i.pxPortInitialiseStack)
    read_addr                                0x08009685   Thumb Code     6  usmart.o(i.read_addr)
    read_current_finaliy_point               0x0800968d   Thumb Code    18  bsp_dma.o(i.read_current_finaliy_point)
    rec_i2s_dma_rx_callback                  0x080096ad   Thumb Code   240  voice_access.o(i.rec_i2s_dma_rx_callback)
    recoder_enter_play_mode                  0x080097c9   Thumb Code    44  voice_access.o(i.recoder_enter_play_mode)
    recoder_enter_rec_mode                   0x080097f5   Thumb Code   132  voice_access.o(i.recoder_enter_rec_mode)
    scan_files                               0x0800992d   Thumb Code   124  fattester.o(i.scan_files)
    swich_current_read_point                 0x08009a25   Thumb Code    26  bsp_dma.o(i.swich_current_read_point)
    uart_init                                0x08009b75   Thumb Code   166  usart.o(i.uart_init)
    uasrt_key_send                           0x08009c25   Thumb Code     6  bsp_key.o(i.uasrt_key_send)
    usartReadStart                           0x08009c31   Thumb Code    38  bsp_dma.o(i.usartReadStart)
    usartSendStart                           0x08009c5d   Thumb Code    38  bsp_dma.o(i.usartSendStart)
    usart_parse                              0x08009c89   Thumb Code   120  myapp.o(i.usart_parse)
    usmart_cmd_rec                           0x08009d01   Thumb Code   170  usmart.o(i.usmart_cmd_rec)
    usmart_exe                               0x08009db1   Thumb Code   632  usmart.o(i.usmart_exe)
    usmart_get_aparm                         0x0800a085   Thumb Code   200  usmart_str.o(i.usmart_get_aparm)
    usmart_get_cmdname                       0x0800a14d   Thumb Code    54  usmart_str.o(i.usmart_get_cmdname)
    usmart_get_fname                         0x0800a185   Thumb Code   440  usmart_str.o(i.usmart_get_fname)
    usmart_get_fparam                        0x0800a345   Thumb Code   262  usmart_str.o(i.usmart_get_fparam)
    usmart_get_parmpos                       0x0800a451   Thumb Code    26  usmart_str.o(i.usmart_get_parmpos)
    usmart_get_runtime                       0x0800a471   Thumb Code    60  usmart.o(i.usmart_get_runtime)
    usmart_init                              0x0800a4b5   Thumb Code    36  usmart.o(i.usmart_init)
    usmart_pow                               0x0800a4dd   Thumb Code    22  usmart_str.o(i.usmart_pow)
    usmart_reset_runtime                     0x0800a4f5   Thumb Code    38  usmart.o(i.usmart_reset_runtime)
    usmart_scan                              0x0800a525   Thumb Code   120  usmart.o(i.usmart_scan)
    usmart_search_nextc                      0x0800a5e1   Thumb Code    22  usmart_str.o(i.usmart_search_nextc)
    usmart_str2num                           0x0800a5f7   Thumb Code   202  usmart_str.o(i.usmart_str2num)
    usmart_strcmp                            0x0800a6c1   Thumb Code    34  usmart_str.o(i.usmart_strcmp)
    usmart_strcopy                           0x0800a6e3   Thumb Code    22  usmart_str.o(i.usmart_strcopy)
    usmart_strlen                            0x0800a6f9   Thumb Code    24  usmart_str.o(i.usmart_strlen)
    usmart_sys_cmd_exe                       0x0800a711   Thumb Code  1554  usmart.o(i.usmart_sys_cmd_exe)
    utf82gbk                                 0x0800adf5   Thumb Code   194  gbk2utf2uni.o(i.utf82gbk)
    uxListRemove                             0x0800aeb7   Thumb Code    40  list.o(i.uxListRemove)
    vListInitialise                          0x0800aedf   Thumb Code    26  list.o(i.vListInitialise)
    vListInitialiseItem                      0x0800aef9   Thumb Code     6  list.o(i.vListInitialiseItem)
    vListInsert                              0x0800aeff   Thumb Code    52  list.o(i.vListInsert)
    vListInsertEnd                           0x0800af33   Thumb Code    24  list.o(i.vListInsertEnd)
    vPortEnterCritical                       0x0800af4d   Thumb Code    68  port.o(i.vPortEnterCritical)
    vPortExitCritical                        0x0800afd5   Thumb Code    48  port.o(i.vPortExitCritical)
    vPortFree                                0x0800b045   Thumb Code   130  heap_4.o(i.vPortFree)
    vPortSetupTimerInterrupt                 0x0800b10d   Thumb Code    20  port.o(i.vPortSetupTimerInterrupt)
    vPortValidateInterruptPriority           0x0800b125   Thumb Code    86  port.o(i.vPortValidateInterruptPriority)
    vQueueAddToRegistry                      0x0800b1c5   Thumb Code    38  queue.o(i.vQueueAddToRegistry)
    vQueueWaitForMessageRestricted           0x0800b1f1   Thumb Code    74  queue.o(i.vQueueWaitForMessageRestricted)
    vTaskDelay                               0x0800b265   Thumb Code    72  tasks.o(i.vTaskDelay)
    vTaskDelete                              0x0800b2d9   Thumb Code   192  tasks.o(i.vTaskDelete)
    vTaskInternalSetTimeOutState             0x0800b3e5   Thumb Code    14  tasks.o(i.vTaskInternalSetTimeOutState)
    vTaskMissedYield                         0x0800b445   Thumb Code     8  tasks.o(i.vTaskMissedYield)
    vTaskPlaceOnEventList                    0x0800b451   Thumb Code    42  tasks.o(i.vTaskPlaceOnEventList)
    vTaskPlaceOnEventListRestricted          0x0800b4a5   Thumb Code    50  tasks.o(i.vTaskPlaceOnEventListRestricted)
    vTaskPriorityDisinheritAfterTimeout      0x0800b501   Thumb Code   196  tasks.o(i.vTaskPriorityDisinheritAfterTimeout)
    vTaskStartScheduler                      0x0800b629   Thumb Code   108  tasks.o(i.vTaskStartScheduler)
    vTaskSuspendAll                          0x0800b6d5   Thumb Code    12  tasks.o(i.vTaskSuspendAll)
    vTaskSwitchContext                       0x0800b6e5   Thumb Code   110  tasks.o(i.vTaskSwitchContext)
    voice_End_Receive                        0x0800b939   Thumb Code    62  voice_access.o(i.voice_End_Receive)
    voice_Receive                            0x0800b98d   Thumb Code   134  voice_access.o(i.voice_Receive)
    voice_info_size                          0x0800ba35   Thumb Code    26  voice_access.o(i.voice_info_size)
    write_addr                               0x0800ba61   Thumb Code     4  usmart.o(i.write_addr)
    xPortStartScheduler                      0x0800ba65   Thumb Code   322  port.o(i.xPortStartScheduler)
    xPortSysTickHandler                      0x0800bc01   Thumb Code    46  port.o(i.xPortSysTickHandler)
    xQueueCreateMutex                        0x0800bc35   Thumb Code    34  queue.o(i.xQueueCreateMutex)
    xQueueGenericCreate                      0x0800bc59   Thumb Code    74  queue.o(i.xQueueGenericCreate)
    xQueueGenericReset                       0x0800bcc9   Thumb Code   136  queue.o(i.xQueueGenericReset)
    xQueueGenericSend                        0x0800bd79   Thumb Code   426  queue.o(i.xQueueGenericSend)
    xQueueGenericSendFromISR                 0x0800bf4d   Thumb Code   244  queue.o(i.xQueueGenericSendFromISR)
    xQueueGiveFromISR                        0x0800c065   Thumb Code   214  queue.o(i.xQueueGiveFromISR)
    xQueueReceive                            0x0800c161   Thumb Code   326  queue.o(i.xQueueReceive)
    xQueueSemaphoreTake                      0x0800c2d1   Thumb Code   394  queue.o(i.xQueueSemaphoreTake)
    xTaskCheckForTimeOut                     0x0800c485   Thumb Code   112  tasks.o(i.xTaskCheckForTimeOut)
    xTaskCreate                              0x0800c521   Thumb Code    96  tasks.o(i.xTaskCreate)
    xTaskGetSchedulerState                   0x0800c581   Thumb Code    24  tasks.o(i.xTaskGetSchedulerState)
    xTaskGetTickCount                        0x0800c5a1   Thumb Code     6  tasks.o(i.xTaskGetTickCount)
    xTaskIncrementTick                       0x0800c5ad   Thumb Code   272  tasks.o(i.xTaskIncrementTick)
    xTaskPriorityDisinherit                  0x0800c70d   Thumb Code   168  tasks.o(i.xTaskPriorityDisinherit)
    xTaskPriorityInherit                     0x0800c7e5   Thumb Code   172  tasks.o(i.xTaskPriorityInherit)
    xTaskRemoveFromEventList                 0x0800c89d   Thumb Code   118  tasks.o(i.xTaskRemoveFromEventList)
    xTaskResumeAll                           0x0800c951   Thumb Code   214  tasks.o(i.xTaskResumeAll)
    xTimerCreateTimerTask                    0x0800ca71   Thumb Code    56  timers.o(i.xTimerCreateTimerTask)
    xTimerGenericCommand                     0x0800cae5   Thumb Code   116  timers.o(i.xTimerGenericCommand)
    I2S_PSC_TBL                              0x0800cb84   Data         110  bsp_i2s.o(.constdata)
    i2splaybuf                               0x0800cbf2   Data           4  voice_access.o(.constdata)
    base64_tab                               0x0800cbf6   Data          64  base64.o(.constdata)
    uni2oem                                  0x0800cc36   Data       87172  gbk.o(.constdata)
    oem2uni                                  0x080220ba   Data       87172  gbk.o(.constdata)
    Region$$Table$$Base                      0x080625cc   Number         0  anon$$obj.o(Region$$Table)
    Region$$Table$$Limit                     0x080625ec   Number         0  anon$$obj.o(Region$$Table)
    xKeySemaphoreHandle                      0x20000018   Data           4  main.o(.data)
    xSpeechRecSemaphoreHandle                0x2000001c   Data           4  main.o(.data)
    xUsartParseSemaphoreHandle               0x20000020   Data           4  main.o(.data)
    xDmaModeMutexHandle                      0x20000024   Data           4  main.o(.data)
    AudioNoQueueHandle                       0x20000028   Data           4  main.o(.data)
    ucTmp                                    0x2000002c   Data           4  main.o(.data)
    TransferError                            0x2000003e   Data           1  bsp_sdio_sdcard.o(.data)
    TransferEnd                              0x2000003f   Data           1  bsp_sdio_sdcard.o(.data)
    tempbuff                                 0x20000040   Data           4  bsp_sdio_sdcard.o(.data)
    i2s_tx_callback                          0x200000b8   Data           4  bsp_i2s.o(.data)
    i2s_rx_callback                          0x200000bc   Data           4  bsp_i2s.o(.data)
    keyval                                   0x200000c0   Data           1  bsp_key.o(.data)
    g_MainKeyChar                            0x200000cc   Data          40  myapp.o(.data)
    g_DeviceKeyChar                          0x200000f4   Data          48  myapp.o(.data)
    g_StatueKeyChar                          0x20000124   Data          16  myapp.o(.data)
    SpeechRecStr                             0x20000134   Data           4  speech_rec.o(.data)
    SpeechRecStrBody                         0x20000138   Data           4  speech_rec.o(.data)
    i2srecbuf1                               0x20000140   Data           4  voice_access.o(.data)
    i2srecbuf2                               0x20000144   Data           4  voice_access.o(.data)
    f_rec                                    0x20000148   Data           4  voice_access.o(.data)
    wavsize                                  0x2000014c   Data           4  voice_access.o(.data)
    rec_sta                                  0x20000150   Data           1  voice_access.o(.data)
    sys_cmd_tab                              0x20000154   Data          28  usmart.o(.data)
    usmart_nametab                           0x20000170   Data         224  usmart_config.o(.data)
    usmart_dev                               0x20000250   Data         244  usmart_config.o(.data)
    __stdout                                 0x20000348   Data           4  usart.o(.data)
    USART_RX_STA                             0x2000034c   Data           2  usart.o(.data)
    pxCurrentTCB                             0x20000350   Data           4  tasks.o(.data)
    fs                                       0x200003d4   Data           4  exfuns.o(.data)
    file                                     0x200003d8   Data           4  exfuns.o(.data)
    ftemp                                    0x200003dc   Data           4  exfuns.o(.data)
    br                                       0x200003e0   Data           4  exfuns.o(.data)
    bw                                       0x200003e4   Data           4  exfuns.o(.data)
    fatbuf                                   0x200003e8   Data           4  exfuns.o(.data)
    __microlib_freelist                      0x20000400   Data           4  mvars.o(.data)
    __microlib_freelist_initialised          0x20000404   Data           4  mvars.o(.data)
    SDIO_InitStructure                       0x20000408   Data          24  bsp_sdio_sdcard.o(.bss)
    SDIO_CmdInitStructure                    0x20000420   Data          20  bsp_sdio_sdcard.o(.bss)
    SDIO_DataInitStructure                   0x20000434   Data          24  bsp_sdio_sdcard.o(.bss)
    SDCardInfo                               0x20000470   Data          88  bsp_sdio_sdcard.o(.bss)
    SDIO_DATA_BUFFER                         0x200004c8   Data         512  bsp_sdio_sdcard.o(.bss)
    g_Str                                    0x20000790   Data          20  speech_rec.o(.bss)
    USART_RX_BUF                             0x200007a4   Data         200  usart.o(.bss)
    xQueueRegistry                           0x2000086c   Data          64  queue.o(.bss)
    dir                                      0x20005a78   Data          48  exfuns.o(.bss)
    __heap_base                              0x20005c00   Data           0  startup_stm32f40_41xxx.o(HEAP)
    __heap_limit                             0x20017c00   Data           0  startup_stm32f40_41xxx.o(HEAP)
    __initial_sp                             0x20018000   Data           0  startup_stm32f40_41xxx.o(STACK)



==============================================================================

Memory Map of the image

  Image Entry point : 0x08000189

  Load Region LR_IROM1 (Base: 0x08000000, Size: 0x000629f4, Max: 0x00080000, ABSOLUTE, COMPRESSED[0x00062760])

    Execution Region ER_IROM1 (Exec base: 0x08000000, Load base: 0x08000000, Size: 0x000625ec, Max: 0x00080000, ABSOLUTE)

    Exec Addr    Load Addr    Size         Type   Attr      Idx    E Section Name        Object

    0x08000000   0x08000000   0x00000188   Data   RO         3827    RESET               startup_stm32f40_41xxx.o
    0x08000188   0x08000188   0x00000000   Code   RO         6020  * .ARM.Collect$$$$00000000  mc_w.l(entry.o)
    0x08000188   0x08000188   0x00000004   Code   RO         6344    .ARM.Collect$$$$00000001  mc_w.l(entry2.o)
    0x0800018c   0x0800018c   0x00000004   Code   RO         6347    .ARM.Collect$$$$00000004  mc_w.l(entry5.o)
    0x08000190   0x08000190   0x00000000   Code   RO         6349    .ARM.Collect$$$$00000008  mc_w.l(entry7b.o)
    0x08000190   0x08000190   0x00000000   Code   RO         6351    .ARM.Collect$$$$0000000A  mc_w.l(entry8b.o)
    0x08000190   0x08000190   0x00000008   Code   RO         6352    .ARM.Collect$$$$0000000B  mc_w.l(entry9a.o)
    0x08000198   0x08000198   0x00000000   Code   RO         6354    .ARM.Collect$$$$0000000D  mc_w.l(entry10a.o)
    0x08000198   0x08000198   0x00000000   Code   RO         6356    .ARM.Collect$$$$0000000F  mc_w.l(entry11a.o)
    0x08000198   0x08000198   0x00000004   Code   RO         6345    .ARM.Collect$$$$00002712  mc_w.l(entry2.o)
    0x0800019c   0x0800019c   0x00000010   Code   RO         1761    .emb_text           sys.o
    0x080001ac   0x080001ac   0x000000be   Code   RO         3025    .emb_text           port.o
    0x0800026a   0x0800026a   0x00000002   PAD
    0x0800026c   0x0800026c   0x00000024   Code   RO         3828    .text               startup_stm32f40_41xxx.o
    0x08000290   0x08000290   0x00000062   Code   RO         6023    .text               mc_w.l(ldiv.o)
    0x080002f2   0x080002f2   0x00000024   Code   RO         6025    .text               mc_w.l(memcpya.o)
    0x08000316   0x08000316   0x00000024   Code   RO         6029    .text               mc_w.l(memseta.o)
    0x0800033a   0x0800033a   0x00000024   Code   RO         6033    .text               mc_w.l(strstr.o)
    0x0800035e   0x0800035e   0x0000000e   Code   RO         6035    .text               mc_w.l(strlen.o)
    0x0800036c   0x0800036c   0x0000014e   Code   RO         6332    .text               mf_w.l(dadd.o)
    0x080004ba   0x080004ba   0x000000e4   Code   RO         6334    .text               mf_w.l(dmul.o)
    0x0800059e   0x0800059e   0x000000de   Code   RO         6336    .text               mf_w.l(ddiv.o)
    0x0800067c   0x0800067c   0x0000001a   Code   RO         6338    .text               mf_w.l(dfltui.o)
    0x08000696   0x08000696   0x0000003e   Code   RO         6340    .text               mf_w.l(dfixi.o)
    0x080006d4   0x080006d4   0x00000030   Code   RO         6342    .text               mf_w.l(cdrcmple.o)
    0x08000704   0x08000704   0x00000062   Code   RO         6360    .text               mc_w.l(uldiv.o)
    0x08000766   0x08000766   0x0000001e   Code   RO         6362    .text               mc_w.l(llshl.o)
    0x08000784   0x08000784   0x00000020   Code   RO         6364    .text               mc_w.l(llushr.o)
    0x080007a4   0x080007a4   0x00000024   Code   RO         6366    .text               mc_w.l(llsshr.o)
    0x080007c8   0x080007c8   0x00000000   Code   RO         6370    .text               mc_w.l(iusefp.o)
    0x080007c8   0x080007c8   0x000000ba   Code   RO         6371    .text               mf_w.l(depilogue.o)
    0x08000882   0x08000882   0x00000002   PAD
    0x08000884   0x08000884   0x00000024   Code   RO         6375    .text               mc_w.l(init.o)
    0x080008a8   0x080008a8   0x00000056   Code   RO         6385    .text               mc_w.l(__dczerorl2.o)
    0x080008fe   0x080008fe   0x00000002   PAD
    0x08000900   0x08000900   0x00000012   Code   RO         5988    OSKERNEL            hardfaulthandler.o
    0x08000912   0x08000912   0x00000004   Code   RO         3834    i.BusFault_Handler  stm32f4xx_it.o
    0x08000916   0x08000916   0x00000030   Code   RO          409    i.CmdError          bsp_sdio_sdcard.o
    0x08000946   0x08000946   0x00000002   PAD
    0x08000948   0x08000948   0x00000064   Code   RO          410    i.CmdResp1Error     bsp_sdio_sdcard.o
    0x080009ac   0x080009ac   0x00000054   Code   RO          411    i.CmdResp2Error     bsp_sdio_sdcard.o
    0x08000a00   0x08000a00   0x00000038   Code   RO          412    i.CmdResp3Error     bsp_sdio_sdcard.o
    0x08000a38   0x08000a38   0x00000094   Code   RO          413    i.CmdResp6Error     bsp_sdio_sdcard.o
    0x08000acc   0x08000acc   0x0000004c   Code   RO          414    i.CmdResp7Error     bsp_sdio_sdcard.o
    0x08000b18   0x08000b18   0x0000002c   Code   RO          820    i.DMA1_Stream3_IRQHandler  bsp_i2s.o
    0x08000b44   0x08000b44   0x0000002c   Code   RO          821    i.DMA1_Stream4_IRQHandler  bsp_i2s.o
    0x08000b70   0x08000b70   0x00000020   Code   RO          982    i.DMA1_Stream5_IRQHandler  bsp_dma.o
    0x08000b90   0x08000b90   0x00000040   Code   RO          983    i.DMA1_Stream6_IRQHandler  bsp_dma.o
    0x08000bd0   0x08000bd0   0x00000034   Code   RO         5505    i.DMA_ClearITPendingBit  stm32f4xx_dma.o
    0x08000c04   0x08000c04   0x00000016   Code   RO         5506    i.DMA_Cmd           stm32f4xx_dma.o
    0x08000c1a   0x08000c1a   0x00000002   PAD
    0x08000c1c   0x08000c1c   0x00000158   Code   RO         5507    i.DMA_DeInit        stm32f4xx_dma.o
    0x08000d74   0x08000d74   0x00000016   Code   RO         5508    i.DMA_DoubleBufferModeCmd  stm32f4xx_dma.o
    0x08000d8a   0x08000d8a   0x00000018   Code   RO         5509    i.DMA_DoubleBufferModeConfig  stm32f4xx_dma.o
    0x08000da2   0x08000da2   0x00000016   Code   RO         5510    i.DMA_FlowControllerConfig  stm32f4xx_dma.o
    0x08000db8   0x08000db8   0x00000014   Code   RO         5511    i.DMA_GetCmdStatus  stm32f4xx_dma.o
    0x08000dcc   0x08000dcc   0x00000064   Code   RO         5516    i.DMA_GetITStatus   stm32f4xx_dma.o
    0x08000e30   0x08000e30   0x0000003a   Code   RO         5517    i.DMA_ITConfig      stm32f4xx_dma.o
    0x08000e6a   0x08000e6a   0x00000002   PAD
    0x08000e6c   0x08000e6c   0x00000058   Code   RO         5518    i.DMA_Init          stm32f4xx_dma.o
    0x08000ec4   0x08000ec4   0x00000004   Code   RO         5521    i.DMA_SetCurrDataCounter  stm32f4xx_dma.o
    0x08000ec8   0x08000ec8   0x00000002   Code   RO         3835    i.DebugMon_Handler  stm32f4xx_it.o
    0x08000eca   0x08000eca   0x00000002   PAD
    0x08000ecc   0x08000ecc   0x00000044   Code   RO          942    i.EXTI15_10_IRQHandler  bsp_exti.o
    0x08000f10   0x08000f10   0x0000000c   Code   RO         5443    i.EXTI_ClearITPendingBit  stm32f4xx_exti.o
    0x08000f1c   0x08000f1c   0x00000018   Code   RO         5447    i.EXTI_GetITStatus  stm32f4xx_exti.o
    0x08000f34   0x08000f34   0x00000094   Code   RO         5448    i.EXTI_Init         stm32f4xx_exti.o
    0x08000fc8   0x08000fc8   0x00000194   Code   RO          415    i.FindSCR           bsp_sdio_sdcard.o
    0x0800115c   0x0800115c   0x00000018   Code   RO         1608    i.FuncTest          usmart_config.o
    0x08001174   0x08001174   0x00000090   Code   RO         3963    i.GPIO_Init         stm32f4xx_gpio.o
    0x08001204   0x08001204   0x00000046   Code   RO         3964    i.GPIO_PinAFConfig  stm32f4xx_gpio.o
    0x0800124a   0x0800124a   0x00000002   PAD
    0x0800124c   0x0800124c   0x0000000c   Code   RO          984    i.GetDmaStatus      bsp_dma.o
    0x08001258   0x08001258   0x000000b4   Code   RO         5993    i.HardFaultHandler  segger_hardfaulthandler.o
    0x0800130c   0x0800130c   0x00000064   Code   RO          822    i.I2S2_Init         bsp_i2s.o
    0x08001370   0x08001370   0x000000a0   Code   RO          823    i.I2S2_SampleRate_Set  bsp_i2s.o
    0x08001410   0x08001410   0x000000b0   Code   RO          824    i.I2S2_TX_DMA_Init  bsp_i2s.o
    0x080014c0   0x080014c0   0x0000004c   Code   RO          825    i.I2S2ext_Init      bsp_i2s.o
    0x0800150c   0x0800150c   0x000000b0   Code   RO          826    i.I2S2ext_RX_DMA_Init  bsp_i2s.o
    0x080015bc   0x080015bc   0x00000018   Code   RO         5826    i.I2S_Cmd           stm32f4xx_spi.o
    0x080015d4   0x080015d4   0x00000050   Code   RO         5827    i.I2S_FullDuplexConfig  stm32f4xx_spi.o
    0x08001624   0x08001624   0x00000198   Code   RO         5828    i.I2S_Init          stm32f4xx_spi.o
    0x080017bc   0x080017bc   0x00000010   Code   RO          827    i.I2S_Play_Start    bsp_i2s.o
    0x080017cc   0x080017cc   0x00000010   Code   RO          828    i.I2S_Play_Stop     bsp_i2s.o
    0x080017dc   0x080017dc   0x00000010   Code   RO          829    i.I2S_Rec_Start     bsp_i2s.o
    0x080017ec   0x080017ec   0x00000010   Code   RO          830    i.I2S_Rec_Stop      bsp_i2s.o
    0x080017fc   0x080017fc   0x0000004c   Code   RO          759    i.IIC_Init          bsp_myiic.o
    0x08001848   0x08001848   0x00000068   Code   RO          762    i.IIC_Send_Byte     bsp_myiic.o
    0x080018b0   0x080018b0   0x0000004c   Code   RO          763    i.IIC_Start         bsp_myiic.o
    0x080018fc   0x080018fc   0x0000004c   Code   RO          764    i.IIC_Stop          bsp_myiic.o
    0x08001948   0x08001948   0x00000060   Code   RO          765    i.IIC_Wait_Ack      bsp_myiic.o
    0x080019a8   0x080019a8   0x000000a0   Code   RO          416    i.IsCardProgramming  bsp_sdio_sdcard.o
    0x08001a48   0x08001a48   0x00000004   Code   RO         3836    i.MemManage_Handler  stm32f4xx_it.o
    0x08001a4c   0x08001a4c   0x00000002   Code   RO         3837    i.NMI_Handler       stm32f4xx_it.o
    0x08001a4e   0x08001a4e   0x00000002   PAD
    0x08001a50   0x08001a50   0x00000078   Code   RO         3918    i.NVIC_Init         misc.o
    0x08001ac8   0x08001ac8   0x00000014   Code   RO         3919    i.NVIC_PriorityGroupConfig  misc.o
    0x08001adc   0x08001adc   0x00000020   Code   RO         4060    i.RCC_AHB1PeriphClockCmd  stm32f4xx_rcc.o
    0x08001afc   0x08001afc   0x00000020   Code   RO         4069    i.RCC_APB1PeriphClockCmd  stm32f4xx_rcc.o
    0x08001b1c   0x08001b1c   0x00000020   Code   RO         4071    i.RCC_APB1PeriphResetCmd  stm32f4xx_rcc.o
    0x08001b3c   0x08001b3c   0x00000020   Code   RO         4072    i.RCC_APB2PeriphClockCmd  stm32f4xx_rcc.o
    0x08001b5c   0x08001b5c   0x00000020   Code   RO         4074    i.RCC_APB2PeriphResetCmd  stm32f4xx_rcc.o
    0x08001b7c   0x08001b7c   0x000000e8   Code   RO         4081    i.RCC_GetClocksFreq  stm32f4xx_rcc.o
    0x08001c64   0x08001c64   0x0000000c   Code   RO         4100    i.RCC_PLLI2SCmd     stm32f4xx_rcc.o
    0x08001c70   0x08001c70   0x00000010   Code   RO         4101    i.RCC_PLLI2SConfig  stm32f4xx_rcc.o
    0x08001c80   0x08001c80   0x000000ac   Code   RO          417    i.SDEnWideBus       bsp_sdio_sdcard.o
    0x08001d2c   0x08001d2c   0x0000000c   Code   RO         5633    i.SDIO_ClearFlag    stm32f4xx_sdio.o
    0x08001d38   0x08001d38   0x00000014   Code   RO          418    i.SDIO_Clock_Set    bsp_sdio_sdcard.o
    0x08001d4c   0x08001d4c   0x00000034   Code   RO         5639    i.SDIO_DataConfig   stm32f4xx_sdio.o
    0x08001d80   0x08001d80   0x00000018   Code   RO         5645    i.SDIO_GetFlagStatus  stm32f4xx_sdio.o
    0x08001d98   0x08001d98   0x00000010   Code   RO         5647    i.SDIO_GetPowerState  stm32f4xx_sdio.o
    0x08001da8   0x08001da8   0x00000008   Code   RO          419    i.SDIO_IRQHandler   bsp_sdio_sdcard.o
    0x08001db0   0x08001db0   0x00000030   Code   RO         5650    i.SDIO_Init         stm32f4xx_sdio.o
    0x08001de0   0x08001de0   0x00000038   Code   RO          420    i.SDIO_Register_Deinit  bsp_sdio_sdcard.o
    0x08001e18   0x08001e18   0x0000002c   Code   RO         5653    i.SDIO_SendCommand  stm32f4xx_sdio.o
    0x08001e44   0x08001e44   0x0000000c   Code   RO         5655    i.SDIO_SetPowerState  stm32f4xx_sdio.o
    0x08001e50   0x08001e50   0x00000080   Code   RO          421    i.SD_DMA_Config     bsp_sdio_sdcard.o
    0x08001ed0   0x08001ed0   0x00000068   Code   RO          422    i.SD_EnableWideBusOperation  bsp_sdio_sdcard.o
    0x08001f38   0x08001f38   0x00000314   Code   RO          423    i.SD_GetCardInfo    bsp_sdio_sdcard.o
    0x0800224c   0x0800224c   0x00000134   Code   RO          425    i.SD_Init           bsp_sdio_sdcard.o
    0x08002380   0x08002380   0x00000164   Code   RO          426    i.SD_InitializeCards  bsp_sdio_sdcard.o
    0x080024e4   0x080024e4   0x000001e4   Code   RO          428    i.SD_PowerON        bsp_sdio_sdcard.o
    0x080026c8   0x080026c8   0x00000154   Code   RO          429    i.SD_ProcessIRQSrc  bsp_sdio_sdcard.o
    0x0800281c   0x0800281c   0x00000268   Code   RO          430    i.SD_ReadBlock      bsp_sdio_sdcard.o
    0x08002a84   0x08002a84   0x00000098   Code   RO          431    i.SD_ReadDisk       bsp_sdio_sdcard.o
    0x08002b1c   0x08002b1c   0x000002f4   Code   RO          432    i.SD_ReadMultiBlocks  bsp_sdio_sdcard.o
    0x08002e10   0x08002e10   0x00000030   Code   RO          433    i.SD_SelectDeselect  bsp_sdio_sdcard.o
    0x08002e40   0x08002e40   0x00000018   Code   RO          435    i.SD_SetDeviceMode  bsp_sdio_sdcard.o
    0x08002e58   0x08002e58   0x00000388   Code   RO          436    i.SD_WriteBlock     bsp_sdio_sdcard.o
    0x080031e0   0x080031e0   0x00000098   Code   RO          437    i.SD_WriteDisk      bsp_sdio_sdcard.o
    0x08003278   0x08003278   0x000003d0   Code   RO          438    i.SD_WriteMultiBlocks  bsp_sdio_sdcard.o
    0x08003648   0x08003648   0x00000012   Code   RO         5838    i.SPI_I2S_DMACmd    stm32f4xx_spi.o
    0x0800365a   0x0800365a   0x00000002   PAD
    0x0800365c   0x0800365c   0x00000040   Code   RO         4397    i.SYSCFG_EXTILineConfig  stm32f4xx_syscfg.o
    0x0800369c   0x0800369c   0x00000034   Code   RO          985    i.SetDmaStatus      bsp_dma.o
    0x080036d0   0x080036d0   0x000000ec   Code   RO         3881    i.SetSysClock       system_stm32f4xx.o
    0x080037bc   0x080037bc   0x00000250   Code   RO         1203    i.SpeechRecUartPack  speech_rec.o
    0x08003a0c   0x08003a0c   0x0000021c   Code   RO         1162    i.SpeechRecUartParse  myapp.o
    0x08003c28   0x08003c28   0x00000054   Code   RO         1204    i.Speech_Handle     speech_rec.o
    0x08003c7c   0x08003c7c   0x00000028   Code   RO         3922    i.SysTick_CLKSourceConfig  misc.o
    0x08003ca4   0x08003ca4   0x00000010   Code   RO         1715    i.SysTick_Handler   delay.o
    0x08003cb4   0x08003cb4   0x00000068   Code   RO         3883    i.SystemInit        system_stm32f4xx.o
    0x08003d1c   0x08003d1c   0x00000038   Code   RO         1524    i.TIM4_IRQHandler   usmart.o
    0x08003d54   0x08003d54   0x00000006   Code   RO         4890    i.TIM_ClearFlag     stm32f4xx_tim.o
    0x08003d5a   0x08003d5a   0x00000006   Code   RO         4891    i.TIM_ClearITPendingBit  stm32f4xx_tim.o
    0x08003d60   0x08003d60   0x00000018   Code   RO         4896    i.TIM_Cmd           stm32f4xx_tim.o
    0x08003d78   0x08003d78   0x00000006   Code   RO         4915    i.TIM_GetCounter    stm32f4xx_tim.o
    0x08003d7e   0x08003d7e   0x00000012   Code   RO         4916    i.TIM_GetFlagStatus  stm32f4xx_tim.o
    0x08003d90   0x08003d90   0x00000022   Code   RO         4917    i.TIM_GetITStatus   stm32f4xx_tim.o
    0x08003db2   0x08003db2   0x00000012   Code   RO         4921    i.TIM_ITConfig      stm32f4xx_tim.o
    0x08003dc4   0x08003dc4   0x00000004   Code   RO         4956    i.TIM_SetAutoreload  stm32f4xx_tim.o
    0x08003dc8   0x08003dc8   0x00000004   Code   RO         4962    i.TIM_SetCounter    stm32f4xx_tim.o
    0x08003dcc   0x08003dcc   0x00000084   Code   RO         4968    i.TIM_TimeBaseInit  stm32f4xx_tim.o
    0x08003e50   0x08003e50   0x0000005c   Code   RO         1525    i.Timer4_Init       usmart.o
    0x08003eac   0x08003eac   0x00000088   Code   RO         1779    i.USART1_IRQHandler  usart.o
    0x08003f34   0x08003f34   0x00000054   Code   RO         1076    i.USART2_IRQHandler  bsp_usart.o
    0x08003f88   0x08003f88   0x00000018   Code   RO         4454    i.USART_Cmd         stm32f4xx_usart.o
    0x08003fa0   0x08003fa0   0x00000012   Code   RO         4455    i.USART_DMACmd      stm32f4xx_usart.o
    0x08003fb2   0x08003fb2   0x00000054   Code   RO         4458    i.USART_GetITStatus  stm32f4xx_usart.o
    0x08004006   0x08004006   0x0000004a   Code   RO         4460    i.USART_ITConfig    stm32f4xx_usart.o
    0x08004050   0x08004050   0x000000d4   Code   RO         4461    i.USART_Init        stm32f4xx_usart.o
    0x08004124   0x08004124   0x0000000a   Code   RO         4468    i.USART_ReceiveData  stm32f4xx_usart.o
    0x0800412e   0x0800412e   0x00000022   Code   RO         1205    i.UartDataFrontPacking  speech_rec.o
    0x08004150   0x08004150   0x0000002a   Code   RO         1206    i.UartDataPacking   speech_rec.o
    0x0800417a   0x0800417a   0x00000028   Code   RO         1207    i.UartDataTailPacking  speech_rec.o
    0x080041a2   0x080041a2   0x00000004   Code   RO         3838    i.UsageFault_Handler  stm32f4xx_it.o
    0x080041a6   0x080041a6   0x00000040   Code   RO          626    i.WM8978_ADDA_Cfg   bsp_wm8978.o
    0x080041e6   0x080041e6   0x00000036   Code   RO          627    i.WM8978_AUX_Gain   bsp_wm8978.o
    0x0800421c   0x0800421c   0x0000002e   Code   RO          634    i.WM8978_HPvol_Set  bsp_wm8978.o
    0x0800424a   0x0800424a   0x0000001c   Code   RO          635    i.WM8978_I2S_Cfg    bsp_wm8978.o
    0x08004266   0x08004266   0x00000002   PAD
    0x08004268   0x08004268   0x000000fc   Code   RO          636    i.WM8978_Init       bsp_wm8978.o
    0x08004364   0x08004364   0x00000066   Code   RO          637    i.WM8978_Input_Cfg  bsp_wm8978.o
    0x080043ca   0x080043ca   0x00000036   Code   RO          638    i.WM8978_LINEIN_Gain  bsp_wm8978.o
    0x08004400   0x08004400   0x0000001c   Code   RO          639    i.WM8978_MIC_Gain   bsp_wm8978.o
    0x0800441c   0x0800441c   0x0000002a   Code   RO          640    i.WM8978_Output_Cfg  bsp_wm8978.o
    0x08004446   0x08004446   0x00000002   PAD
    0x08004448   0x08004448   0x00000010   Code   RO          641    i.WM8978_Read_Reg   bsp_wm8978.o
    0x08004458   0x08004458   0x00000022   Code   RO          642    i.WM8978_SPKvol_Set  bsp_wm8978.o
    0x0800447a   0x0800447a   0x00000002   PAD
    0x0800447c   0x0800447c   0x00000054   Code   RO          643    i.WM8978_Write_Reg  bsp_wm8978.o
    0x080044d0   0x080044d0   0x00000020   Code   RO         6250    i.__0printf$8       mc_w.l(printf8.o)
    0x080044f0   0x080044f0   0x00000028   Code   RO         6252    i.__0sprintf$8      mc_w.l(printf8.o)
    0x08004518   0x08004518   0x00000014   Code   RO         6014    i.__hardfp_fabs     m_wm.l(fabs.o)
    0x0800452c   0x0800452c   0x0000000e   Code   RO         6379    i.__scatterload_copy  mc_w.l(handlers.o)
    0x0800453a   0x0800453a   0x00000002   Code   RO         6380    i.__scatterload_null  mc_w.l(handlers.o)
    0x0800453c   0x0800453c   0x0000000e   Code   RO         6381    i.__scatterload_zeroinit  mc_w.l(handlers.o)
    0x0800454a   0x0800454a   0x00000002   PAD
    0x0800454c   0x0800454c   0x00000410   Code   RO         6257    i._printf_core      mc_w.l(printf8.o)
    0x0800495c   0x0800495c   0x00000024   Code   RO         6258    i._printf_post_padding  mc_w.l(printf8.o)
    0x08004980   0x08004980   0x0000002e   Code   RO         6259    i._printf_pre_padding  mc_w.l(printf8.o)
    0x080049ae   0x080049ae   0x0000000a   Code   RO         6261    i._sputc            mc_w.l(printf8.o)
    0x080049b8   0x080049b8   0x000000dc   Code   RO         1382    i.base64_array_encoding  base64.o
    0x08004a94   0x08004a94   0x000000a0   Code   RO         1383    i.base64_encoding   base64.o
    0x08004b34   0x08004b34   0x0000001c   Code   RO          986    i.bspDmaUsartInit   bsp_dma.o
    0x08004b50   0x08004b50   0x0000009c   Code   RO          987    i.bspDmaUsartReadCfg  bsp_dma.o
    0x08004bec   0x08004bec   0x00000094   Code   RO          988    i.bspDmaUsartSendCfg  bsp_dma.o
    0x08004c80   0x08004c80   0x00000050   Code   RO          943    i.bspExitInit       bsp_exti.o
    0x08004cd0   0x08004cd0   0x000000ac   Code   RO          297    i.bspInit           bsp.o
    0x08004d7c   0x08004d7c   0x00000030   Code   RO          907    i.bspKeyInit        bsp_key.o
    0x08004dac   0x08004dac   0x00000034   Code   RO          382    i.bspLedInit        bsp_led.o
    0x08004de0   0x08004de0   0x00000024   Code   RO          383    i.bspLedToggle      bsp_led.o
    0x08004e04   0x08004e04   0x000000bc   Code   RO         1077    i.bspUsartInit      bsp_usart.o
    0x08004ec0   0x08004ec0   0x00000080   Code   RO         3163    i.check_fs          ff.o
    0x08004f40   0x08004f40   0x00000018   Code   RO         3164    i.chk_chr           ff.o
    0x08004f58   0x08004f58   0x0000001a   Code   RO         3165    i.clst2sect         ff.o
    0x08004f72   0x08004f72   0x00000002   PAD
    0x08004f74   0x08004f74   0x00000098   Code   RO         3166    i.cmp_lfn           ff.o
    0x0800500c   0x0800500c   0x00000012   Code   RO          439    i.convert_from_bytes_to_power_of_two  bsp_sdio_sdcard.o
    0x0800501e   0x0800501e   0x00000120   Code   RO         3167    i.create_chain      ff.o
    0x0800513e   0x0800513e   0x00000002   PAD
    0x08005140   0x08005140   0x00000254   Code   RO         3168    i.create_name       ff.o
    0x08005394   0x08005394   0x0000015c   Code   RO         3169    i.create_partition  ff.o
    0x080054f0   0x080054f0   0x00000034   Code   RO         3170    i.dbc_1st           ff.o
    0x08005524   0x08005524   0x00000048   Code   RO         3171    i.dbc_2nd           ff.o
    0x0800556c   0x0800556c   0x00000044   Code   RO         1716    i.delay_init        delay.o
    0x080055b0   0x080055b0   0x00000040   Code   RO         1717    i.delay_ms          delay.o
    0x080055f0   0x080055f0   0x00000048   Code   RO         1718    i.delay_us          delay.o
    0x08005638   0x08005638   0x00000060   Code   RO         3172    i.dir_alloc         ff.o
    0x08005698   0x08005698   0x000000c6   Code   RO         3173    i.dir_clear         ff.o
    0x0800575e   0x0800575e   0x000000fc   Code   RO         3174    i.dir_find          ff.o
    0x0800585a   0x0800585a   0x000000ca   Code   RO         3175    i.dir_next          ff.o
    0x08005924   0x08005924   0x000000d2   Code   RO         3176    i.dir_read          ff.o
    0x080059f6   0x080059f6   0x00000142   Code   RO         3177    i.dir_register      ff.o
    0x08005b38   0x08005b38   0x00000060   Code   RO         3178    i.dir_remove        ff.o
    0x08005b98   0x08005b98   0x0000009a   Code   RO         3179    i.dir_sdi           ff.o
    0x08005c32   0x08005c32   0x00000028   Code   RO         3110    i.disk_initialize   diskio.o
    0x08005c5a   0x08005c5a   0x00000002   PAD
    0x08005c5c   0x08005c5c   0x00000070   Code   RO         3111    i.disk_ioctl        diskio.o
    0x08005ccc   0x08005ccc   0x00000062   Code   RO         3112    i.disk_read         diskio.o
    0x08005d2e   0x08005d2e   0x00000006   Code   RO         3113    i.disk_status       diskio.o
    0x08005d34   0x08005d34   0x00000062   Code   RO         3114    i.disk_write        diskio.o
    0x08005d96   0x08005d96   0x00000002   PAD
    0x08005d98   0x08005d98   0x0000007c   Code   RO         3623    i.exfuns_init       exfuns.o
    0x08005e14   0x08005e14   0x00000022   Code   RO         3180    i.f_close           ff.o
    0x08005e36   0x08005e36   0x00000018   Code   RO         3181    i.f_closedir        ff.o
    0x08005e4e   0x08005e4e   0x000000f6   Code   RO         3182    i.f_getfree         ff.o
    0x08005f44   0x08005f44   0x000000be   Code   RO         3183    i.f_getlabel        ff.o
    0x08006002   0x08006002   0x00000052   Code   RO         3184    i.f_gets            ff.o
    0x08006054   0x08006054   0x00000184   Code   RO         3185    i.f_lseek           ff.o
    0x080061d8   0x080061d8   0x00000124   Code   RO         3186    i.f_mkdir           ff.o
    0x080062fc   0x080062fc   0x00000754   Code   RO         3187    i.f_mkfs            ff.o
    0x08006a50   0x08006a50   0x00000054   Code   RO         3188    i.f_mount           ff.o
    0x08006aa4   0x08006aa4   0x00000208   Code   RO         3189    i.f_open            ff.o
    0x08006cac   0x08006cac   0x0000008a   Code   RO         3190    i.f_opendir         ff.o
    0x08006d36   0x08006d36   0x00000022   Code   RO         3192    i.f_putc            ff.o
    0x08006d58   0x08006d58   0x0000002c   Code   RO         3193    i.f_puts            ff.o
    0x08006d84   0x08006d84   0x0000019c   Code   RO         3194    i.f_read            ff.o
    0x08006f20   0x08006f20   0x00000068   Code   RO         3195    i.f_readdir         ff.o
    0x08006f88   0x08006f88   0x0000013c   Code   RO         3196    i.f_rename          ff.o
    0x080070c4   0x080070c4   0x00000138   Code   RO         3197    i.f_setlabel        ff.o
    0x080071fc   0x080071fc   0x000000a0   Code   RO         3199    i.f_sync            ff.o
    0x0800729c   0x0800729c   0x000000c4   Code   RO         3201    i.f_unlink          ff.o
    0x08007360   0x08007360   0x000001de   Code   RO         3202    i.f_write           ff.o
    0x0800753e   0x0800753e   0x00000002   PAD
    0x08007540   0x08007540   0x0000007c   Code   RO         1507    i.ff_convert        gbk.o
    0x080075bc   0x080075bc   0x0000000c   Code   RO         3561    i.ff_memalloc       ffsystem.o
    0x080075c8   0x080075c8   0x0000000c   Code   RO         3562    i.ff_memfree        ffsystem.o
    0x080075d4   0x080075d4   0x00000068   Code   RO         3587    i.ff_oem2uni        ffunicode.o
    0x0800763c   0x0800763c   0x00000074   Code   RO         3588    i.ff_uni2oem        ffunicode.o
    0x080076b0   0x080076b0   0x000000b0   Code   RO         3589    i.ff_wtoupper       ffunicode.o
    0x08007760   0x08007760   0x00000078   Code   RO         3203    i.find_volume       ff.o
    0x080077d8   0x080077d8   0x000000a0   Code   RO         3204    i.follow_path       ff.o
    0x08007878   0x08007878   0x0000001c   Code   RO         1781    i.fputc             usart.o
    0x08007894   0x08007894   0x00000050   Code   RO         6304    i.free              mc_w.l(malloc.o)
    0x080078e4   0x080078e4   0x000000cc   Code   RO         3205    i.gen_numname       ff.o
    0x080079b0   0x080079b0   0x000000e0   Code   RO         3206    i.get_fat           ff.o
    0x08007a90   0x08007a90   0x00000004   Code   RO         3115    i.get_fattime       diskio.o
    0x08007a94   0x08007a94   0x0000017e   Code   RO         3207    i.get_fileinfo      ff.o
    0x08007c12   0x08007c12   0x00000054   Code   RO         3208    i.get_ldnumber      ff.o
    0x08007c66   0x08007c66   0x0000001a   Code   RO         1452    i.getgb             gbk2utf2uni.o
    0x08007c80   0x08007c80   0x00000054   Code   RO         1163    i.keychartimesort   myapp.o
    0x08007cd4   0x08007cd4   0x00000026   Code   RO         3209    i.ld_clust          ff.o
    0x08007cfa   0x08007cfa   0x00000018   Code   RO         3210    i.ld_dword          ff.o
    0x08007d12   0x08007d12   0x0000000c   Code   RO         3211    i.ld_word           ff.o
    0x08007d1e   0x08007d1e   0x00000002   PAD
    0x08007d20   0x08007d20   0x0000003c   Code   RO            3    i.main              main.o
    0x08007d5c   0x08007d5c   0x0000006c   Code   RO         6305    i.malloc            mc_w.l(malloc.o)
    0x08007dc8   0x08007dc8   0x00000024   Code   RO         3212    i.mem_cmp           ff.o
    0x08007dec   0x08007dec   0x0000001a   Code   RO         3213    i.mem_cpy           ff.o
    0x08007e06   0x08007e06   0x00000012   Code   RO         3214    i.mem_set           ff.o
    0x08007e18   0x08007e18   0x00000014   Code   RO         3674    i.mf_close          fattester.o
    0x08007e2c   0x08007e2c   0x00000010   Code   RO         3675    i.mf_closedir       fattester.o
    0x08007e3c   0x08007e3c   0x00000014   Code   RO         3676    i.mf_fmkfs          fattester.o
    0x08007e50   0x08007e50   0x00000084   Code   RO         3677    i.mf_getlabel       fattester.o
    0x08007ed4   0x08007ed4   0x0000004c   Code   RO         3678    i.mf_gets           fattester.o
    0x08007f20   0x08007f20   0x00000014   Code   RO         3679    i.mf_lseek          fattester.o
    0x08007f34   0x08007f34   0x0000000c   Code   RO         3680    i.mf_mkdir          fattester.o
    0x08007f40   0x08007f40   0x00000018   Code   RO         3681    i.mf_mount          fattester.o
    0x08007f58   0x08007f58   0x0000001c   Code   RO         3682    i.mf_open           fattester.o
    0x08007f74   0x08007f74   0x00000014   Code   RO         3683    i.mf_opendir        fattester.o
    0x08007f88   0x08007f88   0x00000018   Code   RO         3684    i.mf_putc           fattester.o
    0x08007fa0   0x08007fa0   0x00000018   Code   RO         3685    i.mf_puts           fattester.o
    0x08007fb8   0x08007fb8   0x00000158   Code   RO         3686    i.mf_read           fattester.o
    0x08008110   0x08008110   0x000000c8   Code   RO         3688    i.mf_readdir        fattester.o
    0x080081d8   0x080081d8   0x00000010   Code   RO         3689    i.mf_rename         fattester.o
    0x080081e8   0x080081e8   0x0000005c   Code   RO         3690    i.mf_setlabel       fattester.o
    0x08008244   0x08008244   0x000000a8   Code   RO         3691    i.mf_showfree       fattester.o
    0x080082ec   0x080082ec   0x0000000c   Code   RO         3692    i.mf_size           fattester.o
    0x080082f8   0x080082f8   0x0000000c   Code   RO         3693    i.mf_tell           fattester.o
    0x08008304   0x08008304   0x0000000c   Code   RO         3694    i.mf_unlink         fattester.o
    0x08008310   0x08008310   0x000000b8   Code   RO         3695    i.mf_write          fattester.o
    0x080083c8   0x080083c8   0x000002a8   Code   RO         3215    i.mount_volume      ff.o
    0x08008670   0x08008670   0x00000034   Code   RO         3216    i.move_window       ff.o
    0x080086a4   0x080086a4   0x0000008c   Code   RO         3217    i.pick_lfn          ff.o
    0x08008730   0x08008730   0x00000098   Code   RO         2428    i.prvAddCurrentTaskToDelayedList  tasks.o
    0x080087c8   0x080087c8   0x000000b8   Code   RO         2429    i.prvAddNewTaskToReadyList  tasks.o
    0x08008880   0x08008880   0x00000064   Code   RO         2809    i.prvCheckForValidListAndQueue  timers.o
    0x080088e4   0x080088e4   0x00000048   Code   RO         2430    i.prvCheckTasksWaitingTermination  tasks.o
    0x0800892c   0x0800892c   0x0000002a   Code   RO         1999    i.prvCopyDataFromQueue  queue.o
    0x08008956   0x08008956   0x0000007e   Code   RO         2000    i.prvCopyDataToQueue  queue.o
    0x080089d4   0x080089d4   0x00000012   Code   RO         2431    i.prvDeleteTCB      tasks.o
    0x080089e6   0x080089e6   0x00000014   Code   RO         2001    i.prvGetDisinheritPriorityAfterTimeout  queue.o
    0x080089fa   0x080089fa   0x00000002   PAD
    0x080089fc   0x080089fc   0x00000028   Code   RO         2810    i.prvGetNextExpireTime  timers.o
    0x08008a24   0x08008a24   0x0000007c   Code   RO         2962    i.prvHeapInit       heap_4.o
    0x08008aa0   0x08008aa0   0x00000008   Code   RO         2432    i.prvIdleTask       tasks.o
    0x08008aa8   0x08008aa8   0x0000001e   Code   RO         2002    i.prvInitialiseMutex  queue.o
    0x08008ac6   0x08008ac6   0x0000002e   Code   RO         2003    i.prvInitialiseNewQueue  queue.o
    0x08008af4   0x08008af4   0x000000d8   Code   RO         2433    i.prvInitialiseNewTask  tasks.o
    0x08008bcc   0x08008bcc   0x00000068   Code   RO         2434    i.prvInitialiseTaskLists  tasks.o
    0x08008c34   0x08008c34   0x00000068   Code   RO         2963    i.prvInsertBlockIntoFreeList  heap_4.o
    0x08008c9c   0x08008c9c   0x00000058   Code   RO         2812    i.prvInsertTimerInActiveList  timers.o
    0x08008cf4   0x08008cf4   0x0000001a   Code   RO         2004    i.prvIsQueueEmpty   queue.o
    0x08008d0e   0x08008d0e   0x0000001e   Code   RO         2005    i.prvIsQueueFull    queue.o
    0x08008d2c   0x08008d2c   0x0000009c   Code   RO         2006    i.prvNotifyQueueSetContainer  queue.o
    0x08008dc8   0x08008dc8   0x00000090   Code   RO         2813    i.prvProcessExpiredTimer  timers.o
    0x08008e58   0x08008e58   0x0000014c   Code   RO         2814    i.prvProcessReceivedCommands  timers.o
    0x08008fa4   0x08008fa4   0x00000074   Code   RO         2815    i.prvProcessTimerOrBlockTask  timers.o
    0x08009018   0x08009018   0x00000034   Code   RO         2436    i.prvResetNextTaskUnblockTime  tasks.o
    0x0800904c   0x0800904c   0x0000002c   Code   RO         2816    i.prvSampleTimeNow  timers.o
    0x08009078   0x08009078   0x000000c0   Code   RO         2817    i.prvSwitchTimerLists  timers.o
    0x08009138   0x08009138   0x00000070   Code   RO         3026    i.prvTaskExitError  port.o
    0x080091a8   0x080091a8   0x0000001a   Code   RO         2818    i.prvTimerTask      timers.o
    0x080091c2   0x080091c2   0x00000090   Code   RO         2007    i.prvUnlockQueue    queue.o
    0x08009252   0x08009252   0x00000138   Code   RO         3218    i.put_fat           ff.o
    0x0800938a   0x0800938a   0x00000002   PAD
    0x0800938c   0x0800938c   0x00000080   Code   RO         3219    i.put_lfn           ff.o
    0x0800940c   0x0800940c   0x00000048   Code   RO         3220    i.put_utf           ff.o
    0x08009454   0x08009454   0x00000044   Code   RO         3221    i.putc_bfd          ff.o
    0x08009498   0x08009498   0x0000002c   Code   RO         3222    i.putc_flush        ff.o
    0x080094c4   0x080094c4   0x00000014   Code   RO         3223    i.putc_init         ff.o
    0x080094d8   0x080094d8   0x00000160   Code   RO         2964    i.pvPortMalloc      heap_4.o
    0x08009638   0x08009638   0x00000020   Code   RO         2439    i.pvTaskIncrementMutexHeldCount  tasks.o
    0x08009658   0x08009658   0x0000002c   Code   RO         3027    i.pxPortInitialiseStack  port.o
    0x08009684   0x08009684   0x00000006   Code   RO         1526    i.read_addr         usmart.o
    0x0800968a   0x0800968a   0x00000002   PAD
    0x0800968c   0x0800968c   0x00000020   Code   RO          989    i.read_current_finaliy_point  bsp_dma.o
    0x080096ac   0x080096ac   0x0000011c   Code   RO         1271    i.rec_i2s_dma_rx_callback  voice_access.o
    0x080097c8   0x080097c8   0x0000002c   Code   RO         1272    i.recoder_enter_play_mode  voice_access.o
    0x080097f4   0x080097f4   0x0000009c   Code   RO         1273    i.recoder_enter_rec_mode  voice_access.o
    0x08009890   0x08009890   0x0000009a   Code   RO         3224    i.remove_chain      ff.o
    0x0800992a   0x0800992a   0x00000002   PAD
    0x0800992c   0x0800992c   0x00000090   Code   RO         3696    i.scan_files        fattester.o
    0x080099bc   0x080099bc   0x00000024   Code   RO         3225    i.st_clust          ff.o
    0x080099e0   0x080099e0   0x00000018   Code   RO         3226    i.st_dword          ff.o
    0x080099f8   0x080099f8   0x0000000c   Code   RO         3227    i.st_word           ff.o
    0x08009a04   0x08009a04   0x00000020   Code   RO         3228    i.sum_sfn           ff.o
    0x08009a24   0x08009a24   0x00000028   Code   RO          990    i.swich_current_read_point  bsp_dma.o
    0x08009a4c   0x08009a4c   0x00000090   Code   RO         3229    i.sync_fs           ff.o
    0x08009adc   0x08009adc   0x0000004a   Code   RO         3230    i.sync_window       ff.o
    0x08009b26   0x08009b26   0x0000004c   Code   RO         3231    i.tchar2uni         ff.o
    0x08009b72   0x08009b72   0x00000002   PAD
    0x08009b74   0x08009b74   0x000000b0   Code   RO         1782    i.uart_init         usart.o
    0x08009c24   0x08009c24   0x0000000c   Code   RO          909    i.uasrt_key_send    bsp_key.o
    0x08009c30   0x08009c30   0x0000002c   Code   RO          991    i.usartReadStart    bsp_dma.o
    0x08009c5c   0x08009c5c   0x0000002c   Code   RO          993    i.usartSendStart    bsp_dma.o
    0x08009c88   0x08009c88   0x00000078   Code   RO         1164    i.usart_parse       myapp.o
    0x08009d00   0x08009d00   0x000000b0   Code   RO         1527    i.usmart_cmd_rec    usmart.o
    0x08009db0   0x08009db0   0x000002d4   Code   RO         1528    i.usmart_exe        usmart.o
    0x0800a084   0x0800a084   0x000000c8   Code   RO         1635    i.usmart_get_aparm  usmart_str.o
    0x0800a14c   0x0800a14c   0x00000036   Code   RO         1636    i.usmart_get_cmdname  usmart_str.o
    0x0800a182   0x0800a182   0x00000002   PAD
    0x0800a184   0x0800a184   0x000001c0   Code   RO         1637    i.usmart_get_fname  usmart_str.o
    0x0800a344   0x0800a344   0x0000010c   Code   RO         1638    i.usmart_get_fparam  usmart_str.o
    0x0800a450   0x0800a450   0x00000020   Code   RO         1639    i.usmart_get_parmpos  usmart_str.o
    0x0800a470   0x0800a470   0x00000044   Code   RO         1529    i.usmart_get_runtime  usmart.o
    0x0800a4b4   0x0800a4b4   0x00000028   Code   RO         1530    i.usmart_init       usmart.o
    0x0800a4dc   0x0800a4dc   0x00000016   Code   RO         1640    i.usmart_pow        usmart_str.o
    0x0800a4f2   0x0800a4f2   0x00000002   PAD
    0x0800a4f4   0x0800a4f4   0x00000030   Code   RO         1531    i.usmart_reset_runtime  usmart.o
    0x0800a524   0x0800a524   0x000000bc   Code   RO         1532    i.usmart_scan       usmart.o
    0x0800a5e0   0x0800a5e0   0x00000016   Code   RO         1641    i.usmart_search_nextc  usmart_str.o
    0x0800a5f6   0x0800a5f6   0x000000ca   Code   RO         1642    i.usmart_str2num    usmart_str.o
    0x0800a6c0   0x0800a6c0   0x00000022   Code   RO         1643    i.usmart_strcmp     usmart_str.o
    0x0800a6e2   0x0800a6e2   0x00000016   Code   RO         1644    i.usmart_strcopy    usmart_str.o
    0x0800a6f8   0x0800a6f8   0x00000018   Code   RO         1645    i.usmart_strlen     usmart_str.o
    0x0800a710   0x0800a710   0x000006e4   Code   RO         1533    i.usmart_sys_cmd_exe  usmart.o
    0x0800adf4   0x0800adf4   0x000000c2   Code   RO         1456    i.utf82gbk          gbk2utf2uni.o
    0x0800aeb6   0x0800aeb6   0x00000028   Code   RO         1954    i.uxListRemove      list.o
    0x0800aede   0x0800aede   0x0000001a   Code   RO         1955    i.vListInitialise   list.o
    0x0800aef8   0x0800aef8   0x00000006   Code   RO         1956    i.vListInitialiseItem  list.o
    0x0800aefe   0x0800aefe   0x00000034   Code   RO         1957    i.vListInsert       list.o
    0x0800af32   0x0800af32   0x00000018   Code   RO         1958    i.vListInsertEnd    list.o
    0x0800af4a   0x0800af4a   0x00000002   PAD
    0x0800af4c   0x0800af4c   0x00000088   Code   RO         3029    i.vPortEnterCritical  port.o
    0x0800afd4   0x0800afd4   0x00000070   Code   RO         3030    i.vPortExitCritical  port.o
    0x0800b044   0x0800b044   0x000000c8   Code   RO         2965    i.vPortFree         heap_4.o
    0x0800b10c   0x0800b10c   0x00000018   Code   RO         3031    i.vPortSetupTimerInterrupt  port.o
    0x0800b124   0x0800b124   0x000000a0   Code   RO         3032    i.vPortValidateInterruptPriority  port.o
    0x0800b1c4   0x0800b1c4   0x0000002c   Code   RO         2013    i.vQueueAddToRegistry  queue.o
    0x0800b1f0   0x0800b1f0   0x0000004a   Code   RO         2017    i.vQueueWaitForMessageRestricted  queue.o
    0x0800b23a   0x0800b23a   0x00000002   PAD
    0x0800b23c   0x0800b23c   0x00000028   Code   RO            4    i.vTaskAudioPlay    main.o
    0x0800b264   0x0800b264   0x00000074   Code   RO         2448    i.vTaskDelay        tasks.o
    0x0800b2d8   0x0800b2d8   0x0000010c   Code   RO         2450    i.vTaskDelete       tasks.o
    0x0800b3e4   0x0800b3e4   0x00000018   Code   RO         2453    i.vTaskInternalSetTimeOutState  tasks.o
    0x0800b3fc   0x0800b3fc   0x00000038   Code   RO            5    i.vTaskKeyGet       main.o
    0x0800b434   0x0800b434   0x00000010   Code   RO            6    i.vTaskLED          main.o
    0x0800b444   0x0800b444   0x0000000c   Code   RO         2454    i.vTaskMissedYield  tasks.o
    0x0800b450   0x0800b450   0x00000054   Code   RO         2456    i.vTaskPlaceOnEventList  tasks.o
    0x0800b4a4   0x0800b4a4   0x0000005c   Code   RO         2457    i.vTaskPlaceOnEventListRestricted  tasks.o
    0x0800b500   0x0800b500   0x000000f4   Code   RO         2459    i.vTaskPriorityDisinheritAfterTimeout  tasks.o
    0x0800b5f4   0x0800b5f4   0x00000034   Code   RO            7    i.vTaskSpeechRec    main.o
    0x0800b628   0x0800b628   0x000000ac   Code   RO         2465    i.vTaskStartScheduler  tasks.o
    0x0800b6d4   0x0800b6d4   0x00000010   Code   RO         2467    i.vTaskSuspendAll   tasks.o
    0x0800b6e4   0x0800b6e4   0x000000a8   Code   RO         2468    i.vTaskSwitchContext  tasks.o
    0x0800b78c   0x0800b78c   0x00000150   Code   RO            8    i.vTaskTaskInit     main.o
    0x0800b8dc   0x0800b8dc   0x00000020   Code   RO            9    i.vTaskUsartParse   main.o
    0x0800b8fc   0x0800b8fc   0x0000003c   Code   RO         3232    i.validate          ff.o
    0x0800b938   0x0800b938   0x00000054   Code   RO         1274    i.voice_End_Receive  voice_access.o
    0x0800b98c   0x0800b98c   0x000000a8   Code   RO         1275    i.voice_Receive     voice_access.o
    0x0800ba34   0x0800ba34   0x0000002c   Code   RO         1277    i.voice_info_size   voice_access.o
    0x0800ba60   0x0800ba60   0x00000004   Code   RO         1534    i.write_addr        usmart.o
    0x0800ba64   0x0800ba64   0x0000019c   Code   RO         3033    i.xPortStartScheduler  port.o
    0x0800bc00   0x0800bc00   0x00000034   Code   RO         3034    i.xPortSysTickHandler  port.o
    0x0800bc34   0x0800bc34   0x00000022   Code   RO         2020    i.xQueueCreateMutex  queue.o
    0x0800bc56   0x0800bc56   0x00000002   PAD
    0x0800bc58   0x0800bc58   0x00000070   Code   RO         2022    i.xQueueGenericCreate  queue.o
    0x0800bcc8   0x0800bcc8   0x000000b0   Code   RO         2023    i.xQueueGenericReset  queue.o
    0x0800bd78   0x0800bd78   0x000001d4   Code   RO         2024    i.xQueueGenericSend  queue.o
    0x0800bf4c   0x0800bf4c   0x00000118   Code   RO         2025    i.xQueueGenericSendFromISR  queue.o
    0x0800c064   0x0800c064   0x000000fc   Code   RO         2026    i.xQueueGiveFromISR  queue.o
    0x0800c160   0x0800c160   0x00000170   Code   RO         2032    i.xQueueReceive     queue.o
    0x0800c2d0   0x0800c2d0   0x000001b4   Code   RO         2037    i.xQueueSemaphoreTake  queue.o
    0x0800c484   0x0800c484   0x0000009c   Code   RO         2470    i.xTaskCheckForTimeOut  tasks.o
    0x0800c520   0x0800c520   0x00000060   Code   RO         2471    i.xTaskCreate       tasks.o
    0x0800c580   0x0800c580   0x00000020   Code   RO         2475    i.xTaskGetSchedulerState  tasks.o
    0x0800c5a0   0x0800c5a0   0x0000000c   Code   RO         2476    i.xTaskGetTickCount  tasks.o
    0x0800c5ac   0x0800c5ac   0x00000160   Code   RO         2478    i.xTaskIncrementTick  tasks.o
    0x0800c70c   0x0800c70c   0x000000d8   Code   RO         2481    i.xTaskPriorityDisinherit  tasks.o
    0x0800c7e4   0x0800c7e4   0x000000b8   Code   RO         2482    i.xTaskPriorityInherit  tasks.o
    0x0800c89c   0x0800c89c   0x000000b4   Code   RO         2483    i.xTaskRemoveFromEventList  tasks.o
    0x0800c950   0x0800c950   0x00000120   Code   RO         2484    i.xTaskResumeAll    tasks.o
    0x0800ca70   0x0800ca70   0x00000074   Code   RO         2826    i.xTimerCreateTimerTask  timers.o
    0x0800cae4   0x0800cae4   0x000000a0   Code   RO         2827    i.xTimerGenericCommand  timers.o
    0x0800cb84   0x0800cb84   0x0000006e   Data   RO          831    .constdata          bsp_i2s.o
    0x0800cbf2   0x0800cbf2   0x00000004   Data   RO         1278    .constdata          voice_access.o
    0x0800cbf6   0x0800cbf6   0x00000040   Data   RO         1384    .constdata          base64.o
    0x0800cc36   0x0800cc36   0x0002a908   Data   RO         1508    .constdata          gbk.o
    0x0803753e   0x0803753e   0x00000002   PAD
    0x08037540   0x08037540   0x00000058   Data   RO         3233    .constdata          ff.o
    0x08037598   0x08037598   0x0002abb6   Data   RO         3590    .constdata          ffunicode.o
    0x0806214e   0x0806214e   0x00000002   PAD
    0x08062150   0x08062150   0x00000059   Data   RO         1165    .conststring        myapp.o
    0x080621a9   0x080621a9   0x00000003   PAD
    0x080621ac   0x080621ac   0x00000119   Data   RO         1209    .conststring        speech_rec.o
    0x080622c5   0x080622c5   0x00000003   PAD
    0x080622c8   0x080622c8   0x00000028   Data   RO         1535    .conststring        usmart.o
    0x080622f0   0x080622f0   0x000002d9   Data   RO         1609    .conststring        usmart_config.o
    0x080625c9   0x080625c9   0x00000003   PAD
    0x080625cc   0x080625cc   0x00000020   Data   RO         6377    Region$$Table       anon$$obj.o


    Execution Region RW_IRAM1 (Exec base: 0x20000000, Load base: 0x080625ec, Size: 0x00018000, Max: 0x00020000, ABSOLUTE, COMPRESSED[0x00000174])

    Exec Addr    Load Addr    Size         Type   Attr      Idx    E Section Name        Object

    0x20000000   COMPRESSED   0x00000031   Data   RW           10    .data               main.o
    0x20000031   COMPRESSED   0x00000001   Data   RW          384    .data               bsp_led.o
    0x20000032   COMPRESSED   0x00000002   PAD
    0x20000034   COMPRESSED   0x00000010   Data   RW          442    .data               bsp_sdio_sdcard.o
    0x20000044   COMPRESSED   0x00000074   Data   RW          644    .data               bsp_wm8978.o
    0x200000b8   COMPRESSED   0x00000008   Data   RW          832    .data               bsp_i2s.o
    0x200000c0   COMPRESSED   0x00000002   Data   RW          910    .data               bsp_key.o
    0x200000c2   COMPRESSED   0x00000002   PAD
    0x200000c4   COMPRESSED   0x00000008   Data   RW          996    .data               bsp_dma.o
    0x200000cc   COMPRESSED   0x00000068   Data   RW         1166    .data               myapp.o
    0x20000134   COMPRESSED   0x00000009   Data   RW         1210    .data               speech_rec.o
    0x2000013d   COMPRESSED   0x00000003   PAD
    0x20000140   COMPRESSED   0x00000011   Data   RW         1279    .data               voice_access.o
    0x20000151   COMPRESSED   0x00000003   PAD
    0x20000154   COMPRESSED   0x0000001c   Data   RW         1536    .data               usmart.o
    0x20000170   COMPRESSED   0x000001d4   Data   RW         1610    .data               usmart_config.o
    0x20000344   COMPRESSED   0x00000004   Data   RW         1720    .data               delay.o
    0x20000348   COMPRESSED   0x00000006   Data   RW         1784    .data               usart.o
    0x2000034e   COMPRESSED   0x00000002   PAD
    0x20000350   COMPRESSED   0x0000003c   Data   RW         2487    .data               tasks.o
    0x2000038c   COMPRESSED   0x00000014   Data   RW         2833    .data               timers.o
    0x200003a0   COMPRESSED   0x00000020   Data   RW         2971    .data               heap_4.o
    0x200003c0   COMPRESSED   0x0000000c   Data   RW         3035    .data               port.o
    0x200003cc   COMPRESSED   0x00000006   Data   RW         3234    .data               ff.o
    0x200003d2   COMPRESSED   0x00000002   PAD
    0x200003d4   COMPRESSED   0x00000018   Data   RW         3628    .data               exfuns.o
    0x200003ec   COMPRESSED   0x00000010   Data   RW         4113    .data               stm32f4xx_rcc.o
    0x200003fc   COMPRESSED   0x00000004   Data   RW         5995    .data               segger_hardfaulthandler.o
    0x20000400   COMPRESSED   0x00000004   Data   RW         6368    .data               mc_w.l(mvars.o)
    0x20000404   COMPRESSED   0x00000004   Data   RW         6369    .data               mc_w.l(mvars.o)
    0x20000408        -       0x000002c0   Zero   RW          441    .bss                bsp_sdio_sdcard.o
    0x200006c8        -       0x000000c8   Zero   RW          995    .bss                bsp_dma.o
    0x20000790        -       0x00000014   Zero   RW         1208    .bss                speech_rec.o
    0x200007a4        -       0x000000c8   Zero   RW         1783    .bss                usart.o
    0x2000086c        -       0x00000040   Zero   RW         2039    .bss                queue.o
    0x200008ac        -       0x000001a4   Zero   RW         2486    .bss                tasks.o
    0x20000a50        -       0x00000028   Zero   RW         2832    .bss                timers.o
    0x20000a78        -       0x00005000   Zero   RW         2970    .bss                heap_4.o
    0x20005a78        -       0x00000030   Zero   RW         3625    .bss                exfuns.o
    0x20005aa8        -       0x00000118   Zero   RW         3697    .bss                fattester.o
    0x20005bc0        -       0x00000040   Zero   RW         5994    .bss                segger_hardfaulthandler.o
    0x20005c00        -       0x00012000   Zero   RW         3826    HEAP                startup_stm32f40_41xxx.o
    0x20017c00        -       0x00000400   Zero   RW         3825    STACK               startup_stm32f40_41xxx.o


==============================================================================

Image component sizes


      Code (inc. data)   RO Data    RW Data    ZI Data      Debug   Object Name

       380         22         64          0          0       2601   base64.o
       172         50          0          0          0        534   bsp.o
       652        102          0          8        200       7036   bsp_dma.o
       148          8          0          0          0       1169   bsp_exti.o
       840         90        110          8          0       7660   bsp_i2s.o
        60         12          0          2          0       1687   bsp_key.o
        88         14          0          1          0       1020   bsp_led.o
       428         68          0          0          0       2837   bsp_myiic.o
      7486        402          0         16        704      34489   bsp_sdio_sdcard.o
       272         22          0          0          0       1375   bsp_usart.o
       804         18          0        116          0       8169   bsp_wm8978.o
       220         18          0          4          0       2541   delay.o
       358          6          0          0          0       5308   diskio.o
         0          0          0          0          0       8180   event_groups.o
       124         18          0         24         48       1513   exfuns.o
      1600        664          0          0        280      13703   fattester.o
     12602        192         88          6          0      72636   ff.o
        24          0          0          0          0       1119   ffsystem.o
       396         28     175030          0          0       3024   ffunicode.o
       124          8     174344          0          0       1543   gbk.o
       220          0          0          0          0       1735   gbk2utf2uni.o
        18          0          0          0          0        304   hardfaulthandler.o
       780        184          0         32      20480       4087   heap_4.o
       148          0          0          0          0       3238   list.o
       592        204          0         49          0     335527   main.o
       180         24          0          0          0       2081   misc.o
       744         16         89        104          0       3791   myapp.o
      1242        392          0         12          0      10973   port.o
      2864        322          0          0         64      19984   queue.o
       180         14          0          4         64       3351   segger_hardfaulthandler.o
       792        154        281          9         20       7090   speech_rec.o
        36          8        392          0      74752        840   startup_stm32f40_41xxx.o
       756         58          0          0          0       8201   stm32f4xx_dma.o
       184         16          0          0          0       2100   stm32f4xx_exti.o
       214          0          0          0          0       1775   stm32f4xx_gpio.o
        16          0          0          0          0       2281   stm32f4xx_it.o
       420         58          0         16          0       6908   stm32f4xx_rcc.o
       208         38          0          0          0       5689   stm32f4xx_sdio.o
       530         12          0          0          0       3353   stm32f4xx_spi.o
        64          4          0          0          0        656   stm32f4xx_syscfg.o
       252         28          0          0          0       6552   stm32f4xx_tim.o
       422          8          0          0          0       4893   stm32f4xx_usart.o
        16          0          0          0          0        504   sys.o
       340         32          0          0          0       1485   system_stm32f4xx.o
      3550        880          0         60        420      30769   tasks.o
      1358        310          0         20         40      11419   timers.o
       340         30          0          6        200       3804   usart.o
      3166       1330         40         28          0       8010   usmart.o
        24          8        729        468          0       2223   usmart_config.o
      1328         20          0          0          0       8913   usmart_str.o
       780        142          4         17          0       4996   voice_access.o

    ----------------------------------------------------------------------
     48596       6034     351216       1024      97272     685676   Object Totals
         0          0         32          0          0          0   (incl. Generated)
        54          0         13         14          0          0   (incl. Padding)

    ----------------------------------------------------------------------

      Code (inc. data)   RO Data    RW Data    ZI Data      Debug   Library Member Name

        20          0          0          0          0        124   fabs.o
        86          0          0          0          0          0   __dczerorl2.o
         0          0          0          0          0          0   entry.o
         0          0          0          0          0          0   entry10a.o
         0          0          0          0          0          0   entry11a.o
         8          4          0          0          0          0   entry2.o
         4          0          0          0          0          0   entry5.o
         0          0          0          0          0          0   entry7b.o
         0          0          0          0          0          0   entry8b.o
         8          4          0          0          0          0   entry9a.o
        30          0          0          0          0          0   handlers.o
        36          8          0          0          0         68   init.o
         0          0          0          0          0          0   iusefp.o
        98          0          0          0          0         84   ldiv.o
        30          0          0          0          0         68   llshl.o
        36          0          0          0          0         68   llsshr.o
        32          0          0          0          0         68   llushr.o
       188         20          0          0          0        160   malloc.o
        36          0          0          0          0         68   memcpya.o
        36          0          0          0          0        108   memseta.o
         0          0          0          8          0          0   mvars.o
      1204         60          0          0          0        504   printf8.o
        14          0          0          0          0         68   strlen.o
        36          0          0          0          0         80   strstr.o
        98          0          0          0          0         92   uldiv.o
        48          0          0          0          0         68   cdrcmple.o
       334          0          0          0          0        148   dadd.o
       222          0          0          0          0        100   ddiv.o
       186          0          0          0          0        176   depilogue.o
        62          0          0          0          0         80   dfixi.o
        26          0          0          0          0         76   dfltui.o
       228          0          0          0          0         96   dmul.o

    ----------------------------------------------------------------------
      3112         96          0          8          0       2304   Library Totals
         6          0          0          0          0          0   (incl. Padding)

    ----------------------------------------------------------------------

      Code (inc. data)   RO Data    RW Data    ZI Data      Debug   Library Name

        20          0          0          0          0        124   m_wm.l
      1980         96          0          8          0       1436   mc_w.l
      1106          0          0          0          0        744   mf_w.l

    ----------------------------------------------------------------------
      3112         96          0          8          0       2304   Library Totals

    ----------------------------------------------------------------------

==============================================================================


      Code (inc. data)   RO Data    RW Data    ZI Data      Debug   

     51708       6130     351216       1032      97272     650320   Grand Totals
     51708       6130     351216        372      97272     650320   ELF Image Totals (compressed)
     51708       6130     351216        372          0          0   ROM Totals

==============================================================================

    Total RO  Size (Code + RO Data)               402924 ( 393.48kB)
    Total RW  Size (RW Data + ZI Data)             98304 (  96.00kB)
    Total ROM Size (Code + RO Data + RW Data)     403296 ( 393.84kB)

==============================================================================

