Component: ARM Compiler 5.06 update 6 (build 750) Tool: armlink [4d35ed]

==============================================================================

Section Cross References

    main.o(i.App_Printf) refers to printfa.o(i.__0vsnprintf) for vsnprintf
    main.o(i.App_Printf) refers to queue.o(i.xQueueSemaphoreTake) for xQueueSemaphoreTake
    main.o(i.App_Printf) refers to printfa.o(i.__0printf) for __2printf
    main.o(i.App_Printf) refers to queue.o(i.xQueueGenericSend) for xQueueGenericSend
    main.o(i.App_Printf) refers to main.o(.data) for xAppPrintfMutex
    main.o(i.TimerCallbackFunction) refers to printfa.o(i.__0printf) for __2printf
    main.o(i.TimerCallbackFunction) refers to timers.o(i.pvTimerGetTimerID) for pvTimerGetTimerID
    main.o(i.TimerCallbackFunction) refers to main.o(i.App_Printf) for App_Printf
    main.o(i.TimerCallbackFunction) refers to timers.o(i.xTimerIsTimerActive) for xTimerIsTimerActive
    main.o(i.TimerCallbackFunction) refers to timers.o(i.vTimerSetTimerID) for vTimerSetTimerID
    main.o(i.TimerCallbackFunction) refers to timers.o(i.xTimerGenericCommand) for xTimerGenericCommand
    main.o(i.TimerCallbackFunction) refers to main.o(.data) for xOnlyTimer
    main.o(i.main) refers to bsp.o(i.bspInit) for bspInit
    main.o(i.main) refers to tasks.o(i.xTaskCreate) for xTaskCreate
    main.o(i.main) refers to tasks.o(i.vTaskStartScheduler) for vTaskStartScheduler
    main.o(i.main) refers to main.o(.data) for xHandleTaskInit
    main.o(i.main) refers to main.o(i.vTaskTaskInit) for vTaskTaskInit
    main.o(i.vTaskGetKey) refers to queue.o(i.xQueueSemaphoreTake) for xQueueSemaphoreTake
    main.o(i.vTaskGetKey) refers to tasks.o(i.vTaskDelay) for vTaskDelay
    main.o(i.vTaskGetKey) refers to bsp_key.o(i.KEY_Scan) for KEY_Scan
    main.o(i.vTaskGetKey) refers to tasks.o(i.xTaskGetTickCount) for xTaskGetTickCount
    main.o(i.vTaskGetKey) refers to timers.o(i.xTimerGenericCommand) for xTimerGenericCommand
    main.o(i.vTaskGetKey) refers to main.o(i.App_Printf) for App_Printf
    main.o(i.vTaskGetKey) refers to tasks.o(i.vTaskList) for vTaskList
    main.o(i.vTaskGetKey) refers to tasks.o(i.vTaskGetRunTimeStats) for vTaskGetRunTimeStats
    main.o(i.vTaskGetKey) refers to heap_4.o(i.xPortGetFreeHeapSize) for xPortGetFreeHeapSize
    main.o(i.vTaskGetKey) refers to main.o(.data) for xKeyGetSemBin
    main.o(i.vTaskLED) refers to bsp_led.o(i.bspLedToggle) for bspLedToggle
    main.o(i.vTaskLED) refers to tasks.o(i.vTaskDelay) for vTaskDelay
    main.o(i.vTaskTaskInit) refers to port.o(i.vPortEnterCritical) for vPortEnterCritical
    main.o(i.vTaskTaskInit) refers to queue.o(i.xQueueCreateMutex) for xQueueCreateMutex
    main.o(i.vTaskTaskInit) refers to queue.o(i.xQueueGenericCreate) for xQueueGenericCreate
    main.o(i.vTaskTaskInit) refers to timers.o(i.xTimerCreate) for xTimerCreate
    main.o(i.vTaskTaskInit) refers to tasks.o(i.xTaskGetTickCount) for xTaskGetTickCount
    main.o(i.vTaskTaskInit) refers to timers.o(i.xTimerGenericCommand) for xTimerGenericCommand
    main.o(i.vTaskTaskInit) refers to tasks.o(i.xTaskCreate) for xTaskCreate
    main.o(i.vTaskTaskInit) refers to tasks.o(i.vTaskDelete) for vTaskDelete
    main.o(i.vTaskTaskInit) refers to port.o(i.vPortExitCritical) for vPortExitCritical
    main.o(i.vTaskTaskInit) refers to main.o(.data) for xAppPrintfMutex
    main.o(i.vTaskTaskInit) refers to main.o(i.TimerCallbackFunction) for TimerCallbackFunction
    main.o(i.vTaskTaskInit) refers to main.o(i.vTaskLED) for vTaskLED
    main.o(i.vTaskTaskInit) refers to main.o(i.vTaskGetKey) for vTaskGetKey
    sysinfotest.o(i.TIM5_IRQHandler) refers to stm32f4xx_tim.o(i.TIM_GetITStatus) for TIM_GetITStatus
    sysinfotest.o(i.TIM5_IRQHandler) refers to stm32f4xx_tim.o(i.TIM_ClearITPendingBit) for TIM_ClearITPendingBit
    sysinfotest.o(i.TIM5_IRQHandler) refers to sysinfotest.o(.data) for ulHighFrequencyTimerTicks
    sysinfotest.o(i.vSetupSysInfoTest) refers to bsp_timer.o(i.bsp_TIMx_Init) for bsp_TIMx_Init
    bsp.o(i.bspInit) refers to misc.o(i.NVIC_PriorityGroupConfig) for NVIC_PriorityGroupConfig
    bsp.o(i.bspInit) refers to delay.o(i.delay_init) for delay_init
    bsp.o(i.bspInit) refers to bsp_led.o(i.bspLedInit) for bspLedInit
    bsp.o(i.bspInit) refers to bsp_key.o(i.bspKeyInit) for bspKeyInit
    bsp.o(i.bspInit) refers to bsp_exti.o(i.bspExitInit) for bspExitInit
    bsp.o(i.bspInit) refers to usart.o(i.uart_init) for uart_init
    bsp.o(i.bspInit) refers to usmart.o(i.usmart_init) for usmart_init
    bsp.o(i.bspInit) refers to sysinfotest.o(i.vSetupSysInfoTest) for vSetupSysInfoTest
    bsp.o(i.bspInit) refers to printfa.o(i.__0printf) for __2printf
    bsp_led.o(i.bspLedInit) refers to stm32f4xx_rcc.o(i.RCC_AHB1PeriphClockCmd) for RCC_AHB1PeriphClockCmd
    bsp_led.o(i.bspLedInit) refers to stm32f4xx_gpio.o(i.GPIO_Init) for GPIO_Init
    bsp_led.o(i.bspLedToggle) refers to bsp_led.o(.data) for flag
[...]
    i._printf_post_padding                   0x08001cec   Section        0  printfa.o(i._printf_post_padding)
    _printf_post_padding                     0x08001ced   Thumb Code    36  printfa.o(i._printf_post_padding)
    i._printf_pre_padding                    0x08001d10   Section        0  printfa.o(i._printf_pre_padding)
    _printf_pre_padding                      0x08001d11   Thumb Code    46  printfa.o(i._printf_pre_padding)
    i._snputc                                0x08001d3e   Section        0  printfa.o(i._snputc)
    _snputc                                  0x08001d3f   Thumb Code    22  printfa.o(i._snputc)
    i._sputc                                 0x08001d54   Section        0  printfa.o(i._sputc)
    _sputc                                   0x08001d55   Thumb Code    10  printfa.o(i._sputc)
    i.bspExitInit                            0x08001d5e   Section        0  bsp_exti.o(i.bspExitInit)
    i.bspInit                                0x08001db0   Section        0  bsp.o(i.bspInit)
    i.bspKeyInit                             0x08001df8   Section        0  bsp_key.o(i.bspKeyInit)
    i.bspLedInit                             0x08001e28   Section        0  bsp_led.o(i.bspLedInit)
    i.bspLedToggle                           0x08001e5c   Section        0  bsp_led.o(i.bspLedToggle)
    i.bsp_TIMx_Init                          0x08001e80   Section        0  bsp_timer.o(i.bsp_TIMx_Init)
    i.delay_init                             0x08001ef8   Section        0  delay.o(i.delay_init)
    i.delay_ms                               0x08001f3c   Section        0  delay.o(i.delay_ms)
    i.delay_us                               0x08001f7c   Section        0  delay.o(i.delay_us)
    i.eTaskGetState                          0x08001fc4   Section        0  tasks.o(i.eTaskGetState)
    i.fputc                                  0x08002074   Section        0  usart.o(i.fputc)
    i.main                                   0x08002090   Section        0  main.o(i.main)
    i.prvAddCurrentTaskToDelayedList         0x080020cc   Section        0  tasks.o(i.prvAddCurrentTaskToDelayedList)
    prvAddCurrentTaskToDelayedList           0x080020cd   Thumb Code   124  tasks.o(i.prvAddCurrentTaskToDelayedList)
    i.prvAddNewTaskToReadyList               0x08002164   Section        0  tasks.o(i.prvAddNewTaskToReadyList)
    prvAddNewTaskToReadyList                 0x08002165   Thumb Code   156  tasks.o(i.prvAddNewTaskToReadyList)
    i.prvCheckForValidListAndQueue           0x0800221c   Section        0  timers.o(i.prvCheckForValidListAndQueue)
    prvCheckForValidListAndQueue             0x0800221d   Thumb Code    72  timers.o(i.prvCheckForValidListAndQueue)
    i.prvCheckTasksWaitingTermination        0x08002280   Section        0  tasks.o(i.prvCheckTasksWaitingTermination)
    prvCheckTasksWaitingTermination          0x08002281   Thumb Code    60  tasks.o(i.prvCheckTasksWaitingTermination)
    i.prvCopyDataFromQueue                   0x080022c8   Section        0  queue.o(i.prvCopyDataFromQueue)
    prvCopyDataFromQueue                     0x080022c9   Thumb Code    42  queue.o(i.prvCopyDataFromQueue)
    i.prvCopyDataToQueue                     0x080022f2   Section        0  queue.o(i.prvCopyDataToQueue)
    prvCopyDataToQueue                       0x080022f3   Thumb Code   126  queue.o(i.prvCopyDataToQueue)
    i.prvDeleteTCB                           0x08002370   Section        0  tasks.o(i.prvDeleteTCB)
    prvDeleteTCB                             0x08002371   Thumb Code    18  tasks.o(i.prvDeleteTCB)
    i.prvGetDisinheritPriorityAfterTimeout   0x08002382   Section        0  queue.o(i.prvGetDisinheritPriorityAfterTimeout)
    prvGetDisinheritPriorityAfterTimeout     0x08002383   Thumb Code    20  queue.o(i.prvGetDisinheritPriorityAfterTimeout)
    i.prvGetNextExpireTime                   0x08002398   Section        0  timers.o(i.prvGetNextExpireTime)
    prvGetNextExpireTime                     0x08002399   Thumb Code    36  timers.o(i.prvGetNextExpireTime)
    i.prvHeapInit                            0x080023c0   Section        0  heap_4.o(i.prvHeapInit)
    prvHeapInit                              0x080023c1   Thumb Code    98  heap_4.o(i.prvHeapInit)
    i.prvIdleTask                            0x0800243c   Section        0  tasks.o(i.prvIdleTask)
    prvIdleTask                              0x0800243d   Thumb Code     8  tasks.o(i.prvIdleTask)
    i.prvInitialiseMutex                     0x08002444   Section        0  queue.o(i.prvInitialiseMutex)
    prvInitialiseMutex                       0x08002445   Thumb Code    30  queue.o(i.prvInitialiseMutex)
    i.prvInitialiseNewQueue                  0x08002462   Section        0  queue.o(i.prvInitialiseNewQueue)
    prvInitialiseNewQueue                    0x08002463   Thumb Code    46  queue.o(i.prvInitialiseNewQueue)
    i.prvInitialiseNewTask                   0x08002490   Section        0  tasks.o(i.prvInitialiseNewTask)
    prvInitialiseNewTask                     0x08002491   Thumb Code   182  tasks.o(i.prvInitialiseNewTask)
    i.prvInitialiseNewTimer                  0x0800256c   Section        0  timers.o(i.prvInitialiseNewTimer)
    prvInitialiseNewTimer                    0x0800256d   Thumb Code    80  timers.o(i.prvInitialiseNewTimer)
    i.prvInitialiseTaskLists                 0x080025e4   Section        0  tasks.o(i.prvInitialiseTaskLists)
    prvInitialiseTaskLists                   0x080025e5   Thumb Code    70  tasks.o(i.prvInitialiseTaskLists)
    i.prvInsertBlockIntoFreeList             0x0800264c   Section        0  heap_4.o(i.prvInsertBlockIntoFreeList)
    prvInsertBlockIntoFreeList               0x0800264d   Thumb Code    96  heap_4.o(i.prvInsertBlockIntoFreeList)
    i.prvInsertTimerInActiveList             0x080026b4   Section        0  timers.o(i.prvInsertTimerInActiveList)
    prvInsertTimerInActiveList               0x080026b5   Thumb Code    80  timers.o(i.prvInsertTimerInActiveList)
    i.prvIsQueueEmpty                        0x0800270c   Section        0  queue.o(i.prvIsQueueEmpty)
    prvIsQueueEmpty                          0x0800270d   Thumb Code    26  queue.o(i.prvIsQueueEmpty)
    i.prvIsQueueFull                         0x08002726   Section        0  queue.o(i.prvIsQueueFull)
    prvIsQueueFull                           0x08002727   Thumb Code    30  queue.o(i.prvIsQueueFull)
    i.prvListTasksWithinSingleList           0x08002744   Section        0  tasks.o(i.prvListTasksWithinSingleList)
    prvListTasksWithinSingleList             0x08002745   Thumb Code   106  tasks.o(i.prvListTasksWithinSingleList)
    i.prvNotifyQueueSetContainer             0x080027b0   Section        0  queue.o(i.prvNotifyQueueSetContainer)
    prvNotifyQueueSetContainer               0x080027b1   Thumb Code   118  queue.o(i.prvNotifyQueueSetContainer)
    i.prvProcessExpiredTimer                 0x0800284c   Section        0  timers.o(i.prvProcessExpiredTimer)
    prvProcessExpiredTimer                   0x0800284d   Thumb Code   100  timers.o(i.prvProcessExpiredTimer)
    i.prvProcessReceivedCommands             0x080028dc   Section        0  timers.o(i.prvProcessReceivedCommands)
    prvProcessReceivedCommands               0x080028dd   Thumb Code   286  timers.o(i.prvProcessReceivedCommands)
    i.prvProcessTimerOrBlockTask             0x08002a28   Section        0  timers.o(i.prvProcessTimerOrBlockTask)
    prvProcessTimerOrBlockTask               0x08002a29   Thumb Code   102  timers.o(i.prvProcessTimerOrBlockTask)
    i.prvResetNextTaskUnblockTime            0x08002a9c   Section        0  tasks.o(i.prvResetNextTaskUnblockTime)
    prvResetNextTaskUnblockTime              0x08002a9d   Thumb Code    42  tasks.o(i.prvResetNextTaskUnblockTime)
    i.prvSampleTimeNow                       0x08002ad0   Section        0  timers.o(i.prvSampleTimeNow)
    prvSampleTimeNow                         0x08002ad1   Thumb Code    40  timers.o(i.prvSampleTimeNow)
    i.prvSwitchTimerLists                    0x08002afc   Section        0  timers.o(i.prvSwitchTimerLists)
    prvSwitchTimerLists                      0x08002afd   Thumb Code   144  timers.o(i.prvSwitchTimerLists)
    i.prvTaskCheckFreeStackSpace             0x08002bbc   Section        0  tasks.o(i.prvTaskCheckFreeStackSpace)
    prvTaskCheckFreeStackSpace               0x08002bbd   Thumb Code    22  tasks.o(i.prvTaskCheckFreeStackSpace)
    i.prvTaskExitError                       0x08002bd4   Section        0  port.o(i.prvTaskExitError)
    prvTaskExitError                         0x08002bd5   Thumb Code    48  port.o(i.prvTaskExitError)
    i.prvTimerTask                           0x08002c44   Section        0  timers.o(i.prvTimerTask)
    prvTimerTask                             0x08002c45   Thumb Code    26  timers.o(i.prvTimerTask)
    i.prvUnlockQueue                         0x08002c5e   Section        0  queue.o(i.prvUnlockQueue)
    prvUnlockQueue                           0x08002c5f   Thumb Code   144  queue.o(i.prvUnlockQueue)
    i.prvWriteNameToBuffer                   0x08002cee   Section        0  tasks.o(i.prvWriteNameToBuffer)
    prvWriteNameToBuffer                     0x08002cef   Thumb Code    42  tasks.o(i.prvWriteNameToBuffer)
    i.pvPortMalloc                           0x08002d18   Section        0  heap_4.o(i.pvPortMalloc)
    i.pvTaskIncrementMutexHeldCount          0x08002e78   Section        0  tasks.o(i.pvTaskIncrementMutexHeldCount)
    i.pvTimerGetTimerID                      0x08002e98   Section        0  timers.o(i.pvTimerGetTimerID)
    i.pxPortInitialiseStack                  0x08002ee4   Section        0  port.o(i.pxPortInitialiseStack)
    i.read_addr                              0x08002f10   Section        0  usmart.o(i.read_addr)
    i.uart_init                              0x08002f18   Section        0  usart.o(i.uart_init)
    i.uasrt_key_send                         0x08002fc8   Section        0  bsp_key.o(i.uasrt_key_send)
    i.usmart_cmd_rec                         0x08002fd4   Section        0  usmart.o(i.usmart_cmd_rec)
    i.usmart_exe                             0x08003084   Section        0  usmart.o(i.usmart_exe)
    i.usmart_get_aparm                       0x08003358   Section        0  usmart_str.o(i.usmart_get_aparm)
    i.usmart_get_cmdname                     0x08003420   Section        0  usmart_str.o(i.usmart_get_cmdname)
    i.usmart_get_fname                       0x08003458   Section        0  usmart_str.o(i.usmart_get_fname)
    i.usmart_get_fparam                      0x08003618   Section        0  usmart_str.o(i.usmart_get_fparam)
    i.usmart_get_parmpos                     0x08003724   Section        0  usmart_str.o(i.usmart_get_parmpos)
    i.usmart_get_runtime                     0x08003744   Section        0  usmart.o(i.usmart_get_runtime)
    i.usmart_init                            0x08003788   Section        0  usmart.o(i.usmart_init)
    i.usmart_pow                             0x080037b0   Section        0  usmart_str.o(i.usmart_pow)
    i.usmart_reset_runtime                   0x080037c8   Section        0  usmart.o(i.usmart_reset_runtime)
    i.usmart_scan                            0x080037f8   Section        0  usmart.o(i.usmart_scan)
    i.usmart_search_nextc                    0x080038b4   Section        0  usmart_str.o(i.usmart_search_nextc)
    i.usmart_str2num                         0x080038ca   Section        0  usmart_str.o(i.usmart_str2num)
    i.usmart_strcmp                          0x08003994   Section        0  usmart_str.o(i.usmart_strcmp)
    i.usmart_strcopy                         0x080039b6   Section        0  usmart_str.o(i.usmart_strcopy)
    i.usmart_strlen                          0x080039cc   Section        0  usmart_str.o(i.usmart_strlen)
    i.usmart_sys_cmd_exe                     0x080039e4   Section        0  usmart.o(i.usmart_sys_cmd_exe)
    i.uxListRemove                           0x080040c8   Section        0  list.o(i.uxListRemove)
    i.uxTaskGetSystemState                   0x080040f0   Section        0  tasks.o(i.uxTaskGetSystemState)
    i.vListInitialise                        0x080041a8   Section        0  list.o(i.vListInitialise)
    i.vListInitialiseItem                    0x080041c2   Section        0  list.o(i.vListInitialiseItem)
    i.vListInsert                            0x080041c8   Section        0  list.o(i.vListInsert)
    i.vListInsertEnd                         0x080041fc   Section        0  list.o(i.vListInsertEnd)
    i.vPortEnterCritical                     0x08004214   Section        0  port.o(i.vPortEnterCritical)
    i.vPortExitCritical                      0x0800429c   Section        0  port.o(i.vPortExitCritical)
    i.vPortFree                              0x0800430c   Section        0  heap_4.o(i.vPortFree)
    i.vPortSetupTimerInterrupt               0x080043d4   Section        0  port.o(i.vPortSetupTimerInterrupt)
    i.vPortValidateInterruptPriority         0x080043ec   Section        0  port.o(i.vPortValidateInterruptPriority)
    i.vQueueAddToRegistry                    0x0800448c   Section        0  queue.o(i.vQueueAddToRegistry)
    i.vQueueWaitForMessageRestricted         0x080044b8   Section        0  queue.o(i.vQueueWaitForMessageRestricted)
    i.vSetupSysInfoTest                      0x08004504   Section        0  sysinfotest.o(i.vSetupSysInfoTest)
    i.vTaskDelay                             0x0800453c   Section        0  tasks.o(i.vTaskDelay)
    i.vTaskDelete                            0x080045b0   Section        0  tasks.o(i.vTaskDelete)
    i.vTaskGetInfo                           0x080046bc   Section        0  tasks.o(i.vTaskGetInfo)
    i.vTaskGetKey                            0x08004740   Section        0  main.o(i.vTaskGetKey)
    vTaskGetKey                              0x08004741   Thumb Code   136  main.o(i.vTaskGetKey)
    i.vTaskGetRunTimeStats                   0x0800488c   Section        0  tasks.o(i.vTaskGetRunTimeStats)
    i.vTaskInternalSetTimeOutState           0x08004950   Section        0  tasks.o(i.vTaskInternalSetTimeOutState)
    i.vTaskLED                               0x08004968   Section        0  main.o(i.vTaskLED)
    vTaskLED                                 0x08004969   Thumb Code    16  main.o(i.vTaskLED)
    i.vTaskList                              0x08004978   Section        0  tasks.o(i.vTaskList)
    i.vTaskMissedYield                       0x08004a54   Section        0  tasks.o(i.vTaskMissedYield)
    i.vTaskPlaceOnEventList                  0x08004a60   Section        0  tasks.o(i.vTaskPlaceOnEventList)
    i.vTaskPlaceOnEventListRestricted        0x08004ab4   Section        0  tasks.o(i.vTaskPlaceOnEventListRestricted)
    i.vTaskPriorityDisinheritAfterTimeout    0x08004b10   Section        0  tasks.o(i.vTaskPriorityDisinheritAfterTimeout)
    i.vTaskStartScheduler                    0x08004c04   Section        0  tasks.o(i.vTaskStartScheduler)
    i.vTaskSuspendAll                        0x08004cb8   Section        0  tasks.o(i.vTaskSuspendAll)
    i.vTaskSwitchContext                     0x08004cc8   Section        0  tasks.o(i.vTaskSwitchContext)
    i.vTaskTaskInit                          0x08004db0   Section        0  main.o(i.vTaskTaskInit)
    vTaskTaskInit                            0x08004db1   Thumb Code   178  main.o(i.vTaskTaskInit)
    i.vTimerSetTimerID                       0x08004ebc   Section        0  timers.o(i.vTimerSetTimerID)
    i.write_addr                             0x08004f08   Section        0  usmart.o(i.write_addr)
    i.xPortGetFreeHeapSize                   0x08004f0c   Section        0  heap_4.o(i.xPortGetFreeHeapSize)
    i.xPortStartScheduler                    0x08004f18   Section        0  port.o(i.xPortStartScheduler)
    i.xPortSysTickHandler                    0x080050b4   Section        0  port.o(i.xPortSysTickHandler)
    i.xQueueCreateMutex                      0x080050e8   Section        0  queue.o(i.xQueueCreateMutex)
    i.xQueueGenericCreate                    0x0800510c   Section        0  queue.o(i.xQueueGenericCreate)
    i.xQueueGenericReset                     0x0800517c   Section        0  queue.o(i.xQueueGenericReset)
    i.xQueueGenericSend                      0x0800522c   Section        0  queue.o(i.xQueueGenericSend)
    i.xQueueGenericSendFromISR               0x08005400   Section        0  queue.o(i.xQueueGenericSendFromISR)
    i.xQueueGiveFromISR                      0x08005518   Section        0  queue.o(i.xQueueGiveFromISR)
    i.xQueueReceive                          0x08005614   Section        0  queue.o(i.xQueueReceive)
    i.xQueueSemaphoreTake                    0x08005784   Section        0  queue.o(i.xQueueSemaphoreTake)
    i.xTaskCheckForTimeOut                   0x08005938   Section        0  tasks.o(i.xTaskCheckForTimeOut)
    i.xTaskCreate                            0x080059d4   Section        0  tasks.o(i.xTaskCreate)
    i.xTaskGetSchedulerState                 0x08005a34   Section        0  tasks.o(i.xTaskGetSchedulerState)
    i.xTaskGetTickCount                      0x08005a54   Section        0  tasks.o(i.xTaskGetTickCount)
    i.xTaskIncrementTick                     0x08005a60   Section        0  tasks.o(i.xTaskIncrementTick)
    i.xTaskPriorityDisinherit                0x08005bc0   Section        0  tasks.o(i.xTaskPriorityDisinherit)
    i.xTaskPriorityInherit                   0x08005c98   Section        0  tasks.o(i.xTaskPriorityInherit)
    i.xTaskRemoveFromEventList               0x08005d50   Section        0  tasks.o(i.xTaskRemoveFromEventList)
    i.xTaskResumeAll                         0x08005e04   Section        0  tasks.o(i.xTaskResumeAll)
    i.xTimerCreate                           0x08005f24   Section        0  timers.o(i.xTimerCreate)
    i.xTimerCreateTimerTask                  0x08005f5c   Section        0  timers.o(i.xTimerCreateTimerTask)
    i.xTimerGenericCommand                   0x08005fd0   Section        0  timers.o(i.xTimerGenericCommand)
    i.xTimerIsTimerActive                    0x08006070   Section        0  timers.o(i.xTimerIsTimerActive)
    .conststring                             0x080060c8   Section       40  usmart.o(.conststring)
    .conststring                             0x080060f0   Section      161  usmart_config.o(.conststring)
    .data                                    0x20000000   Section       28  main.o(.data)
    xHandleTaskInit                          0x20000000   Data           4  main.o(.data)
    xHandleTaskLED                           0x20000004   Data           4  main.o(.data)
    xHandleTaskGetKey                        0x20000008   Data           4  main.o(.data)
    .data                                    0x2000001c   Section        4  sysinfotest.o(.data)
    .data                                    0x20000020   Section        1  bsp_led.o(.data)
    flag                                     0x20000020   Data           1  bsp_led.o(.data)
    .data                                    0x20000021   Section        2  bsp_key.o(.data)
    key                                      0x20000022   Data           1  bsp_key.o(.data)
    .data                                    0x20000024   Section       28  usmart.o(.data)
    .data                                    0x20000040   Section      292  usmart_config.o(.data)
    .data                                    0x20000164   Section        4  delay.o(.data)
    fac_us                                   0x20000164   Data           1  delay.o(.data)
    fac_ms                                   0x20000166   Data           2  delay.o(.data)
    .data                                    0x20000168   Section        6  usart.o(.data)
    .data                                    0x20000170   Section       68  tasks.o(.data)
    pxDelayedTaskList                        0x20000174   Data           4  tasks.o(.data)
    pxOverflowDelayedTaskList                0x20000178   Data           4  tasks.o(.data)
    uxDeletedTasksWaitingCleanUp             0x2000017c   Data           4  tasks.o(.data)
    uxCurrentNumberOfTasks                   0x20000180   Data           4  tasks.o(.data)
    xTickCount                               0x20000184   Data           4  tasks.o(.data)
    uxTopReadyPriority                       0x20000188   Data           4  tasks.o(.data)
    xSchedulerRunning                        0x2000018c   Data           4  tasks.o(.data)
    xPendedTicks                             0x20000190   Data           4  tasks.o(.data)
    xYieldPending                            0x20000194   Data           4  tasks.o(.data)
    xNumOfOverflows                          0x20000198   Data           4  tasks.o(.data)
    uxTaskNumber                             0x2000019c   Data           4  tasks.o(.data)
    xNextTaskUnblockTime                     0x200001a0   Data           4  tasks.o(.data)
    xIdleTaskHandle                          0x200001a4   Data           4  tasks.o(.data)
    uxSchedulerSuspended                     0x200001a8   Data           4  tasks.o(.data)
    ulTaskSwitchedInTime                     0x200001ac   Data           4  tasks.o(.data)
    ulTotalRunTime                           0x200001b0   Data           4  tasks.o(.data)
    .data                                    0x200001b4   Section       20  timers.o(.data)
    pxCurrentTimerList                       0x200001b4   Data           4  timers.o(.data)
    pxOverflowTimerList                      0x200001b8   Data           4  timers.o(.data)
    xTimerQueue                              0x200001bc   Data           4  timers.o(.data)
    xTimerTaskHandle                         0x200001c0   Data           4  timers.o(.data)
    xLastTime                                0x200001c4   Data           4  timers.o(.data)
    .data                                    0x200001c8   Section       32  heap_4.o(.data)
    xStart                                   0x200001c8   Data           8  heap_4.o(.data)
    pxEnd                                    0x200001d0   Data           4  heap_4.o(.data)
    xFreeBytesRemaining                      0x200001d4   Data           4  heap_4.o(.data)
    xMinimumEverFreeBytesRemaining           0x200001d8   Data           4  heap_4.o(.data)
    xNumberOfSuccessfulAllocations           0x200001dc   Data           4  heap_4.o(.data)
    xNumberOfSuccessfulFrees                 0x200001e0   Data           4  heap_4.o(.data)
    xBlockAllocatedBit                       0x200001e4   Data           4  heap_4.o(.data)
    .data                                    0x200001e8   Section       12  port.o(.data)
    uxCriticalNesting                        0x200001e8   Data           4  port.o(.data)
    ucMaxSysCallPriority                     0x200001ec   Data           1  port.o(.data)
    ulMaxPRIGROUPValue                       0x200001f0   Data           4  port.o(.data)
    .data                                    0x200001f4   Section       16  stm32f4xx_rcc.o(.data)
    APBAHBPrescTable                         0x200001f4   Data          16  stm32f4xx_rcc.o(.data)
    .data                                    0x20000204   Section        4  segger_hardfaulthandler.o(.data)
    _Continue                                0x20000204   Data           4  segger_hardfaulthandler.o(.data)
    .bss                                     0x20000208   Section      200  usart.o(.bss)
    .bss                                     0x200002d0   Section       64  queue.o(.bss)
    .bss                                     0x20000310   Section      420  tasks.o(.bss)
    pxReadyTasksLists                        0x20000310   Data         320  tasks.o(.bss)
    xDelayedTaskList1                        0x20000450   Data          20  tasks.o(.bss)
    xDelayedTaskList2                        0x20000464   Data          20  tasks.o(.bss)
    xPendingReadyList                        0x20000478   Data          20  tasks.o(.bss)
    xTasksWaitingTermination                 0x2000048c   Data          20  tasks.o(.bss)
    xSuspendedTaskList                       0x200004a0   Data          20  tasks.o(.bss)
    .bss                                     0x200004b4   Section       40  timers.o(.bss)
    xActiveTimerList1                        0x200004b4   Data          20  timers.o(.bss)
    xActiveTimerList2                        0x200004c8   Data          20  timers.o(.bss)
    .bss                                     0x200004dc   Section    40960  heap_4.o(.bss)
    ucHeap                                   0x200004dc   Data       40960  heap_4.o(.bss)
    .bss                                     0x2000a4dc   Section       64  segger_hardfaulthandler.o(.bss)
    HardFaultRegs                            0x2000a4dc   Data          64  segger_hardfaulthandler.o(.bss)
    STACK                                    0x2000a520   Section     1024  startup_stm32f40_41xxx.o(STACK)

    Global Symbols

    Symbol Name                              Value     Ov Type        Size  Object(Section)

    BuildAttributes$$THM_ISAv4$E$P$D$K$B$S$7EM$VFPi3$EXTD16$VFPS$VFMA$PE$A:L22UL41UL21$X:L11$S22US41US21$IEEE1$IW$USESV6$~STKCKD$USESV7$~SHL$OSPACE$ROPI$EBA8$MICROLIB$REQ8$PRES8$EABIv2 0x00000000   Number         0  anon$$obj.o ABSOLUTE
    __ARM_use_no_argv                        0x00000000   Number         0  main.o ABSOLUTE
    __use_no_errno                           0x00000000   Number         0  useno.o ABSOLUTE
    __use_no_exception_handling              0x00000000   Number         0  useno.o ABSOLUTE
    __use_no_fp                              0x00000000   Number         0  useno.o ABSOLUTE
    __use_no_heap                            0x00000000   Number         0  useno.o ABSOLUTE
    __use_no_heap_region                     0x00000000   Number         0  useno.o ABSOLUTE
    __use_no_semihosting                     0x00000000   Number         0  useno.o ABSOLUTE
    __use_no_semihosting_swi                 0x00000000   Number         0  useno.o ABSOLUTE
    __use_no_signal_handling                 0x00000000   Number         0  useno.o ABSOLUTE
    _printf_a                                0x00000000   Number         0  stubs.o ABSOLUTE
    _printf_c                                0x00000000   Number         0  stubs.o ABSOLUTE
    _printf_charcount                        0x00000000   Number         0  stubs.o ABSOLUTE
    _printf_d                                0x00000000   Number         0  stubs.o ABSOLUTE
    _printf_e                                0x00000000   Number         0  stubs.o ABSOLUTE
    _printf_f                                0x00000000   Number         0  stubs.o ABSOLUTE
    _printf_flags                            0x00000000   Number         0  stubs.o ABSOLUTE
    _printf_fp_dec                           0x00000000   Number         0  stubs.o ABSOLUTE
    _printf_fp_hex                           0x00000000   Number         0  stubs.o ABSOLUTE
    _printf_g                                0x00000000   Number         0  stubs.o ABSOLUTE
    _printf_i                                0x00000000   Number         0  stubs.o ABSOLUTE
    _printf_int_dec                          0x00000000   Number         0  stubs.o ABSOLUTE
    _printf_l                                0x00000000   Number         0  stubs.o ABSOLUTE
    _printf_lc                               0x00000000   Number         0  stubs.o ABSOLUTE
    _printf_ll                               0x00000000   Number         0  stubs.o ABSOLUTE
    _printf_lld                              0x00000000   Number         0  stubs.o ABSOLUTE
    _printf_lli                              0x00000000   Number         0  stubs.o ABSOLUTE
    _printf_llo                              0x00000000   Number         0  stubs.o ABSOLUTE
    _printf_llu                              0x00000000   Number         0  stubs.o ABSOLUTE
    _printf_llx                              0x00000000   Number         0  stubs.o ABSOLUTE
    _printf_longlong_dec                     0x00000000   Number         0  stubs.o ABSOLUTE
    _printf_longlong_hex                     0x00000000   Number         0  stubs.o ABSOLUTE
    _printf_longlong_oct                     0x00000000   Number         0  stubs.o ABSOLUTE
    _printf_ls                               0x00000000   Number         0  stubs.o ABSOLUTE
    _printf_mbtowc                           0x00000000   Number         0  stubs.o ABSOLUTE
    _printf_n                                0x00000000   Number         0  stubs.o ABSOLUTE
    _printf_o                                0x00000000   Number         0  stubs.o ABSOLUTE
    _printf_p                                0x00000000   Number         0  stubs.o ABSOLUTE
    _printf_percent                          0x00000000   Number         0  stubs.o ABSOLUTE
    _printf_pre_padding                      0x00000000   Number         0  stubs.o ABSOLUTE
    _printf_return_value                     0x00000000   Number         0  stubs.o ABSOLUTE
    _printf_s                                0x00000000   Number         0  stubs.o ABSOLUTE
    _printf_sizespec                         0x00000000   Number         0  stubs.o ABSOLUTE
    _printf_str                              0x00000000   Number         0  stubs.o ABSOLUTE
    _printf_truncate_signed                  0x00000000   Number         0  stubs.o ABSOLUTE
    _printf_truncate_unsigned                0x00000000   Number         0  stubs.o ABSOLUTE
    _printf_u                                0x00000000   Number         0  stubs.o ABSOLUTE
    _printf_wc                               0x00000000   Number         0  stubs.o ABSOLUTE
    _printf_wctomb                           0x00000000   Number         0  stubs.o ABSOLUTE
    _printf_widthprec                        0x00000000   Number         0  stubs.o ABSOLUTE
    _printf_x                                0x00000000   Number         0  stubs.o ABSOLUTE
    __cpp_initialize__aeabi_                  - Undefined Weak Reference
    __cxa_finalize                            - Undefined Weak Reference
    _clock_init                               - Undefined Weak Reference
    _microlib_exit                            - Undefined Weak Reference
    __Vectors_Size                           0x00000188   Number         0  startup_stm32f40_41xxx.o ABSOLUTE
    __Vectors                                0x08000000   Data           4  startup_stm32f40_41xxx.o(RESET)
    __Vectors_End                            0x08000188   Data           0  startup_stm32f40_41xxx.o(RESET)
    __main                                   0x08000189   Thumb Code     0  entry.o(.ARM.Collect$$$$00000000)
    _main_stk                                0x08000189   Thumb Code     0  entry2.o(.ARM.Collect$$$$00000001)
    _main_scatterload                        0x0800018d   Thumb Code     0  entry5.o(.ARM.Collect$$$$00000004)
    __main_after_scatterload                 0x08000191   Thumb Code     0  entry5.o(.ARM.Collect$$$$00000004)
    _main_clock                              0x08000191   Thumb Code     0  entry7b.o(.ARM.Collect$$$$00000008)
    _main_cpp_init                           0x08000191   Thumb Code     0  entry8b.o(.ARM.Collect$$$$0000000A)
    _main_init                               0x08000191   Thumb Code     0  entry9a.o(.ARM.Collect$$$$0000000B)
    __rt_final_cpp                           0x08000199   Thumb Code     0  entry10a.o(.ARM.Collect$$$$0000000D)
    __rt_final_exit                          0x08000199   Thumb Code     0  entry11a.o(.ARM.Collect$$$$0000000F)
    SVC_Handler                              0x0800019d   Thumb Code    28  port.o(.emb_text)
    __asm___6_port_c_39a90d8d__prvStartFirstTask 0x080001bd   Thumb Code    36  port.o(.emb_text)
    __asm___6_port_c_39a90d8d__prvEnableVFP  0x080001e5   Thumb Code    16  port.o(.emb_text)
    PendSV_Handler                           0x080001f9   Thumb Code    88  port.o(.emb_text)
    vPortGetIPSR                             0x08000255   Thumb Code     6  port.o(.emb_text)
    Reset_Handler                            0x0800025d   Thumb Code     8  startup_stm32f40_41xxx.o(.text)
    ADC_IRQHandler                           0x08000277   Thumb Code     0  startup_stm32f40_41xxx.o(.text)
    CAN1_RX0_IRQHandler                      0x08000277   Thumb Code     0  startup_stm32f40_41xxx.o(.text)
    CAN1_RX1_IRQHandler                      0x08000277   Thumb Code     0  startup_stm32f40_41xxx.o(.text)
    CAN1_SCE_IRQHandler                      0x08000277   Thumb Code     0  startup_stm32f40_41xxx.o(.text)
    CAN1_TX_IRQHandler                       0x08000277   Thumb Code     0  startup_stm32f40_41xxx.o(.text)
    CAN2_RX0_IRQHandler                      0x08000277   Thumb Code     0  startup_stm32f40_41xxx.o(.text)
    CAN2_RX1_IRQHandler                      0x08000277   Thumb Code     0  startup_stm32f40_41xxx.o(.text)
    CAN2_SCE_IRQHandler                      0x08000277   Thumb Code     0  startup_stm32f40_41xxx.o(.text)
    CAN2_TX_IRQHandler                       0x08000277   Thumb Code     0  startup_stm32f40_41xxx.o(.text)
    CRYP_IRQHandler                          0x08000277   Thumb Code     0  startup_stm32f40_41xxx.o(.text)
    DCMI_IRQHandler                          0x08000277   Thumb Code     0  startup_stm32f40_41xxx.o(.text)
    DMA1_Stream0_IRQHandler                  0x08000277   Thumb Code     0  startup_stm32f40_41xxx.o(.text)
    DMA1_Stream1_IRQHandler                  0x08000277   Thumb Code     0  startup_stm32f40_41xxx.o(.text)
    DMA1_Stream2_IRQHandler                  0x08000277   Thumb Code     0  startup_stm32f40_41xxx.o(.text)
    DMA1_Stream3_IRQHandler                  0x08000277   Thumb Code     0  startup_stm32f40_41xxx.o(.text)
    DMA1_Stream4_IRQHandler                  0x08000277   Thumb Code     0  startup_stm32f40_41xxx.o(.text)
    DMA1_Stream5_IRQHandler                  0x08000277   Thumb Code     0  startup_stm32f40_41xxx.o(.text)
    DMA1_Stream6_IRQHandler                  0x08000277   Thumb Code     0  startup_stm32f40_41xxx.o(.text)
    DMA1_Stream7_IRQHandler                  0x08000277   Thumb Code     0  startup_stm32f40_41xxx.o(.text)
    DMA2_Stream0_IRQHandler                  0x08000277   Thumb Code     0  startup_stm32f40_41xxx.o(.text)
    DMA2_Stream1_IRQHandler                  0x08000277   Thumb Code     0  startup_stm32f40_41xxx.o(.text)
    DMA2_Stream2_IRQHandler                  0x08000277   Thumb Code     0  startup_stm32f40_41xxx.o(.text)
    DMA2_Stream3_IRQHandler                  0x08000277   Thumb Code     0  startup_stm32f40_41xxx.o(.text)
    DMA2_Stream4_IRQHandler                  0x08000277   Thumb Code     0  startup_stm32f40_41xxx.o(.text)
    DMA2_Stream5_IRQHandler                  0x08000277   Thumb Code     0  startup_stm32f40_41xxx.o(.text)
    DMA2_Stream6_IRQHandler                  0x08000277   Thumb Code     0  startup_stm32f40_41xxx.o(.text)
    DMA2_Stream7_IRQHandler                  0x08000277   Thumb Code     0  startup_stm32f40_41xxx.o(.text)
    ETH_IRQHandler                           0x08000277   Thumb Code     0  startup_stm32f40_41xxx.o(.text)
    ETH_WKUP_IRQHandler                      0x08000277   Thumb Code     0  startup_stm32f40_41xxx.o(.text)
    EXTI0_IRQHandler                         0x08000277   Thumb Code     0  startup_stm32f40_41xxx.o(.text)
    EXTI1_IRQHandler                         0x08000277   Thumb Code     0  startup_stm32f40_41xxx.o(.text)
    EXTI2_IRQHandler                         0x08000277   Thumb Code     0  startup_stm32f40_41xxx.o(.text)
    EXTI3_IRQHandler                         0x08000277   Thumb Code     0  startup_stm32f40_41xxx.o(.text)
    EXTI4_IRQHandler                         0x08000277   Thumb Code     0  startup_stm32f40_41xxx.o(.text)
    EXTI9_5_IRQHandler                       0x08000277   Thumb Code     0  startup_stm32f40_41xxx.o(.text)
    FLASH_IRQHandler                         0x08000277   Thumb Code     0  startup_stm32f40_41xxx.o(.text)
    FPU_IRQHandler                           0x08000277   Thumb Code     0  startup_stm32f40_41xxx.o(.text)
    FSMC_IRQHandler                          0x08000277   Thumb Code     0  startup_stm32f40_41xxx.o(.text)
    HASH_RNG_IRQHandler                      0x08000277   Thumb Code     0  startup_stm32f40_41xxx.o(.text)
    I2C1_ER_IRQHandler                       0x08000277   Thumb Code     0  startup_stm32f40_41xxx.o(.text)
    I2C1_EV_IRQHandler                       0x08000277   Thumb Code     0  startup_stm32f40_41xxx.o(.text)
    I2C2_ER_IRQHandler                       0x08000277   Thumb Code     0  startup_stm32f40_41xxx.o(.text)
    I2C2_EV_IRQHandler                       0x08000277   Thumb Code     0  startup_stm32f40_41xxx.o(.text)
    I2C3_ER_IRQHandler                       0x08000277   Thumb Code     0  startup_stm32f40_41xxx.o(.text)
    I2C3_EV_IRQHandler                       0x08000277   Thumb Code     0  startup_stm32f40_41xxx.o(.text)
    OTG_FS_IRQHandler                        0x08000277   Thumb Code     0  startup_stm32f40_41xxx.o(.text)
    OTG_FS_WKUP_IRQHandler                   0x08000277   Thumb Code     0  startup_stm32f40_41xxx.o(.text)
    OTG_HS_EP1_IN_IRQHandler                 0x08000277   Thumb Code     0  startup_stm32f40_41xxx.o(.text)
    OTG_HS_EP1_OUT_IRQHandler                0x08000277   Thumb Code     0  startup_stm32f40_41xxx.o(.text)
    OTG_HS_IRQHandler                        0x08000277   Thumb Code     0  startup_stm32f40_41xxx.o(.text)
    OTG_HS_WKUP_IRQHandler                   0x08000277   Thumb Code     0  startup_stm32f40_41xxx.o(.text)
    PVD_IRQHandler                           0x08000277   Thumb Code     0  startup_stm32f40_41xxx.o(.text)
    RCC_IRQHandler                           0x08000277   Thumb Code     0  startup_stm32f40_41xxx.o(.text)
    RTC_Alarm_IRQHandler                     0x08000277   Thumb Code     0  startup_stm32f40_41xxx.o(.text)
    RTC_WKUP_IRQHandler                      0x08000277   Thumb Code     0  startup_stm32f40_41xxx.o(.text)
    SDIO_IRQHandler                          0x08000277   Thumb Code     0  startup_stm32f40_41xxx.o(.text)
    SPI1_IRQHandler                          0x08000277   Thumb Code     0  startup_stm32f40_41xxx.o(.text)
    SPI2_IRQHandler                          0x08000277   Thumb Code     0  startup_stm32f40_41xxx.o(.text)
    SPI3_IRQHandler                          0x08000277   Thumb Code     0  startup_stm32f40_41xxx.o(.text)
    TAMP_STAMP_IRQHandler                    0x08000277   Thumb Code     0  startup_stm32f40_41xxx.o(.text)
    TIM1_BRK_TIM9_IRQHandler                 0x08000277   Thumb Code     0  startup_stm32f40_41xxx.o(.text)
    TIM1_CC_IRQHandler                       0x08000277   Thumb Code     0  startup_stm32f40_41xxx.o(.text)
    TIM1_TRG_COM_TIM11_IRQHandler            0x08000277   Thumb Code     0  startup_stm32f40_41xxx.o(.text)
    TIM1_UP_TIM10_IRQHandler                 0x08000277   Thumb Code     0  startup_stm32f40_41xxx.o(.text)
    TIM2_IRQHandler                          0x08000277   Thumb Code     0  startup_stm32f40_41xxx.o(.text)
    TIM3_IRQHandler                          0x08000277   Thumb Code     0  startup_stm32f40_41xxx.o(.text)
    TIM6_DAC_IRQHandler                      0x08000277   Thumb Code     0  startup_stm32f40_41xxx.o(.text)
    TIM7_IRQHandler                          0x08000277   Thumb Code     0  startup_stm32f40_41xxx.o(.text)
    TIM8_BRK_TIM12_IRQHandler                0x08000277   Thumb Code     0  startup_stm32f40_41xxx.o(.text)
    TIM8_CC_IRQHandler                       0x08000277   Thumb Code     0  startup_stm32f40_41xxx.o(.text)
    TIM8_TRG_COM_TIM14_IRQHandler            0x08000277   Thumb Code     0  startup_stm32f40_41xxx.o(.text)
    TIM8_UP_TIM13_IRQHandler                 0x08000277   Thumb Code     0  startup_stm32f40_41xxx.o(.text)
    UART4_IRQHandler                         0x08000277   Thumb Code     0  startup_stm32f40_41xxx.o(.text)
    UART5_IRQHandler                         0x08000277   Thumb Code     0  startup_stm32f40_41xxx.o(.text)
    USART2_IRQHandler                        0x08000277   Thumb Code     0  startup_stm32f40_41xxx.o(.text)
    USART3_IRQHandler                        0x08000277   Thumb Code     0  startup_stm32f40_41xxx.o(.text)
    USART6_IRQHandler                        0x08000277   Thumb Code     0  startup_stm32f40_41xxx.o(.text)
    WWDG_IRQHandler                          0x08000277   Thumb Code     0  startup_stm32f40_41xxx.o(.text)
    __aeabi_memcpy                           0x08000281   Thumb Code    36  memcpya.o(.text)
    __aeabi_memcpy4                          0x08000281   Thumb Code     0  memcpya.o(.text)
    __aeabi_memcpy8                          0x08000281   Thumb Code     0  memcpya.o(.text)
    __aeabi_memset                           0x080002a5   Thumb Code    14  memseta.o(.text)
    __aeabi_memset4                          0x080002a5   Thumb Code     0  memseta.o(.text)
    __aeabi_memset8                          0x080002a5   Thumb Code     0  memseta.o(.text)
    __aeabi_memclr                           0x080002b3   Thumb Code     4  memseta.o(.text)
    __aeabi_memclr4                          0x080002b3   Thumb Code     0  memseta.o(.text)
    __aeabi_memclr8                          0x080002b3   Thumb Code     0  memseta.o(.text)
    memset                                   0x080002b7   Thumb Code    18  memseta.o(.text)
    strlen                                   0x080002c9   Thumb Code    14  strlen.o(.text)
    strcpy                                   0x080002d7   Thumb Code    18  strcpy.o(.text)
    __aeabi_uidiv                            0x080002e9   Thumb Code     0  uidiv.o(.text)
    __aeabi_uidivmod                         0x080002e9   Thumb Code    44  uidiv.o(.text)
    __aeabi_uldivmod                         0x08000315   Thumb Code    98  uldiv.o(.text)
    __I$use$fp                               0x08000377   Thumb Code     0  iusefp.o(.text)
    __aeabi_dadd                             0x08000377   Thumb Code   322  dadd.o(.text)
    __aeabi_dsub                             0x080004b9   Thumb Code     6  dadd.o(.text)
    __aeabi_drsub                            0x080004bf   Thumb Code     6  dadd.o(.text)
    __aeabi_dmul                             0x080004c5   Thumb Code   228  dmul.o(.text)
    __aeabi_ddiv                             0x080005a9   Thumb Code   222  ddiv.o(.text)
    __aeabi_d2ulz                            0x08000687   Thumb Code    48  dfixul.o(.text)
    __aeabi_cdrcmple                         0x080006b9   Thumb Code    48  cdrcmple.o(.text)
    __scatterload                            0x080006e9   Thumb Code    28  init.o(.text)
    __scatterload_rt2                        0x080006e9   Thumb Code     0  init.o(.text)
    __aeabi_llsl                             0x0800070d   Thumb Code    30  llshl.o(.text)
    _ll_shift_l                              0x0800070d   Thumb Code     0  llshl.o(.text)
    __aeabi_llsr                             0x0800072b   Thumb Code    32  llushr.o(.text)
    _ll_ushift_r                             0x0800072b   Thumb Code     0  llushr.o(.text)
    __aeabi_lasr                             0x0800074b   Thumb Code    36  llsshr.o(.text)
    _ll_sshift_r                             0x0800074b   Thumb Code     0  llsshr.o(.text)
    _double_round                            0x0800076f   Thumb Code    30  depilogue.o(.text)
    _double_epilogue                         0x0800078d   Thumb Code   156  depilogue.o(.text)
    __decompress                             0x08000829   Thumb Code     0  __dczerorl2.o(.text)
    __decompress1                            0x08000829   Thumb Code    86  __dczerorl2.o(.text)
    HardFault_Handler                        0x08000881   Thumb Code     0  hardfaulthandler.o(OSKERNEL)
    BusFault_Handler                         0x080008dd   Thumb Code     4  stm32f4xx_it.o(i.BusFault_Handler)
    DebugMon_Handler                         0x080008e1   Thumb Code     2  stm32f4xx_it.o(i.DebugMon_Handler)
    EXTI15_10_IRQHandler                     0x080008e5   Thumb Code    78  bsp_exti.o(i.EXTI15_10_IRQHandler)
    EXTI_ClearITPendingBit                   0x0800094d   Thumb Code     6  stm32f4xx_exti.o(i.EXTI_ClearITPendingBit)
    EXTI_GetITStatus                         0x08000959   Thumb Code    20  stm32f4xx_exti.o(i.EXTI_GetITStatus)
    EXTI_Init                                0x08000971   Thumb Code   142  stm32f4xx_exti.o(i.EXTI_Init)
    FuncTest                                 0x08000a05   Thumb Code    16  usmart_config.o(i.FuncTest)
    GPIO_Init                                0x08000a1d   Thumb Code   144  stm32f4xx_gpio.o(i.GPIO_Init)
    GPIO_PinAFConfig                         0x08000aad   Thumb Code    70  stm32f4xx_gpio.o(i.GPIO_PinAFConfig)
    HardFaultHandler                         0x08000af5   Thumb Code   166  segger_hardfaulthandler.o(i.HardFaultHandler)
    KEY_Scan                                 0x08000ba9   Thumb Code    16  bsp_key.o(i.KEY_Scan)
    MemManage_Handler                        0x08000bbd   Thumb Code     4  stm32f4xx_it.o(i.MemManage_Handler)
    NMI_Handler                              0x08000bc1   Thumb Code     2  stm32f4xx_it.o(i.NMI_Handler)
    NVIC_Init                                0x08000bc5   Thumb Code   106  misc.o(i.NVIC_Init)
    NVIC_PriorityGroupConfig                 0x08000c3d   Thumb Code    10  misc.o(i.NVIC_PriorityGroupConfig)
    RCC_AHB1PeriphClockCmd                   0x08000c51   Thumb Code    26  stm32f4xx_rcc.o(i.RCC_AHB1PeriphClockCmd)
    RCC_APB1PeriphClockCmd                   0x08000c71   Thumb Code    26  stm32f4xx_rcc.o(i.RCC_APB1PeriphClockCmd)
    RCC_APB2PeriphClockCmd                   0x08000c91   Thumb Code    26  stm32f4xx_rcc.o(i.RCC_APB2PeriphClockCmd)
    RCC_GetClocksFreq                        0x08000cb1   Thumb Code   214  stm32f4xx_rcc.o(i.RCC_GetClocksFreq)
    SYSCFG_EXTILineConfig                    0x08000d99   Thumb Code    60  stm32f4xx_syscfg.o(i.SYSCFG_EXTILineConfig)
    SysTick_CLKSourceConfig                  0x08000ec5   Thumb Code    40  misc.o(i.SysTick_CLKSourceConfig)
    SysTick_Handler                          0x08000eed   Thumb Code    16  delay.o(i.SysTick_Handler)
    SystemInit                               0x08000efd   Thumb Code    88  system_stm32f4xx.o(i.SystemInit)
    TIM4_IRQHandler                          0x08000f65   Thumb Code    46  usmart.o(i.TIM4_IRQHandler)
    TIM5_IRQHandler                          0x08000f9d   Thumb Code    34  sysinfotest.o(i.TIM5_IRQHandler)
    TIM_ClearFlag                            0x08000fc9   Thumb Code     6  stm32f4xx_tim.o(i.TIM_ClearFlag)
    TIM_ClearITPendingBit                    0x08000fcf   Thumb Code     6  stm32f4xx_tim.o(i.TIM_ClearITPendingBit)
    TIM_Cmd                                  0x08000fd5   Thumb Code    24  stm32f4xx_tim.o(i.TIM_Cmd)
    TIM_GetCounter                           0x08000fed   Thumb Code     6  stm32f4xx_tim.o(i.TIM_GetCounter)
    TIM_GetFlagStatus                        0x08000ff3   Thumb Code    18  stm32f4xx_tim.o(i.TIM_GetFlagStatus)
    TIM_GetITStatus                          0x08001005   Thumb Code    34  stm32f4xx_tim.o(i.TIM_GetITStatus)
    TIM_ITConfig                             0x08001027   Thumb Code    18  stm32f4xx_tim.o(i.TIM_ITConfig)
    TIM_SetAutoreload                        0x08001039   Thumb Code     4  stm32f4xx_tim.o(i.TIM_SetAutoreload)
    TIM_SetCounter                           0x0800103d   Thumb Code     4  stm32f4xx_tim.o(i.TIM_SetCounter)
    TIM_TimeBaseInit                         0x08001041   Thumb Code   104  stm32f4xx_tim.o(i.TIM_TimeBaseInit)
    Timer4_Init                              0x080010c5   Thumb Code    88  usmart.o(i.Timer4_Init)
    USART1_IRQHandler                        0x080011d5   Thumb Code   122  usart.o(i.USART1_IRQHandler)
    USART_Cmd                                0x0800125d   Thumb Code    24  stm32f4xx_usart.o(i.USART_Cmd)
    USART_GetITStatus                        0x08001275   Thumb Code    84  stm32f4xx_usart.o(i.USART_GetITStatus)
    USART_ITConfig                           0x080012c9   Thumb Code    74  stm32f4xx_usart.o(i.USART_ITConfig)
    USART_Init                               0x08001315   Thumb Code   204  stm32f4xx_usart.o(i.USART_Init)
    USART_ReceiveData                        0x080013e9   Thumb Code    10  stm32f4xx_usart.o(i.USART_ReceiveData)
    UsageFault_Handler                       0x080013f3   Thumb Code     4  stm32f4xx_it.o(i.UsageFault_Handler)
    __0printf                                0x080013f9   Thumb Code    22  printfa.o(i.__0printf)
    __1printf                                0x080013f9   Thumb Code     0  printfa.o(i.__0printf)
    __2printf                                0x080013f9   Thumb Code     0  printfa.o(i.__0printf)
    __c89printf                              0x080013f9   Thumb Code     0  printfa.o(i.__0printf)
    printf                                   0x080013f9   Thumb Code     0  printfa.o(i.__0printf)
    __0sprintf                               0x08001419   Thumb Code    34  printfa.o(i.__0sprintf)
    __1sprintf                               0x08001419   Thumb Code     0  printfa.o(i.__0sprintf)
    __2sprintf                               0x08001419   Thumb Code     0  printfa.o(i.__0sprintf)
    __c89sprintf                             0x08001419   Thumb Code     0  printfa.o(i.__0sprintf)
    sprintf                                  0x08001419   Thumb Code     0  printfa.o(i.__0sprintf)
    __0vsnprintf                             0x08001441   Thumb Code    40  printfa.o(i.__0vsnprintf)
    __1vsnprintf                             0x08001441   Thumb Code     0  printfa.o(i.__0vsnprintf)
    __2vsnprintf                             0x08001441   Thumb Code     0  printfa.o(i.__0vsnprintf)
    __c89vsnprintf                           0x08001441   Thumb Code     0  printfa.o(i.__0vsnprintf)
    vsnprintf                                0x08001441   Thumb Code     0  printfa.o(i.__0vsnprintf)
    __scatterload_copy                       0x0800146d   Thumb Code    14  handlers.o(i.__scatterload_copy)
    __scatterload_null                       0x0800147b   Thumb Code     2  handlers.o(i.__scatterload_null)
    __scatterload_zeroinit                   0x0800147d   Thumb Code    14  handlers.o(i.__scatterload_zeroinit)
    bspExitInit                              0x08001d5f   Thumb Code    80  bsp_exti.o(i.bspExitInit)
    bspInit                                  0x08001db1   Thumb Code    54  bsp.o(i.bspInit)
    bspKeyInit                               0x08001df9   Thumb Code    44  bsp_key.o(i.bspKeyInit)
    bspLedInit                               0x08001e29   Thumb Code    48  bsp_led.o(i.bspLedInit)
    bspLedToggle                             0x08001e5d   Thumb Code    26  bsp_led.o(i.bspLedToggle)
    bsp_TIMx_Init                            0x08001e81   Thumb Code   114  bsp_timer.o(i.bsp_TIMx_Init)
    delay_init                               0x08001ef9   Thumb Code    58  delay.o(i.delay_init)
    delay_ms                                 0x08001f3d   Thumb Code    60  delay.o(i.delay_ms)
    delay_us                                 0x08001f7d   Thumb Code    68  delay.o(i.delay_us)
    eTaskGetState                            0x08001fc5   Thumb Code   118  tasks.o(i.eTaskGetState)
    fputc                                    0x08002075   Thumb Code    22  usart.o(i.fputc)
    main                                     0x08002091   Thumb Code    34  main.o(i.main)
    pvPortMalloc                             0x08002d19   Thumb Code   272  heap_4.o(i.pvPortMalloc)
    pvTaskIncrementMutexHeldCount            0x08002e79   Thumb Code    26  tasks.o(i.pvTaskIncrementMutexHeldCount)
    pvTimerGetTimerID                        0x08002e99   Thumb Code    34  timers.o(i.pvTimerGetTimerID)
    pxPortInitialiseStack                    0x08002ee5   Thumb Code    38  port.o(i.pxPortInitialiseStack)
    read_addr                                0x08002f11   Thumb Code     6  usmart.o(i.read_addr)
    uart_init                                0x08002f19   Thumb Code   166  usart.o(i.uart_init)
    uasrt_key_send                           0x08002fc9   Thumb Code     6  bsp_key.o(i.uasrt_key_send)
    usmart_cmd_rec                           0x08002fd5   Thumb Code   170  usmart.o(i.usmart_cmd_rec)
    usmart_exe                               0x08003085   Thumb Code   632  usmart.o(i.usmart_exe)
    usmart_get_aparm                         0x08003359   Thumb Code   200  usmart_str.o(i.usmart_get_aparm)
    usmart_get_cmdname                       0x08003421   Thumb Code    54  usmart_str.o(i.usmart_get_cmdname)
    usmart_get_fname                         0x08003459   Thumb Code   440  usmart_str.o(i.usmart_get_fname)
    usmart_get_fparam                        0x08003619   Thumb Code   262  usmart_str.o(i.usmart_get_fparam)
    usmart_get_parmpos                       0x08003725   Thumb Code    26  usmart_str.o(i.usmart_get_parmpos)
    usmart_get_runtime                       0x08003745   Thumb Code    60  usmart.o(i.usmart_get_runtime)
    usmart_init                              0x08003789   Thumb Code    36  usmart.o(i.usmart_init)
    usmart_pow                               0x080037b1   Thumb Code    22  usmart_str.o(i.usmart_pow)
    usmart_reset_runtime                     0x080037c9   Thumb Code    38  usmart.o(i.usmart_reset_runtime)
    usmart_scan                              0x080037f9   Thumb Code   120  usmart.o(i.usmart_scan)
    usmart_search_nextc                      0x080038b5   Thumb Code    22  usmart_str.o(i.usmart_search_nextc)
    usmart_str2num                           0x080038cb   Thumb Code   202  usmart_str.o(i.usmart_str2num)
    usmart_strcmp                            0x08003995   Thumb Code    34  usmart_str.o(i.usmart_strcmp)
    usmart_strcopy                           0x080039b7   Thumb Code    22  usmart_str.o(i.usmart_strcopy)
    usmart_strlen                            0x080039cd   Thumb Code    24  usmart_str.o(i.usmart_strlen)
    usmart_sys_cmd_exe                       0x080039e5   Thumb Code  1554  usmart.o(i.usmart_sys_cmd_exe)
    uxListRemove                             0x080040c9   Thumb Code    40  list.o(i.uxListRemove)
    uxTaskGetSystemState                     0x080040f1   Thumb Code   154  tasks.o(i.uxTaskGetSystemState)
    vListInitialise                          0x080041a9   Thumb Code    26  list.o(i.vListInitialise)
    vListInitialiseItem                      0x080041c3   Thumb Code     6  list.o(i.vListInitialiseItem)
    vListInsert                              0x080041c9   Thumb Code    52  list.o(i.vListInsert)
    vListInsertEnd                           0x080041fd   Thumb Code    24  list.o(i.vListInsertEnd)
    vPortEnterCritical                       0x08004215   Thumb Code    68  port.o(i.vPortEnterCritical)
    vPortExitCritical                        0x0800429d   Thumb Code    48  port.o(i.vPortExitCritical)
    vPortFree                                0x0800430d   Thumb Code   130  heap_4.o(i.vPortFree)
    vPortSetupTimerInterrupt                 0x080043d5   Thumb Code    20  port.o(i.vPortSetupTimerInterrupt)
    vPortValidateInterruptPriority           0x080043ed   Thumb Code    86  port.o(i.vPortValidateInterruptPriority)
    vQueueAddToRegistry                      0x0800448d   Thumb Code    38  queue.o(i.vQueueAddToRegistry)
    vQueueWaitForMessageRestricted           0x080044b9   Thumb Code    74  queue.o(i.vQueueWaitForMessageRestricted)
    vSetupSysInfoTest                        0x08004505   Thumb Code    52  sysinfotest.o(i.vSetupSysInfoTest)
    vTaskDelay                               0x0800453d   Thumb Code    72  tasks.o(i.vTaskDelay)
    vTaskDelete                              0x080045b1   Thumb Code   192  tasks.o(i.vTaskDelete)
    vTaskGetInfo                             0x080046bd   Thumb Code   126  tasks.o(i.vTaskGetInfo)
    vTaskGetRunTimeStats                     0x0800488d   Thumb Code   168  tasks.o(i.vTaskGetRunTimeStats)
    vTaskInternalSetTimeOutState             0x08004951   Thumb Code    14  tasks.o(i.vTaskInternalSetTimeOutState)
    vTaskList                                0x08004979   Thumb Code   200  tasks.o(i.vTaskList)
    vTaskMissedYield                         0x08004a55   Thumb Code     8  tasks.o(i.vTaskMissedYield)
    vTaskPlaceOnEventList                    0x08004a61   Thumb Code    42  tasks.o(i.vTaskPlaceOnEventList)
    vTaskPlaceOnEventListRestricted          0x08004ab5   Thumb Code    50  tasks.o(i.vTaskPlaceOnEventListRestricted)
    vTaskPriorityDisinheritAfterTimeout      0x08004b11   Thumb Code   196  tasks.o(i.vTaskPriorityDisinheritAfterTimeout)
    vTaskStartScheduler                      0x08004c05   Thumb Code   112  tasks.o(i.vTaskStartScheduler)
    vTaskSuspendAll                          0x08004cb9   Thumb Code    12  tasks.o(i.vTaskSuspendAll)
    vTaskSwitchContext                       0x08004cc9   Thumb Code   162  tasks.o(i.vTaskSwitchContext)
    vTimerSetTimerID                         0x08004ebd   Thumb Code    34  timers.o(i.vTimerSetTimerID)
    write_addr                               0x08004f09   Thumb Code     4  usmart.o(i.write_addr)
    xPortGetFreeHeapSize                     0x08004f0d   Thumb Code     6  heap_4.o(i.xPortGetFreeHeapSize)
    xPortStartScheduler                      0x08004f19   Thumb Code   322  port.o(i.xPortStartScheduler)
    xPortSysTickHandler                      0x080050b5   Thumb Code    46  port.o(i.xPortSysTickHandler)
    xQueueCreateMutex                        0x080050e9   Thumb Code    34  queue.o(i.xQueueCreateMutex)
    xQueueGenericCreate                      0x0800510d   Thumb Code    74  queue.o(i.xQueueGenericCreate)
    xQueueGenericReset                       0x0800517d   Thumb Code   136  queue.o(i.xQueueGenericReset)
    xQueueGenericSend                        0x0800522d   Thumb Code   426  queue.o(i.xQueueGenericSend)
    xQueueGenericSendFromISR                 0x08005401   Thumb Code   244  queue.o(i.xQueueGenericSendFromISR)
    xQueueGiveFromISR                        0x08005519   Thumb Code   214  queue.o(i.xQueueGiveFromISR)
    xQueueReceive                            0x08005615   Thumb Code   326  queue.o(i.xQueueReceive)
    xQueueSemaphoreTake                      0x08005785   Thumb Code   394  queue.o(i.xQueueSemaphoreTake)
    xTaskCheckForTimeOut                     0x08005939   Thumb Code   112  tasks.o(i.xTaskCheckForTimeOut)
    xTaskCreate                              0x080059d5   Thumb Code    96  tasks.o(i.xTaskCreate)
    xTaskGetSchedulerState                   0x08005a35   Thumb Code    24  tasks.o(i.xTaskGetSchedulerState)
    xTaskGetTickCount                        0x08005a55   Thumb Code     6  tasks.o(i.xTaskGetTickCount)
    xTaskIncrementTick                       0x08005a61   Thumb Code   272  tasks.o(i.xTaskIncrementTick)
    xTaskPriorityDisinherit                  0x08005bc1   Thumb Code   168  tasks.o(i.xTaskPriorityDisinherit)
    xTaskPriorityInherit                     0x08005c99   Thumb Code   172  tasks.o(i.xTaskPriorityInherit)
    xTaskRemoveFromEventList                 0x08005d51   Thumb Code   118  tasks.o(i.xTaskRemoveFromEventList)
    xTaskResumeAll                           0x08005e05   Thumb Code   214  tasks.o(i.xTaskResumeAll)
    xTimerCreate                             0x08005f25   Thumb Code    54  timers.o(i.xTimerCreate)
    xTimerCreateTimerTask                    0x08005f5d   Thumb Code    56  timers.o(i.xTimerCreateTimerTask)
    xTimerGenericCommand                     0x08005fd1   Thumb Code   116  timers.o(i.xTimerGenericCommand)
    xTimerIsTimerActive                      0x08006071   Thumb Code    48  timers.o(i.xTimerIsTimerActive)
    Region$$Table$$Base                      0x08006194   Number         0  anon$$obj.o(Region$$Table)
    Region$$Table$$Limit                     0x080061b4   Number         0  anon$$obj.o(Region$$Table)
    xAppPrintfMutex                          0x2000000c   Data           4  main.o(.data)
    xKeyGetSemBin                            0x20000010   Data           4  main.o(.data)
    xOnlyTimer                               0x20000014   Data           4  main.o(.data)
    xRepetitionTimer                         0x20000018   Data           4  main.o(.data)
    ulHighFrequencyTimerTicks                0x2000001c   Data           4  sysinfotest.o(.data)
    keyval                                   0x20000021   Data           1  bsp_key.o(.data)
    sys_cmd_tab                              0x20000024   Data          28  usmart.o(.data)
    usmart_nametab                           0x20000040   Data          48  usmart_config.o(.data)
    usmart_dev                               0x20000070   Data         244  usmart_config.o(.data)
    __stdout                                 0x20000168   Data           4  usart.o(.data)
    USART_RX_STA                             0x2000016c   Data           2  usart.o(.data)
    pxCurrentTCB                             0x20000170   Data           4  tasks.o(.data)
    USART_RX_BUF                             0x20000208   Data         200  usart.o(.bss)
    xQueueRegistry                           0x200002d0   Data          64  queue.o(.bss)
    __initial_sp                             0x2000a920   Data           0  startup_stm32f40_41xxx.o(STACK)



==============================================================================

Memory Map of the image

  Image Entry point : 0x08000189

  Load Region LR_IROM1 (Base: 0x08000000, Size: 0x000063bc, Max: 0x00080000, ABSOLUTE, COMPRESSED[0x0000621c])

    Execution Region ER_IROM1 (Exec base: 0x08000000, Load base: 0x08000000, Size: 0x000061b4, Max: 0x00080000, ABSOLUTE)

    Exec Addr    Load Addr    Size         Type   Attr      Idx    E Section Name        Object

    0x08000000   0x08000000   0x00000188   Data   RO         2153    RESET               startup_stm32f40_41xxx.o
    0x08000188   0x08000188   0x00000000   Code   RO         3740  * .ARM.Collect$$$$00000000  mc_w.l(entry.o)
    0x08000188   0x08000188   0x00000004   Code   RO         4016    .ARM.Collect$$$$00000001  mc_w.l(entry2.o)
    0x0800018c   0x0800018c   0x00000004   Code   RO         4019    .ARM.Collect$$$$00000004  mc_w.l(entry5.o)
    0x08000190   0x08000190   0x00000000   Code   RO         4021    .ARM.Collect$$$$00000008  mc_w.l(entry7b.o)
    0x08000190   0x08000190   0x00000000   Code   RO         4023    .ARM.Collect$$$$0000000A  mc_w.l(entry8b.o)
    0x08000190   0x08000190   0x00000008   Code   RO         4024    .ARM.Collect$$$$0000000B  mc_w.l(entry9a.o)
    0x08000198   0x08000198   0x00000000   Code   RO         4026    .ARM.Collect$$$$0000000D  mc_w.l(entry10a.o)
    0x08000198   0x08000198   0x00000000   Code   RO         4028    .ARM.Collect$$$$0000000F  mc_w.l(entry11a.o)
    0x08000198   0x08000198   0x00000004   Code   RO         4017    .ARM.Collect$$$$00002712  mc_w.l(entry2.o)
    0x0800019c   0x0800019c   0x000000be   Code   RO         2068    .emb_text           port.o
    0x0800025a   0x0800025a   0x00000002   PAD
    0x0800025c   0x0800025c   0x00000024   Code   RO         2154    .text               startup_stm32f40_41xxx.o
    0x08000280   0x08000280   0x00000024   Code   RO         3743    .text               mc_w.l(memcpya.o)
    0x080002a4   0x080002a4   0x00000024   Code   RO         3747    .text               mc_w.l(memseta.o)
    0x080002c8   0x080002c8   0x0000000e   Code   RO         3749    .text               mc_w.l(strlen.o)
    0x080002d6   0x080002d6   0x00000012   Code   RO         3751    .text               mc_w.l(strcpy.o)
    0x080002e8   0x080002e8   0x0000002c   Code   RO         4030    .text               mc_w.l(uidiv.o)
    0x08000314   0x08000314   0x00000062   Code   RO         4032    .text               mc_w.l(uldiv.o)
    0x08000376   0x08000376   0x00000000   Code   RO         4034    .text               mc_w.l(iusefp.o)
    0x08000376   0x08000376   0x0000014e   Code   RO         4035    .text               mf_w.l(dadd.o)
    0x080004c4   0x080004c4   0x000000e4   Code   RO         4037    .text               mf_w.l(dmul.o)
    0x080005a8   0x080005a8   0x000000de   Code   RO         4039    .text               mf_w.l(ddiv.o)
    0x08000686   0x08000686   0x00000030   Code   RO         4041    .text               mf_w.l(dfixul.o)
    0x080006b6   0x080006b6   0x00000002   PAD
    0x080006b8   0x080006b8   0x00000030   Code   RO         4043    .text               mf_w.l(cdrcmple.o)
    0x080006e8   0x080006e8   0x00000024   Code   RO         4045    .text               mc_w.l(init.o)
    0x0800070c   0x0800070c   0x0000001e   Code   RO         4047    .text               mc_w.l(llshl.o)
    0x0800072a   0x0800072a   0x00000020   Code   RO         4049    .text               mc_w.l(llushr.o)
    0x0800074a   0x0800074a   0x00000024   Code   RO         4051    .text               mc_w.l(llsshr.o)
    0x0800076e   0x0800076e   0x000000ba   Code   RO         4053    .text               mf_w.l(depilogue.o)
    0x08000828   0x08000828   0x00000056   Code   RO         4063    .text               mc_w.l(__dczerorl2.o)
    0x0800087e   0x0800087e   0x00000002   PAD
    0x08000880   0x08000880   0x00000012   Code   RO         3714    OSKERNEL            hardfaulthandler.o
    0x08000892   0x08000892   0x00000002   PAD
    0x08000894   0x08000894   0x00000048   Code   RO            3    i.App_Printf        main.o
    0x080008dc   0x080008dc   0x00000004   Code   RO         2160    i.BusFault_Handler  stm32f4xx_it.o
    0x080008e0   0x080008e0   0x00000002   Code   RO         2161    i.DebugMon_Handler  stm32f4xx_it.o
    0x080008e2   0x080008e2   0x00000002   PAD
    0x080008e4   0x080008e4   0x00000068   Code   RO          408    i.EXTI15_10_IRQHandler  bsp_exti.o
    0x0800094c   0x0800094c   0x0000000c   Code   RO         3527    i.EXTI_ClearITPendingBit  stm32f4xx_exti.o
    0x08000958   0x08000958   0x00000018   Code   RO         3531    i.EXTI_GetITStatus  stm32f4xx_exti.o
    0x08000970   0x08000970   0x00000094   Code   RO         3532    i.EXTI_Init         stm32f4xx_exti.o
    0x08000a04   0x08000a04   0x00000018   Code   RO          608    i.FuncTest          usmart_config.o
    0x08000a1c   0x08000a1c   0x00000090   Code   RO         2289    i.GPIO_Init         stm32f4xx_gpio.o
    0x08000aac   0x08000aac   0x00000046   Code   RO         2290    i.GPIO_PinAFConfig  stm32f4xx_gpio.o
    0x08000af2   0x08000af2   0x00000002   PAD
    0x08000af4   0x08000af4   0x000000b4   Code   RO         3719    i.HardFaultHandler  segger_hardfaulthandler.o
    0x08000ba8   0x08000ba8   0x00000014   Code   RO          367    i.KEY_Scan          bsp_key.o
    0x08000bbc   0x08000bbc   0x00000004   Code   RO         2162    i.MemManage_Handler  stm32f4xx_it.o
    0x08000bc0   0x08000bc0   0x00000002   Code   RO         2163    i.NMI_Handler       stm32f4xx_it.o
    0x08000bc2   0x08000bc2   0x00000002   PAD
    0x08000bc4   0x08000bc4   0x00000078   Code   RO         2244    i.NVIC_Init         misc.o
    0x08000c3c   0x08000c3c   0x00000014   Code   RO         2245    i.NVIC_PriorityGroupConfig  misc.o
    0x08000c50   0x08000c50   0x00000020   Code   RO         2386    i.RCC_AHB1PeriphClockCmd  stm32f4xx_rcc.o
    0x08000c70   0x08000c70   0x00000020   Code   RO         2395    i.RCC_APB1PeriphClockCmd  stm32f4xx_rcc.o
    0x08000c90   0x08000c90   0x00000020   Code   RO         2398    i.RCC_APB2PeriphClockCmd  stm32f4xx_rcc.o
    0x08000cb0   0x08000cb0   0x000000e8   Code   RO         2407    i.RCC_GetClocksFreq  stm32f4xx_rcc.o
    0x08000d98   0x08000d98   0x00000040   Code   RO         2723    i.SYSCFG_EXTILineConfig  stm32f4xx_syscfg.o
    0x08000dd8   0x08000dd8   0x000000ec   Code   RO         2207    i.SetSysClock       system_stm32f4xx.o
    0x08000ec4   0x08000ec4   0x00000028   Code   RO         2248    i.SysTick_CLKSourceConfig  misc.o
    0x08000eec   0x08000eec   0x00000010   Code   RO          722    i.SysTick_Handler   delay.o
    0x08000efc   0x08000efc   0x00000068   Code   RO         2209    i.SystemInit        system_stm32f4xx.o
    0x08000f64   0x08000f64   0x00000038   Code   RO          524    i.TIM4_IRQHandler   usmart.o
    0x08000f9c   0x08000f9c   0x0000002c   Code   RO          253    i.TIM5_IRQHandler   sysinfotest.o
    0x08000fc8   0x08000fc8   0x00000006   Code   RO         2974    i.TIM_ClearFlag     stm32f4xx_tim.o
    0x08000fce   0x08000fce   0x00000006   Code   RO         2975    i.TIM_ClearITPendingBit  stm32f4xx_tim.o
    0x08000fd4   0x08000fd4   0x00000018   Code   RO         2980    i.TIM_Cmd           stm32f4xx_tim.o
    0x08000fec   0x08000fec   0x00000006   Code   RO         2999    i.TIM_GetCounter    stm32f4xx_tim.o
    0x08000ff2   0x08000ff2   0x00000012   Code   RO         3000    i.TIM_GetFlagStatus  stm32f4xx_tim.o
    0x08001004   0x08001004   0x00000022   Code   RO         3001    i.TIM_GetITStatus   stm32f4xx_tim.o
    0x08001026   0x08001026   0x00000012   Code   RO         3005    i.TIM_ITConfig      stm32f4xx_tim.o
    0x08001038   0x08001038   0x00000004   Code   RO         3040    i.TIM_SetAutoreload  stm32f4xx_tim.o
    0x0800103c   0x0800103c   0x00000004   Code   RO         3046    i.TIM_SetCounter    stm32f4xx_tim.o
    0x08001040   0x08001040   0x00000084   Code   RO         3052    i.TIM_TimeBaseInit  stm32f4xx_tim.o
    0x080010c4   0x080010c4   0x0000005c   Code   RO          525    i.Timer4_Init       usmart.o
    0x08001120   0x08001120   0x000000b4   Code   RO            4    i.TimerCallbackFunction  main.o
    0x080011d4   0x080011d4   0x00000088   Code   RO          786    i.USART1_IRQHandler  usart.o
    0x0800125c   0x0800125c   0x00000018   Code   RO         2780    i.USART_Cmd         stm32f4xx_usart.o
    0x08001274   0x08001274   0x00000054   Code   RO         2784    i.USART_GetITStatus  stm32f4xx_usart.o
    0x080012c8   0x080012c8   0x0000004a   Code   RO         2786    i.USART_ITConfig    stm32f4xx_usart.o
    0x08001312   0x08001312   0x00000002   PAD
    0x08001314   0x08001314   0x000000d4   Code   RO         2787    i.USART_Init        stm32f4xx_usart.o
    0x080013e8   0x080013e8   0x0000000a   Code   RO         2794    i.USART_ReceiveData  stm32f4xx_usart.o
    0x080013f2   0x080013f2   0x00000004   Code   RO         2164    i.UsageFault_Handler  stm32f4xx_it.o
    0x080013f6   0x080013f6   0x00000002   PAD
    0x080013f8   0x080013f8   0x00000020   Code   RO         3988    i.__0printf         mc_w.l(printfa.o)
    0x08001418   0x08001418   0x00000028   Code   RO         3990    i.__0sprintf        mc_w.l(printfa.o)
    0x08001440   0x08001440   0x0000002c   Code   RO         3993    i.__0vsnprintf      mc_w.l(printfa.o)
    0x0800146c   0x0800146c   0x0000000e   Code   RO         4057    i.__scatterload_copy  mc_w.l(handlers.o)
    0x0800147a   0x0800147a   0x00000002   Code   RO         4058    i.__scatterload_null  mc_w.l(handlers.o)
    0x0800147c   0x0800147c   0x0000000e   Code   RO         4059    i.__scatterload_zeroinit  mc_w.l(handlers.o)
    0x0800148a   0x0800148a   0x00000002   PAD
    0x0800148c   0x0800148c   0x00000184   Code   RO         3995    i._fp_digits        mc_w.l(printfa.o)
    0x08001610   0x08001610   0x000006dc   Code   RO         3996    i._printf_core      mc_w.l(printfa.o)
    0x08001cec   0x08001cec   0x00000024   Code   RO         3997    i._printf_post_padding  mc_w.l(printfa.o)
    0x08001d10   0x08001d10   0x0000002e   Code   RO         3998    i._printf_pre_padding  mc_w.l(printfa.o)
    0x08001d3e   0x08001d3e   0x00000016   Code   RO         3999    i._snputc           mc_w.l(printfa.o)
    0x08001d54   0x08001d54   0x0000000a   Code   RO         4000    i._sputc            mc_w.l(printfa.o)
    0x08001d5e   0x08001d5e   0x00000050   Code   RO          409    i.bspExitInit       bsp_exti.o
    0x08001dae   0x08001dae   0x00000002   PAD
    0x08001db0   0x08001db0   0x00000048   Code   RO          320    i.bspInit           bsp.o
    0x08001df8   0x08001df8   0x00000030   Code   RO          368    i.bspKeyInit        bsp_key.o
    0x08001e28   0x08001e28   0x00000034   Code   RO          340    i.bspLedInit        bsp_led.o
    0x08001e5c   0x08001e5c   0x00000024   Code   RO          341    i.bspLedToggle      bsp_led.o
    0x08001e80   0x08001e80   0x00000078   Code   RO          504    i.bsp_TIMx_Init     bsp_timer.o
    0x08001ef8   0x08001ef8   0x00000044   Code   RO          723    i.delay_init        delay.o
    0x08001f3c   0x08001f3c   0x00000040   Code   RO          724    i.delay_ms          delay.o
    0x08001f7c   0x08001f7c   0x00000048   Code   RO          725    i.delay_us          delay.o
    0x08001fc4   0x08001fc4   0x000000b0   Code   RO         1452    i.eTaskGetState     tasks.o
    0x08002074   0x08002074   0x0000001c   Code   RO          788    i.fputc             usart.o
    0x08002090   0x08002090   0x0000003c   Code   RO            5    i.main              main.o
    0x080020cc   0x080020cc   0x00000098   Code   RO         1454    i.prvAddCurrentTaskToDelayedList  tasks.o
    0x08002164   0x08002164   0x000000b8   Code   RO         1455    i.prvAddNewTaskToReadyList  tasks.o
    0x0800221c   0x0800221c   0x00000064   Code   RO         1852    i.prvCheckForValidListAndQueue  timers.o
    0x08002280   0x08002280   0x00000048   Code   RO         1456    i.prvCheckTasksWaitingTermination  tasks.o
    0x080022c8   0x080022c8   0x0000002a   Code   RO         1022    i.prvCopyDataFromQueue  queue.o
    0x080022f2   0x080022f2   0x0000007e   Code   RO         1023    i.prvCopyDataToQueue  queue.o
    0x08002370   0x08002370   0x00000012   Code   RO         1457    i.prvDeleteTCB      tasks.o
    0x08002382   0x08002382   0x00000014   Code   RO         1024    i.prvGetDisinheritPriorityAfterTimeout  queue.o
    0x08002396   0x08002396   0x00000002   PAD
    0x08002398   0x08002398   0x00000028   Code   RO         1853    i.prvGetNextExpireTime  timers.o
    0x080023c0   0x080023c0   0x0000007c   Code   RO         2005    i.prvHeapInit       heap_4.o
    0x0800243c   0x0800243c   0x00000008   Code   RO         1458    i.prvIdleTask       tasks.o
    0x08002444   0x08002444   0x0000001e   Code   RO         1025    i.prvInitialiseMutex  queue.o
    0x08002462   0x08002462   0x0000002e   Code   RO         1026    i.prvInitialiseNewQueue  queue.o
    0x08002490   0x08002490   0x000000dc   Code   RO         1459    i.prvInitialiseNewTask  tasks.o
    0x0800256c   0x0800256c   0x00000078   Code   RO         1854    i.prvInitialiseNewTimer  timers.o
    0x080025e4   0x080025e4   0x00000068   Code   RO         1460    i.prvInitialiseTaskLists  tasks.o
    0x0800264c   0x0800264c   0x00000068   Code   RO         2006    i.prvInsertBlockIntoFreeList  heap_4.o
    0x080026b4   0x080026b4   0x00000058   Code   RO         1855    i.prvInsertTimerInActiveList  timers.o
    0x0800270c   0x0800270c   0x0000001a   Code   RO         1027    i.prvIsQueueEmpty   queue.o
    0x08002726   0x08002726   0x0000001e   Code   RO         1028    i.prvIsQueueFull    queue.o
    0x08002744   0x08002744   0x0000006a   Code   RO         1461    i.prvListTasksWithinSingleList  tasks.o
    0x080027ae   0x080027ae   0x00000002   PAD
    0x080027b0   0x080027b0   0x0000009c   Code   RO         1029    i.prvNotifyQueueSetContainer  queue.o
    0x0800284c   0x0800284c   0x00000090   Code   RO         1856    i.prvProcessExpiredTimer  timers.o
    0x080028dc   0x080028dc   0x0000014c   Code   RO         1857    i.prvProcessReceivedCommands  timers.o
    0x08002a28   0x08002a28   0x00000074   Code   RO         1858    i.prvProcessTimerOrBlockTask  timers.o
    0x08002a9c   0x08002a9c   0x00000034   Code   RO         1462    i.prvResetNextTaskUnblockTime  tasks.o
    0x08002ad0   0x08002ad0   0x0000002c   Code   RO         1859    i.prvSampleTimeNow  timers.o
    0x08002afc   0x08002afc   0x000000c0   Code   RO         1860    i.prvSwitchTimerLists  timers.o
    0x08002bbc   0x08002bbc   0x00000016   Code   RO         1463    i.prvTaskCheckFreeStackSpace  tasks.o
    0x08002bd2   0x08002bd2   0x00000002   PAD
    0x08002bd4   0x08002bd4   0x00000070   Code   RO         2069    i.prvTaskExitError  port.o
    0x08002c44   0x08002c44   0x0000001a   Code   RO         1861    i.prvTimerTask      timers.o
    0x08002c5e   0x08002c5e   0x00000090   Code   RO         1030    i.prvUnlockQueue    queue.o
    0x08002cee   0x08002cee   0x0000002a   Code   RO         1465    i.prvWriteNameToBuffer  tasks.o
    0x08002d18   0x08002d18   0x00000160   Code   RO         2007    i.pvPortMalloc      heap_4.o
    0x08002e78   0x08002e78   0x00000020   Code   RO         1466    i.pvTaskIncrementMutexHeldCount  tasks.o
    0x08002e98   0x08002e98   0x0000004c   Code   RO         1862    i.pvTimerGetTimerID  timers.o
    0x08002ee4   0x08002ee4   0x0000002c   Code   RO         2070    i.pxPortInitialiseStack  port.o
    0x08002f10   0x08002f10   0x00000006   Code   RO          526    i.read_addr         usmart.o
    0x08002f16   0x08002f16   0x00000002   PAD
    0x08002f18   0x08002f18   0x000000b0   Code   RO          789    i.uart_init         usart.o
    0x08002fc8   0x08002fc8   0x0000000c   Code   RO          370    i.uasrt_key_send    bsp_key.o
    0x08002fd4   0x08002fd4   0x000000b0   Code   RO          527    i.usmart_cmd_rec    usmart.o
    0x08003084   0x08003084   0x000002d4   Code   RO          528    i.usmart_exe        usmart.o
    0x08003358   0x08003358   0x000000c8   Code   RO          642    i.usmart_get_aparm  usmart_str.o
    0x08003420   0x08003420   0x00000036   Code   RO          643    i.usmart_get_cmdname  usmart_str.o
    0x08003456   0x08003456   0x00000002   PAD
    0x08003458   0x08003458   0x000001c0   Code   RO          644    i.usmart_get_fname  usmart_str.o
    0x08003618   0x08003618   0x0000010c   Code   RO          645    i.usmart_get_fparam  usmart_str.o
    0x08003724   0x08003724   0x00000020   Code   RO          646    i.usmart_get_parmpos  usmart_str.o
    0x08003744   0x08003744   0x00000044   Code   RO          529    i.usmart_get_runtime  usmart.o
    0x08003788   0x08003788   0x00000028   Code   RO          530    i.usmart_init       usmart.o
    0x080037b0   0x080037b0   0x00000016   Code   RO          647    i.usmart_pow        usmart_str.o
    0x080037c6   0x080037c6   0x00000002   PAD
    0x080037c8   0x080037c8   0x00000030   Code   RO          531    i.usmart_reset_runtime  usmart.o
    0x080037f8   0x080037f8   0x000000bc   Code   RO          532    i.usmart_scan       usmart.o
    0x080038b4   0x080038b4   0x00000016   Code   RO          648    i.usmart_search_nextc  usmart_str.o
    0x080038ca   0x080038ca   0x000000ca   Code   RO          649    i.usmart_str2num    usmart_str.o
    0x08003994   0x08003994   0x00000022   Code   RO          650    i.usmart_strcmp     usmart_str.o
    0x080039b6   0x080039b6   0x00000016   Code   RO          651    i.usmart_strcopy    usmart_str.o
    0x080039cc   0x080039cc   0x00000018   Code   RO          652    i.usmart_strlen     usmart_str.o
    0x080039e4   0x080039e4   0x000006e4   Code   RO          533    i.usmart_sys_cmd_exe  usmart.o
    0x080040c8   0x080040c8   0x00000028   Code   RO          974    i.uxListRemove      list.o
    0x080040f0   0x080040f0   0x000000b8   Code   RO         1470    i.uxTaskGetSystemState  tasks.o
    0x080041a8   0x080041a8   0x0000001a   Code   RO          975    i.vListInitialise   list.o
    0x080041c2   0x080041c2   0x00000006   Code   RO          976    i.vListInitialiseItem  list.o
    0x080041c8   0x080041c8   0x00000034   Code   RO          977    i.vListInsert       list.o
    0x080041fc   0x080041fc   0x00000018   Code   RO          978    i.vListInsertEnd    list.o
    0x08004214   0x08004214   0x00000088   Code   RO         2072    i.vPortEnterCritical  port.o
    0x0800429c   0x0800429c   0x00000070   Code   RO         2073    i.vPortExitCritical  port.o
    0x0800430c   0x0800430c   0x000000c8   Code   RO         2008    i.vPortFree         heap_4.o
    0x080043d4   0x080043d4   0x00000018   Code   RO         2074    i.vPortSetupTimerInterrupt  port.o
    0x080043ec   0x080043ec   0x000000a0   Code   RO         2075    i.vPortValidateInterruptPriority  port.o
    0x0800448c   0x0800448c   0x0000002c   Code   RO         1036    i.vQueueAddToRegistry  queue.o
    0x080044b8   0x080044b8   0x0000004a   Code   RO         1040    i.vQueueWaitForMessageRestricted  queue.o
    0x08004502   0x08004502   0x00000002   PAD
    0x08004504   0x08004504   0x00000038   Code   RO          254    i.vSetupSysInfoTest  sysinfotest.o
    0x0800453c   0x0800453c   0x00000074   Code   RO         1475    i.vTaskDelay        tasks.o
    0x080045b0   0x080045b0   0x0000010c   Code   RO         1477    i.vTaskDelete       tasks.o
    0x080046bc   0x080046bc   0x00000084   Code   RO         1479    i.vTaskGetInfo      tasks.o
    0x08004740   0x08004740   0x0000014c   Code   RO            6    i.vTaskGetKey       main.o
    0x0800488c   0x0800488c   0x000000c4   Code   RO         1480    i.vTaskGetRunTimeStats  tasks.o
    0x08004950   0x08004950   0x00000018   Code   RO         1481    i.vTaskInternalSetTimeOutState  tasks.o
    0x08004968   0x08004968   0x00000010   Code   RO            7    i.vTaskLED          main.o
    0x08004978   0x08004978   0x000000dc   Code   RO         1482    i.vTaskList         tasks.o
    0x08004a54   0x08004a54   0x0000000c   Code   RO         1483    i.vTaskMissedYield  tasks.o
    0x08004a60   0x08004a60   0x00000054   Code   RO         1485    i.vTaskPlaceOnEventList  tasks.o
    0x08004ab4   0x08004ab4   0x0000005c   Code   RO         1486    i.vTaskPlaceOnEventListRestricted  tasks.o
    0x08004b10   0x08004b10   0x000000f4   Code   RO         1488    i.vTaskPriorityDisinheritAfterTimeout  tasks.o
    0x08004c04   0x08004c04   0x000000b4   Code   RO         1494    i.vTaskStartScheduler  tasks.o
    0x08004cb8   0x08004cb8   0x00000010   Code   RO         1496    i.vTaskSuspendAll   tasks.o
    0x08004cc8   0x08004cc8   0x000000e8   Code   RO         1497    i.vTaskSwitchContext  tasks.o
    0x08004db0   0x08004db0   0x0000010c   Code   RO            8    i.vTaskTaskInit     main.o
    0x08004ebc   0x08004ebc   0x0000004c   Code   RO         1866    i.vTimerSetTimerID  timers.o
    0x08004f08   0x08004f08   0x00000004   Code   RO          534    i.write_addr        usmart.o
    0x08004f0c   0x08004f0c   0x0000000c   Code   RO         2011    i.xPortGetFreeHeapSize  heap_4.o
    0x08004f18   0x08004f18   0x0000019c   Code   RO         2076    i.xPortStartScheduler  port.o
    0x080050b4   0x080050b4   0x00000034   Code   RO         2077    i.xPortSysTickHandler  port.o
    0x080050e8   0x080050e8   0x00000022   Code   RO         1043    i.xQueueCreateMutex  queue.o
    0x0800510a   0x0800510a   0x00000002   PAD
    0x0800510c   0x0800510c   0x00000070   Code   RO         1045    i.xQueueGenericCreate  queue.o
    0x0800517c   0x0800517c   0x000000b0   Code   RO         1046    i.xQueueGenericReset  queue.o
    0x0800522c   0x0800522c   0x000001d4   Code   RO         1047    i.xQueueGenericSend  queue.o
    0x08005400   0x08005400   0x00000118   Code   RO         1048    i.xQueueGenericSendFromISR  queue.o
    0x08005518   0x08005518   0x000000fc   Code   RO         1049    i.xQueueGiveFromISR  queue.o
    0x08005614   0x08005614   0x00000170   Code   RO         1055    i.xQueueReceive     queue.o
    0x08005784   0x08005784   0x000001b4   Code   RO         1060    i.xQueueSemaphoreTake  queue.o
    0x08005938   0x08005938   0x0000009c   Code   RO         1499    i.xTaskCheckForTimeOut  tasks.o
    0x080059d4   0x080059d4   0x00000060   Code   RO         1500    i.xTaskCreate       tasks.o
    0x08005a34   0x08005a34   0x00000020   Code   RO         1504    i.xTaskGetSchedulerState  tasks.o
    0x08005a54   0x08005a54   0x0000000c   Code   RO         1505    i.xTaskGetTickCount  tasks.o
    0x08005a60   0x08005a60   0x00000160   Code   RO         1507    i.xTaskIncrementTick  tasks.o
    0x08005bc0   0x08005bc0   0x000000d8   Code   RO         1510    i.xTaskPriorityDisinherit  tasks.o
    0x08005c98   0x08005c98   0x000000b8   Code   RO         1511    i.xTaskPriorityInherit  tasks.o
    0x08005d50   0x08005d50   0x000000b4   Code   RO         1512    i.xTaskRemoveFromEventList  tasks.o
    0x08005e04   0x08005e04   0x00000120   Code   RO         1513    i.xTaskResumeAll    tasks.o
    0x08005f24   0x08005f24   0x00000036   Code   RO         1868    i.xTimerCreate      timers.o
    0x08005f5a   0x08005f5a   0x00000002   PAD
    0x08005f5c   0x08005f5c   0x00000074   Code   RO         1869    i.xTimerCreateTimerTask  timers.o
    0x08005fd0   0x08005fd0   0x000000a0   Code   RO         1870    i.xTimerGenericCommand  timers.o
    0x08006070   0x08006070   0x00000058   Code   RO         1874    i.xTimerIsTimerActive  timers.o
    0x080060c8   0x080060c8   0x00000028   Data   RO          535    .conststring        usmart.o
    0x080060f0   0x080060f0   0x000000a1   Data   RO          609    .conststring        usmart_config.o
    0x08006191   0x08006191   0x00000003   PAD
    0x08006194   0x08006194   0x00000020   Data   RO         4055    Region$$Table       anon$$obj.o


    Execution Region RW_IRAM1 (Exec base: 0x20000000, Load base: 0x080061b4, Size: 0x0000a920, Max: 0x00020000, ABSOLUTE, COMPRESSED[0x00000068])

    Exec Addr    Load Addr    Size         Type   Attr      Idx    E Section Name        Object

    0x20000000   COMPRESSED   0x0000001c   Data   RW            9    .data               main.o
    0x2000001c   COMPRESSED   0x00000004   Data   RW          255    .data               sysinfotest.o
    0x20000020   COMPRESSED   0x00000001   Data   RW          342    .data               bsp_led.o
    0x20000021   COMPRESSED   0x00000002   Data   RW          371    .data               bsp_key.o
    0x20000023   COMPRESSED   0x00000001   PAD
    0x20000024   COMPRESSED   0x0000001c   Data   RW          536    .data               usmart.o
    0x20000040   COMPRESSED   0x00000124   Data   RW          610    .data               usmart_config.o
    0x20000164   COMPRESSED   0x00000004   Data   RW          727    .data               delay.o
    0x20000168   COMPRESSED   0x00000006   Data   RW          791    .data               usart.o
    0x2000016e   COMPRESSED   0x00000002   PAD
    0x20000170   COMPRESSED   0x00000044   Data   RW         1516    .data               tasks.o
    0x200001b4   COMPRESSED   0x00000014   Data   RW         1876    .data               timers.o
    0x200001c8   COMPRESSED   0x00000020   Data   RW         2014    .data               heap_4.o
    0x200001e8   COMPRESSED   0x0000000c   Data   RW         2078    .data               port.o
    0x200001f4   COMPRESSED   0x00000010   Data   RW         2439    .data               stm32f4xx_rcc.o
    0x20000204   COMPRESSED   0x00000004   Data   RW         3721    .data               segger_hardfaulthandler.o
    0x20000208        -       0x000000c8   Zero   RW          790    .bss                usart.o
    0x200002d0        -       0x00000040   Zero   RW         1062    .bss                queue.o
    0x20000310        -       0x000001a4   Zero   RW         1515    .bss                tasks.o
    0x200004b4        -       0x00000028   Zero   RW         1875    .bss                timers.o
    0x200004dc        -       0x0000a000   Zero   RW         2013    .bss                heap_4.o
    0x2000a4dc        -       0x00000040   Zero   RW         3720    .bss                segger_hardfaulthandler.o
    0x2000a51c   COMPRESSED   0x00000004   PAD
    0x2000a520        -       0x00000400   Zero   RW         2151    STACK               startup_stm32f40_41xxx.o


==============================================================================

Image component sizes


      Code (inc. data)   RO Data    RW Data    ZI Data      Debug   Object Name

        72         18          0          0          0        486   bsp.o
       184         26          0          0          0       1177   bsp_exti.o
        80         14          0          2          0       2246   bsp_key.o
        88         14          0          1          0       1020   bsp_led.o
       120          6          0          0          0       1004   bsp_timer.o
       220         18          0          4          0       2541   delay.o
         0          0          0          0          0      10544   event_groups.o
        18          0          0          0          0        304   hardfaulthandler.o
       792        190          0         32      40960       4626   heap_4.o
       148          0          0          0          0       3238   list.o
       928        402          0         28          0     303727   main.o
       180         24          0          0          0       2081   misc.o
      1242        392          0         12          0      10973   port.o
      2864        322          0          0         64      19984   queue.o
       180         14          0          4         64       3351   segger_hardfaulthandler.o
        36          8        392          0       1024        840   startup_stm32f40_41xxx.o
       184         16          0          0          0       2100   stm32f4xx_exti.o
       214          0          0          0          0       1775   stm32f4xx_gpio.o
        16          0          0          0          0       2281   stm32f4xx_it.o
       328         36          0         16          0       4631   stm32f4xx_rcc.o
        64          4          0          0          0        656   stm32f4xx_syscfg.o
       252         28          0          0          0       6552   stm32f4xx_tim.o
       404          8          0          0          0       4278   stm32f4xx_usart.o
       100         14          0          4          0       1562   sysinfotest.o
       340         32          0          0          0       1485   system_stm32f4xx.o
      4704       1046          0         68        420      37230   tasks.o
      1772        474          0         20         40      15035   timers.o
       340         30          0          6        200       3804   usart.o
      3166       1330         40         28          0       8010   usmart.o
        24          8        161        292          0       2191   usmart_config.o
      1328         20          0          0          0       8913   usmart_str.o

    ----------------------------------------------------------------------
     20422       4494        628        520      42776     468645   Object Totals
         0          0         32          0          0          0   (incl. Generated)
        34          0          3          3          4          0   (incl. Padding)

    ----------------------------------------------------------------------

      Code (inc. data)   RO Data    RW Data    ZI Data      Debug   Library Member Name

        86          0          0          0          0          0   __dczerorl2.o
         0          0          0          0          0          0   entry.o
         0          0          0          0          0          0   entry10a.o
         0          0          0          0          0          0   entry11a.o
         8          4          0          0          0          0   entry2.o
         4          0          0          0          0          0   entry5.o
         0          0          0          0          0          0   entry7b.o
         0          0          0          0          0          0   entry8b.o
         8          4          0          0          0          0   entry9a.o
        30          0          0          0          0          0   handlers.o
        36          8          0          0          0         68   init.o
         0          0          0          0          0          0   iusefp.o
        30          0          0          0          0         68   llshl.o
        36          0          0          0          0         68   llsshr.o
        32          0          0          0          0         68   llushr.o
        36          0          0          0          0         68   memcpya.o
        36          0          0          0          0        108   memseta.o
      2374        100          0          0          0        752   printfa.o
        18          0          0          0          0         68   strcpy.o
        14          0          0          0          0         68   strlen.o
        44          0          0          0          0         80   uidiv.o
        98          0          0          0          0         92   uldiv.o
        48          0          0          0          0         68   cdrcmple.o
       334          0          0          0          0        148   dadd.o
       222          0          0          0          0        100   ddiv.o
       186          0          0          0          0        176   depilogue.o
        48          0          0          0          0         68   dfixul.o
       228          0          0          0          0         96   dmul.o

    ----------------------------------------------------------------------
      3962        116          0          0          0       2164   Library Totals
         6          0          0          0          0          0   (incl. Padding)

    ----------------------------------------------------------------------

      Code (inc. data)   RO Data    RW Data    ZI Data      Debug   Library Name

      2890        116          0          0          0       1508   mc_w.l
      1066          0          0          0          0        656   mf_w.l

    ----------------------------------------------------------------------
      3962        116          0          0          0       2164   Library Totals

    ----------------------------------------------------------------------

==============================================================================


      Code (inc. data)   RO Data    RW Data    ZI Data      Debug   

     24384       4610        628        520      42776     453249   Grand Totals
     24384       4610        628        104      42776     453249   ELF Image Totals (compressed)
     24384       4610        628        104          0          0   ROM Totals

==============================================================================

    Total RO  Size (Code + RO Data)                25012 (  24.43kB)
    Total RW  Size (RW Data + ZI Data)             43296 (  42.28kB)
    Total ROM Size (Code + RO Data + RW Data)      25116 (  24.53kB)

==============================================================================

