Component: ARM Compiler 5.06 update 6 (build 750) Tool: armlink [4d35ed]

==============================================================================

Section Cross References

    main.o(i.main) refers to bsp.o(i.bspInit) for bspInit
    main.o(i.main) refers to tasks.o(i.xTaskCreate) for xTaskCreate
    main.o(i.main) refers to tasks.o(i.vTaskStartScheduler) for vTaskStartScheduler
    main.o(i.main) refers to main.o(.data) for xHandleTaskInit
    main.o(i.main) refers to main.o(i.vTaskTaskInit) for vTaskTaskInit
    main.o(i.vTaskFileRead) refers to audioplay.o(i.audio_play) for audio_play
    main.o(i.vTaskFileWrite) refers to ff.o(i.f_open) for f_open
    main.o(i.vTaskFileWrite) refers to heap_4.o(i.pvPortMalloc) for pvPortMalloc
    main.o(i.vTaskFileWrite) refers to f2d.o(.text) for __aeabi_f2d
    main.o(i.vTaskFileWrite) refers to printfa.o(i.__0sprintf) for __2sprintf
    main.o(i.vTaskFileWrite) refers to printfa.o(i.__0printf) for __2printf
    main.o(i.vTaskFileWrite) refers to strlen.o(.text) for strlen
    main.o(i.vTaskFileWrite) refers to ff.o(i.f_write) for f_write
    main.o(i.vTaskFileWrite) refers to heap_4.o(i.vPortFree) for vPortFree
    main.o(i.vTaskFileWrite) refers to ff.o(i.f_close) for f_close
    main.o(i.vTaskFileWrite) refers to tasks.o(i.vTaskDelay) for vTaskDelay
    main.o(i.vTaskFileWrite) refers to exfuns.o(.data) for file
    main.o(i.vTaskFileWrite) refers to main.o(.data) for float_num
    main.o(i.vTaskLED) refers to bsp_led.o(i.bspLedToggle) for bspLedToggle
    main.o(i.vTaskLED) refers to tasks.o(i.vTaskDelay) for vTaskDelay
    main.o(i.vTaskTaskInit) refers to port.o(i.vPortEnterCritical) for vPortEnterCritical
    main.o(i.vTaskTaskInit) refers to fattester.o(i.mf_mount) for mf_mount
    main.o(i.vTaskTaskInit) refers to tasks.o(i.xTaskCreate) for xTaskCreate
    main.o(i.vTaskTaskInit) refers to tasks.o(i.vTaskDelete) for vTaskDelete
    main.o(i.vTaskTaskInit) refers to port.o(i.vPortExitCritical) for vPortExitCritical
    main.o(i.vTaskTaskInit) refers to main.o(.data) for xHandleTaskLED
    main.o(i.vTaskTaskInit) refers to main.o(i.vTaskLED) for vTaskLED
    main.o(i.vTaskTaskInit) refers to main.o(i.vTaskFileRead) for vTaskFileRead
    bsp.o(i.bspInit) refers to misc.o(i.NVIC_PriorityGroupConfig) for NVIC_PriorityGroupConfig
    bsp.o(i.bspInit) refers to delay.o(i.delay_init) for delay_init
    bsp.o(i.bspInit) refers to bsp_led.o(i.bspLedInit) for bspLedInit
    bsp.o(i.bspInit) refers to bsp_key.o(i.bspKeyInit) for bspKeyInit
    bsp.o(i.bspInit) refers to usart.o(i.uart_init) for uart_init
    bsp.o(i.bspInit) refers to usmart.o(i.usmart_init) for usmart_init
    bsp.o(i.bspInit) refers to bsp_wm8978.o(i.WM8978_Init) for WM8978_Init
    bsp.o(i.bspInit) refers to bsp_wm8978.o(i.WM8978_HPvol_Set) for WM8978_HPvol_Set
    bsp.o(i.bspInit) refers to bsp_wm8978.o(i.WM8978_SPKvol_Set) for WM8978_SPKvol_Set
    bsp.o(i.bspInit) refers to exfuns.o(i.exfuns_init) for exfuns_init
    bsp.o(i.bspInit) refers to printfa.o(i.__0printf) for __2printf
    bsp.o(i.bspInit) refers to delay.o(i.delay_ms) for delay_ms
    bsp.o(i.bspInit) refers to bsp_sdio_sdcard.o(i.SD_Init) for SD_Init
    bsp_dhtxx.o(i.DHTxx_Action) refers to bsp_dhtxx.o(i.vDHTxx_Start) for vDHTxx_Start
    bsp_dhtxx.o(i.DHTxx_Action) refers to bsp_dhtxx.o(i.uDHTxx_Answer) for uDHTxx_Answer
    bsp_dhtxx.o(i.DHTxx_Action) refers to bsp_dhtxx.o(i.uRead_Byte) for uRead_Byte
    bsp_dhtxx.o(i.DHTxx_Get_Data) refers to bsp_dhtxx.o(i.DHTxx_Action) for DHTxx_Action
    bsp_dhtxx.o(i.DHTxx_Get_Data) refers to dflti.o(.text) for __aeabi_i2d
    bsp_dhtxx.o(i.DHTxx_Get_Data) refers to ddiv.o(.text) for __aeabi_ddiv
    bsp_dhtxx.o(i.DHTxx_Get_Data) refers to bsp_dhtxx.o(.data) for g_dhtxx_table
    bsp_dhtxx.o(i.Io_Init) refers to stm32f4xx_rcc.o(i.RCC_AHB1PeriphClockCmd) for RCC_AHB1PeriphClockCmd
    bsp_dhtxx.o(i.Io_Init) refers to stm32f4xx_gpio.o(i.GPIO_Init) for GPIO_Init
    bsp_dhtxx.o(i.Io_Init) refers to stm32f4xx_gpio.o(i.GPIO_SetBits) for GPIO_SetBits
    bsp_dhtxx.o(i.uDHTxx_Answer) refers to bsp_dhtxx.o(i.vSetIoState) for vSetIoState
    bsp_dhtxx.o(i.uDHTxx_Answer) refers to delay.o(i.delay_us) for delay_us
    bsp_dhtxx.o(i.uRead_Byte) refers to delay.o(i.delay_us) for delay_us
    bsp_dhtxx.o(i.vDHTxx_Start) refers to bsp_dhtxx.o(i.vSetIoState) for vSetIoState
    bsp_dhtxx.o(i.vDHTxx_Start) refers to delay.o(i.delay_us) for delay_us
    bsp_dhtxx.o(i.vDhtxx_Init) refers to bsp_dhtxx.o(i.Io_Init) for Io_Init
    bsp_dhtxx.o(i.vInstability_Period) refers to delay.o(i.delay_ms) for delay_ms
    bsp_adc.o(i.Get_Adc) refers to stm32f4xx_adc.o(i.ADC_RegularChannelConfig) for ADC_RegularChannelConfig
    bsp_adc.o(i.Get_Adc) refers to stm32f4xx_adc.o(i.ADC_SoftwareStartConv) for ADC_SoftwareStartConv
    bsp_adc.o(i.Get_Adc) refers to stm32f4xx_adc.o(i.ADC_GetFlagStatus) for ADC_GetFlagStatus
[...]
    OTG_HS_WKUP_IRQHandler                   0x08000287   Thumb Code     0  startup_stm32f40_41xxx.o(.text)
    PVD_IRQHandler                           0x08000287   Thumb Code     0  startup_stm32f40_41xxx.o(.text)
    RCC_IRQHandler                           0x08000287   Thumb Code     0  startup_stm32f40_41xxx.o(.text)
    RTC_Alarm_IRQHandler                     0x08000287   Thumb Code     0  startup_stm32f40_41xxx.o(.text)
    RTC_WKUP_IRQHandler                      0x08000287   Thumb Code     0  startup_stm32f40_41xxx.o(.text)
    SPI1_IRQHandler                          0x08000287   Thumb Code     0  startup_stm32f40_41xxx.o(.text)
    SPI2_IRQHandler                          0x08000287   Thumb Code     0  startup_stm32f40_41xxx.o(.text)
    SPI3_IRQHandler                          0x08000287   Thumb Code     0  startup_stm32f40_41xxx.o(.text)
    TAMP_STAMP_IRQHandler                    0x08000287   Thumb Code     0  startup_stm32f40_41xxx.o(.text)
    TIM1_BRK_TIM9_IRQHandler                 0x08000287   Thumb Code     0  startup_stm32f40_41xxx.o(.text)
    TIM1_CC_IRQHandler                       0x08000287   Thumb Code     0  startup_stm32f40_41xxx.o(.text)
    TIM1_TRG_COM_TIM11_IRQHandler            0x08000287   Thumb Code     0  startup_stm32f40_41xxx.o(.text)
    TIM1_UP_TIM10_IRQHandler                 0x08000287   Thumb Code     0  startup_stm32f40_41xxx.o(.text)
    TIM2_IRQHandler                          0x08000287   Thumb Code     0  startup_stm32f40_41xxx.o(.text)
    TIM5_IRQHandler                          0x08000287   Thumb Code     0  startup_stm32f40_41xxx.o(.text)
    TIM6_DAC_IRQHandler                      0x08000287   Thumb Code     0  startup_stm32f40_41xxx.o(.text)
    TIM7_IRQHandler                          0x08000287   Thumb Code     0  startup_stm32f40_41xxx.o(.text)
    TIM8_BRK_TIM12_IRQHandler                0x08000287   Thumb Code     0  startup_stm32f40_41xxx.o(.text)
    TIM8_CC_IRQHandler                       0x08000287   Thumb Code     0  startup_stm32f40_41xxx.o(.text)
    TIM8_TRG_COM_TIM14_IRQHandler            0x08000287   Thumb Code     0  startup_stm32f40_41xxx.o(.text)
    TIM8_UP_TIM13_IRQHandler                 0x08000287   Thumb Code     0  startup_stm32f40_41xxx.o(.text)
    UART4_IRQHandler                         0x08000287   Thumb Code     0  startup_stm32f40_41xxx.o(.text)
    UART5_IRQHandler                         0x08000287   Thumb Code     0  startup_stm32f40_41xxx.o(.text)
    USART2_IRQHandler                        0x08000287   Thumb Code     0  startup_stm32f40_41xxx.o(.text)
    USART3_IRQHandler                        0x08000287   Thumb Code     0  startup_stm32f40_41xxx.o(.text)
    USART6_IRQHandler                        0x08000287   Thumb Code     0  startup_stm32f40_41xxx.o(.text)
    WWDG_IRQHandler                          0x08000287   Thumb Code     0  startup_stm32f40_41xxx.o(.text)
    __aeabi_ldivmod                          0x08000291   Thumb Code    98  ldiv.o(.text)
    __aeabi_memcpy                           0x080002f3   Thumb Code    36  memcpya.o(.text)
    __aeabi_memcpy4                          0x080002f3   Thumb Code     0  memcpya.o(.text)
    __aeabi_memcpy8                          0x080002f3   Thumb Code     0  memcpya.o(.text)
    __aeabi_memset                           0x08000317   Thumb Code    14  memseta.o(.text)
    __aeabi_memset4                          0x08000317   Thumb Code     0  memseta.o(.text)
    __aeabi_memset8                          0x08000317   Thumb Code     0  memseta.o(.text)
    __aeabi_memclr                           0x08000325   Thumb Code     4  memseta.o(.text)
    __aeabi_memclr4                          0x08000325   Thumb Code     0  memseta.o(.text)
    __aeabi_memclr8                          0x08000325   Thumb Code     0  memseta.o(.text)
    memset                                   0x08000329   Thumb Code    18  memseta.o(.text)
    strcat                                   0x0800033b   Thumb Code    24  strcat.o(.text)
    strlen                                   0x08000353   Thumb Code    14  strlen.o(.text)
    strcmp                                   0x08000361   Thumb Code    28  strcmp.o(.text)
    strcpy                                   0x0800037d   Thumb Code    18  strcpy.o(.text)
    __aeabi_dadd                             0x0800038f   Thumb Code   322  dadd.o(.text)
    __aeabi_dsub                             0x080004d1   Thumb Code     6  dadd.o(.text)
    __aeabi_drsub                            0x080004d7   Thumb Code     6  dadd.o(.text)
    __aeabi_dmul                             0x080004dd   Thumb Code   228  dmul.o(.text)
    __aeabi_ddiv                             0x080005c1   Thumb Code   222  ddiv.o(.text)
    __aeabi_cdrcmple                         0x080006a1   Thumb Code    48  cdrcmple.o(.text)
    __aeabi_uidiv                            0x080006d1   Thumb Code     0  uidiv.o(.text)
    __aeabi_uidivmod                         0x080006d1   Thumb Code    44  uidiv.o(.text)
    __aeabi_uldivmod                         0x080006fd   Thumb Code    98  uldiv.o(.text)
    __aeabi_llsl                             0x0800075f   Thumb Code    30  llshl.o(.text)
    _ll_shift_l                              0x0800075f   Thumb Code     0  llshl.o(.text)
    __aeabi_llsr                             0x0800077d   Thumb Code    32  llushr.o(.text)
    _ll_ushift_r                             0x0800077d   Thumb Code     0  llushr.o(.text)
    __aeabi_lasr                             0x0800079d   Thumb Code    36  llsshr.o(.text)
    _ll_sshift_r                             0x0800079d   Thumb Code     0  llsshr.o(.text)
    __I$use$fp                               0x080007c1   Thumb Code     0  iusefp.o(.text)
    _double_round                            0x080007c1   Thumb Code    30  depilogue.o(.text)
    _double_epilogue                         0x080007df   Thumb Code   156  depilogue.o(.text)
    __aeabi_d2ulz                            0x0800087b   Thumb Code    48  dfixul.o(.text)
    __scatterload                            0x080008ad   Thumb Code    28  init.o(.text)
    __scatterload_rt2                        0x080008ad   Thumb Code     0  init.o(.text)
    __decompress                             0x080008d1   Thumb Code     0  __dczerorl2.o(.text)
    __decompress1                            0x080008d1   Thumb Code    86  __dczerorl2.o(.text)
    HardFault_Handler                        0x08000929   Thumb Code     0  hardfaulthandler.o(OSKERNEL)
    BusFault_Handler                         0x0800093b   Thumb Code     4  stm32f4xx_it.o(i.BusFault_Handler)
    CmdError                                 0x0800093f   Thumb Code    48  bsp_sdio_sdcard.o(i.CmdError)
    CmdResp1Error                            0x08000971   Thumb Code    94  bsp_sdio_sdcard.o(i.CmdResp1Error)
    CmdResp2Error                            0x080009d5   Thumb Code    80  bsp_sdio_sdcard.o(i.CmdResp2Error)
    CmdResp3Error                            0x08000a29   Thumb Code    50  bsp_sdio_sdcard.o(i.CmdResp3Error)
    CmdResp6Error                            0x08000a61   Thumb Code   144  bsp_sdio_sdcard.o(i.CmdResp6Error)
    CmdResp7Error                            0x08000af5   Thumb Code    70  bsp_sdio_sdcard.o(i.CmdResp7Error)
    DMA1_Stream4_IRQHandler                  0x08000b41   Thumb Code    30  bsp_i2s.o(i.DMA1_Stream4_IRQHandler)
    DMA_ClearITPendingBit                    0x08000b6d   Thumb Code    38  stm32f4xx_dma.o(i.DMA_ClearITPendingBit)
    DMA_Cmd                                  0x08000ba1   Thumb Code    22  stm32f4xx_dma.o(i.DMA_Cmd)
    DMA_DeInit                               0x08000bb9   Thumb Code   324  stm32f4xx_dma.o(i.DMA_DeInit)
    DMA_DoubleBufferModeCmd                  0x08000d11   Thumb Code    22  stm32f4xx_dma.o(i.DMA_DoubleBufferModeCmd)
    DMA_DoubleBufferModeConfig               0x08000d27   Thumb Code    24  stm32f4xx_dma.o(i.DMA_DoubleBufferModeConfig)
    DMA_FlowControllerConfig                 0x08000d3f   Thumb Code    22  stm32f4xx_dma.o(i.DMA_FlowControllerConfig)
    DMA_GetCmdStatus                         0x08000d55   Thumb Code    20  stm32f4xx_dma.o(i.DMA_GetCmdStatus)
    DMA_GetITStatus                          0x08000d69   Thumb Code    82  stm32f4xx_dma.o(i.DMA_GetITStatus)
    DMA_ITConfig                             0x08000dcd   Thumb Code    58  stm32f4xx_dma.o(i.DMA_ITConfig)
    DMA_Init                                 0x08000e09   Thumb Code    82  stm32f4xx_dma.o(i.DMA_Init)
    DebugMon_Handler                         0x08000e61   Thumb Code     2  stm32f4xx_it.o(i.DebugMon_Handler)
    FindSCR                                  0x08000e65   Thumb Code   388  bsp_sdio_sdcard.o(i.FindSCR)
    FuncTest                                 0x08000ff9   Thumb Code    16  usmart_config.o(i.FuncTest)
    GPIO_Init                                0x08001011   Thumb Code   144  stm32f4xx_gpio.o(i.GPIO_Init)
    GPIO_PinAFConfig                         0x080010a1   Thumb Code    70  stm32f4xx_gpio.o(i.GPIO_PinAFConfig)
    GPIO_ReadInputDataBit                    0x080010e7   Thumb Code    18  stm32f4xx_gpio.o(i.GPIO_ReadInputDataBit)
    GPIO_SetBits                             0x080010f9   Thumb Code     4  stm32f4xx_gpio.o(i.GPIO_SetBits)
    HardFaultHandler                         0x080010fd   Thumb Code   166  segger_hardfaulthandler.o(i.HardFaultHandler)
    I2S2_Init                                0x080011b1   Thumb Code    94  bsp_i2s.o(i.I2S2_Init)
    I2S2_SampleRate_Set                      0x08001215   Thumb Code   148  bsp_i2s.o(i.I2S2_SampleRate_Set)
    I2S2_TX_DMA_Init                         0x080012b5   Thumb Code   154  bsp_i2s.o(i.I2S2_TX_DMA_Init)
    I2S_Cmd                                  0x08001359   Thumb Code    24  stm32f4xx_spi.o(i.I2S_Cmd)
    I2S_Init                                 0x08001371   Thumb Code   396  stm32f4xx_spi.o(i.I2S_Init)
    I2S_Play_Start                           0x08001509   Thumb Code    12  bsp_i2s.o(i.I2S_Play_Start)
    I2S_Play_Stop                            0x08001519   Thumb Code    12  bsp_i2s.o(i.I2S_Play_Stop)
    IIC_Init                                 0x08001529   Thumb Code    62  bsp_myiic.o(i.IIC_Init)
    IIC_Send_Byte                            0x08001575   Thumb Code    90  bsp_myiic.o(i.IIC_Send_Byte)
    IIC_Start                                0x080015dd   Thumb Code    64  bsp_myiic.o(i.IIC_Start)
    IIC_Stop                                 0x08001629   Thumb Code    62  bsp_myiic.o(i.IIC_Stop)
    IIC_Wait_Ack                             0x08001675   Thumb Code    82  bsp_myiic.o(i.IIC_Wait_Ack)
    IsCardProgramming                        0x080016d5   Thumb Code   146  bsp_sdio_sdcard.o(i.IsCardProgramming)
    KEY_Scan                                 0x08001775   Thumb Code   188  bsp_key.o(i.KEY_Scan)
    MemManage_Handler                        0x0800183d   Thumb Code     4  stm32f4xx_it.o(i.MemManage_Handler)
    NMI_Handler                              0x08001841   Thumb Code     2  stm32f4xx_it.o(i.NMI_Handler)
    NVIC_Init                                0x08001845   Thumb Code   106  misc.o(i.NVIC_Init)
    NVIC_PriorityGroupConfig                 0x080018bd   Thumb Code    10  misc.o(i.NVIC_PriorityGroupConfig)
    RCC_AHB1PeriphClockCmd                   0x080018d1   Thumb Code    26  stm32f4xx_rcc.o(i.RCC_AHB1PeriphClockCmd)
    RCC_APB1PeriphClockCmd                   0x080018f1   Thumb Code    26  stm32f4xx_rcc.o(i.RCC_APB1PeriphClockCmd)
    RCC_APB1PeriphResetCmd                   0x08001911   Thumb Code    26  stm32f4xx_rcc.o(i.RCC_APB1PeriphResetCmd)
    RCC_APB2PeriphClockCmd                   0x08001931   Thumb Code    26  stm32f4xx_rcc.o(i.RCC_APB2PeriphClockCmd)
    RCC_APB2PeriphResetCmd                   0x08001951   Thumb Code    26  stm32f4xx_rcc.o(i.RCC_APB2PeriphResetCmd)
    RCC_GetClocksFreq                        0x08001971   Thumb Code   214  stm32f4xx_rcc.o(i.RCC_GetClocksFreq)
    RCC_PLLI2SCmd                            0x08001a59   Thumb Code     6  stm32f4xx_rcc.o(i.RCC_PLLI2SCmd)
    RCC_PLLI2SConfig                         0x08001a65   Thumb Code    12  stm32f4xx_rcc.o(i.RCC_PLLI2SConfig)
    SDEnWideBus                              0x08001a75   Thumb Code   158  bsp_sdio_sdcard.o(i.SDEnWideBus)
    SDIO_ClearFlag                           0x08001b21   Thumb Code     6  stm32f4xx_sdio.o(i.SDIO_ClearFlag)
    SDIO_Clock_Set                           0x08001b2d   Thumb Code    16  bsp_sdio_sdcard.o(i.SDIO_Clock_Set)
    SDIO_DataConfig                          0x08001b41   Thumb Code    46  stm32f4xx_sdio.o(i.SDIO_DataConfig)
    SDIO_GetFlagStatus                       0x08001b75   Thumb Code    20  stm32f4xx_sdio.o(i.SDIO_GetFlagStatus)
    SDIO_GetPowerState                       0x08001b8d   Thumb Code    10  stm32f4xx_sdio.o(i.SDIO_GetPowerState)
    SDIO_IRQHandler                          0x08001b9d   Thumb Code     8  bsp_sdio_sdcard.o(i.SDIO_IRQHandler)
    SDIO_Init                                0x08001ba5   Thumb Code    42  stm32f4xx_sdio.o(i.SDIO_Init)
    SDIO_Register_Deinit                     0x08001bd5   Thumb Code    48  bsp_sdio_sdcard.o(i.SDIO_Register_Deinit)
    SDIO_SendCommand                         0x08001c0d   Thumb Code    40  stm32f4xx_sdio.o(i.SDIO_SendCommand)
    SDIO_SetPowerState                       0x08001c39   Thumb Code     6  stm32f4xx_sdio.o(i.SDIO_SetPowerState)
    SD_DMA_Config                            0x08001c45   Thumb Code   118  bsp_sdio_sdcard.o(i.SD_DMA_Config)
    SD_EnableWideBusOperation                0x08001cc5   Thumb Code    94  bsp_sdio_sdcard.o(i.SD_EnableWideBusOperation)
    SD_GetCardInfo                           0x08001d2d   Thumb Code   772  bsp_sdio_sdcard.o(i.SD_GetCardInfo)
    SD_Init                                  0x08002041   Thumb Code   286  bsp_sdio_sdcard.o(i.SD_Init)
    SD_InitializeCards                       0x08002175   Thumb Code   330  bsp_sdio_sdcard.o(i.SD_InitializeCards)
    SD_PowerON                               0x080022d9   Thumb Code   460  bsp_sdio_sdcard.o(i.SD_PowerON)
    SD_ProcessIRQSrc                         0x080024bd   Thumb Code   318  bsp_sdio_sdcard.o(i.SD_ProcessIRQSrc)
    SD_ReadBlock                             0x08002611   Thumb Code   574  bsp_sdio_sdcard.o(i.SD_ReadBlock)
    SD_ReadDisk                              0x08002879   Thumb Code   148  bsp_sdio_sdcard.o(i.SD_ReadDisk)
    SD_ReadMultiBlocks                       0x08002911   Thumb Code   710  bsp_sdio_sdcard.o(i.SD_ReadMultiBlocks)
    SD_SelectDeselect                        0x08002c05   Thumb Code    42  bsp_sdio_sdcard.o(i.SD_SelectDeselect)
    SD_SetDeviceMode                         0x08002c35   Thumb Code    20  bsp_sdio_sdcard.o(i.SD_SetDeviceMode)
    SD_WriteBlock                            0x08002c4d   Thumb Code   862  bsp_sdio_sdcard.o(i.SD_WriteBlock)
    SD_WriteDisk                             0x08002fd5   Thumb Code   148  bsp_sdio_sdcard.o(i.SD_WriteDisk)
    SD_WriteMultiBlocks                      0x0800306d   Thumb Code   934  bsp_sdio_sdcard.o(i.SD_WriteMultiBlocks)
    SPI_I2S_DMACmd                           0x0800343d   Thumb Code    18  stm32f4xx_spi.o(i.SPI_I2S_DMACmd)
    SysTick_CLKSourceConfig                  0x0800353d   Thumb Code    40  misc.o(i.SysTick_CLKSourceConfig)
    SysTick_Handler                          0x08003565   Thumb Code    16  delay.o(i.SysTick_Handler)
    SystemInit                               0x08003575   Thumb Code    88  system_stm32f4xx.o(i.SystemInit)
    TIM3_IRQHandler                          0x080035dd   Thumb Code    20  bsp_timer.o(i.TIM3_IRQHandler)
    TIM4_IRQHandler                          0x080035f5   Thumb Code    46  usmart.o(i.TIM4_IRQHandler)
    TIM_ClearFlag                            0x0800362d   Thumb Code     6  stm32f4xx_tim.o(i.TIM_ClearFlag)
    TIM_ClearITPendingBit                    0x08003633   Thumb Code     6  stm32f4xx_tim.o(i.TIM_ClearITPendingBit)
    TIM_Cmd                                  0x08003639   Thumb Code    24  stm32f4xx_tim.o(i.TIM_Cmd)
    TIM_GetCounter                           0x08003651   Thumb Code     6  stm32f4xx_tim.o(i.TIM_GetCounter)
    TIM_GetFlagStatus                        0x08003657   Thumb Code    18  stm32f4xx_tim.o(i.TIM_GetFlagStatus)
    TIM_GetITStatus                          0x08003669   Thumb Code    34  stm32f4xx_tim.o(i.TIM_GetITStatus)
    TIM_ITConfig                             0x0800368b   Thumb Code    18  stm32f4xx_tim.o(i.TIM_ITConfig)
    TIM_SetAutoreload                        0x0800369d   Thumb Code     4  stm32f4xx_tim.o(i.TIM_SetAutoreload)
    TIM_SetCounter                           0x080036a1   Thumb Code     4  stm32f4xx_tim.o(i.TIM_SetCounter)
    TIM_TimeBaseInit                         0x080036a5   Thumb Code   104  stm32f4xx_tim.o(i.TIM_TimeBaseInit)
    Timer4_Init                              0x08003729   Thumb Code    86  usmart.o(i.Timer4_Init)
    USART1_IRQHandler                        0x08003785   Thumb Code   122  usart.o(i.USART1_IRQHandler)
    USART_Cmd                                0x0800380d   Thumb Code    24  stm32f4xx_usart.o(i.USART_Cmd)
    USART_GetITStatus                        0x08003825   Thumb Code    84  stm32f4xx_usart.o(i.USART_GetITStatus)
    USART_ITConfig                           0x08003879   Thumb Code    74  stm32f4xx_usart.o(i.USART_ITConfig)
    USART_Init                               0x080038c5   Thumb Code   204  stm32f4xx_usart.o(i.USART_Init)
    USART_ReceiveData                        0x08003999   Thumb Code    10  stm32f4xx_usart.o(i.USART_ReceiveData)
    UsageFault_Handler                       0x080039a3   Thumb Code     4  stm32f4xx_it.o(i.UsageFault_Handler)
    WM8978_ADDA_Cfg                          0x080039a7   Thumb Code    64  bsp_wm8978.o(i.WM8978_ADDA_Cfg)
    WM8978_AUX_Gain                          0x080039e7   Thumb Code    54  bsp_wm8978.o(i.WM8978_AUX_Gain)
    WM8978_HPvol_Set                         0x08003a1d   Thumb Code    46  bsp_wm8978.o(i.WM8978_HPvol_Set)
    WM8978_I2S_Cfg                           0x08003a4b   Thumb Code    28  bsp_wm8978.o(i.WM8978_I2S_Cfg)
    WM8978_Init                              0x08003a69   Thumb Code   244  bsp_wm8978.o(i.WM8978_Init)
    WM8978_Input_Cfg                         0x08003b65   Thumb Code   102  bsp_wm8978.o(i.WM8978_Input_Cfg)
    WM8978_LINEIN_Gain                       0x08003bcb   Thumb Code    54  bsp_wm8978.o(i.WM8978_LINEIN_Gain)
    WM8978_Output_Cfg                        0x08003c01   Thumb Code    42  bsp_wm8978.o(i.WM8978_Output_Cfg)
    WM8978_Read_Reg                          0x08003c2d   Thumb Code    10  bsp_wm8978.o(i.WM8978_Read_Reg)
    WM8978_SPKvol_Set                        0x08003c3d   Thumb Code    34  bsp_wm8978.o(i.WM8978_SPKvol_Set)
    WM8978_Write_Reg                         0x08003c61   Thumb Code    80  bsp_wm8978.o(i.WM8978_Write_Reg)
    __0printf                                0x08003cb5   Thumb Code    22  printfa.o(i.__0printf)
    __1printf                                0x08003cb5   Thumb Code     0  printfa.o(i.__0printf)
    __2printf                                0x08003cb5   Thumb Code     0  printfa.o(i.__0printf)
    __c89printf                              0x08003cb5   Thumb Code     0  printfa.o(i.__0printf)
    printf                                   0x08003cb5   Thumb Code     0  printfa.o(i.__0printf)
    __0sprintf                               0x08003cd5   Thumb Code    34  printfa.o(i.__0sprintf)
    __1sprintf                               0x08003cd5   Thumb Code     0  printfa.o(i.__0sprintf)
    __2sprintf                               0x08003cd5   Thumb Code     0  printfa.o(i.__0sprintf)
    __c89sprintf                             0x08003cd5   Thumb Code     0  printfa.o(i.__0sprintf)
    sprintf                                  0x08003cd5   Thumb Code     0  printfa.o(i.__0sprintf)
    __scatterload_copy                       0x08003cfd   Thumb Code    14  handlers.o(i.__scatterload_copy)
    __scatterload_null                       0x08003d0b   Thumb Code     2  handlers.o(i.__scatterload_null)
    __scatterload_zeroinit                   0x08003d0d   Thumb Code    14  handlers.o(i.__scatterload_zeroinit)
    audio_get_tnum                           0x080045d9   Thumb Code    74  audioplay.o(i.audio_get_tnum)
    audio_index_show                         0x08004623   Thumb Code     2  audioplay.o(i.audio_index_show)
    audio_msg_show                           0x08004625   Thumb Code    16  audioplay.o(i.audio_msg_show)
    audio_play                               0x08004639   Thumb Code   344  audioplay.o(i.audio_play)
    audio_play_song                          0x080047a9   Thumb Code    44  audioplay.o(i.audio_play_song)
    audio_start                              0x080047e5   Thumb Code    14  audioplay.o(i.audio_start)
    audio_stop                               0x080047f9   Thumb Code    14  audioplay.o(i.audio_stop)
    bspInit                                  0x0800480d   Thumb Code   106  bsp.o(i.bspInit)
    bspKeyInit                               0x080048a9   Thumb Code    60  bsp_key.o(i.bspKeyInit)
    bspLedInit                               0x080048ed   Thumb Code    60  bsp_led.o(i.bspLedInit)
    bspLedToggle                             0x0800492d   Thumb Code    26  bsp_led.o(i.bspLedToggle)
    char_upper                               0x08004951   Thumb Code    26  exfuns.o(i.char_upper)
    convert_from_bytes_to_power_of_two       0x08004ab9   Thumb Code    18  bsp_sdio_sdcard.o(i.convert_from_bytes_to_power_of_two)
    delay_init                               0x08005019   Thumb Code    58  delay.o(i.delay_init)
    delay_ms                                 0x0800505d   Thumb Code    60  delay.o(i.delay_ms)
    delay_us                                 0x0800509d   Thumb Code    68  delay.o(i.delay_us)
    dir_sdi                                  0x08005645   Thumb Code   154  ff.o(i.dir_sdi)
    disk_initialize                          0x080056df   Thumb Code    40  diskio.o(i.disk_initialize)
    disk_ioctl                               0x08005709   Thumb Code   106  diskio.o(i.disk_ioctl)
    disk_read                                0x08005779   Thumb Code    98  diskio.o(i.disk_read)
    disk_status                              0x080057db   Thumb Code     6  diskio.o(i.disk_status)
    disk_write                               0x080057e1   Thumb Code    98  diskio.o(i.disk_write)
    exfuns_init                              0x08005845   Thumb Code   106  exfuns.o(i.exfuns_init)
    f_close                                  0x080058c1   Thumb Code    42  ff.o(i.f_close)
    f_closedir                               0x080058eb   Thumb Code    32  ff.o(i.f_closedir)
    f_getfree                                0x0800590b   Thumb Code   254  ff.o(i.f_getfree)
    f_getlabel                               0x08005a09   Thumb Code   198  ff.o(i.f_getlabel)
    f_gets                                   0x08005acf   Thumb Code    82  ff.o(i.f_gets)
    f_lseek                                  0x08005b21   Thumb Code   478  ff.o(i.f_lseek)
    f_mkdir                                  0x08005cff   Thumb Code   310  ff.o(i.f_mkdir)
    f_mkfs                                   0x08005e35   Thumb Code  1824  ff.o(i.f_mkfs)
    f_mount                                  0x08006589   Thumb Code   116  ff.o(i.f_mount)
    f_open                                   0x08006601   Thumb Code   536  ff.o(i.f_open)
    f_opendir                                0x08006819   Thumb Code   154  ff.o(i.f_opendir)
    f_putc                                   0x080068b3   Thumb Code    34  ff.o(i.f_putc)
    f_puts                                   0x080068d5   Thumb Code    44  ff.o(i.f_puts)
    f_read                                   0x08006901   Thumb Code   498  ff.o(i.f_read)
    f_readdir                                0x08006af3   Thumb Code   120  ff.o(i.f_readdir)
    f_rename                                 0x08006b6b   Thumb Code   330  ff.o(i.f_rename)
    f_setlabel                               0x08006cb5   Thumb Code   338  ff.o(i.f_setlabel)
    f_sync                                   0x08006e0d   Thumb Code   176  ff.o(i.f_sync)
    f_typetell                               0x08006ebd   Thumb Code   172  exfuns.o(i.f_typetell)
    f_unlink                                 0x08006f6d   Thumb Code   212  ff.o(i.f_unlink)
    f_write                                  0x08007041   Thumb Code   562  ff.o(i.f_write)
    ff_cre_syncobj                           0x08007273   Thumb Code    26  ffsystem.o(i.ff_cre_syncobj)
    ff_del_syncobj                           0x0800728d   Thumb Code    14  ffsystem.o(i.ff_del_syncobj)
    ff_memalloc                              0x0800729b   Thumb Code    12  ffsystem.o(i.ff_memalloc)
    ff_memfree                               0x080072a7   Thumb Code    12  ffsystem.o(i.ff_memfree)
    ff_oem2uni                               0x080072b5   Thumb Code   100  ffunicode.o(i.ff_oem2uni)
    ff_rel_grant                             0x0800731d   Thumb Code    18  ffsystem.o(i.ff_rel_grant)
    ff_req_grant                             0x0800732f   Thumb Code    24  ffsystem.o(i.ff_req_grant)
    ff_uni2oem                               0x08007349   Thumb Code   112  ffunicode.o(i.ff_uni2oem)
    ff_wtoupper                              0x080073bd   Thumb Code   166  ffunicode.o(i.ff_wtoupper)
    fputc                                    0x08007585   Thumb Code    22  usart.o(i.fputc)
    free                                     0x080075a1   Thumb Code    76  malloc.o(i.free)
    get_fattime                              0x0800779d   Thumb Code     4  diskio.o(i.get_fattime)
    main                                     0x080079c9   Thumb Code    34  main.o(i.main)
    malloc                                   0x08007a05   Thumb Code    92  malloc.o(i.malloc)
    mf_close                                 0x08007ac1   Thumb Code    14  fattester.o(i.mf_close)
    mf_closedir                              0x08007ad5   Thumb Code    10  fattester.o(i.mf_closedir)
    mf_fmkfs                                 0x08007ae5   Thumb Code    20  fattester.o(i.mf_fmkfs)
    mf_getlabel                              0x08007af9   Thumb Code    58  fattester.o(i.mf_getlabel)
    mf_gets                                  0x08007b7d   Thumb Code    38  fattester.o(i.mf_gets)
    mf_lseek                                 0x08007bc9   Thumb Code    16  fattester.o(i.mf_lseek)
    mf_mkdir                                 0x08007bdd   Thumb Code    12  fattester.o(i.mf_mkdir)
    mf_mount                                 0x08007be9   Thumb Code    20  fattester.o(i.mf_mount)
    mf_open                                  0x08007c01   Thumb Code    24  fattester.o(i.mf_open)
    mf_opendir                               0x08007c1d   Thumb Code    14  fattester.o(i.mf_opendir)
    mf_putc                                  0x08007c31   Thumb Code    18  fattester.o(i.mf_putc)
    mf_puts                                  0x08007c49   Thumb Code    18  fattester.o(i.mf_puts)
    mf_read                                  0x08007c61   Thumb Code   224  fattester.o(i.mf_read)
    mf_readdir                               0x08007db9   Thumb Code    92  fattester.o(i.mf_readdir)
    mf_rename                                0x08007e81   Thumb Code    16  fattester.o(i.mf_rename)
    mf_setlabel                              0x08007e91   Thumb Code    34  fattester.o(i.mf_setlabel)
    mf_showfree                              0x08007eed   Thumb Code    88  fattester.o(i.mf_showfree)
    mf_size                                  0x08007f95   Thumb Code     8  fattester.o(i.mf_size)
    mf_tell                                  0x08007fa1   Thumb Code     8  fattester.o(i.mf_tell)
    mf_unlink                                0x08007fad   Thumb Code    12  fattester.o(i.mf_unlink)
    mf_write                                 0x08007fb9   Thumb Code    68  fattester.o(i.mf_write)
    pvPortMalloc                             0x080090f9   Thumb Code   272  heap_4.o(i.pvPortMalloc)
    pvTaskIncrementMutexHeldCount            0x08009259   Thumb Code    26  tasks.o(i.pvTaskIncrementMutexHeldCount)
    pxPortInitialiseStack                    0x08009279   Thumb Code    38  port.o(i.pxPortInitialiseStack)
    read_addr                                0x080092a5   Thumb Code     6  usmart.o(i.read_addr)
    scan_files                               0x08009345   Thumb Code   124  fattester.o(i.scan_files)
    uart_init                                0x08009565   Thumb Code   166  usart.o(i.uart_init)
    usmart_cmd_rec                           0x08009631   Thumb Code   170  usmart.o(i.usmart_cmd_rec)
    usmart_exe                               0x080096e1   Thumb Code   632  usmart.o(i.usmart_exe)
    usmart_get_aparm                         0x080099b5   Thumb Code   200  usmart_str.o(i.usmart_get_aparm)
    usmart_get_cmdname                       0x08009a7d   Thumb Code    54  usmart_str.o(i.usmart_get_cmdname)
    usmart_get_fname                         0x08009ab5   Thumb Code   440  usmart_str.o(i.usmart_get_fname)
    usmart_get_fparam                        0x08009c75   Thumb Code   262  usmart_str.o(i.usmart_get_fparam)
    usmart_get_parmpos                       0x08009d81   Thumb Code    26  usmart_str.o(i.usmart_get_parmpos)
    usmart_get_runtime                       0x08009da1   Thumb Code    60  usmart.o(i.usmart_get_runtime)
    usmart_init                              0x08009de5   Thumb Code    36  usmart.o(i.usmart_init)
    usmart_pow                               0x08009e0d   Thumb Code    22  usmart_str.o(i.usmart_pow)
    usmart_reset_runtime                     0x08009e25   Thumb Code    38  usmart.o(i.usmart_reset_runtime)
    usmart_scan                              0x08009e55   Thumb Code   120  usmart.o(i.usmart_scan)
    usmart_search_nextc                      0x08009f11   Thumb Code    22  usmart_str.o(i.usmart_search_nextc)
    usmart_str2num                           0x08009f27   Thumb Code   202  usmart_str.o(i.usmart_str2num)
    usmart_strcmp                            0x08009ff1   Thumb Code    34  usmart_str.o(i.usmart_strcmp)
    usmart_strcopy                           0x0800a013   Thumb Code    22  usmart_str.o(i.usmart_strcopy)
    usmart_strlen                            0x0800a029   Thumb Code    24  usmart_str.o(i.usmart_strlen)
    usmart_sys_cmd_exe                       0x0800a041   Thumb Code  1554  usmart.o(i.usmart_sys_cmd_exe)
    uxListRemove                             0x0800a725   Thumb Code    40  list.o(i.uxListRemove)
    vListInitialise                          0x0800a74d   Thumb Code    26  list.o(i.vListInitialise)
    vListInitialiseItem                      0x0800a767   Thumb Code     6  list.o(i.vListInitialiseItem)
    vListInsert                              0x0800a76d   Thumb Code    52  list.o(i.vListInsert)
    vListInsertEnd                           0x0800a7a1   Thumb Code    24  list.o(i.vListInsertEnd)
    vPortEnterCritical                       0x0800a7b9   Thumb Code    68  port.o(i.vPortEnterCritical)
    vPortExitCritical                        0x0800a841   Thumb Code    48  port.o(i.vPortExitCritical)
    vPortFree                                0x0800a8b1   Thumb Code   130  heap_4.o(i.vPortFree)
    vPortSetupTimerInterrupt                 0x0800a979   Thumb Code    20  port.o(i.vPortSetupTimerInterrupt)
    vPortValidateInterruptPriority           0x0800a991   Thumb Code    86  port.o(i.vPortValidateInterruptPriority)
    vQueueAddToRegistry                      0x0800aa31   Thumb Code    38  queue.o(i.vQueueAddToRegistry)
    vQueueDelete                             0x0800aa5d   Thumb Code    34  queue.o(i.vQueueDelete)
    vQueueUnregisterQueue                    0x0800aaa5   Thumb Code    44  queue.o(i.vQueueUnregisterQueue)
    vQueueWaitForMessageRestricted           0x0800aad5   Thumb Code    74  queue.o(i.vQueueWaitForMessageRestricted)
    vTaskDelay                               0x0800ab21   Thumb Code    72  tasks.o(i.vTaskDelay)
    vTaskDelete                              0x0800ab95   Thumb Code   192  tasks.o(i.vTaskDelete)
    vTaskInternalSetTimeOutState             0x0800aca9   Thumb Code    14  tasks.o(i.vTaskInternalSetTimeOutState)
    vTaskMissedYield                         0x0800acd1   Thumb Code     8  tasks.o(i.vTaskMissedYield)
    vTaskPlaceOnEventList                    0x0800acdd   Thumb Code    42  tasks.o(i.vTaskPlaceOnEventList)
    vTaskPlaceOnEventListRestricted          0x0800ad31   Thumb Code    50  tasks.o(i.vTaskPlaceOnEventListRestricted)
    vTaskPriorityDisinheritAfterTimeout      0x0800ad8d   Thumb Code   196  tasks.o(i.vTaskPriorityDisinheritAfterTimeout)
    vTaskStartScheduler                      0x0800ae81   Thumb Code   108  tasks.o(i.vTaskStartScheduler)
    vTaskSuspendAll                          0x0800af2d   Thumb Code    12  tasks.o(i.vTaskSuspendAll)
    vTaskSwitchContext                       0x0800af3d   Thumb Code   110  tasks.o(i.vTaskSwitchContext)
    wav_buffill                              0x0800b0b5   Thumb Code   156  wavplay.o(i.wav_buffill)
    wav_decode_init                          0x0800b155   Thumb Code   308  wavplay.o(i.wav_decode_init)
    wav_get_curtime                          0x0800b349   Thumb Code    74  wavplay.o(i.wav_get_curtime)
    wav_i2s_dma_tx_callback                  0x0800b395   Thumb Code    96  wavplay.o(i.wav_i2s_dma_tx_callback)
    wav_play_song                            0x0800b405   Thumb Code   544  wavplay.o(i.wav_play_song)
    write_addr                               0x0800b641   Thumb Code     4  usmart.o(i.write_addr)
    xPortStartScheduler                      0x0800b645   Thumb Code   322  port.o(i.xPortStartScheduler)
    xPortSysTickHandler                      0x0800b7e1   Thumb Code    46  port.o(i.xPortSysTickHandler)
    xQueueCreateMutex                        0x0800b815   Thumb Code    34  queue.o(i.xQueueCreateMutex)
    xQueueGenericCreate                      0x0800b839   Thumb Code    74  queue.o(i.xQueueGenericCreate)
    xQueueGenericReset                       0x0800b8a9   Thumb Code   136  queue.o(i.xQueueGenericReset)
    xQueueGenericSend                        0x0800b959   Thumb Code   380  queue.o(i.xQueueGenericSend)
    xQueueGenericSendFromISR                 0x0800bafd   Thumb Code   222  queue.o(i.xQueueGenericSendFromISR)
    xQueueReceive                            0x0800bc01   Thumb Code   326  queue.o(i.xQueueReceive)
    xQueueSemaphoreTake                      0x0800bd71   Thumb Code   394  queue.o(i.xQueueSemaphoreTake)
    xTaskCheckForTimeOut                     0x0800bf25   Thumb Code   112  tasks.o(i.xTaskCheckForTimeOut)
    xTaskCreate                              0x0800bfc1   Thumb Code    96  tasks.o(i.xTaskCreate)
    xTaskGetSchedulerState                   0x0800c021   Thumb Code    24  tasks.o(i.xTaskGetSchedulerState)
    xTaskGetTickCount                        0x0800c041   Thumb Code     6  tasks.o(i.xTaskGetTickCount)
    xTaskIncrementTick                       0x0800c04d   Thumb Code   272  tasks.o(i.xTaskIncrementTick)
    xTaskPriorityDisinherit                  0x0800c1ad   Thumb Code   168  tasks.o(i.xTaskPriorityDisinherit)
    xTaskPriorityInherit                     0x0800c285   Thumb Code   172  tasks.o(i.xTaskPriorityInherit)
    xTaskRemoveFromEventList                 0x0800c33d   Thumb Code   118  tasks.o(i.xTaskRemoveFromEventList)
    xTaskResumeAll                           0x0800c3f1   Thumb Code   214  tasks.o(i.xTaskResumeAll)
    xTimerCreateTimerTask                    0x0800c511   Thumb Code    56  timers.o(i.xTimerCreateTimerTask)
    xTimerGenericCommand                     0x0800c585   Thumb Code   116  timers.o(i.xTimerGenericCommand)
    I2S_PSC_TBL                              0x0800c624   Data         110  bsp_i2s.o(.constdata)
    FILE_TYPE_TBL                            0x080372a4   Data         112  exfuns.o(.constdata)
    EventRecorderInfo                        0x08037314   Data          24  eventrecorder.o(.constdata)
    Region$$Table$$Base                      0x08037654   Number         0  anon$$obj.o(Region$$Table)
    Region$$Table$$Limit                     0x08037674   Number         0  anon$$obj.o(Region$$Table)
    TransferError                            0x2000001e   Data           1  bsp_sdio_sdcard.o(.data)
    TransferEnd                              0x2000001f   Data           1  bsp_sdio_sdcard.o(.data)
    tempbuff                                 0x20000020   Data           4  bsp_sdio_sdcard.o(.data)
    i2s_tx_callback                          0x20000098   Data           4  bsp_i2s.o(.data)
    pxCurrentTCB                             0x200000a0   Data           4  tasks.o(.data)
    fs                                       0x20000124   Data           4  exfuns.o(.data)
    file                                     0x20000128   Data           4  exfuns.o(.data)
    ftemp                                    0x2000012c   Data           4  exfuns.o(.data)
    br                                       0x20000130   Data           4  exfuns.o(.data)
    bw                                       0x20000134   Data           4  exfuns.o(.data)
    fatbuf                                   0x20000138   Data           4  exfuns.o(.data)
    sys_cmd_tab                              0x2000013c   Data          28  usmart.o(.data)
    usmart_nametab                           0x20000158   Data         216  usmart_config.o(.data)
    usmart_dev                               0x20000230   Data         244  usmart_config.o(.data)
    __stdout                                 0x20000328   Data           4  usart.o(.data)
    USART_RX_STA                             0x2000032c   Data           2  usart.o(.data)
    wavtransferend                           0x20000344   Data           1  wavplay.o(.data)
    wavwitchbuf                              0x20000345   Data           1  wavplay.o(.data)
    __microlib_freelist                      0x20000348   Data           4  mvars.o(.data)
    __microlib_freelist_initialised          0x2000034c   Data           4  mvars.o(.data)
    SDIO_InitStructure                       0x20000350   Data          24  bsp_sdio_sdcard.o(.bss)
    SDIO_CmdInitStructure                    0x20000368   Data          20  bsp_sdio_sdcard.o(.bss)
    SDIO_DataInitStructure                   0x2000037c   Data          24  bsp_sdio_sdcard.o(.bss)
    SDCardInfo                               0x200003b8   Data          88  bsp_sdio_sdcard.o(.bss)
    SDIO_DATA_BUFFER                         0x20000410   Data         512  bsp_sdio_sdcard.o(.bss)
    xQueueRegistry                           0x20000610   Data          64  queue.o(.bss)
    dir                                      0x2000581c   Data          48  exfuns.o(.bss)
    USART_RX_BUF                             0x20005964   Data         200  usart.o(.bss)
    wavctrl                                  0x20005a6c   Data          32  wavplay.o(.bss)
    audiodev                                 0x20005a8c   Data          17  audioplay.o(.bss)
    __heap_base                              0x20005f68   Data           0  startup_stm32f40_41xxx.o(HEAP)
    __heap_limit                             0x20014f68   Data           0  startup_stm32f40_41xxx.o(HEAP)
    __initial_sp                             0x20015368   Data           0  startup_stm32f40_41xxx.o(STACK)



==============================================================================

Memory Map of the image

  Image Entry point : 0x08000189

  Load Region LR_IROM1 (Base: 0x08000000, Size: 0x000379c4, Max: 0x00080000, ABSOLUTE, COMPRESSED[0x000377a4])

    Execution Region ER_IROM1 (Exec base: 0x08000000, Load base: 0x08000000, Size: 0x00037674, Max: 0x00080000, ABSOLUTE)

    Exec Addr    Load Addr    Size         Type   Attr      Idx    E Section Name        Object

    0x08000000   0x08000000   0x00000188   Data   RO         3819    RESET               startup_stm32f40_41xxx.o
    0x08000188   0x08000188   0x00000000   Code   RO         6310  * .ARM.Collect$$$$00000000  mc_w.l(entry.o)
    0x08000188   0x08000188   0x00000004   Code   RO         6645    .ARM.Collect$$$$00000001  mc_w.l(entry2.o)
    0x0800018c   0x0800018c   0x00000004   Code   RO         6648    .ARM.Collect$$$$00000004  mc_w.l(entry5.o)
    0x08000190   0x08000190   0x00000000   Code   RO         6650    .ARM.Collect$$$$00000008  mc_w.l(entry7b.o)
    0x08000190   0x08000190   0x00000000   Code   RO         6652    .ARM.Collect$$$$0000000A  mc_w.l(entry8b.o)
    0x08000190   0x08000190   0x00000008   Code   RO         6653    .ARM.Collect$$$$0000000B  mc_w.l(entry9a.o)
    0x08000198   0x08000198   0x00000000   Code   RO         6655    .ARM.Collect$$$$0000000D  mc_w.l(entry10a.o)
    0x08000198   0x08000198   0x00000000   Code   RO         6657    .ARM.Collect$$$$0000000F  mc_w.l(entry11a.o)
    0x08000198   0x08000198   0x00000004   Code   RO         6646    .ARM.Collect$$$$00002712  mc_w.l(entry2.o)
    0x0800019c   0x0800019c   0x000000be   Code   RO         2670    .emb_text           port.o
    0x0800025a   0x0800025a   0x00000002   PAD
    0x0800025c   0x0800025c   0x00000010   Code   RO         3746    .emb_text           sys.o
    0x0800026c   0x0800026c   0x00000024   Code   RO         3820    .text               startup_stm32f40_41xxx.o
    0x08000290   0x08000290   0x00000062   Code   RO         6318    .text               mc_w.l(ldiv.o)
    0x080002f2   0x080002f2   0x00000024   Code   RO         6320    .text               mc_w.l(memcpya.o)
    0x08000316   0x08000316   0x00000024   Code   RO         6324    .text               mc_w.l(memseta.o)
    0x0800033a   0x0800033a   0x00000018   Code   RO         6326    .text               mc_w.l(strcat.o)
    0x08000352   0x08000352   0x0000000e   Code   RO         6328    .text               mc_w.l(strlen.o)
    0x08000360   0x08000360   0x0000001c   Code   RO         6330    .text               mc_w.l(strcmp.o)
    0x0800037c   0x0800037c   0x00000012   Code   RO         6332    .text               mc_w.l(strcpy.o)
    0x0800038e   0x0800038e   0x0000014e   Code   RO         6625    .text               mf_w.l(dadd.o)
    0x080004dc   0x080004dc   0x000000e4   Code   RO         6627    .text               mf_w.l(dmul.o)
    0x080005c0   0x080005c0   0x000000de   Code   RO         6629    .text               mf_w.l(ddiv.o)
    0x0800069e   0x0800069e   0x00000002   PAD
    0x080006a0   0x080006a0   0x00000030   Code   RO         6641    .text               mf_w.l(cdrcmple.o)
    0x080006d0   0x080006d0   0x0000002c   Code   RO         6659    .text               mc_w.l(uidiv.o)
    0x080006fc   0x080006fc   0x00000062   Code   RO         6661    .text               mc_w.l(uldiv.o)
    0x0800075e   0x0800075e   0x0000001e   Code   RO         6663    .text               mc_w.l(llshl.o)
    0x0800077c   0x0800077c   0x00000020   Code   RO         6665    .text               mc_w.l(llushr.o)
    0x0800079c   0x0800079c   0x00000024   Code   RO         6667    .text               mc_w.l(llsshr.o)
    0x080007c0   0x080007c0   0x00000000   Code   RO         6671    .text               mc_w.l(iusefp.o)
    0x080007c0   0x080007c0   0x000000ba   Code   RO         6674    .text               mf_w.l(depilogue.o)
    0x0800087a   0x0800087a   0x00000030   Code   RO         6676    .text               mf_w.l(dfixul.o)
    0x080008aa   0x080008aa   0x00000002   PAD
    0x080008ac   0x080008ac   0x00000024   Code   RO         6678    .text               mc_w.l(init.o)
    0x080008d0   0x080008d0   0x00000056   Code   RO         6688    .text               mc_w.l(__dczerorl2.o)
    0x08000926   0x08000926   0x00000002   PAD
    0x08000928   0x08000928   0x00000012   Code   RO         5980    OSKERNEL            hardfaulthandler.o
    0x0800093a   0x0800093a   0x00000004   Code   RO         3826    i.BusFault_Handler  stm32f4xx_it.o
    0x0800093e   0x0800093e   0x00000030   Code   RO          993    i.CmdError          bsp_sdio_sdcard.o
    0x0800096e   0x0800096e   0x00000002   PAD
    0x08000970   0x08000970   0x00000064   Code   RO          994    i.CmdResp1Error     bsp_sdio_sdcard.o
    0x080009d4   0x080009d4   0x00000054   Code   RO          995    i.CmdResp2Error     bsp_sdio_sdcard.o
    0x08000a28   0x08000a28   0x00000038   Code   RO          996    i.CmdResp3Error     bsp_sdio_sdcard.o
    0x08000a60   0x08000a60   0x00000094   Code   RO          997    i.CmdResp6Error     bsp_sdio_sdcard.o
    0x08000af4   0x08000af4   0x0000004c   Code   RO          998    i.CmdResp7Error     bsp_sdio_sdcard.o
    0x08000b40   0x08000b40   0x0000002c   Code   RO         1401    i.DMA1_Stream4_IRQHandler  bsp_i2s.o
    0x08000b6c   0x08000b6c   0x00000034   Code   RO         5497    i.DMA_ClearITPendingBit  stm32f4xx_dma.o
    0x08000ba0   0x08000ba0   0x00000016   Code   RO         5498    i.DMA_Cmd           stm32f4xx_dma.o
    0x08000bb6   0x08000bb6   0x00000002   PAD
    0x08000bb8   0x08000bb8   0x00000158   Code   RO         5499    i.DMA_DeInit        stm32f4xx_dma.o
    0x08000d10   0x08000d10   0x00000016   Code   RO         5500    i.DMA_DoubleBufferModeCmd  stm32f4xx_dma.o
    0x08000d26   0x08000d26   0x00000018   Code   RO         5501    i.DMA_DoubleBufferModeConfig  stm32f4xx_dma.o
    0x08000d3e   0x08000d3e   0x00000016   Code   RO         5502    i.DMA_FlowControllerConfig  stm32f4xx_dma.o
    0x08000d54   0x08000d54   0x00000014   Code   RO         5503    i.DMA_GetCmdStatus  stm32f4xx_dma.o
    0x08000d68   0x08000d68   0x00000064   Code   RO         5508    i.DMA_GetITStatus   stm32f4xx_dma.o
    0x08000dcc   0x08000dcc   0x0000003a   Code   RO         5509    i.DMA_ITConfig      stm32f4xx_dma.o
    0x08000e06   0x08000e06   0x00000002   PAD
    0x08000e08   0x08000e08   0x00000058   Code   RO         5510    i.DMA_Init          stm32f4xx_dma.o
    0x08000e60   0x08000e60   0x00000002   Code   RO         3827    i.DebugMon_Handler  stm32f4xx_it.o
    0x08000e62   0x08000e62   0x00000002   PAD
    0x08000e64   0x08000e64   0x00000194   Code   RO          999    i.FindSCR           bsp_sdio_sdcard.o
    0x08000ff8   0x08000ff8   0x00000018   Code   RO         3593    i.FuncTest          usmart_config.o
    0x08001010   0x08001010   0x00000090   Code   RO         3955    i.GPIO_Init         stm32f4xx_gpio.o
    0x080010a0   0x080010a0   0x00000046   Code   RO         3956    i.GPIO_PinAFConfig  stm32f4xx_gpio.o
    0x080010e6   0x080010e6   0x00000012   Code   RO         3959    i.GPIO_ReadInputDataBit  stm32f4xx_gpio.o
    0x080010f8   0x080010f8   0x00000004   Code   RO         3963    i.GPIO_SetBits      stm32f4xx_gpio.o
    0x080010fc   0x080010fc   0x000000b4   Code   RO         5985    i.HardFaultHandler  segger_hardfaulthandler.o
    0x080011b0   0x080011b0   0x00000064   Code   RO         1402    i.I2S2_Init         bsp_i2s.o
    0x08001214   0x08001214   0x000000a0   Code   RO         1403    i.I2S2_SampleRate_Set  bsp_i2s.o
    0x080012b4   0x080012b4   0x000000a4   Code   RO         1404    i.I2S2_TX_DMA_Init  bsp_i2s.o
    0x08001358   0x08001358   0x00000018   Code   RO         5818    i.I2S_Cmd           stm32f4xx_spi.o
    0x08001370   0x08001370   0x00000198   Code   RO         5820    i.I2S_Init          stm32f4xx_spi.o
    0x08001508   0x08001508   0x00000010   Code   RO         1405    i.I2S_Play_Start    bsp_i2s.o
    0x08001518   0x08001518   0x00000010   Code   RO         1406    i.I2S_Play_Stop     bsp_i2s.o
    0x08001528   0x08001528   0x0000004c   Code   RO         1340    i.IIC_Init          bsp_myiic.o
    0x08001574   0x08001574   0x00000068   Code   RO         1343    i.IIC_Send_Byte     bsp_myiic.o
    0x080015dc   0x080015dc   0x0000004c   Code   RO         1344    i.IIC_Start         bsp_myiic.o
    0x08001628   0x08001628   0x0000004c   Code   RO         1345    i.IIC_Stop          bsp_myiic.o
    0x08001674   0x08001674   0x00000060   Code   RO         1346    i.IIC_Wait_Ack      bsp_myiic.o
    0x080016d4   0x080016d4   0x000000a0   Code   RO         1000    i.IsCardProgramming  bsp_sdio_sdcard.o
    0x08001774   0x08001774   0x000000c8   Code   RO         1458    i.KEY_Scan          bsp_key.o
    0x0800183c   0x0800183c   0x00000004   Code   RO         3828    i.MemManage_Handler  stm32f4xx_it.o
    0x08001840   0x08001840   0x00000002   Code   RO         3829    i.NMI_Handler       stm32f4xx_it.o
    0x08001842   0x08001842   0x00000002   PAD
    0x08001844   0x08001844   0x00000078   Code   RO         3910    i.NVIC_Init         misc.o
    0x080018bc   0x080018bc   0x00000014   Code   RO         3911    i.NVIC_PriorityGroupConfig  misc.o
    0x080018d0   0x080018d0   0x00000020   Code   RO         4052    i.RCC_AHB1PeriphClockCmd  stm32f4xx_rcc.o
    0x080018f0   0x080018f0   0x00000020   Code   RO         4061    i.RCC_APB1PeriphClockCmd  stm32f4xx_rcc.o
    0x08001910   0x08001910   0x00000020   Code   RO         4063    i.RCC_APB1PeriphResetCmd  stm32f4xx_rcc.o
    0x08001930   0x08001930   0x00000020   Code   RO         4064    i.RCC_APB2PeriphClockCmd  stm32f4xx_rcc.o
    0x08001950   0x08001950   0x00000020   Code   RO         4066    i.RCC_APB2PeriphResetCmd  stm32f4xx_rcc.o
    0x08001970   0x08001970   0x000000e8   Code   RO         4073    i.RCC_GetClocksFreq  stm32f4xx_rcc.o
    0x08001a58   0x08001a58   0x0000000c   Code   RO         4092    i.RCC_PLLI2SCmd     stm32f4xx_rcc.o
    0x08001a64   0x08001a64   0x00000010   Code   RO         4093    i.RCC_PLLI2SConfig  stm32f4xx_rcc.o
    0x08001a74   0x08001a74   0x000000ac   Code   RO         1001    i.SDEnWideBus       bsp_sdio_sdcard.o
    0x08001b20   0x08001b20   0x0000000c   Code   RO         5625    i.SDIO_ClearFlag    stm32f4xx_sdio.o
    0x08001b2c   0x08001b2c   0x00000014   Code   RO         1002    i.SDIO_Clock_Set    bsp_sdio_sdcard.o
    0x08001b40   0x08001b40   0x00000034   Code   RO         5631    i.SDIO_DataConfig   stm32f4xx_sdio.o
    0x08001b74   0x08001b74   0x00000018   Code   RO         5637    i.SDIO_GetFlagStatus  stm32f4xx_sdio.o
    0x08001b8c   0x08001b8c   0x00000010   Code   RO         5639    i.SDIO_GetPowerState  stm32f4xx_sdio.o
    0x08001b9c   0x08001b9c   0x00000008   Code   RO         1003    i.SDIO_IRQHandler   bsp_sdio_sdcard.o
    0x08001ba4   0x08001ba4   0x00000030   Code   RO         5642    i.SDIO_Init         stm32f4xx_sdio.o
    0x08001bd4   0x08001bd4   0x00000038   Code   RO         1004    i.SDIO_Register_Deinit  bsp_sdio_sdcard.o
    0x08001c0c   0x08001c0c   0x0000002c   Code   RO         5645    i.SDIO_SendCommand  stm32f4xx_sdio.o
    0x08001c38   0x08001c38   0x0000000c   Code   RO         5647    i.SDIO_SetPowerState  stm32f4xx_sdio.o
    0x08001c44   0x08001c44   0x00000080   Code   RO         1005    i.SD_DMA_Config     bsp_sdio_sdcard.o
    0x08001cc4   0x08001cc4   0x00000068   Code   RO         1006    i.SD_EnableWideBusOperation  bsp_sdio_sdcard.o
    0x08001d2c   0x08001d2c   0x00000314   Code   RO         1007    i.SD_GetCardInfo    bsp_sdio_sdcard.o
    0x08002040   0x08002040   0x00000134   Code   RO         1009    i.SD_Init           bsp_sdio_sdcard.o
    0x08002174   0x08002174   0x00000164   Code   RO         1010    i.SD_InitializeCards  bsp_sdio_sdcard.o
    0x080022d8   0x080022d8   0x000001e4   Code   RO         1012    i.SD_PowerON        bsp_sdio_sdcard.o
    0x080024bc   0x080024bc   0x00000154   Code   RO         1013    i.SD_ProcessIRQSrc  bsp_sdio_sdcard.o
    0x08002610   0x08002610   0x00000268   Code   RO         1014    i.SD_ReadBlock      bsp_sdio_sdcard.o
    0x08002878   0x08002878   0x00000098   Code   RO         1015    i.SD_ReadDisk       bsp_sdio_sdcard.o
    0x08002910   0x08002910   0x000002f4   Code   RO         1016    i.SD_ReadMultiBlocks  bsp_sdio_sdcard.o
    0x08002c04   0x08002c04   0x00000030   Code   RO         1017    i.SD_SelectDeselect  bsp_sdio_sdcard.o
    0x08002c34   0x08002c34   0x00000018   Code   RO         1019    i.SD_SetDeviceMode  bsp_sdio_sdcard.o
    0x08002c4c   0x08002c4c   0x00000388   Code   RO         1020    i.SD_WriteBlock     bsp_sdio_sdcard.o
    0x08002fd4   0x08002fd4   0x00000098   Code   RO         1021    i.SD_WriteDisk      bsp_sdio_sdcard.o
    0x0800306c   0x0800306c   0x000003d0   Code   RO         1022    i.SD_WriteMultiBlocks  bsp_sdio_sdcard.o
    0x0800343c   0x0800343c   0x00000012   Code   RO         5830    i.SPI_I2S_DMACmd    stm32f4xx_spi.o
    0x0800344e   0x0800344e   0x00000002   PAD
    0x08003450   0x08003450   0x000000ec   Code   RO         3873    i.SetSysClock       system_stm32f4xx.o
    0x0800353c   0x0800353c   0x00000028   Code   RO         3914    i.SysTick_CLKSourceConfig  misc.o
    0x08003564   0x08003564   0x00000010   Code   RO         3700    i.SysTick_Handler   delay.o
    0x08003574   0x08003574   0x00000068   Code   RO         3875    i.SystemInit        system_stm32f4xx.o
    0x080035dc   0x080035dc   0x00000018   Code   RO          714    i.TIM3_IRQHandler   bsp_timer.o
    0x080035f4   0x080035f4   0x00000038   Code   RO         3509    i.TIM4_IRQHandler   usmart.o
    0x0800362c   0x0800362c   0x00000006   Code   RO         4882    i.TIM_ClearFlag     stm32f4xx_tim.o
    0x08003632   0x08003632   0x00000006   Code   RO         4883    i.TIM_ClearITPendingBit  stm32f4xx_tim.o
    0x08003638   0x08003638   0x00000018   Code   RO         4888    i.TIM_Cmd           stm32f4xx_tim.o
    0x08003650   0x08003650   0x00000006   Code   RO         4907    i.TIM_GetCounter    stm32f4xx_tim.o
    0x08003656   0x08003656   0x00000012   Code   RO         4908    i.TIM_GetFlagStatus  stm32f4xx_tim.o
    0x08003668   0x08003668   0x00000022   Code   RO         4909    i.TIM_GetITStatus   stm32f4xx_tim.o
    0x0800368a   0x0800368a   0x00000012   Code   RO         4913    i.TIM_ITConfig      stm32f4xx_tim.o
    0x0800369c   0x0800369c   0x00000004   Code   RO         4948    i.TIM_SetAutoreload  stm32f4xx_tim.o
    0x080036a0   0x080036a0   0x00000004   Code   RO         4954    i.TIM_SetCounter    stm32f4xx_tim.o
    0x080036a4   0x080036a4   0x00000084   Code   RO         4960    i.TIM_TimeBaseInit  stm32f4xx_tim.o
    0x08003728   0x08003728   0x0000005c   Code   RO         3510    i.Timer4_Init       usmart.o
    0x08003784   0x08003784   0x00000088   Code   RO         3764    i.USART1_IRQHandler  usart.o
    0x0800380c   0x0800380c   0x00000018   Code   RO         4446    i.USART_Cmd         stm32f4xx_usart.o
    0x08003824   0x08003824   0x00000054   Code   RO         4450    i.USART_GetITStatus  stm32f4xx_usart.o
    0x08003878   0x08003878   0x0000004a   Code   RO         4452    i.USART_ITConfig    stm32f4xx_usart.o
    0x080038c2   0x080038c2   0x00000002   PAD
    0x080038c4   0x080038c4   0x000000d4   Code   RO         4453    i.USART_Init        stm32f4xx_usart.o
    0x08003998   0x08003998   0x0000000a   Code   RO         4460    i.USART_ReceiveData  stm32f4xx_usart.o
    0x080039a2   0x080039a2   0x00000004   Code   RO         3830    i.UsageFault_Handler  stm32f4xx_it.o
    0x080039a6   0x080039a6   0x00000040   Code   RO         1207    i.WM8978_ADDA_Cfg   bsp_wm8978.o
    0x080039e6   0x080039e6   0x00000036   Code   RO         1208    i.WM8978_AUX_Gain   bsp_wm8978.o
    0x08003a1c   0x08003a1c   0x0000002e   Code   RO         1215    i.WM8978_HPvol_Set  bsp_wm8978.o
    0x08003a4a   0x08003a4a   0x0000001c   Code   RO         1216    i.WM8978_I2S_Cfg    bsp_wm8978.o
    0x08003a66   0x08003a66   0x00000002   PAD
    0x08003a68   0x08003a68   0x000000fc   Code   RO         1217    i.WM8978_Init       bsp_wm8978.o
    0x08003b64   0x08003b64   0x00000066   Code   RO         1218    i.WM8978_Input_Cfg  bsp_wm8978.o
    0x08003bca   0x08003bca   0x00000036   Code   RO         1219    i.WM8978_LINEIN_Gain  bsp_wm8978.o
    0x08003c00   0x08003c00   0x0000002a   Code   RO         1221    i.WM8978_Output_Cfg  bsp_wm8978.o
    0x08003c2a   0x08003c2a   0x00000002   PAD
    0x08003c2c   0x08003c2c   0x00000010   Code   RO         1222    i.WM8978_Read_Reg   bsp_wm8978.o
    0x08003c3c   0x08003c3c   0x00000022   Code   RO         1223    i.WM8978_SPKvol_Set  bsp_wm8978.o
    0x08003c5e   0x08003c5e   0x00000002   PAD
    0x08003c60   0x08003c60   0x00000054   Code   RO         1224    i.WM8978_Write_Reg  bsp_wm8978.o
    0x08003cb4   0x08003cb4   0x00000020   Code   RO         6569    i.__0printf         mc_w.l(printfa.o)
    0x08003cd4   0x08003cd4   0x00000028   Code   RO         6571    i.__0sprintf        mc_w.l(printfa.o)
    0x08003cfc   0x08003cfc   0x0000000e   Code   RO         6682    i.__scatterload_copy  mc_w.l(handlers.o)
    0x08003d0a   0x08003d0a   0x00000002   Code   RO         6683    i.__scatterload_null  mc_w.l(handlers.o)
    0x08003d0c   0x08003d0c   0x0000000e   Code   RO         6684    i.__scatterload_zeroinit  mc_w.l(handlers.o)
    0x08003d1a   0x08003d1a   0x00000002   PAD
    0x08003d1c   0x08003d1c   0x00000184   Code   RO         6576    i._fp_digits        mc_w.l(printfa.o)
    0x08003ea0   0x08003ea0   0x000006dc   Code   RO         6577    i._printf_core      mc_w.l(printfa.o)
    0x0800457c   0x0800457c   0x00000024   Code   RO         6578    i._printf_post_padding  mc_w.l(printfa.o)
    0x080045a0   0x080045a0   0x0000002e   Code   RO         6579    i._printf_pre_padding  mc_w.l(printfa.o)
    0x080045ce   0x080045ce   0x0000000a   Code   RO         6581    i._sputc            mc_w.l(printfa.o)
    0x080045d8   0x080045d8   0x0000004a   Code   RO         6060    i.audio_get_tnum    audioplay.o
    0x08004622   0x08004622   0x00000002   Code   RO         6061    i.audio_index_show  audioplay.o
    0x08004624   0x08004624   0x00000014   Code   RO         6062    i.audio_msg_show    audioplay.o
    0x08004638   0x08004638   0x00000170   Code   RO         6063    i.audio_play        audioplay.o
    0x080047a8   0x080047a8   0x0000003c   Code   RO         6064    i.audio_play_song   audioplay.o
    0x080047e4   0x080047e4   0x00000014   Code   RO         6065    i.audio_start       audioplay.o
    0x080047f8   0x080047f8   0x00000014   Code   RO         6066    i.audio_stop        audioplay.o
    0x0800480c   0x0800480c   0x0000009c   Code   RO          268    i.bspInit           bsp.o
    0x080048a8   0x080048a8   0x00000044   Code   RO         1459    i.bspKeyInit        bsp_key.o
    0x080048ec   0x080048ec   0x00000040   Code   RO          515    i.bspLedInit        bsp_led.o
    0x0800492c   0x0800492c   0x00000024   Code   RO          516    i.bspLedToggle      bsp_led.o
    0x08004950   0x08004950   0x0000001a   Code   RO         3309    i.char_upper        exfuns.o
    0x0800496a   0x0800496a   0x00000002   PAD
    0x0800496c   0x0800496c   0x00000080   Code   RO         2814    i.check_fs          ff.o
    0x080049ec   0x080049ec   0x00000018   Code   RO         2815    i.chk_chr           ff.o
    0x08004a04   0x08004a04   0x0000001a   Code   RO         2816    i.clst2sect         ff.o
    0x08004a1e   0x08004a1e   0x00000002   PAD
    0x08004a20   0x08004a20   0x00000098   Code   RO         2817    i.cmp_lfn           ff.o
    0x08004ab8   0x08004ab8   0x00000012   Code   RO         1023    i.convert_from_bytes_to_power_of_two  bsp_sdio_sdcard.o
    0x08004aca   0x08004aca   0x00000120   Code   RO         2818    i.create_chain      ff.o
    0x08004bea   0x08004bea   0x00000002   PAD
    0x08004bec   0x08004bec   0x00000254   Code   RO         2819    i.create_name       ff.o
    0x08004e40   0x08004e40   0x0000015c   Code   RO         2820    i.create_partition  ff.o
    0x08004f9c   0x08004f9c   0x00000034   Code   RO         2821    i.dbc_1st           ff.o
    0x08004fd0   0x08004fd0   0x00000048   Code   RO         2822    i.dbc_2nd           ff.o
    0x08005018   0x08005018   0x00000044   Code   RO         3701    i.delay_init        delay.o
    0x0800505c   0x0800505c   0x00000040   Code   RO         3702    i.delay_ms          delay.o
    0x0800509c   0x0800509c   0x00000048   Code   RO         3703    i.delay_us          delay.o
    0x080050e4   0x080050e4   0x00000060   Code   RO         2823    i.dir_alloc         ff.o
    0x08005144   0x08005144   0x000000c6   Code   RO         2824    i.dir_clear         ff.o
    0x0800520a   0x0800520a   0x000000fc   Code   RO         2825    i.dir_find          ff.o
    0x08005306   0x08005306   0x000000ca   Code   RO         2826    i.dir_next          ff.o
    0x080053d0   0x080053d0   0x000000d2   Code   RO         2827    i.dir_read          ff.o
    0x080054a2   0x080054a2   0x00000142   Code   RO         2828    i.dir_register      ff.o
    0x080055e4   0x080055e4   0x00000060   Code   RO         2829    i.dir_remove        ff.o
    0x08005644   0x08005644   0x0000009a   Code   RO         2830    i.dir_sdi           ff.o
    0x080056de   0x080056de   0x00000028   Code   RO         2755    i.disk_initialize   diskio.o
    0x08005706   0x08005706   0x00000002   PAD
    0x08005708   0x08005708   0x00000070   Code   RO         2756    i.disk_ioctl        diskio.o
    0x08005778   0x08005778   0x00000062   Code   RO         2757    i.disk_read         diskio.o
    0x080057da   0x080057da   0x00000006   Code   RO         2758    i.disk_status       diskio.o
    0x080057e0   0x080057e0   0x00000062   Code   RO         2759    i.disk_write        diskio.o
    0x08005842   0x08005842   0x00000002   PAD
    0x08005844   0x08005844   0x0000007c   Code   RO         3311    i.exfuns_init       exfuns.o
    0x080058c0   0x080058c0   0x0000002a   Code   RO         2831    i.f_close           ff.o
    0x080058ea   0x080058ea   0x00000020   Code   RO         2832    i.f_closedir        ff.o
    0x0800590a   0x0800590a   0x000000fe   Code   RO         2833    i.f_getfree         ff.o
    0x08005a08   0x08005a08   0x000000c6   Code   RO         2834    i.f_getlabel        ff.o
    0x08005ace   0x08005ace   0x00000052   Code   RO         2835    i.f_gets            ff.o
    0x08005b20   0x08005b20   0x000001de   Code   RO         2836    i.f_lseek           ff.o
    0x08005cfe   0x08005cfe   0x00000136   Code   RO         2837    i.f_mkdir           ff.o
    0x08005e34   0x08005e34   0x00000754   Code   RO         2838    i.f_mkfs            ff.o
    0x08006588   0x08006588   0x00000078   Code   RO         2839    i.f_mount           ff.o
    0x08006600   0x08006600   0x00000218   Code   RO         2840    i.f_open            ff.o
    0x08006818   0x08006818   0x0000009a   Code   RO         2841    i.f_opendir         ff.o
    0x080068b2   0x080068b2   0x00000022   Code   RO         2843    i.f_putc            ff.o
    0x080068d4   0x080068d4   0x0000002c   Code   RO         2844    i.f_puts            ff.o
    0x08006900   0x08006900   0x000001f2   Code   RO         2845    i.f_read            ff.o
    0x08006af2   0x08006af2   0x00000078   Code   RO         2846    i.f_readdir         ff.o
    0x08006b6a   0x08006b6a   0x0000014a   Code   RO         2847    i.f_rename          ff.o
    0x08006cb4   0x08006cb4   0x00000158   Code   RO         2848    i.f_setlabel        ff.o
    0x08006e0c   0x08006e0c   0x000000b0   Code   RO         2850    i.f_sync            ff.o
    0x08006ebc   0x08006ebc   0x000000b0   Code   RO         3312    i.f_typetell        exfuns.o
    0x08006f6c   0x08006f6c   0x000000d4   Code   RO         2852    i.f_unlink          ff.o
    0x08007040   0x08007040   0x00000232   Code   RO         2853    i.f_write           ff.o
    0x08007272   0x08007272   0x0000001a   Code   RO         3222    i.ff_cre_syncobj    ffsystem.o
    0x0800728c   0x0800728c   0x0000000e   Code   RO         3223    i.ff_del_syncobj    ffsystem.o
    0x0800729a   0x0800729a   0x0000000c   Code   RO         3224    i.ff_memalloc       ffsystem.o
    0x080072a6   0x080072a6   0x0000000c   Code   RO         3225    i.ff_memfree        ffsystem.o
    0x080072b2   0x080072b2   0x00000002   PAD
    0x080072b4   0x080072b4   0x00000068   Code   RO         3275    i.ff_oem2uni        ffunicode.o
    0x0800731c   0x0800731c   0x00000012   Code   RO         3226    i.ff_rel_grant      ffsystem.o
    0x0800732e   0x0800732e   0x00000018   Code   RO         3227    i.ff_req_grant      ffsystem.o
    0x08007346   0x08007346   0x00000002   PAD
    0x08007348   0x08007348   0x00000074   Code   RO         3276    i.ff_uni2oem        ffunicode.o
    0x080073bc   0x080073bc   0x000000b0   Code   RO         3277    i.ff_wtoupper       ffunicode.o
    0x0800746c   0x0800746c   0x00000078   Code   RO         2854    i.find_volume       ff.o
    0x080074e4   0x080074e4   0x000000a0   Code   RO         2855    i.follow_path       ff.o
    0x08007584   0x08007584   0x0000001c   Code   RO         3766    i.fputc             usart.o
    0x080075a0   0x080075a0   0x00000050   Code   RO         6597    i.free              mc_w.l(malloc.o)
    0x080075f0   0x080075f0   0x000000cc   Code   RO         2856    i.gen_numname       ff.o
    0x080076bc   0x080076bc   0x000000e0   Code   RO         2857    i.get_fat           ff.o
    0x0800779c   0x0800779c   0x00000004   Code   RO         2760    i.get_fattime       diskio.o
    0x080077a0   0x080077a0   0x0000017e   Code   RO         2858    i.get_fileinfo      ff.o
    0x0800791e   0x0800791e   0x00000054   Code   RO         2859    i.get_ldnumber      ff.o
    0x08007972   0x08007972   0x00000026   Code   RO         2860    i.ld_clust          ff.o
    0x08007998   0x08007998   0x00000018   Code   RO         2861    i.ld_dword          ff.o
    0x080079b0   0x080079b0   0x0000000c   Code   RO         2862    i.ld_word           ff.o
    0x080079bc   0x080079bc   0x0000000c   Code   RO         2863    i.lock_fs           ff.o
    0x080079c8   0x080079c8   0x0000003c   Code   RO            3    i.main              main.o
    0x08007a04   0x08007a04   0x0000006c   Code   RO         6598    i.malloc            mc_w.l(malloc.o)
    0x08007a70   0x08007a70   0x00000024   Code   RO         2864    i.mem_cmp           ff.o
    0x08007a94   0x08007a94   0x0000001a   Code   RO         2865    i.mem_cpy           ff.o
    0x08007aae   0x08007aae   0x00000012   Code   RO         2866    i.mem_set           ff.o
    0x08007ac0   0x08007ac0   0x00000014   Code   RO         3362    i.mf_close          fattester.o
    0x08007ad4   0x08007ad4   0x00000010   Code   RO         3363    i.mf_closedir       fattester.o
    0x08007ae4   0x08007ae4   0x00000014   Code   RO         3364    i.mf_fmkfs          fattester.o
    0x08007af8   0x08007af8   0x00000084   Code   RO         3365    i.mf_getlabel       fattester.o
    0x08007b7c   0x08007b7c   0x0000004c   Code   RO         3366    i.mf_gets           fattester.o
    0x08007bc8   0x08007bc8   0x00000014   Code   RO         3367    i.mf_lseek          fattester.o
    0x08007bdc   0x08007bdc   0x0000000c   Code   RO         3368    i.mf_mkdir          fattester.o
    0x08007be8   0x08007be8   0x00000018   Code   RO         3369    i.mf_mount          fattester.o
    0x08007c00   0x08007c00   0x0000001c   Code   RO         3370    i.mf_open           fattester.o
    0x08007c1c   0x08007c1c   0x00000014   Code   RO         3371    i.mf_opendir        fattester.o
    0x08007c30   0x08007c30   0x00000018   Code   RO         3372    i.mf_putc           fattester.o
    0x08007c48   0x08007c48   0x00000018   Code   RO         3373    i.mf_puts           fattester.o
    0x08007c60   0x08007c60   0x00000158   Code   RO         3374    i.mf_read           fattester.o
    0x08007db8   0x08007db8   0x000000c8   Code   RO         3375    i.mf_readdir        fattester.o
    0x08007e80   0x08007e80   0x00000010   Code   RO         3376    i.mf_rename         fattester.o
    0x08007e90   0x08007e90   0x0000005c   Code   RO         3377    i.mf_setlabel       fattester.o
    0x08007eec   0x08007eec   0x000000a8   Code   RO         3378    i.mf_showfree       fattester.o
    0x08007f94   0x08007f94   0x0000000c   Code   RO         3379    i.mf_size           fattester.o
    0x08007fa0   0x08007fa0   0x0000000c   Code   RO         3380    i.mf_tell           fattester.o
    0x08007fac   0x08007fac   0x0000000c   Code   RO         3381    i.mf_unlink         fattester.o
    0x08007fb8   0x08007fb8   0x000000b8   Code   RO         3382    i.mf_write          fattester.o
    0x08008070   0x08008070   0x000002b4   Code   RO         2867    i.mount_volume      ff.o
    0x08008324   0x08008324   0x00000034   Code   RO         2868    i.move_window       ff.o
    0x08008358   0x08008358   0x0000008c   Code   RO         2869    i.pick_lfn          ff.o
    0x080083e4   0x080083e4   0x00000098   Code   RO         2073    i.prvAddCurrentTaskToDelayedList  tasks.o
    0x0800847c   0x0800847c   0x000000b8   Code   RO         2074    i.prvAddNewTaskToReadyList  tasks.o
    0x08008534   0x08008534   0x00000064   Code   RO         2454    i.prvCheckForValidListAndQueue  timers.o
    0x08008598   0x08008598   0x00000048   Code   RO         2075    i.prvCheckTasksWaitingTermination  tasks.o
    0x080085e0   0x080085e0   0x0000002a   Code   RO         1676    i.prvCopyDataFromQueue  queue.o
    0x0800860a   0x0800860a   0x0000007e   Code   RO         1677    i.prvCopyDataToQueue  queue.o
    0x08008688   0x08008688   0x00000012   Code   RO         2076    i.prvDeleteTCB      tasks.o
    0x0800869a   0x0800869a   0x00000014   Code   RO         1678    i.prvGetDisinheritPriorityAfterTimeout  queue.o
    0x080086ae   0x080086ae   0x00000002   PAD
    0x080086b0   0x080086b0   0x00000028   Code   RO         2455    i.prvGetNextExpireTime  timers.o
    0x080086d8   0x080086d8   0x0000007c   Code   RO         2607    i.prvHeapInit       heap_4.o
    0x08008754   0x08008754   0x00000028   Code   RO         2077    i.prvIdleTask       tasks.o
    0x0800877c   0x0800877c   0x0000001e   Code   RO         1679    i.prvInitialiseMutex  queue.o
    0x0800879a   0x0800879a   0x0000002a   Code   RO         1680    i.prvInitialiseNewQueue  queue.o
    0x080087c4   0x080087c4   0x000000d8   Code   RO         2078    i.prvInitialiseNewTask  tasks.o
    0x0800889c   0x0800889c   0x00000068   Code   RO         2079    i.prvInitialiseTaskLists  tasks.o
    0x08008904   0x08008904   0x00000068   Code   RO         2608    i.prvInsertBlockIntoFreeList  heap_4.o
    0x0800896c   0x0800896c   0x00000058   Code   RO         2457    i.prvInsertTimerInActiveList  timers.o
    0x080089c4   0x080089c4   0x0000001a   Code   RO         1681    i.prvIsQueueEmpty   queue.o
    0x080089de   0x080089de   0x0000001e   Code   RO         1682    i.prvIsQueueFull    queue.o
    0x080089fc   0x080089fc   0x00000090   Code   RO         2458    i.prvProcessExpiredTimer  timers.o
    0x08008a8c   0x08008a8c   0x0000014c   Code   RO         2459    i.prvProcessReceivedCommands  timers.o
    0x08008bd8   0x08008bd8   0x00000074   Code   RO         2460    i.prvProcessTimerOrBlockTask  timers.o
    0x08008c4c   0x08008c4c   0x00000034   Code   RO         2081    i.prvResetNextTaskUnblockTime  tasks.o
    0x08008c80   0x08008c80   0x0000002c   Code   RO         2461    i.prvSampleTimeNow  timers.o
    0x08008cac   0x08008cac   0x000000c0   Code   RO         2462    i.prvSwitchTimerLists  timers.o
    0x08008d6c   0x08008d6c   0x00000070   Code   RO         2671    i.prvTaskExitError  port.o
    0x08008ddc   0x08008ddc   0x0000001a   Code   RO         2463    i.prvTimerTask      timers.o
    0x08008df6   0x08008df6   0x0000007e   Code   RO         1683    i.prvUnlockQueue    queue.o
    0x08008e74   0x08008e74   0x00000138   Code   RO         2870    i.put_fat           ff.o
    0x08008fac   0x08008fac   0x00000080   Code   RO         2871    i.put_lfn           ff.o
    0x0800902c   0x0800902c   0x00000048   Code   RO         2872    i.put_utf           ff.o
    0x08009074   0x08009074   0x00000044   Code   RO         2873    i.putc_bfd          ff.o
    0x080090b8   0x080090b8   0x0000002c   Code   RO         2874    i.putc_flush        ff.o
    0x080090e4   0x080090e4   0x00000014   Code   RO         2875    i.putc_init         ff.o
    0x080090f8   0x080090f8   0x00000160   Code   RO         2609    i.pvPortMalloc      heap_4.o
    0x08009258   0x08009258   0x00000020   Code   RO         2084    i.pvTaskIncrementMutexHeldCount  tasks.o
    0x08009278   0x08009278   0x0000002c   Code   RO         2672    i.pxPortInitialiseStack  port.o
    0x080092a4   0x080092a4   0x00000006   Code   RO         3511    i.read_addr         usmart.o
    0x080092aa   0x080092aa   0x0000009a   Code   RO         2876    i.remove_chain      ff.o
    0x08009344   0x08009344   0x00000090   Code   RO         3383    i.scan_files        fattester.o
    0x080093d4   0x080093d4   0x00000024   Code   RO         2877    i.st_clust          ff.o
    0x080093f8   0x080093f8   0x00000018   Code   RO         2878    i.st_dword          ff.o
    0x08009410   0x08009410   0x0000000c   Code   RO         2879    i.st_word           ff.o
    0x0800941c   0x0800941c   0x00000020   Code   RO         2880    i.sum_sfn           ff.o
    0x0800943c   0x0800943c   0x00000090   Code   RO         2881    i.sync_fs           ff.o
    0x080094cc   0x080094cc   0x0000004a   Code   RO         2882    i.sync_window       ff.o
    0x08009516   0x08009516   0x0000004c   Code   RO         2883    i.tchar2uni         ff.o
    0x08009562   0x08009562   0x00000002   PAD
    0x08009564   0x08009564   0x000000b0   Code   RO         3767    i.uart_init         usart.o
    0x08009614   0x08009614   0x0000001c   Code   RO         2884    i.unlock_fs         ff.o
    0x08009630   0x08009630   0x000000b0   Code   RO         3512    i.usmart_cmd_rec    usmart.o
    0x080096e0   0x080096e0   0x000002d4   Code   RO         3513    i.usmart_exe        usmart.o
    0x080099b4   0x080099b4   0x000000c8   Code   RO         3620    i.usmart_get_aparm  usmart_str.o
    0x08009a7c   0x08009a7c   0x00000036   Code   RO         3621    i.usmart_get_cmdname  usmart_str.o
    0x08009ab2   0x08009ab2   0x00000002   PAD
    0x08009ab4   0x08009ab4   0x000001c0   Code   RO         3622    i.usmart_get_fname  usmart_str.o
    0x08009c74   0x08009c74   0x0000010c   Code   RO         3623    i.usmart_get_fparam  usmart_str.o
    0x08009d80   0x08009d80   0x00000020   Code   RO         3624    i.usmart_get_parmpos  usmart_str.o
    0x08009da0   0x08009da0   0x00000044   Code   RO         3514    i.usmart_get_runtime  usmart.o
    0x08009de4   0x08009de4   0x00000028   Code   RO         3515    i.usmart_init       usmart.o
    0x08009e0c   0x08009e0c   0x00000016   Code   RO         3625    i.usmart_pow        usmart_str.o
    0x08009e22   0x08009e22   0x00000002   PAD
    0x08009e24   0x08009e24   0x00000030   Code   RO         3516    i.usmart_reset_runtime  usmart.o
    0x08009e54   0x08009e54   0x000000bc   Code   RO         3517    i.usmart_scan       usmart.o
    0x08009f10   0x08009f10   0x00000016   Code   RO         3626    i.usmart_search_nextc  usmart_str.o
    0x08009f26   0x08009f26   0x000000ca   Code   RO         3627    i.usmart_str2num    usmart_str.o
    0x08009ff0   0x08009ff0   0x00000022   Code   RO         3628    i.usmart_strcmp     usmart_str.o
    0x0800a012   0x0800a012   0x00000016   Code   RO         3629    i.usmart_strcopy    usmart_str.o
    0x0800a028   0x0800a028   0x00000018   Code   RO         3630    i.usmart_strlen     usmart_str.o
    0x0800a040   0x0800a040   0x000006e4   Code   RO         3518    i.usmart_sys_cmd_exe  usmart.o
    0x0800a724   0x0800a724   0x00000028   Code   RO         1628    i.uxListRemove      list.o
    0x0800a74c   0x0800a74c   0x0000001a   Code   RO         1629    i.vListInitialise   list.o
    0x0800a766   0x0800a766   0x00000006   Code   RO         1630    i.vListInitialiseItem  list.o
    0x0800a76c   0x0800a76c   0x00000034   Code   RO         1631    i.vListInsert       list.o
    0x0800a7a0   0x0800a7a0   0x00000018   Code   RO         1632    i.vListInsertEnd    list.o
    0x0800a7b8   0x0800a7b8   0x00000088   Code   RO         2674    i.vPortEnterCritical  port.o
    0x0800a840   0x0800a840   0x00000070   Code   RO         2675    i.vPortExitCritical  port.o
    0x0800a8b0   0x0800a8b0   0x000000c8   Code   RO         2610    i.vPortFree         heap_4.o
    0x0800a978   0x0800a978   0x00000018   Code   RO         2676    i.vPortSetupTimerInterrupt  port.o
    0x0800a990   0x0800a990   0x000000a0   Code   RO         2677    i.vPortValidateInterruptPriority  port.o
    0x0800aa30   0x0800aa30   0x0000002c   Code   RO         1689    i.vQueueAddToRegistry  queue.o
    0x0800aa5c   0x0800aa5c   0x00000048   Code   RO         1690    i.vQueueDelete      queue.o
    0x0800aaa4   0x0800aaa4   0x00000030   Code   RO         1692    i.vQueueUnregisterQueue  queue.o
    0x0800aad4   0x0800aad4   0x0000004a   Code   RO         1693    i.vQueueWaitForMessageRestricted  queue.o
    0x0800ab1e   0x0800ab1e   0x00000002   PAD
    0x0800ab20   0x0800ab20   0x00000074   Code   RO         2093    i.vTaskDelay        tasks.o
    0x0800ab94   0x0800ab94   0x0000010c   Code   RO         2095    i.vTaskDelete       tasks.o
    0x0800aca0   0x0800aca0   0x00000008   Code   RO            4    i.vTaskFileRead     main.o
    0x0800aca8   0x0800aca8   0x00000018   Code   RO         2098    i.vTaskInternalSetTimeOutState  tasks.o
    0x0800acc0   0x0800acc0   0x00000010   Code   RO            6    i.vTaskLED          main.o
    0x0800acd0   0x0800acd0   0x0000000c   Code   RO         2099    i.vTaskMissedYield  tasks.o
    0x0800acdc   0x0800acdc   0x00000054   Code   RO         2101    i.vTaskPlaceOnEventList  tasks.o
    0x0800ad30   0x0800ad30   0x0000005c   Code   RO         2102    i.vTaskPlaceOnEventListRestricted  tasks.o
    0x0800ad8c   0x0800ad8c   0x000000f4   Code   RO         2104    i.vTaskPriorityDisinheritAfterTimeout  tasks.o
    0x0800ae80   0x0800ae80   0x000000ac   Code   RO         2110    i.vTaskStartScheduler  tasks.o
    0x0800af2c   0x0800af2c   0x00000010   Code   RO         2112    i.vTaskSuspendAll   tasks.o
    0x0800af3c   0x0800af3c   0x000000a8   Code   RO         2113    i.vTaskSwitchContext  tasks.o
    0x0800afe4   0x0800afe4   0x0000007c   Code   RO            7    i.vTaskTaskInit     main.o
    0x0800b060   0x0800b060   0x00000052   Code   RO         2885    i.validate          ff.o
    0x0800b0b2   0x0800b0b2   0x00000002   PAD
    0x0800b0b4   0x0800b0b4   0x000000a0   Code   RO         6008    i.wav_buffill       wavplay.o
    0x0800b154   0x0800b154   0x000001f4   Code   RO         6009    i.wav_decode_init   wavplay.o
    0x0800b348   0x0800b348   0x0000004a   Code   RO         6010    i.wav_get_curtime   wavplay.o
    0x0800b392   0x0800b392   0x00000002   PAD
    0x0800b394   0x0800b394   0x00000070   Code   RO         6011    i.wav_i2s_dma_tx_callback  wavplay.o
    0x0800b404   0x0800b404   0x0000023c   Code   RO         6012    i.wav_play_song     wavplay.o
    0x0800b640   0x0800b640   0x00000004   Code   RO         3519    i.write_addr        usmart.o
    0x0800b644   0x0800b644   0x0000019c   Code   RO         2678    i.xPortStartScheduler  port.o
    0x0800b7e0   0x0800b7e0   0x00000034   Code   RO         2679    i.xPortSysTickHandler  port.o
    0x0800b814   0x0800b814   0x00000022   Code   RO         1695    i.xQueueCreateMutex  queue.o
    0x0800b836   0x0800b836   0x00000002   PAD
    0x0800b838   0x0800b838   0x00000070   Code   RO         1696    i.xQueueGenericCreate  queue.o
    0x0800b8a8   0x0800b8a8   0x000000b0   Code   RO         1697    i.xQueueGenericReset  queue.o
    0x0800b958   0x0800b958   0x000001a4   Code   RO         1698    i.xQueueGenericSend  queue.o
    0x0800bafc   0x0800bafc   0x00000104   Code   RO         1699    i.xQueueGenericSendFromISR  queue.o
    0x0800bc00   0x0800bc00   0x00000170   Code   RO         1706    i.xQueueReceive     queue.o
    0x0800bd70   0x0800bd70   0x000001b4   Code   RO         1708    i.xQueueSemaphoreTake  queue.o
    0x0800bf24   0x0800bf24   0x0000009c   Code   RO         2115    i.xTaskCheckForTimeOut  tasks.o
    0x0800bfc0   0x0800bfc0   0x00000060   Code   RO         2116    i.xTaskCreate       tasks.o
    0x0800c020   0x0800c020   0x00000020   Code   RO         2120    i.xTaskGetSchedulerState  tasks.o
    0x0800c040   0x0800c040   0x0000000c   Code   RO         2121    i.xTaskGetTickCount  tasks.o
    0x0800c04c   0x0800c04c   0x00000160   Code   RO         2123    i.xTaskIncrementTick  tasks.o
    0x0800c1ac   0x0800c1ac   0x000000d8   Code   RO         2126    i.xTaskPriorityDisinherit  tasks.o
    0x0800c284   0x0800c284   0x000000b8   Code   RO         2127    i.xTaskPriorityInherit  tasks.o
    0x0800c33c   0x0800c33c   0x000000b4   Code   RO         2128    i.xTaskRemoveFromEventList  tasks.o
    0x0800c3f0   0x0800c3f0   0x00000120   Code   RO         2129    i.xTaskResumeAll    tasks.o
    0x0800c510   0x0800c510   0x00000074   Code   RO         2471    i.xTimerCreateTimerTask  timers.o
    0x0800c584   0x0800c584   0x000000a0   Code   RO         2472    i.xTimerGenericCommand  timers.o
    0x0800c624   0x0800c624   0x0000006e   Data   RO         1407    .constdata          bsp_i2s.o
    0x0800c692   0x0800c692   0x00000002   PAD
    0x0800c694   0x0800c694   0x00000058   Data   RO         2886    .constdata          ff.o
    0x0800c6ec   0x0800c6ec   0x0002abb6   Data   RO         3278    .constdata          ffunicode.o
    0x080372a2   0x080372a2   0x00000002   PAD
    0x080372a4   0x080372a4   0x00000070   Data   RO         3314    .constdata          exfuns.o
    0x08037314   0x08037314   0x00000018   Data   RO         6142    .constdata          eventrecorder.o
    0x0803732c   0x0803732c   0x00000044   Data   RO         3315    .conststring        exfuns.o
    0x08037370   0x08037370   0x00000028   Data   RO         3520    .conststring        usmart.o
    0x08037398   0x08037398   0x000002b9   Data   RO         3594    .conststring        usmart_config.o
    0x08037651   0x08037651   0x00000003   PAD
    0x08037654   0x08037654   0x00000020   Data   RO         6680    Region$$Table       anon$$obj.o


    Execution Region RW_IRAM1 (Exec base: 0x20000000, Load base: 0x08037674, Size: 0x00015368, Max: 0x00020000, ABSOLUTE, COMPRESSED[0x00000130])

    Exec Addr    Load Addr    Size         Type   Attr      Idx    E Section Name        Object

    0x20000000   COMPRESSED   0x00000010   Data   RW            8    .data               main.o
    0x20000010   COMPRESSED   0x00000001   Data   RW          517    .data               bsp_led.o
    0x20000011   COMPRESSED   0x00000003   PAD
    0x20000014   COMPRESSED   0x00000010   Data   RW         1026    .data               bsp_sdio_sdcard.o
    0x20000024   COMPRESSED   0x00000074   Data   RW         1225    .data               bsp_wm8978.o
    0x20000098   COMPRESSED   0x00000004   Data   RW         1408    .data               bsp_i2s.o
    0x2000009c   COMPRESSED   0x00000001   Data   RW         1460    .data               bsp_key.o
    0x2000009d   COMPRESSED   0x00000003   PAD
    0x200000a0   COMPRESSED   0x0000003c   Data   RW         2132    .data               tasks.o
    0x200000dc   COMPRESSED   0x00000014   Data   RW         2478    .data               timers.o
    0x200000f0   COMPRESSED   0x00000020   Data   RW         2616    .data               heap_4.o
    0x20000110   COMPRESSED   0x0000000c   Data   RW         2680    .data               port.o
    0x2000011c   COMPRESSED   0x00000006   Data   RW         2887    .data               ff.o
    0x20000122   COMPRESSED   0x00000002   PAD
    0x20000124   COMPRESSED   0x00000018   Data   RW         3316    .data               exfuns.o
    0x2000013c   COMPRESSED   0x0000001c   Data   RW         3521    .data               usmart.o
    0x20000158   COMPRESSED   0x000001cc   Data   RW         3595    .data               usmart_config.o
    0x20000324   COMPRESSED   0x00000004   Data   RW         3705    .data               delay.o
    0x20000328   COMPRESSED   0x00000006   Data   RW         3769    .data               usart.o
    0x2000032e   COMPRESSED   0x00000010   Data   RW         4105    .data               stm32f4xx_rcc.o
    0x2000033e   COMPRESSED   0x00000002   PAD
    0x20000340   COMPRESSED   0x00000004   Data   RW         5987    .data               segger_hardfaulthandler.o
    0x20000344   COMPRESSED   0x00000002   Data   RW         6014    .data               wavplay.o
    0x20000346   COMPRESSED   0x00000002   Data   RW         6068    .data               audioplay.o
    0x20000348   COMPRESSED   0x00000004   Data   RW         6669    .data               mc_w.l(mvars.o)
    0x2000034c   COMPRESSED   0x00000004   Data   RW         6670    .data               mc_w.l(mvars.o)
    0x20000350        -       0x000002c0   Zero   RW         1025    .bss                bsp_sdio_sdcard.o
    0x20000610        -       0x00000040   Zero   RW         1710    .bss                queue.o
    0x20000650        -       0x000001a4   Zero   RW         2131    .bss                tasks.o
    0x200007f4        -       0x00000028   Zero   RW         2477    .bss                timers.o
    0x2000081c        -       0x00005000   Zero   RW         2615    .bss                heap_4.o
    0x2000581c        -       0x00000030   Zero   RW         3313    .bss                exfuns.o
    0x2000584c        -       0x00000118   Zero   RW         3384    .bss                fattester.o
    0x20005964        -       0x000000c8   Zero   RW         3768    .bss                usart.o
    0x20005a2c        -       0x00000040   Zero   RW         5986    .bss                segger_hardfaulthandler.o
    0x20005a6c        -       0x00000020   Zero   RW         6013    .bss                wavplay.o
    0x20005a8c        -       0x00000011   Zero   RW         6067    .bss                audioplay.o
    0x20005a9d   COMPRESSED   0x00000023   PAD
    0x20005ac0        -       0x000004a4   Zero   RW         6141    .bss.noinit         eventrecorder.o
    0x20005f64   COMPRESSED   0x00000004   PAD
    0x20005f68        -       0x0000f000   Zero   RW         3818    HEAP                startup_stm32f40_41xxx.o
    0x20014f68        -       0x00000400   Zero   RW         3817    STACK               startup_stm32f40_41xxx.o


==============================================================================

Image component sizes


      Code (inc. data)   RO Data    RW Data    ZI Data      Debug   Object Name

       564         56          0          2         17       5694   audioplay.o
       156         50          0          0          0        522   bsp.o
       500         50        110          4          0       4502   bsp_i2s.o
       268         20          0          1          0       1256   bsp_key.o
       100         14          0          1          0       1028   bsp_led.o
       428         68          0          0          0       2837   bsp_myiic.o
         0          0          0          0          0       1472   bsp_oled.o
      7486        402          0         16        704      34489   bsp_sdio_sdcard.o
        24          4          0          0          0        502   bsp_timer.o
       776         18          0        116          0       7611   bsp_wm8978.o
       220         18          0          4          0       2541   delay.o
       358          6          0          0          0       5308   diskio.o
         0          0          0          0          0       9072   event_groups.o
         0          0         24          0       1188       3932   eventrecorder.o
       326         22        180         24         48       2971   exfuns.o
      1600        664          0          0        280      13691   fattester.o
     13148        192         88          6          0      74036   ff.o
       106          0          0          0          0       3883   ffsystem.o
       396         28     175030          0          0       3024   ffunicode.o
        18          0          0          0          0        304   hardfaulthandler.o
       780        184          0         32      20480       4087   heap_4.o
       148          0          0          0          0       3238   list.o
       208         78          0         16          0     331431   main.o
       180         24          0          0          0       2081   misc.o
      1242        392          0         12          0      10973   port.o
      2486        288          0          0         64      19039   queue.o
       180         14          0          4         64       3351   segger_hardfaulthandler.o
        36          8        392          0      62464        840   startup_stm32f40_41xxx.o
       752         58          0          0          0       7624   stm32f4xx_dma.o
       236          0          0          0          0       2978   stm32f4xx_gpio.o
        16          0          0          0          0       2281   stm32f4xx_it.o
       420         58          0         16          0       6908   stm32f4xx_rcc.o
       208         38          0          0          0       5689   stm32f4xx_sdio.o
       450         12          0          0          0       2666   stm32f4xx_spi.o
       252         28          0          0          0       6552   stm32f4xx_tim.o
       404          8          0          0          0       4278   stm32f4xx_usart.o
        16          0          0          0          0        504   sys.o
       340         32          0          0          0       1485   system_stm32f4xx.o
      3582        888          0         60        420      30793   tasks.o
      1358        310          0         20         40      11419   timers.o
       340         30          0          6        200       3804   usart.o
      3166       1332         40         28          0       8010   usmart.o
        24          8        697        460          0       2195   usmart_config.o
      1328         20          0          0          0       8913   usmart_str.o
      1418        240          0          2         32       4949   wavplay.o

    ----------------------------------------------------------------------
     46096       5662     176600        840      86040     664763   Object Totals
         0          0         32          0          0          0   (incl. Generated)
        52          0          7         10         39          0   (incl. Padding)

    ----------------------------------------------------------------------

      Code (inc. data)   RO Data    RW Data    ZI Data      Debug   Library Member Name

        86          0          0          0          0          0   __dczerorl2.o
         0          0          0          0          0          0   entry.o
         0          0          0          0          0          0   entry10a.o
         0          0          0          0          0          0   entry11a.o
         8          4          0          0          0          0   entry2.o
         4          0          0          0          0          0   entry5.o
         0          0          0          0          0          0   entry7b.o
         0          0          0          0          0          0   entry8b.o
         8          4          0          0          0          0   entry9a.o
        30          0          0          0          0          0   handlers.o
        36          8          0          0          0         68   init.o
         0          0          0          0          0          0   iusefp.o
        98          0          0          0          0         84   ldiv.o
        30          0          0          0          0         68   llshl.o
        36          0          0          0          0         68   llsshr.o
        32          0          0          0          0         68   llushr.o
       188         20          0          0          0        160   malloc.o
        36          0          0          0          0         68   memcpya.o
        36          0          0          0          0        108   memseta.o
         0          0          0          8          0          0   mvars.o
      2308         96          0          0          0        604   printfa.o
        24          0          0          0          0         68   strcat.o
        28          0          0          0          0         76   strcmp.o
        18          0          0          0          0         68   strcpy.o
        14          0          0          0          0         68   strlen.o
        44          0          0          0          0         80   uidiv.o
        98          0          0          0          0         92   uldiv.o
        48          0          0          0          0         68   cdrcmple.o
       334          0          0          0          0        148   dadd.o
       222          0          0          0          0        100   ddiv.o
       186          0          0          0          0        176   depilogue.o
        48          0          0          0          0         68   dfixul.o
       228          0          0          0          0         96   dmul.o

    ----------------------------------------------------------------------
      4236        132          0          8          0       2404   Library Totals
         8          0          0          0          0          0   (incl. Padding)

    ----------------------------------------------------------------------

      Code (inc. data)   RO Data    RW Data    ZI Data      Debug   Library Name

      3162        132          0          8          0       1748   mc_w.l
      1066          0          0          0          0        656   mf_w.l

    ----------------------------------------------------------------------
      4236        132          0          8          0       2404   Library Totals

    ----------------------------------------------------------------------

==============================================================================


      Code (inc. data)   RO Data    RW Data    ZI Data      Debug   

     50332       5794     176600        848      86040     632151   Grand Totals
     50332       5794     176600        304      86040     632151   ELF Image Totals (compressed)
     50332       5794     176600        304          0          0   ROM Totals

==============================================================================

    Total RO  Size (Code + RO Data)               226932 ( 221.61kB)
    Total RW  Size (RW Data + ZI Data)             86888 (  84.85kB)
    Total ROM Size (Code + RO Data + RW Data)     227236 ( 221.91kB)

==============================================================================

