<html>
<body>
<pre>
<h1>µVision Build Log</h1>
<h2>Tool Versions:</h2>
IDE-Version: ¦ÌVision V5.29.0.0
Copyright (C) 2019 ARM Ltd and ARM Germany GmbH. All rights reserved.
License Information:  ,  , LIC=IK1BS-LQFRV-TGT7T-RNBPU-4XUR5-8GUTL
 
Tool Versions:
Toolchain:       MDK-ARM Plus  Version: 5.29.0.0
Toolchain Path:  F:\Keil_v5\ARM\ARMCC\Bin
C Compiler:      Armcc.exe V5.06 update 6 (build 750)
Assembler:       Armasm.exe V5.06 update 6 (build 750)
Linker/Locator:  ArmLink.exe V5.06 update 6 (build 750)
Library Manager: ArmAr.exe V5.06 update 6 (build 750)
Hex Converter:   FromElf.exe V5.06 update 6 (build 750)
CPU DLL:         SARMCM3.DLL V5.29.0.0
Dialog DLL:      DCM.DLL V1.17.3.0
Target DLL:      STLink\ST-LINKIII-KEIL_SWO.dll V3.0.7.0
Dialog DLL:      TCM.DLL V1.36.5.0
 
<h2>Project:</h2>
C:\Users\APTX4\Desktop\GitHub\Template\STM32\Template\USER\Template.uvprojx
Project File Date:  04/15/2020

<h2>Output:</h2>
*** Using Compiler 'V5.06 update 6 (build 750)', folder: 'F:\Keil_v5\ARM\ARMCC\Bin'
Rebuild target 'project'
compiling bsp_led.c...
compiling bsp_myiic.c...
compiling bsp_i2s.c...
compiling bsp_wm8978.c...
compiling bsp.c...
compiling main.c...
compiling myapp.c...
compiling bsp_sdio_sdcard.c...
compiling bsp_key.c...
compiling bsp_exti.c...
compiling wavplay.c...
compiling bsp_dma.c...
compiling bsp_usart.c...
compiling Voice_Access.c...
compiling base64.c...
compiling Speech_Rec.c...
..\APP\Speech_Rec\Speech_Rec.c(174): warning:  #177-D: function "UartDataPacking"  was declared but never referenced
  static uint32_t UartDataPacking(char* str, uint8_t type, uint32_t length, uint8_t Check)
..\APP\Speech_Rec\Speech_Rec.c: 1 warning, 0 errors
compiling CRC.c...
compiling audioplay.c...
compiling usmart_str.c...
compiling sys.c...
compiling usmart_config.c...
compiling usmart.c...
compiling usart.c...
compiling delay.c...
compiling croutine.c...
compiling event_groups.c...
compiling list.c...
compiling heap_4.c...
compiling timers.c...
compiling stream_buffer.c...
compiling queue.c...
compiling tasks.c...
compiling ffsystem.c...
compiling port.c...
assembling startup_stm32f40_41xxx.s...
compiling exfuns.c...
compiling fattester.c...
compiling diskio.c...
compiling ffunicode.c...
compiling ff.c...
compiling misc.c...
compiling stm32f4xx_it.c...
compiling system_stm32f4xx.c...
compiling stm32f4xx_syscfg.c...
compiling stm32f4xx_gpio.c...
compiling stm32f4xx_rcc.c...
compiling stm32f4xx_usart.c...
assembling HardFaultHandler.S...
compiling stm32f4xx_dma.c...
compiling stm32f4xx_spi.c...
compiling stm32f4xx_sdio.c...
compiling stm32f4xx_exti.c...
compiling stm32f4xx_tim.c...
compiling stm32f4xx_adc.c...
compiling SEGGER_HardFaultHandler.c...
compiling retarget_io.c...
compiling EventRecorder.c...
linking...
Program Size: Code=49964 RO-data=176804 RW-data=900 ZI-data=98276  
FromELF: creating hex file...
"..\OBJ\LED.axf" - 0 Error(s), 1 Warning(s).

<h2>Software Packages used:</h2>

Package Vendor: Keil
                http://www.keil.com/pack/Keil.ARM_Compiler.1.6.2.pack
                Keil.ARM_Compiler.1.6.2
                Keil ARM Compiler extensions for ARM Compiler 5 and ARM Compiler 6
   * Component: Event Recorder Variant: DAP Version: 1.4.0
   * Component: STDOUT Variant: EVR Version: 1.2.0

Package Vendor: Keil
                http://www.keil.com/pack/Keil.STM32F4xx_DFP.2.14.0.pack
                Keil.STM32F4xx_DFP.2.14.0
                STMicroelectronics STM32F4 Series Device Support, Drivers and Examples

<h2>Collection of Component include folders:</h2>
  .\RTE\Compiler
  .\RTE\_project
  F:\Keil_v5\F\Keil_v5\Arm\Packs\Keil\ARM_Compiler\1.6.2\Include
  F:\Keil_v5\F\Keil_v5\Arm\Packs\Keil\STM32F4xx_DFP\2.14.0\Drivers\CMSIS\Device\ST\STM32F4xx\Include

<h2>Collection of Component Files used:</h2>

   * Component: Keil.ARM Compiler::Compiler:Event Recorder:DAP:1.4.0
      Include file:  Config\EventRecorderConf.h
      Include file:  Include\EventRecorder.h
      Source file:   Source\EventRecorder.c

   * Component: Keil.ARM Compiler::Compiler:I/O:STDOUT:EVR:1.2.0
      Source file:   Source\retarget_io.c
Build Time Elapsed:  00:00:16
</pre>
</body>
</html>
