Component: ARM Compiler 5.06 update 6 (build 750) Tool: armlink [4d35ed]

==============================================================================

Section Cross References

    main.o(i.main) refers to bsp.o(i.bspInit) for bspInit
    main.o(i.main) refers to tasks.o(i.xTaskCreate) for xTaskCreate
    main.o(i.main) refers to tasks.o(i.vTaskStartScheduler) for vTaskStartScheduler
    main.o(i.main) refers to main.o(.data) for xHandleTaskInit
    main.o(i.main) refers to main.o(i.vTaskTaskInit) for vTaskTaskInit
    main.o(i.vTaskKeyGet) refers to queue.o(i.xQueueSemaphoreTake) for xQueueSemaphoreTake
    main.o(i.vTaskKeyGet) refers to tasks.o(i.vTaskDelay) for vTaskDelay
    main.o(i.vTaskKeyGet) refers to queue.o(i.xQueueGenericSend) for xQueueGenericSend
    main.o(i.vTaskKeyGet) refers to main.o(.data) for xKeySemaphoreHandle
    main.o(i.vTaskLED) refers to bsp_led.o(i.bspLedToggle) for bspLedToggle
    main.o(i.vTaskLED) refers to tasks.o(i.vTaskDelay) for vTaskDelay
    main.o(i.vTaskSpeechRec) refers to queue.o(i.xQueueSemaphoreTake) for xQueueSemaphoreTake
    main.o(i.vTaskSpeechRec) refers to speech_rec.o(i.Speech_Handle) for Speech_Handle
    main.o(i.vTaskSpeechRec) refers to main.o(.data) for xSpeechRecSemaphoreHandle
    main.o(i.vTaskTaskInit) refers to port.o(i.vPortEnterCritical) for vPortEnterCritical
    main.o(i.vTaskTaskInit) refers to fattester.o(i.mf_mount) for mf_mount
    main.o(i.vTaskTaskInit) refers to queue.o(i.xQueueGenericCreate) for xQueueGenericCreate
    main.o(i.vTaskTaskInit) refers to tasks.o(i.xTaskCreate) for xTaskCreate
    main.o(i.vTaskTaskInit) refers to tasks.o(i.vTaskDelete) for vTaskDelete
    main.o(i.vTaskTaskInit) refers to port.o(i.vPortExitCritical) for vPortExitCritical
    main.o(i.vTaskTaskInit) refers to main.o(.data) for xKeySemaphoreHandle
    main.o(i.vTaskTaskInit) refers to main.o(i.vTaskLED) for vTaskLED
    main.o(i.vTaskTaskInit) refers to main.o(i.vTaskSpeechRec) for vTaskSpeechRec
    main.o(i.vTaskTaskInit) refers to main.o(i.vTaskKeyGet) for vTaskKeyGet
    bsp.o(i.bspInit) refers to misc.o(i.NVIC_PriorityGroupConfig) for NVIC_PriorityGroupConfig
    bsp.o(i.bspInit) refers to delay.o(i.delay_init) for delay_init
    bsp.o(i.bspInit) refers to bsp_led.o(i.bspLedInit) for bspLedInit
    bsp.o(i.bspInit) refers to bsp_key.o(i.bspKeyInit) for bspKeyInit
    bsp.o(i.bspInit) refers to bsp_exti.o(i.bspExitInit) for bspExitInit
    bsp.o(i.bspInit) refers to usart.o(i.uart_init) for uart_init
    bsp.o(i.bspInit) refers to usmart.o(i.usmart_init) for usmart_init
    bsp.o(i.bspInit) refers to bsp_wm8978.o(i.WM8978_Init) for WM8978_Init
    bsp.o(i.bspInit) refers to bsp_wm8978.o(i.WM8978_HPvol_Set) for WM8978_HPvol_Set
    bsp.o(i.bspInit) refers to bsp_wm8978.o(i.WM8978_SPKvol_Set) for WM8978_SPKvol_Set
    bsp.o(i.bspInit) refers to exfuns.o(i.exfuns_init) for exfuns_init
    bsp.o(i.bspInit) refers to printf8.o(i.__0printf$8) for __2printf
    bsp.o(i.bspInit) refers to delay.o(i.delay_ms) for delay_ms
    bsp.o(i.bspInit) refers to bsp_sdio_sdcard.o(i.SD_Init) for SD_Init
    bsp_dhtxx.o(i.DHTxx_Action) refers to bsp_dhtxx.o(i.vDHTxx_Start) for vDHTxx_Start
    bsp_dhtxx.o(i.DHTxx_Action) refers to bsp_dhtxx.o(i.uDHTxx_Answer) for uDHTxx_Answer
    bsp_dhtxx.o(i.DHTxx_Action) refers to bsp_dhtxx.o(i.uRead_Byte) for uRead_Byte
    bsp_dhtxx.o(i.DHTxx_Get_Data) refers to bsp_dhtxx.o(i.DHTxx_Action) for DHTxx_Action
    bsp_dhtxx.o(i.DHTxx_Get_Data) refers to dflti.o(.text) for __aeabi_i2d
    bsp_dhtxx.o(i.DHTxx_Get_Data) refers to ddiv.o(.text) for __aeabi_ddiv
    bsp_dhtxx.o(i.DHTxx_Get_Data) refers to bsp_dhtxx.o(.data) for g_dhtxx_table
    bsp_dhtxx.o(i.Io_Init) refers to stm32f4xx_rcc.o(i.RCC_AHB1PeriphClockCmd) for RCC_AHB1PeriphClockCmd
    bsp_dhtxx.o(i.Io_Init) refers to stm32f4xx_gpio.o(i.GPIO_Init) for GPIO_Init
    bsp_dhtxx.o(i.Io_Init) refers to stm32f4xx_gpio.o(i.GPIO_SetBits) for GPIO_SetBits
    bsp_dhtxx.o(i.uDHTxx_Answer) refers to bsp_dhtxx.o(i.vSetIoState) for vSetIoState
    bsp_dhtxx.o(i.uDHTxx_Answer) refers to delay.o(i.delay_us) for delay_us
    bsp_dhtxx.o(i.uRead_Byte) refers to delay.o(i.delay_us) for delay_us
    bsp_dhtxx.o(i.vDHTxx_Start) refers to bsp_dhtxx.o(i.vSetIoState) for vSetIoState
    bsp_dhtxx.o(i.vDHTxx_Start) refers to delay.o(i.delay_us) for delay_us
    bsp_dhtxx.o(i.vDhtxx_Init) refers to bsp_dhtxx.o(i.Io_Init) for Io_Init
    bsp_dhtxx.o(i.vInstability_Period) refers to delay.o(i.delay_ms) for delay_ms
    bsp_adc.o(i.Get_Adc) refers to stm32f4xx_adc.o(i.ADC_RegularChannelConfig) for ADC_RegularChannelConfig
    bsp_adc.o(i.Get_Adc) refers to stm32f4xx_adc.o(i.ADC_SoftwareStartConv) for ADC_SoftwareStartConv
    bsp_adc.o(i.Get_Adc) refers to stm32f4xx_adc.o(i.ADC_GetFlagStatus) for ADC_GetFlagStatus
    bsp_adc.o(i.Get_Adc) refers to stm32f4xx_adc.o(i.ADC_GetConversionValue) for ADC_GetConversionValue
    bsp_adc.o(i.Get_Adc_Average) refers to bsp_adc.o(i.Get_Adc) for Get_Adc
[...]
    OTG_FS_IRQHandler                        0x08000287   Thumb Code     0  startup_stm32f40_41xxx.o(.text)
    OTG_FS_WKUP_IRQHandler                   0x08000287   Thumb Code     0  startup_stm32f40_41xxx.o(.text)
    OTG_HS_EP1_IN_IRQHandler                 0x08000287   Thumb Code     0  startup_stm32f40_41xxx.o(.text)
    OTG_HS_EP1_OUT_IRQHandler                0x08000287   Thumb Code     0  startup_stm32f40_41xxx.o(.text)
    OTG_HS_IRQHandler                        0x08000287   Thumb Code     0  startup_stm32f40_41xxx.o(.text)
    OTG_HS_WKUP_IRQHandler                   0x08000287   Thumb Code     0  startup_stm32f40_41xxx.o(.text)
    PVD_IRQHandler                           0x08000287   Thumb Code     0  startup_stm32f40_41xxx.o(.text)
    RCC_IRQHandler                           0x08000287   Thumb Code     0  startup_stm32f40_41xxx.o(.text)
    RTC_Alarm_IRQHandler                     0x08000287   Thumb Code     0  startup_stm32f40_41xxx.o(.text)
    RTC_WKUP_IRQHandler                      0x08000287   Thumb Code     0  startup_stm32f40_41xxx.o(.text)
    SPI1_IRQHandler                          0x08000287   Thumb Code     0  startup_stm32f40_41xxx.o(.text)
    SPI2_IRQHandler                          0x08000287   Thumb Code     0  startup_stm32f40_41xxx.o(.text)
    SPI3_IRQHandler                          0x08000287   Thumb Code     0  startup_stm32f40_41xxx.o(.text)
    TAMP_STAMP_IRQHandler                    0x08000287   Thumb Code     0  startup_stm32f40_41xxx.o(.text)
    TIM1_BRK_TIM9_IRQHandler                 0x08000287   Thumb Code     0  startup_stm32f40_41xxx.o(.text)
    TIM1_CC_IRQHandler                       0x08000287   Thumb Code     0  startup_stm32f40_41xxx.o(.text)
    TIM1_TRG_COM_TIM11_IRQHandler            0x08000287   Thumb Code     0  startup_stm32f40_41xxx.o(.text)
    TIM1_UP_TIM10_IRQHandler                 0x08000287   Thumb Code     0  startup_stm32f40_41xxx.o(.text)
    TIM2_IRQHandler                          0x08000287   Thumb Code     0  startup_stm32f40_41xxx.o(.text)
    TIM5_IRQHandler                          0x08000287   Thumb Code     0  startup_stm32f40_41xxx.o(.text)
    TIM6_DAC_IRQHandler                      0x08000287   Thumb Code     0  startup_stm32f40_41xxx.o(.text)
    TIM7_IRQHandler                          0x08000287   Thumb Code     0  startup_stm32f40_41xxx.o(.text)
    TIM8_BRK_TIM12_IRQHandler                0x08000287   Thumb Code     0  startup_stm32f40_41xxx.o(.text)
    TIM8_CC_IRQHandler                       0x08000287   Thumb Code     0  startup_stm32f40_41xxx.o(.text)
    TIM8_TRG_COM_TIM14_IRQHandler            0x08000287   Thumb Code     0  startup_stm32f40_41xxx.o(.text)
    TIM8_UP_TIM13_IRQHandler                 0x08000287   Thumb Code     0  startup_stm32f40_41xxx.o(.text)
    UART4_IRQHandler                         0x08000287   Thumb Code     0  startup_stm32f40_41xxx.o(.text)
    UART5_IRQHandler                         0x08000287   Thumb Code     0  startup_stm32f40_41xxx.o(.text)
    USART2_IRQHandler                        0x08000287   Thumb Code     0  startup_stm32f40_41xxx.o(.text)
    USART3_IRQHandler                        0x08000287   Thumb Code     0  startup_stm32f40_41xxx.o(.text)
    USART6_IRQHandler                        0x08000287   Thumb Code     0  startup_stm32f40_41xxx.o(.text)
    WWDG_IRQHandler                          0x08000287   Thumb Code     0  startup_stm32f40_41xxx.o(.text)
    __aeabi_ldivmod                          0x08000291   Thumb Code    98  ldiv.o(.text)
    __aeabi_memcpy                           0x080002f3   Thumb Code    36  memcpya.o(.text)
    __aeabi_memcpy4                          0x080002f3   Thumb Code     0  memcpya.o(.text)
    __aeabi_memcpy8                          0x080002f3   Thumb Code     0  memcpya.o(.text)
    __aeabi_memset                           0x08000317   Thumb Code    14  memseta.o(.text)
    __aeabi_memset4                          0x08000317   Thumb Code     0  memseta.o(.text)
    __aeabi_memset8                          0x08000317   Thumb Code     0  memseta.o(.text)
    __aeabi_memclr                           0x08000325   Thumb Code     4  memseta.o(.text)
    __aeabi_memclr4                          0x08000325   Thumb Code     0  memseta.o(.text)
    __aeabi_memclr8                          0x08000325   Thumb Code     0  memseta.o(.text)
    memset                                   0x08000329   Thumb Code    18  memseta.o(.text)
    strlen                                   0x0800033b   Thumb Code    14  strlen.o(.text)
    __aeabi_dadd                             0x08000349   Thumb Code   322  dadd.o(.text)
    __aeabi_dsub                             0x0800048b   Thumb Code     6  dadd.o(.text)
    __aeabi_drsub                            0x08000491   Thumb Code     6  dadd.o(.text)
    __aeabi_ddiv                             0x08000497   Thumb Code   222  ddiv.o(.text)
    __aeabi_ui2d                             0x08000575   Thumb Code    26  dfltui.o(.text)
    __aeabi_cdrcmple                         0x08000591   Thumb Code    48  cdrcmple.o(.text)
    __aeabi_uldivmod                         0x080005c1   Thumb Code    98  uldiv.o(.text)
    __aeabi_llsl                             0x08000623   Thumb Code    30  llshl.o(.text)
    _ll_shift_l                              0x08000623   Thumb Code     0  llshl.o(.text)
    __aeabi_llsr                             0x08000641   Thumb Code    32  llushr.o(.text)
    _ll_ushift_r                             0x08000641   Thumb Code     0  llushr.o(.text)
    __aeabi_lasr                             0x08000661   Thumb Code    36  llsshr.o(.text)
    _ll_sshift_r                             0x08000661   Thumb Code     0  llsshr.o(.text)
    __I$use$fp                               0x08000685   Thumb Code     0  iusefp.o(.text)
    _double_round                            0x08000685   Thumb Code    30  depilogue.o(.text)
    _double_epilogue                         0x080006a3   Thumb Code   156  depilogue.o(.text)
    __scatterload                            0x08000741   Thumb Code    28  init.o(.text)
    __scatterload_rt2                        0x08000741   Thumb Code     0  init.o(.text)
    __decompress                             0x08000765   Thumb Code     0  __dczerorl2.o(.text)
    __decompress1                            0x08000765   Thumb Code    86  __dczerorl2.o(.text)
    HardFault_Handler                        0x080007bd   Thumb Code     0  hardfaulthandler.o(OSKERNEL)
    BusFault_Handler                         0x080007cf   Thumb Code     4  stm32f4xx_it.o(i.BusFault_Handler)
    CmdError                                 0x080007d3   Thumb Code    48  bsp_sdio_sdcard.o(i.CmdError)
    CmdResp1Error                            0x08000805   Thumb Code    94  bsp_sdio_sdcard.o(i.CmdResp1Error)
    CmdResp2Error                            0x08000869   Thumb Code    80  bsp_sdio_sdcard.o(i.CmdResp2Error)
    CmdResp3Error                            0x080008bd   Thumb Code    50  bsp_sdio_sdcard.o(i.CmdResp3Error)
    CmdResp6Error                            0x080008f5   Thumb Code   144  bsp_sdio_sdcard.o(i.CmdResp6Error)
    CmdResp7Error                            0x08000989   Thumb Code    70  bsp_sdio_sdcard.o(i.CmdResp7Error)
    DMA1_Stream3_IRQHandler                  0x080009d5   Thumb Code    30  bsp_i2s.o(i.DMA1_Stream3_IRQHandler)
    DMA1_Stream4_IRQHandler                  0x08000a01   Thumb Code    30  bsp_i2s.o(i.DMA1_Stream4_IRQHandler)
    DMA_ClearITPendingBit                    0x08000a2d   Thumb Code    38  stm32f4xx_dma.o(i.DMA_ClearITPendingBit)
    DMA_Cmd                                  0x08000a61   Thumb Code    22  stm32f4xx_dma.o(i.DMA_Cmd)
    DMA_DeInit                               0x08000a79   Thumb Code   324  stm32f4xx_dma.o(i.DMA_DeInit)
    DMA_DoubleBufferModeCmd                  0x08000bd1   Thumb Code    22  stm32f4xx_dma.o(i.DMA_DoubleBufferModeCmd)
    DMA_DoubleBufferModeConfig               0x08000be7   Thumb Code    24  stm32f4xx_dma.o(i.DMA_DoubleBufferModeConfig)
    DMA_FlowControllerConfig                 0x08000bff   Thumb Code    22  stm32f4xx_dma.o(i.DMA_FlowControllerConfig)
    DMA_GetCmdStatus                         0x08000c15   Thumb Code    20  stm32f4xx_dma.o(i.DMA_GetCmdStatus)
    DMA_GetITStatus                          0x08000c29   Thumb Code    82  stm32f4xx_dma.o(i.DMA_GetITStatus)
    DMA_ITConfig                             0x08000c8d   Thumb Code    58  stm32f4xx_dma.o(i.DMA_ITConfig)
    DMA_Init                                 0x08000cc9   Thumb Code    82  stm32f4xx_dma.o(i.DMA_Init)
    DebugMon_Handler                         0x08000d21   Thumb Code     2  stm32f4xx_it.o(i.DebugMon_Handler)
    EXTI15_10_IRQHandler                     0x08000d25   Thumb Code    60  bsp_exti.o(i.EXTI15_10_IRQHandler)
    EXTI_ClearITPendingBit                   0x08000d69   Thumb Code     6  stm32f4xx_exti.o(i.EXTI_ClearITPendingBit)
    EXTI_GetITStatus                         0x08000d75   Thumb Code    20  stm32f4xx_exti.o(i.EXTI_GetITStatus)
    EXTI_Init                                0x08000d8d   Thumb Code   142  stm32f4xx_exti.o(i.EXTI_Init)
    FindSCR                                  0x08000e21   Thumb Code   388  bsp_sdio_sdcard.o(i.FindSCR)
    FuncTest                                 0x08000fb5   Thumb Code    16  usmart_config.o(i.FuncTest)
    GPIO_Init                                0x08000fcd   Thumb Code   144  stm32f4xx_gpio.o(i.GPIO_Init)
    GPIO_PinAFConfig                         0x0800105d   Thumb Code    70  stm32f4xx_gpio.o(i.GPIO_PinAFConfig)
    HardFaultHandler                         0x080010a5   Thumb Code   166  segger_hardfaulthandler.o(i.HardFaultHandler)
    I2S2_Init                                0x08001159   Thumb Code    94  bsp_i2s.o(i.I2S2_Init)
    I2S2_SampleRate_Set                      0x080011bd   Thumb Code   148  bsp_i2s.o(i.I2S2_SampleRate_Set)
    I2S2_TX_DMA_Init                         0x0800125d   Thumb Code   164  bsp_i2s.o(i.I2S2_TX_DMA_Init)
    I2S2ext_Init                             0x0800130d   Thumb Code    72  bsp_i2s.o(i.I2S2ext_Init)
    I2S2ext_RX_DMA_Init                      0x08001359   Thumb Code   164  bsp_i2s.o(i.I2S2ext_RX_DMA_Init)
    I2S_Cmd                                  0x08001409   Thumb Code    24  stm32f4xx_spi.o(i.I2S_Cmd)
    I2S_FullDuplexConfig                     0x08001421   Thumb Code    80  stm32f4xx_spi.o(i.I2S_FullDuplexConfig)
    I2S_Init                                 0x08001471   Thumb Code   396  stm32f4xx_spi.o(i.I2S_Init)
    I2S_Play_Start                           0x08001609   Thumb Code    12  bsp_i2s.o(i.I2S_Play_Start)
    I2S_Play_Stop                            0x08001619   Thumb Code    12  bsp_i2s.o(i.I2S_Play_Stop)
    I2S_Rec_Start                            0x08001629   Thumb Code    12  bsp_i2s.o(i.I2S_Rec_Start)
    I2S_Rec_Stop                             0x08001639   Thumb Code    12  bsp_i2s.o(i.I2S_Rec_Stop)
    IIC_Init                                 0x08001649   Thumb Code    62  bsp_myiic.o(i.IIC_Init)
    IIC_Send_Byte                            0x08001695   Thumb Code    90  bsp_myiic.o(i.IIC_Send_Byte)
    IIC_Start                                0x080016fd   Thumb Code    64  bsp_myiic.o(i.IIC_Start)
    IIC_Stop                                 0x08001749   Thumb Code    62  bsp_myiic.o(i.IIC_Stop)
    IIC_Wait_Ack                             0x08001795   Thumb Code    82  bsp_myiic.o(i.IIC_Wait_Ack)
    IsCardProgramming                        0x080017f5   Thumb Code   146  bsp_sdio_sdcard.o(i.IsCardProgramming)
    MemManage_Handler                        0x08001895   Thumb Code     4  stm32f4xx_it.o(i.MemManage_Handler)
    NMI_Handler                              0x08001899   Thumb Code     2  stm32f4xx_it.o(i.NMI_Handler)
    NVIC_Init                                0x0800189d   Thumb Code   106  misc.o(i.NVIC_Init)
    NVIC_PriorityGroupConfig                 0x08001915   Thumb Code    10  misc.o(i.NVIC_PriorityGroupConfig)
    RCC_AHB1PeriphClockCmd                   0x08001929   Thumb Code    26  stm32f4xx_rcc.o(i.RCC_AHB1PeriphClockCmd)
    RCC_APB1PeriphClockCmd                   0x08001949   Thumb Code    26  stm32f4xx_rcc.o(i.RCC_APB1PeriphClockCmd)
    RCC_APB1PeriphResetCmd                   0x08001969   Thumb Code    26  stm32f4xx_rcc.o(i.RCC_APB1PeriphResetCmd)
    RCC_APB2PeriphClockCmd                   0x08001989   Thumb Code    26  stm32f4xx_rcc.o(i.RCC_APB2PeriphClockCmd)
    RCC_APB2PeriphResetCmd                   0x080019a9   Thumb Code    26  stm32f4xx_rcc.o(i.RCC_APB2PeriphResetCmd)
    RCC_GetClocksFreq                        0x080019c9   Thumb Code   214  stm32f4xx_rcc.o(i.RCC_GetClocksFreq)
    RCC_PLLI2SCmd                            0x08001ab1   Thumb Code     6  stm32f4xx_rcc.o(i.RCC_PLLI2SCmd)
    RCC_PLLI2SConfig                         0x08001abd   Thumb Code    12  stm32f4xx_rcc.o(i.RCC_PLLI2SConfig)
    SDEnWideBus                              0x08001acd   Thumb Code   158  bsp_sdio_sdcard.o(i.SDEnWideBus)
    SDIO_ClearFlag                           0x08001b79   Thumb Code     6  stm32f4xx_sdio.o(i.SDIO_ClearFlag)
    SDIO_Clock_Set                           0x08001b85   Thumb Code    16  bsp_sdio_sdcard.o(i.SDIO_Clock_Set)
    SDIO_DataConfig                          0x08001b99   Thumb Code    46  stm32f4xx_sdio.o(i.SDIO_DataConfig)
    SDIO_GetFlagStatus                       0x08001bcd   Thumb Code    20  stm32f4xx_sdio.o(i.SDIO_GetFlagStatus)
    SDIO_GetPowerState                       0x08001be5   Thumb Code    10  stm32f4xx_sdio.o(i.SDIO_GetPowerState)
    SDIO_IRQHandler                          0x08001bf5   Thumb Code     8  bsp_sdio_sdcard.o(i.SDIO_IRQHandler)
    SDIO_Init                                0x08001bfd   Thumb Code    42  stm32f4xx_sdio.o(i.SDIO_Init)
    SDIO_Register_Deinit                     0x08001c2d   Thumb Code    48  bsp_sdio_sdcard.o(i.SDIO_Register_Deinit)
    SDIO_SendCommand                         0x08001c65   Thumb Code    40  stm32f4xx_sdio.o(i.SDIO_SendCommand)
    SDIO_SetPowerState                       0x08001c91   Thumb Code     6  stm32f4xx_sdio.o(i.SDIO_SetPowerState)
    SD_DMA_Config                            0x08001c9d   Thumb Code   118  bsp_sdio_sdcard.o(i.SD_DMA_Config)
    SD_EnableWideBusOperation                0x08001d1d   Thumb Code    94  bsp_sdio_sdcard.o(i.SD_EnableWideBusOperation)
    SD_GetCardInfo                           0x08001d85   Thumb Code   772  bsp_sdio_sdcard.o(i.SD_GetCardInfo)
    SD_Init                                  0x08002099   Thumb Code   286  bsp_sdio_sdcard.o(i.SD_Init)
    SD_InitializeCards                       0x080021cd   Thumb Code   330  bsp_sdio_sdcard.o(i.SD_InitializeCards)
    SD_PowerON                               0x08002331   Thumb Code   460  bsp_sdio_sdcard.o(i.SD_PowerON)
    SD_ProcessIRQSrc                         0x08002515   Thumb Code   318  bsp_sdio_sdcard.o(i.SD_ProcessIRQSrc)
    SD_ReadBlock                             0x08002669   Thumb Code   574  bsp_sdio_sdcard.o(i.SD_ReadBlock)
    SD_ReadDisk                              0x080028d1   Thumb Code   148  bsp_sdio_sdcard.o(i.SD_ReadDisk)
    SD_ReadMultiBlocks                       0x08002969   Thumb Code   710  bsp_sdio_sdcard.o(i.SD_ReadMultiBlocks)
    SD_SelectDeselect                        0x08002c5d   Thumb Code    42  bsp_sdio_sdcard.o(i.SD_SelectDeselect)
    SD_SetDeviceMode                         0x08002c8d   Thumb Code    20  bsp_sdio_sdcard.o(i.SD_SetDeviceMode)
    SD_WriteBlock                            0x08002ca5   Thumb Code   862  bsp_sdio_sdcard.o(i.SD_WriteBlock)
    SD_WriteDisk                             0x0800302d   Thumb Code   148  bsp_sdio_sdcard.o(i.SD_WriteDisk)
    SD_WriteMultiBlocks                      0x080030c5   Thumb Code   934  bsp_sdio_sdcard.o(i.SD_WriteMultiBlocks)
    SPI_I2S_DMACmd                           0x08003495   Thumb Code    18  stm32f4xx_spi.o(i.SPI_I2S_DMACmd)
    SYSCFG_EXTILineConfig                    0x080034a9   Thumb Code    60  stm32f4xx_syscfg.o(i.SYSCFG_EXTILineConfig)
    Speech_Handle                            0x080035d5   Thumb Code    50  speech_rec.o(i.Speech_Handle)
    SysTick_CLKSourceConfig                  0x0800360d   Thumb Code    40  misc.o(i.SysTick_CLKSourceConfig)
    SysTick_Handler                          0x08003635   Thumb Code    16  delay.o(i.SysTick_Handler)
    SystemInit                               0x08003645   Thumb Code    88  system_stm32f4xx.o(i.SystemInit)
    TIM3_IRQHandler                          0x080036ad   Thumb Code    20  bsp_timer.o(i.TIM3_IRQHandler)
    TIM4_IRQHandler                          0x080036c5   Thumb Code    46  usmart.o(i.TIM4_IRQHandler)
    TIM_ClearFlag                            0x080036fd   Thumb Code     6  stm32f4xx_tim.o(i.TIM_ClearFlag)
    TIM_ClearITPendingBit                    0x08003703   Thumb Code     6  stm32f4xx_tim.o(i.TIM_ClearITPendingBit)
    TIM_Cmd                                  0x08003709   Thumb Code    24  stm32f4xx_tim.o(i.TIM_Cmd)
    TIM_GetCounter                           0x08003721   Thumb Code     6  stm32f4xx_tim.o(i.TIM_GetCounter)
    TIM_GetFlagStatus                        0x08003727   Thumb Code    18  stm32f4xx_tim.o(i.TIM_GetFlagStatus)
    TIM_GetITStatus                          0x08003739   Thumb Code    34  stm32f4xx_tim.o(i.TIM_GetITStatus)
    TIM_ITConfig                             0x0800375b   Thumb Code    18  stm32f4xx_tim.o(i.TIM_ITConfig)
    TIM_SetAutoreload                        0x0800376d   Thumb Code     4  stm32f4xx_tim.o(i.TIM_SetAutoreload)
    TIM_SetCounter                           0x08003771   Thumb Code     4  stm32f4xx_tim.o(i.TIM_SetCounter)
    TIM_TimeBaseInit                         0x08003775   Thumb Code   104  stm32f4xx_tim.o(i.TIM_TimeBaseInit)
    Timer4_Init                              0x080037f9   Thumb Code    88  usmart.o(i.Timer4_Init)
    USART1_IRQHandler                        0x08003855   Thumb Code   122  usart.o(i.USART1_IRQHandler)
    USART_Cmd                                0x080038dd   Thumb Code    24  stm32f4xx_usart.o(i.USART_Cmd)
    USART_GetITStatus                        0x080038f5   Thumb Code    84  stm32f4xx_usart.o(i.USART_GetITStatus)
    USART_ITConfig                           0x08003949   Thumb Code    74  stm32f4xx_usart.o(i.USART_ITConfig)
    USART_Init                               0x08003995   Thumb Code   204  stm32f4xx_usart.o(i.USART_Init)
    USART_ReceiveData                        0x08003a69   Thumb Code    10  stm32f4xx_usart.o(i.USART_ReceiveData)
    UsageFault_Handler                       0x08003a73   Thumb Code     4  stm32f4xx_it.o(i.UsageFault_Handler)
    WM8978_ADDA_Cfg                          0x08003a77   Thumb Code    64  bsp_wm8978.o(i.WM8978_ADDA_Cfg)
    WM8978_AUX_Gain                          0x08003ab7   Thumb Code    54  bsp_wm8978.o(i.WM8978_AUX_Gain)
    WM8978_HPvol_Set                         0x08003aed   Thumb Code    46  bsp_wm8978.o(i.WM8978_HPvol_Set)
    WM8978_I2S_Cfg                           0x08003b1b   Thumb Code    28  bsp_wm8978.o(i.WM8978_I2S_Cfg)
    WM8978_Init                              0x08003b39   Thumb Code   244  bsp_wm8978.o(i.WM8978_Init)
    WM8978_Input_Cfg                         0x08003c35   Thumb Code   102  bsp_wm8978.o(i.WM8978_Input_Cfg)
    WM8978_LINEIN_Gain                       0x08003c9b   Thumb Code    54  bsp_wm8978.o(i.WM8978_LINEIN_Gain)
    WM8978_MIC_Gain                          0x08003cd1   Thumb Code    28  bsp_wm8978.o(i.WM8978_MIC_Gain)
    WM8978_Output_Cfg                        0x08003ced   Thumb Code    42  bsp_wm8978.o(i.WM8978_Output_Cfg)
    WM8978_Read_Reg                          0x08003d19   Thumb Code    10  bsp_wm8978.o(i.WM8978_Read_Reg)
    WM8978_SPKvol_Set                        0x08003d29   Thumb Code    34  bsp_wm8978.o(i.WM8978_SPKvol_Set)
    WM8978_Write_Reg                         0x08003d4d   Thumb Code    80  bsp_wm8978.o(i.WM8978_Write_Reg)
    __0printf$8                              0x08003da1   Thumb Code    22  printf8.o(i.__0printf$8)
    __1printf$8                              0x08003da1   Thumb Code     0  printf8.o(i.__0printf$8)
    __2printf                                0x08003da1   Thumb Code     0  printf8.o(i.__0printf$8)
    __0sprintf$8                             0x08003dc1   Thumb Code    34  printf8.o(i.__0sprintf$8)
    __1sprintf$8                             0x08003dc1   Thumb Code     0  printf8.o(i.__0sprintf$8)
    __2sprintf                               0x08003dc1   Thumb Code     0  printf8.o(i.__0sprintf$8)
    __hardfp_fabs                            0x08003de9   Thumb Code    20  fabs.o(i.__hardfp_fabs)
    __scatterload_copy                       0x08003dfd   Thumb Code    14  handlers.o(i.__scatterload_copy)
    __scatterload_null                       0x08003e0b   Thumb Code     2  handlers.o(i.__scatterload_null)
    __scatterload_zeroinit                   0x08003e0d   Thumb Code    14  handlers.o(i.__scatterload_zeroinit)
    base64_array_encoding                    0x08004289   Thumb Code   202  base64.o(i.base64_array_encoding)
    bspExitInit                              0x08004405   Thumb Code    80  bsp_exti.o(i.bspExitInit)
    bspInit                                  0x08004455   Thumb Code   110  bsp.o(i.bspInit)
    bspKeyInit                               0x080044f5   Thumb Code    42  bsp_key.o(i.bspKeyInit)
    bspLedInit                               0x08004525   Thumb Code    48  bsp_led.o(i.bspLedInit)
    bspLedToggle                             0x08004559   Thumb Code    26  bsp_led.o(i.bspLedToggle)
    convert_from_bytes_to_power_of_two       0x080046c9   Thumb Code    18  bsp_sdio_sdcard.o(i.convert_from_bytes_to_power_of_two)
    delay_init                               0x08004c29   Thumb Code    58  delay.o(i.delay_init)
    delay_ms                                 0x08004c6d   Thumb Code    60  delay.o(i.delay_ms)
    delay_us                                 0x08004cad   Thumb Code    68  delay.o(i.delay_us)
    dir_sdi                                  0x08005255   Thumb Code   154  ff.o(i.dir_sdi)
    disk_initialize                          0x080052ef   Thumb Code    40  diskio.o(i.disk_initialize)
    disk_ioctl                               0x08005319   Thumb Code   106  diskio.o(i.disk_ioctl)
    disk_read                                0x08005389   Thumb Code    98  diskio.o(i.disk_read)
    disk_status                              0x080053eb   Thumb Code     6  diskio.o(i.disk_status)
    disk_write                               0x080053f1   Thumb Code    98  diskio.o(i.disk_write)
    exfuns_init                              0x08005455   Thumb Code   106  exfuns.o(i.exfuns_init)
    f_close                                  0x080054d1   Thumb Code    34  ff.o(i.f_close)
    f_closedir                               0x080054f3   Thumb Code    24  ff.o(i.f_closedir)
    f_getfree                                0x0800550b   Thumb Code   246  ff.o(i.f_getfree)
    f_getlabel                               0x08005601   Thumb Code   190  ff.o(i.f_getlabel)
    f_gets                                   0x080056bf   Thumb Code    82  ff.o(i.f_gets)
    f_lseek                                  0x08005711   Thumb Code   388  ff.o(i.f_lseek)
    f_mkdir                                  0x08005895   Thumb Code   292  ff.o(i.f_mkdir)
    f_mkfs                                   0x080059b9   Thumb Code  1824  ff.o(i.f_mkfs)
    f_mount                                  0x0800610d   Thumb Code    80  ff.o(i.f_mount)
    f_open                                   0x08006161   Thumb Code   520  ff.o(i.f_open)
    f_opendir                                0x08006369   Thumb Code   138  ff.o(i.f_opendir)
    f_putc                                   0x080063f3   Thumb Code    34  ff.o(i.f_putc)
    f_puts                                   0x08006415   Thumb Code    44  ff.o(i.f_puts)
    f_read                                   0x08006441   Thumb Code   412  ff.o(i.f_read)
    f_readdir                                0x080065dd   Thumb Code   104  ff.o(i.f_readdir)
    f_rename                                 0x08006645   Thumb Code   316  ff.o(i.f_rename)
    f_setlabel                               0x08006781   Thumb Code   306  ff.o(i.f_setlabel)
    f_sync                                   0x080068b9   Thumb Code   160  ff.o(i.f_sync)
    f_unlink                                 0x08006959   Thumb Code   196  ff.o(i.f_unlink)
    f_write                                  0x08006a1d   Thumb Code   478  ff.o(i.f_write)
    ff_memalloc                              0x08006bfb   Thumb Code    12  ffsystem.o(i.ff_memalloc)
    ff_memfree                               0x08006c07   Thumb Code    12  ffsystem.o(i.ff_memfree)
    ff_oem2uni                               0x08006c15   Thumb Code   100  ffunicode.o(i.ff_oem2uni)
    ff_uni2oem                               0x08006c7d   Thumb Code   112  ffunicode.o(i.ff_uni2oem)
    ff_wtoupper                              0x08006cf1   Thumb Code   166  ffunicode.o(i.ff_wtoupper)
    fputc                                    0x08006eb9   Thumb Code    22  usart.o(i.fputc)
    free                                     0x08006ed5   Thumb Code    76  malloc.o(i.free)
    get_fattime                              0x080070d1   Thumb Code     4  diskio.o(i.get_fattime)
    main                                     0x080072f1   Thumb Code    34  main.o(i.main)
    malloc                                   0x0800732d   Thumb Code    92  malloc.o(i.malloc)
    mf_close                                 0x080073e9   Thumb Code    14  fattester.o(i.mf_close)
    mf_closedir                              0x080073fd   Thumb Code    10  fattester.o(i.mf_closedir)
    mf_fmkfs                                 0x0800740d   Thumb Code    20  fattester.o(i.mf_fmkfs)
    mf_getlabel                              0x08007421   Thumb Code    58  fattester.o(i.mf_getlabel)
    mf_gets                                  0x080074a5   Thumb Code    38  fattester.o(i.mf_gets)
    mf_lseek                                 0x080074f1   Thumb Code    16  fattester.o(i.mf_lseek)
    mf_mkdir                                 0x08007505   Thumb Code    12  fattester.o(i.mf_mkdir)
    mf_mount                                 0x08007511   Thumb Code    20  fattester.o(i.mf_mount)
    mf_open                                  0x08007529   Thumb Code    24  fattester.o(i.mf_open)
    mf_opendir                               0x08007545   Thumb Code    14  fattester.o(i.mf_opendir)
    mf_putc                                  0x08007559   Thumb Code    18  fattester.o(i.mf_putc)
    mf_puts                                  0x08007571   Thumb Code    18  fattester.o(i.mf_puts)
    mf_read                                  0x08007589   Thumb Code   224  fattester.o(i.mf_read)
    mf_read_type                             0x080076e1   Thumb Code   192  fattester.o(i.mf_read_type)
    mf_readdir                               0x080077fd   Thumb Code    92  fattester.o(i.mf_readdir)
    mf_rename                                0x080078c5   Thumb Code    16  fattester.o(i.mf_rename)
    mf_setlabel                              0x080078d5   Thumb Code    34  fattester.o(i.mf_setlabel)
    mf_showfree                              0x08007931   Thumb Code    88  fattester.o(i.mf_showfree)
    mf_size                                  0x080079d9   Thumb Code     8  fattester.o(i.mf_size)
    mf_tell                                  0x080079e5   Thumb Code     8  fattester.o(i.mf_tell)
    mf_unlink                                0x080079f1   Thumb Code    12  fattester.o(i.mf_unlink)
    mf_write                                 0x080079fd   Thumb Code    68  fattester.o(i.mf_write)
    pvPortMalloc                             0x08008ba9   Thumb Code   272  heap_4.o(i.pvPortMalloc)
    pvTaskIncrementMutexHeldCount            0x08008d09   Thumb Code    26  tasks.o(i.pvTaskIncrementMutexHeldCount)
    pxPortInitialiseStack                    0x08008d29   Thumb Code    38  port.o(i.pxPortInitialiseStack)
    read_addr                                0x08008d55   Thumb Code     6  usmart.o(i.read_addr)
    rec_i2s_dma_rx_callback                  0x08008d5d   Thumb Code   240  voice_access.o(i.rec_i2s_dma_rx_callback)
    recoder_enter_play_mode                  0x08008e79   Thumb Code    44  voice_access.o(i.recoder_enter_play_mode)
    recoder_enter_rec_mode                   0x08008ea5   Thumb Code   132  voice_access.o(i.recoder_enter_rec_mode)
    scan_files                               0x08008fdd   Thumb Code   124  fattester.o(i.scan_files)
    uart_init                                0x080091fd   Thumb Code   166  usart.o(i.uart_init)
    uasrt_key_send                           0x080092ad   Thumb Code     6  bsp_key.o(i.uasrt_key_send)
    usmart_cmd_rec                           0x080092b9   Thumb Code   170  usmart.o(i.usmart_cmd_rec)
    usmart_exe                               0x08009369   Thumb Code   632  usmart.o(i.usmart_exe)
    usmart_get_aparm                         0x0800963d   Thumb Code   200  usmart_str.o(i.usmart_get_aparm)
    usmart_get_cmdname                       0x08009705   Thumb Code    54  usmart_str.o(i.usmart_get_cmdname)
    usmart_get_fname                         0x0800973d   Thumb Code   440  usmart_str.o(i.usmart_get_fname)
    usmart_get_fparam                        0x080098fd   Thumb Code   262  usmart_str.o(i.usmart_get_fparam)
    usmart_get_parmpos                       0x08009a09   Thumb Code    26  usmart_str.o(i.usmart_get_parmpos)
    usmart_get_runtime                       0x08009a29   Thumb Code    60  usmart.o(i.usmart_get_runtime)
    usmart_init                              0x08009a6d   Thumb Code    36  usmart.o(i.usmart_init)
    usmart_pow                               0x08009a95   Thumb Code    22  usmart_str.o(i.usmart_pow)
    usmart_reset_runtime                     0x08009aad   Thumb Code    38  usmart.o(i.usmart_reset_runtime)
    usmart_scan                              0x08009add   Thumb Code   120  usmart.o(i.usmart_scan)
    usmart_search_nextc                      0x08009b99   Thumb Code    22  usmart_str.o(i.usmart_search_nextc)
    usmart_str2num                           0x08009baf   Thumb Code   202  usmart_str.o(i.usmart_str2num)
    usmart_strcmp                            0x08009c79   Thumb Code    34  usmart_str.o(i.usmart_strcmp)
    usmart_strcopy                           0x08009c9b   Thumb Code    22  usmart_str.o(i.usmart_strcopy)
    usmart_strlen                            0x08009cb1   Thumb Code    24  usmart_str.o(i.usmart_strlen)
    usmart_sys_cmd_exe                       0x08009cc9   Thumb Code  1554  usmart.o(i.usmart_sys_cmd_exe)
    uxListRemove                             0x0800a3ad   Thumb Code    40  list.o(i.uxListRemove)
    vListInitialise                          0x0800a3d5   Thumb Code    26  list.o(i.vListInitialise)
    vListInitialiseItem                      0x0800a3ef   Thumb Code     6  list.o(i.vListInitialiseItem)
    vListInsert                              0x0800a3f5   Thumb Code    52  list.o(i.vListInsert)
    vListInsertEnd                           0x0800a429   Thumb Code    24  list.o(i.vListInsertEnd)
    vPortEnterCritical                       0x0800a441   Thumb Code    68  port.o(i.vPortEnterCritical)
    vPortExitCritical                        0x0800a4c9   Thumb Code    48  port.o(i.vPortExitCritical)
    vPortFree                                0x0800a539   Thumb Code   130  heap_4.o(i.vPortFree)
    vPortSetupTimerInterrupt                 0x0800a601   Thumb Code    20  port.o(i.vPortSetupTimerInterrupt)
    vPortValidateInterruptPriority           0x0800a619   Thumb Code    86  port.o(i.vPortValidateInterruptPriority)
    vQueueAddToRegistry                      0x0800a6b9   Thumb Code    38  queue.o(i.vQueueAddToRegistry)
    vQueueWaitForMessageRestricted           0x0800a6e5   Thumb Code    74  queue.o(i.vQueueWaitForMessageRestricted)
    vTaskDelay                               0x0800a731   Thumb Code    72  tasks.o(i.vTaskDelay)
    vTaskDelete                              0x0800a7a5   Thumb Code   192  tasks.o(i.vTaskDelete)
    vTaskInternalSetTimeOutState             0x0800a8b1   Thumb Code    14  tasks.o(i.vTaskInternalSetTimeOutState)
    vTaskMissedYield                         0x0800a911   Thumb Code     8  tasks.o(i.vTaskMissedYield)
    vTaskPlaceOnEventList                    0x0800a91d   Thumb Code    42  tasks.o(i.vTaskPlaceOnEventList)
    vTaskPlaceOnEventListRestricted          0x0800a971   Thumb Code    50  tasks.o(i.vTaskPlaceOnEventListRestricted)
    vTaskPriorityDisinheritAfterTimeout      0x0800a9cd   Thumb Code   196  tasks.o(i.vTaskPriorityDisinheritAfterTimeout)
    vTaskStartScheduler                      0x0800aaf5   Thumb Code   108  tasks.o(i.vTaskStartScheduler)
    vTaskSuspendAll                          0x0800aba1   Thumb Code    12  tasks.o(i.vTaskSuspendAll)
    vTaskSwitchContext                       0x0800abb1   Thumb Code   110  tasks.o(i.vTaskSwitchContext)
    voice_End_Receive                        0x0800ad5d   Thumb Code    62  voice_access.o(i.voice_End_Receive)
    voice_Receive                            0x0800adb1   Thumb Code   134  voice_access.o(i.voice_Receive)
    voice_info_Send                          0x0800ae59   Thumb Code    40  voice_access.o(i.voice_info_Send)
    write_addr                               0x0800aea1   Thumb Code     4  usmart.o(i.write_addr)
    xPortStartScheduler                      0x0800aea5   Thumb Code   322  port.o(i.xPortStartScheduler)
    xPortSysTickHandler                      0x0800b041   Thumb Code    46  port.o(i.xPortSysTickHandler)
    xQueueGenericCreate                      0x0800b075   Thumb Code    74  queue.o(i.xQueueGenericCreate)
    xQueueGenericReset                       0x0800b0e5   Thumb Code   136  queue.o(i.xQueueGenericReset)
    xQueueGenericSend                        0x0800b195   Thumb Code   426  queue.o(i.xQueueGenericSend)
    xQueueGenericSendFromISR                 0x0800b369   Thumb Code   244  queue.o(i.xQueueGenericSendFromISR)
    xQueueGiveFromISR                        0x0800b481   Thumb Code   214  queue.o(i.xQueueGiveFromISR)
    xQueueReceive                            0x0800b57d   Thumb Code   326  queue.o(i.xQueueReceive)
    xQueueSemaphoreTake                      0x0800b6ed   Thumb Code   394  queue.o(i.xQueueSemaphoreTake)
    xTaskCheckForTimeOut                     0x0800b8a1   Thumb Code   112  tasks.o(i.xTaskCheckForTimeOut)
    xTaskCreate                              0x0800b93d   Thumb Code    96  tasks.o(i.xTaskCreate)
    xTaskGetSchedulerState                   0x0800b99d   Thumb Code    24  tasks.o(i.xTaskGetSchedulerState)
    xTaskGetTickCount                        0x0800b9bd   Thumb Code     6  tasks.o(i.xTaskGetTickCount)
    xTaskIncrementTick                       0x0800b9c9   Thumb Code   272  tasks.o(i.xTaskIncrementTick)
    xTaskPriorityDisinherit                  0x0800bb29   Thumb Code   168  tasks.o(i.xTaskPriorityDisinherit)
    xTaskPriorityInherit                     0x0800bc01   Thumb Code   172  tasks.o(i.xTaskPriorityInherit)
    xTaskRemoveFromEventList                 0x0800bcb9   Thumb Code   118  tasks.o(i.xTaskRemoveFromEventList)
    xTaskResumeAll                           0x0800bd6d   Thumb Code   214  tasks.o(i.xTaskResumeAll)
    xTimerCreateTimerTask                    0x0800be8d   Thumb Code    56  timers.o(i.xTimerCreateTimerTask)
    xTimerGenericCommand                     0x0800bf01   Thumb Code   116  timers.o(i.xTimerGenericCommand)
    I2S_PSC_TBL                              0x0800bfa0   Data         110  bsp_i2s.o(.constdata)
    i2splaybuf                               0x0800c00e   Data           4  voice_access.o(.constdata)
    base64_tab                               0x0800c012   Data          64  base64.o(.constdata)
    EventRecorderInfo                        0x08036c64   Data          24  eventrecorder.o(.constdata)
    Region$$Table$$Base                      0x08036f80   Number         0  anon$$obj.o(Region$$Table)
    Region$$Table$$Limit                     0x08036fa0   Number         0  anon$$obj.o(Region$$Table)
    xKeySemaphoreHandle                      0x20000010   Data           4  main.o(.data)
    xSpeechRecSemaphoreHandle                0x20000014   Data           4  main.o(.data)
    TransferError                            0x20000026   Data           1  bsp_sdio_sdcard.o(.data)
    TransferEnd                              0x20000027   Data           1  bsp_sdio_sdcard.o(.data)
    tempbuff                                 0x20000028   Data           4  bsp_sdio_sdcard.o(.data)
    i2s_tx_callback                          0x200000a0   Data           4  bsp_i2s.o(.data)
    i2s_rx_callback                          0x200000a4   Data           4  bsp_i2s.o(.data)
    keyval                                   0x200000a8   Data           1  bsp_key.o(.data)
    i2srecbuf1                               0x200000ac   Data           4  voice_access.o(.data)
    i2srecbuf2                               0x200000b0   Data           4  voice_access.o(.data)
    f_rec                                    0x200000b4   Data           4  voice_access.o(.data)
    wavsize                                  0x200000b8   Data           4  voice_access.o(.data)
    rec_sta                                  0x200000bc   Data           1  voice_access.o(.data)
    sys_cmd_tab                              0x200000c0   Data          28  usmart.o(.data)
    usmart_nametab                           0x200000dc   Data         224  usmart_config.o(.data)
    usmart_dev                               0x200001bc   Data         244  usmart_config.o(.data)
    __stdout                                 0x200002b4   Data           4  usart.o(.data)
    USART_RX_STA                             0x200002b8   Data           2  usart.o(.data)
    pxCurrentTCB                             0x200002bc   Data           4  tasks.o(.data)
    fs                                       0x20000340   Data           4  exfuns.o(.data)
    file                                     0x20000344   Data           4  exfuns.o(.data)
    ftemp                                    0x20000348   Data           4  exfuns.o(.data)
    br                                       0x2000034c   Data           4  exfuns.o(.data)
    bw                                       0x20000350   Data           4  exfuns.o(.data)
    fatbuf                                   0x20000354   Data           4  exfuns.o(.data)
    __microlib_freelist                      0x2000036c   Data           4  mvars.o(.data)
    __microlib_freelist_initialised          0x20000370   Data           4  mvars.o(.data)
    SDIO_InitStructure                       0x20000378   Data          24  bsp_sdio_sdcard.o(.bss)
    SDIO_CmdInitStructure                    0x20000390   Data          20  bsp_sdio_sdcard.o(.bss)
    SDIO_DataInitStructure                   0x200003a4   Data          24  bsp_sdio_sdcard.o(.bss)
    SDCardInfo                               0x200003e0   Data          88  bsp_sdio_sdcard.o(.bss)
    SDIO_DATA_BUFFER                         0x20000438   Data         512  bsp_sdio_sdcard.o(.bss)
    USART_RX_BUF                             0x20000638   Data         200  usart.o(.bss)
    xQueueRegistry                           0x20000700   Data          64  queue.o(.bss)
    dir                                      0x2000590c   Data          48  exfuns.o(.bss)
    __heap_base                              0x20005f68   Data           0  startup_stm32f40_41xxx.o(HEAP)
    __heap_limit                             0x20017f68   Data           0  startup_stm32f40_41xxx.o(HEAP)
    __initial_sp                             0x20018368   Data           0  startup_stm32f40_41xxx.o(STACK)



==============================================================================

Memory Map of the image

  Image Entry point : 0x08000189

  Load Region LR_IROM1 (Base: 0x08000000, Size: 0x00037314, Max: 0x00080000, ABSOLUTE, COMPRESSED[0x000370d0])

    Execution Region ER_IROM1 (Exec base: 0x08000000, Load base: 0x08000000, Size: 0x00036fa0, Max: 0x00080000, ABSOLUTE)

    Exec Addr    Load Addr    Size         Type   Attr      Idx    E Section Name        Object

    0x08000000   0x08000000   0x00000188   Data   RO         4114    RESET               startup_stm32f40_41xxx.o
    0x08000188   0x08000188   0x00000000   Code   RO         6490  * .ARM.Collect$$$$00000000  mc_w.l(entry.o)
    0x08000188   0x08000188   0x00000004   Code   RO         6827    .ARM.Collect$$$$00000001  mc_w.l(entry2.o)
    0x0800018c   0x0800018c   0x00000004   Code   RO         6830    .ARM.Collect$$$$00000004  mc_w.l(entry5.o)
    0x08000190   0x08000190   0x00000000   Code   RO         6832    .ARM.Collect$$$$00000008  mc_w.l(entry7b.o)
    0x08000190   0x08000190   0x00000000   Code   RO         6834    .ARM.Collect$$$$0000000A  mc_w.l(entry8b.o)
    0x08000190   0x08000190   0x00000008   Code   RO         6835    .ARM.Collect$$$$0000000B  mc_w.l(entry9a.o)
    0x08000198   0x08000198   0x00000000   Code   RO         6837    .ARM.Collect$$$$0000000D  mc_w.l(entry10a.o)
    0x08000198   0x08000198   0x00000000   Code   RO         6839    .ARM.Collect$$$$0000000F  mc_w.l(entry11a.o)
    0x08000198   0x08000198   0x00000004   Code   RO         6828    .ARM.Collect$$$$00002712  mc_w.l(entry2.o)
    0x0800019c   0x0800019c   0x00000010   Code   RO         2032    .emb_text           sys.o
    0x080001ac   0x080001ac   0x000000be   Code   RO         3312    .emb_text           port.o
    0x0800026a   0x0800026a   0x00000002   PAD
    0x0800026c   0x0800026c   0x00000024   Code   RO         4115    .text               startup_stm32f40_41xxx.o
    0x08000290   0x08000290   0x00000062   Code   RO         6498    .text               mc_w.l(ldiv.o)
    0x080002f2   0x080002f2   0x00000024   Code   RO         6500    .text               mc_w.l(memcpya.o)
    0x08000316   0x08000316   0x00000024   Code   RO         6504    .text               mc_w.l(memseta.o)
    0x0800033a   0x0800033a   0x0000000e   Code   RO         6508    .text               mc_w.l(strlen.o)
    0x08000348   0x08000348   0x0000014e   Code   RO         6805    .text               mf_w.l(dadd.o)
    0x08000496   0x08000496   0x000000de   Code   RO         6809    .text               mf_w.l(ddiv.o)
    0x08000574   0x08000574   0x0000001a   Code   RO         6813    .text               mf_w.l(dfltui.o)
    0x0800058e   0x0800058e   0x00000002   PAD
    0x08000590   0x08000590   0x00000030   Code   RO         6823    .text               mf_w.l(cdrcmple.o)
    0x080005c0   0x080005c0   0x00000062   Code   RO         6843    .text               mc_w.l(uldiv.o)
    0x08000622   0x08000622   0x0000001e   Code   RO         6845    .text               mc_w.l(llshl.o)
    0x08000640   0x08000640   0x00000020   Code   RO         6847    .text               mc_w.l(llushr.o)
    0x08000660   0x08000660   0x00000024   Code   RO         6849    .text               mc_w.l(llsshr.o)
    0x08000684   0x08000684   0x00000000   Code   RO         6853    .text               mc_w.l(iusefp.o)
    0x08000684   0x08000684   0x000000ba   Code   RO         6856    .text               mf_w.l(depilogue.o)
    0x0800073e   0x0800073e   0x00000002   PAD
    0x08000740   0x08000740   0x00000024   Code   RO         6860    .text               mc_w.l(init.o)
    0x08000764   0x08000764   0x00000056   Code   RO         6870    .text               mc_w.l(__dczerorl2.o)
    0x080007ba   0x080007ba   0x00000002   PAD
    0x080007bc   0x080007bc   0x00000012   Code   RO         6275    OSKERNEL            hardfaulthandler.o
    0x080007ce   0x080007ce   0x00000004   Code   RO         4121    i.BusFault_Handler  stm32f4xx_it.o
    0x080007d2   0x080007d2   0x00000030   Code   RO          961    i.CmdError          bsp_sdio_sdcard.o
    0x08000802   0x08000802   0x00000002   PAD
    0x08000804   0x08000804   0x00000064   Code   RO          962    i.CmdResp1Error     bsp_sdio_sdcard.o
    0x08000868   0x08000868   0x00000054   Code   RO          963    i.CmdResp2Error     bsp_sdio_sdcard.o
    0x080008bc   0x080008bc   0x00000038   Code   RO          964    i.CmdResp3Error     bsp_sdio_sdcard.o
    0x080008f4   0x080008f4   0x00000094   Code   RO          965    i.CmdResp6Error     bsp_sdio_sdcard.o
    0x08000988   0x08000988   0x0000004c   Code   RO          966    i.CmdResp7Error     bsp_sdio_sdcard.o
    0x080009d4   0x080009d4   0x0000002c   Code   RO         1369    i.DMA1_Stream3_IRQHandler  bsp_i2s.o
    0x08000a00   0x08000a00   0x0000002c   Code   RO         1370    i.DMA1_Stream4_IRQHandler  bsp_i2s.o
    0x08000a2c   0x08000a2c   0x00000034   Code   RO         5792    i.DMA_ClearITPendingBit  stm32f4xx_dma.o
    0x08000a60   0x08000a60   0x00000016   Code   RO         5793    i.DMA_Cmd           stm32f4xx_dma.o
    0x08000a76   0x08000a76   0x00000002   PAD
    0x08000a78   0x08000a78   0x00000158   Code   RO         5794    i.DMA_DeInit        stm32f4xx_dma.o
    0x08000bd0   0x08000bd0   0x00000016   Code   RO         5795    i.DMA_DoubleBufferModeCmd  stm32f4xx_dma.o
    0x08000be6   0x08000be6   0x00000018   Code   RO         5796    i.DMA_DoubleBufferModeConfig  stm32f4xx_dma.o
    0x08000bfe   0x08000bfe   0x00000016   Code   RO         5797    i.DMA_FlowControllerConfig  stm32f4xx_dma.o
    0x08000c14   0x08000c14   0x00000014   Code   RO         5798    i.DMA_GetCmdStatus  stm32f4xx_dma.o
    0x08000c28   0x08000c28   0x00000064   Code   RO         5803    i.DMA_GetITStatus   stm32f4xx_dma.o
    0x08000c8c   0x08000c8c   0x0000003a   Code   RO         5804    i.DMA_ITConfig      stm32f4xx_dma.o
    0x08000cc6   0x08000cc6   0x00000002   PAD
    0x08000cc8   0x08000cc8   0x00000058   Code   RO         5805    i.DMA_Init          stm32f4xx_dma.o
    0x08000d20   0x08000d20   0x00000002   Code   RO         4122    i.DebugMon_Handler  stm32f4xx_it.o
    0x08000d22   0x08000d22   0x00000002   PAD
    0x08000d24   0x08000d24   0x00000044   Code   RO         1491    i.EXTI15_10_IRQHandler  bsp_exti.o
    0x08000d68   0x08000d68   0x0000000c   Code   RO         5730    i.EXTI_ClearITPendingBit  stm32f4xx_exti.o
    0x08000d74   0x08000d74   0x00000018   Code   RO         5734    i.EXTI_GetITStatus  stm32f4xx_exti.o
    0x08000d8c   0x08000d8c   0x00000094   Code   RO         5735    i.EXTI_Init         stm32f4xx_exti.o
    0x08000e20   0x08000e20   0x00000194   Code   RO          967    i.FindSCR           bsp_sdio_sdcard.o
    0x08000fb4   0x08000fb4   0x00000018   Code   RO         1879    i.FuncTest          usmart_config.o
    0x08000fcc   0x08000fcc   0x00000090   Code   RO         4250    i.GPIO_Init         stm32f4xx_gpio.o
    0x0800105c   0x0800105c   0x00000046   Code   RO         4251    i.GPIO_PinAFConfig  stm32f4xx_gpio.o
    0x080010a2   0x080010a2   0x00000002   PAD
    0x080010a4   0x080010a4   0x000000b4   Code   RO         6280    i.HardFaultHandler  segger_hardfaulthandler.o
    0x08001158   0x08001158   0x00000064   Code   RO         1371    i.I2S2_Init         bsp_i2s.o
    0x080011bc   0x080011bc   0x000000a0   Code   RO         1372    i.I2S2_SampleRate_Set  bsp_i2s.o
    0x0800125c   0x0800125c   0x000000b0   Code   RO         1373    i.I2S2_TX_DMA_Init  bsp_i2s.o
    0x0800130c   0x0800130c   0x0000004c   Code   RO         1374    i.I2S2ext_Init      bsp_i2s.o
    0x08001358   0x08001358   0x000000b0   Code   RO         1375    i.I2S2ext_RX_DMA_Init  bsp_i2s.o
    0x08001408   0x08001408   0x00000018   Code   RO         6113    i.I2S_Cmd           stm32f4xx_spi.o
    0x08001420   0x08001420   0x00000050   Code   RO         6114    i.I2S_FullDuplexConfig  stm32f4xx_spi.o
    0x08001470   0x08001470   0x00000198   Code   RO         6115    i.I2S_Init          stm32f4xx_spi.o
    0x08001608   0x08001608   0x00000010   Code   RO         1376    i.I2S_Play_Start    bsp_i2s.o
    0x08001618   0x08001618   0x00000010   Code   RO         1377    i.I2S_Play_Stop     bsp_i2s.o
    0x08001628   0x08001628   0x00000010   Code   RO         1378    i.I2S_Rec_Start     bsp_i2s.o
    0x08001638   0x08001638   0x00000010   Code   RO         1379    i.I2S_Rec_Stop      bsp_i2s.o
    0x08001648   0x08001648   0x0000004c   Code   RO         1308    i.IIC_Init          bsp_myiic.o
    0x08001694   0x08001694   0x00000068   Code   RO         1311    i.IIC_Send_Byte     bsp_myiic.o
    0x080016fc   0x080016fc   0x0000004c   Code   RO         1312    i.IIC_Start         bsp_myiic.o
    0x08001748   0x08001748   0x0000004c   Code   RO         1313    i.IIC_Stop          bsp_myiic.o
    0x08001794   0x08001794   0x00000060   Code   RO         1314    i.IIC_Wait_Ack      bsp_myiic.o
    0x080017f4   0x080017f4   0x000000a0   Code   RO          968    i.IsCardProgramming  bsp_sdio_sdcard.o
    0x08001894   0x08001894   0x00000004   Code   RO         4123    i.MemManage_Handler  stm32f4xx_it.o
    0x08001898   0x08001898   0x00000002   Code   RO         4124    i.NMI_Handler       stm32f4xx_it.o
    0x0800189a   0x0800189a   0x00000002   PAD
    0x0800189c   0x0800189c   0x00000078   Code   RO         4205    i.NVIC_Init         misc.o
    0x08001914   0x08001914   0x00000014   Code   RO         4206    i.NVIC_PriorityGroupConfig  misc.o
    0x08001928   0x08001928   0x00000020   Code   RO         4347    i.RCC_AHB1PeriphClockCmd  stm32f4xx_rcc.o
    0x08001948   0x08001948   0x00000020   Code   RO         4356    i.RCC_APB1PeriphClockCmd  stm32f4xx_rcc.o
    0x08001968   0x08001968   0x00000020   Code   RO         4358    i.RCC_APB1PeriphResetCmd  stm32f4xx_rcc.o
    0x08001988   0x08001988   0x00000020   Code   RO         4359    i.RCC_APB2PeriphClockCmd  stm32f4xx_rcc.o
    0x080019a8   0x080019a8   0x00000020   Code   RO         4361    i.RCC_APB2PeriphResetCmd  stm32f4xx_rcc.o
    0x080019c8   0x080019c8   0x000000e8   Code   RO         4368    i.RCC_GetClocksFreq  stm32f4xx_rcc.o
    0x08001ab0   0x08001ab0   0x0000000c   Code   RO         4387    i.RCC_PLLI2SCmd     stm32f4xx_rcc.o
    0x08001abc   0x08001abc   0x00000010   Code   RO         4388    i.RCC_PLLI2SConfig  stm32f4xx_rcc.o
    0x08001acc   0x08001acc   0x000000ac   Code   RO          969    i.SDEnWideBus       bsp_sdio_sdcard.o
    0x08001b78   0x08001b78   0x0000000c   Code   RO         5920    i.SDIO_ClearFlag    stm32f4xx_sdio.o
    0x08001b84   0x08001b84   0x00000014   Code   RO          970    i.SDIO_Clock_Set    bsp_sdio_sdcard.o
    0x08001b98   0x08001b98   0x00000034   Code   RO         5926    i.SDIO_DataConfig   stm32f4xx_sdio.o
    0x08001bcc   0x08001bcc   0x00000018   Code   RO         5932    i.SDIO_GetFlagStatus  stm32f4xx_sdio.o
    0x08001be4   0x08001be4   0x00000010   Code   RO         5934    i.SDIO_GetPowerState  stm32f4xx_sdio.o
    0x08001bf4   0x08001bf4   0x00000008   Code   RO          971    i.SDIO_IRQHandler   bsp_sdio_sdcard.o
    0x08001bfc   0x08001bfc   0x00000030   Code   RO         5937    i.SDIO_Init         stm32f4xx_sdio.o
    0x08001c2c   0x08001c2c   0x00000038   Code   RO          972    i.SDIO_Register_Deinit  bsp_sdio_sdcard.o
    0x08001c64   0x08001c64   0x0000002c   Code   RO         5940    i.SDIO_SendCommand  stm32f4xx_sdio.o
    0x08001c90   0x08001c90   0x0000000c   Code   RO         5942    i.SDIO_SetPowerState  stm32f4xx_sdio.o
    0x08001c9c   0x08001c9c   0x00000080   Code   RO          973    i.SD_DMA_Config     bsp_sdio_sdcard.o
    0x08001d1c   0x08001d1c   0x00000068   Code   RO          974    i.SD_EnableWideBusOperation  bsp_sdio_sdcard.o
    0x08001d84   0x08001d84   0x00000314   Code   RO          975    i.SD_GetCardInfo    bsp_sdio_sdcard.o
    0x08002098   0x08002098   0x00000134   Code   RO          977    i.SD_Init           bsp_sdio_sdcard.o
    0x080021cc   0x080021cc   0x00000164   Code   RO          978    i.SD_InitializeCards  bsp_sdio_sdcard.o
    0x08002330   0x08002330   0x000001e4   Code   RO          980    i.SD_PowerON        bsp_sdio_sdcard.o
    0x08002514   0x08002514   0x00000154   Code   RO          981    i.SD_ProcessIRQSrc  bsp_sdio_sdcard.o
    0x08002668   0x08002668   0x00000268   Code   RO          982    i.SD_ReadBlock      bsp_sdio_sdcard.o
    0x080028d0   0x080028d0   0x00000098   Code   RO          983    i.SD_ReadDisk       bsp_sdio_sdcard.o
    0x08002968   0x08002968   0x000002f4   Code   RO          984    i.SD_ReadMultiBlocks  bsp_sdio_sdcard.o
    0x08002c5c   0x08002c5c   0x00000030   Code   RO          985    i.SD_SelectDeselect  bsp_sdio_sdcard.o
    0x08002c8c   0x08002c8c   0x00000018   Code   RO          987    i.SD_SetDeviceMode  bsp_sdio_sdcard.o
    0x08002ca4   0x08002ca4   0x00000388   Code   RO          988    i.SD_WriteBlock     bsp_sdio_sdcard.o
    0x0800302c   0x0800302c   0x00000098   Code   RO          989    i.SD_WriteDisk      bsp_sdio_sdcard.o
    0x080030c4   0x080030c4   0x000003d0   Code   RO          990    i.SD_WriteMultiBlocks  bsp_sdio_sdcard.o
    0x08003494   0x08003494   0x00000012   Code   RO         6125    i.SPI_I2S_DMACmd    stm32f4xx_spi.o
    0x080034a6   0x080034a6   0x00000002   PAD
    0x080034a8   0x080034a8   0x00000040   Code   RO         4684    i.SYSCFG_EXTILineConfig  stm32f4xx_syscfg.o
    0x080034e8   0x080034e8   0x000000ec   Code   RO         4168    i.SetSysClock       system_stm32f4xx.o
    0x080035d4   0x080035d4   0x00000038   Code   RO         1596    i.Speech_Handle     speech_rec.o
    0x0800360c   0x0800360c   0x00000028   Code   RO         4209    i.SysTick_CLKSourceConfig  misc.o
    0x08003634   0x08003634   0x00000010   Code   RO         1986    i.SysTick_Handler   delay.o
    0x08003644   0x08003644   0x00000068   Code   RO         4170    i.SystemInit        system_stm32f4xx.o
    0x080036ac   0x080036ac   0x00000018   Code   RO          727    i.TIM3_IRQHandler   bsp_timer.o
    0x080036c4   0x080036c4   0x00000038   Code   RO         1795    i.TIM4_IRQHandler   usmart.o
    0x080036fc   0x080036fc   0x00000006   Code   RO         5177    i.TIM_ClearFlag     stm32f4xx_tim.o
    0x08003702   0x08003702   0x00000006   Code   RO         5178    i.TIM_ClearITPendingBit  stm32f4xx_tim.o
    0x08003708   0x08003708   0x00000018   Code   RO         5183    i.TIM_Cmd           stm32f4xx_tim.o
    0x08003720   0x08003720   0x00000006   Code   RO         5202    i.TIM_GetCounter    stm32f4xx_tim.o
    0x08003726   0x08003726   0x00000012   Code   RO         5203    i.TIM_GetFlagStatus  stm32f4xx_tim.o
    0x08003738   0x08003738   0x00000022   Code   RO         5204    i.TIM_GetITStatus   stm32f4xx_tim.o
    0x0800375a   0x0800375a   0x00000012   Code   RO         5208    i.TIM_ITConfig      stm32f4xx_tim.o
    0x0800376c   0x0800376c   0x00000004   Code   RO         5243    i.TIM_SetAutoreload  stm32f4xx_tim.o
    0x08003770   0x08003770   0x00000004   Code   RO         5249    i.TIM_SetCounter    stm32f4xx_tim.o
    0x08003774   0x08003774   0x00000084   Code   RO         5255    i.TIM_TimeBaseInit  stm32f4xx_tim.o
    0x080037f8   0x080037f8   0x0000005c   Code   RO         1796    i.Timer4_Init       usmart.o
    0x08003854   0x08003854   0x00000088   Code   RO         2050    i.USART1_IRQHandler  usart.o
    0x080038dc   0x080038dc   0x00000018   Code   RO         4741    i.USART_Cmd         stm32f4xx_usart.o
    0x080038f4   0x080038f4   0x00000054   Code   RO         4745    i.USART_GetITStatus  stm32f4xx_usart.o
    0x08003948   0x08003948   0x0000004a   Code   RO         4747    i.USART_ITConfig    stm32f4xx_usart.o
    0x08003992   0x08003992   0x00000002   PAD
    0x08003994   0x08003994   0x000000d4   Code   RO         4748    i.USART_Init        stm32f4xx_usart.o
    0x08003a68   0x08003a68   0x0000000a   Code   RO         4755    i.USART_ReceiveData  stm32f4xx_usart.o
    0x08003a72   0x08003a72   0x00000004   Code   RO         4125    i.UsageFault_Handler  stm32f4xx_it.o
    0x08003a76   0x08003a76   0x00000040   Code   RO         1175    i.WM8978_ADDA_Cfg   bsp_wm8978.o
    0x08003ab6   0x08003ab6   0x00000036   Code   RO         1176    i.WM8978_AUX_Gain   bsp_wm8978.o
    0x08003aec   0x08003aec   0x0000002e   Code   RO         1183    i.WM8978_HPvol_Set  bsp_wm8978.o
    0x08003b1a   0x08003b1a   0x0000001c   Code   RO         1184    i.WM8978_I2S_Cfg    bsp_wm8978.o
    0x08003b36   0x08003b36   0x00000002   PAD
    0x08003b38   0x08003b38   0x000000fc   Code   RO         1185    i.WM8978_Init       bsp_wm8978.o
    0x08003c34   0x08003c34   0x00000066   Code   RO         1186    i.WM8978_Input_Cfg  bsp_wm8978.o
    0x08003c9a   0x08003c9a   0x00000036   Code   RO         1187    i.WM8978_LINEIN_Gain  bsp_wm8978.o
    0x08003cd0   0x08003cd0   0x0000001c   Code   RO         1188    i.WM8978_MIC_Gain   bsp_wm8978.o
    0x08003cec   0x08003cec   0x0000002a   Code   RO         1189    i.WM8978_Output_Cfg  bsp_wm8978.o
    0x08003d16   0x08003d16   0x00000002   PAD
    0x08003d18   0x08003d18   0x00000010   Code   RO         1190    i.WM8978_Read_Reg   bsp_wm8978.o
    0x08003d28   0x08003d28   0x00000022   Code   RO         1191    i.WM8978_SPKvol_Set  bsp_wm8978.o
    0x08003d4a   0x08003d4a   0x00000002   PAD
    0x08003d4c   0x08003d4c   0x00000054   Code   RO         1192    i.WM8978_Write_Reg  bsp_wm8978.o
    0x08003da0   0x08003da0   0x00000020   Code   RO         6723    i.__0printf$8       mc_w.l(printf8.o)
    0x08003dc0   0x08003dc0   0x00000028   Code   RO         6725    i.__0sprintf$8      mc_w.l(printf8.o)
    0x08003de8   0x08003de8   0x00000014   Code   RO         6484    i.__hardfp_fabs     m_wm.l(fabs.o)
    0x08003dfc   0x08003dfc   0x0000000e   Code   RO         6864    i.__scatterload_copy  mc_w.l(handlers.o)
    0x08003e0a   0x08003e0a   0x00000002   Code   RO         6865    i.__scatterload_null  mc_w.l(handlers.o)
    0x08003e0c   0x08003e0c   0x0000000e   Code   RO         6866    i.__scatterload_zeroinit  mc_w.l(handlers.o)
    0x08003e1a   0x08003e1a   0x00000002   PAD
    0x08003e1c   0x08003e1c   0x00000410   Code   RO         6730    i._printf_core      mc_w.l(printf8.o)
    0x0800422c   0x0800422c   0x00000024   Code   RO         6731    i._printf_post_padding  mc_w.l(printf8.o)
    0x08004250   0x08004250   0x0000002e   Code   RO         6732    i._printf_pre_padding  mc_w.l(printf8.o)
    0x0800427e   0x0800427e   0x0000000a   Code   RO         6734    i._sputc            mc_w.l(printf8.o)
    0x08004288   0x08004288   0x000000dc   Code   RO         1728    i.base64_array_encoding  base64.o
    0x08004364   0x08004364   0x000000a0   Code   RO         1729    i.base64_encoding   base64.o
    0x08004404   0x08004404   0x00000050   Code   RO         1492    i.bspExitInit       bsp_exti.o
    0x08004454   0x08004454   0x000000a0   Code   RO          281    i.bspInit           bsp.o
    0x080044f4   0x080044f4   0x00000030   Code   RO         1456    i.bspKeyInit        bsp_key.o
    0x08004524   0x08004524   0x00000034   Code   RO          528    i.bspLedInit        bsp_led.o
    0x08004558   0x08004558   0x00000024   Code   RO          529    i.bspLedToggle      bsp_led.o
    0x0800457c   0x0800457c   0x00000080   Code   RO         3450    i.check_fs          ff.o
    0x080045fc   0x080045fc   0x00000018   Code   RO         3451    i.chk_chr           ff.o
    0x08004614   0x08004614   0x0000001a   Code   RO         3452    i.clst2sect         ff.o
    0x0800462e   0x0800462e   0x00000002   PAD
    0x08004630   0x08004630   0x00000098   Code   RO         3453    i.cmp_lfn           ff.o
    0x080046c8   0x080046c8   0x00000012   Code   RO          991    i.convert_from_bytes_to_power_of_two  bsp_sdio_sdcard.o
    0x080046da   0x080046da   0x00000120   Code   RO         3454    i.create_chain      ff.o
    0x080047fa   0x080047fa   0x00000002   PAD
    0x080047fc   0x080047fc   0x00000254   Code   RO         3455    i.create_name       ff.o
    0x08004a50   0x08004a50   0x0000015c   Code   RO         3456    i.create_partition  ff.o
    0x08004bac   0x08004bac   0x00000034   Code   RO         3457    i.dbc_1st           ff.o
    0x08004be0   0x08004be0   0x00000048   Code   RO         3458    i.dbc_2nd           ff.o
    0x08004c28   0x08004c28   0x00000044   Code   RO         1987    i.delay_init        delay.o
    0x08004c6c   0x08004c6c   0x00000040   Code   RO         1988    i.delay_ms          delay.o
    0x08004cac   0x08004cac   0x00000048   Code   RO         1989    i.delay_us          delay.o
    0x08004cf4   0x08004cf4   0x00000060   Code   RO         3459    i.dir_alloc         ff.o
    0x08004d54   0x08004d54   0x000000c6   Code   RO         3460    i.dir_clear         ff.o
    0x08004e1a   0x08004e1a   0x000000fc   Code   RO         3461    i.dir_find          ff.o
    0x08004f16   0x08004f16   0x000000ca   Code   RO         3462    i.dir_next          ff.o
    0x08004fe0   0x08004fe0   0x000000d2   Code   RO         3463    i.dir_read          ff.o
    0x080050b2   0x080050b2   0x00000142   Code   RO         3464    i.dir_register      ff.o
    0x080051f4   0x080051f4   0x00000060   Code   RO         3465    i.dir_remove        ff.o
    0x08005254   0x08005254   0x0000009a   Code   RO         3466    i.dir_sdi           ff.o
    0x080052ee   0x080052ee   0x00000028   Code   RO         3397    i.disk_initialize   diskio.o
    0x08005316   0x08005316   0x00000002   PAD
    0x08005318   0x08005318   0x00000070   Code   RO         3398    i.disk_ioctl        diskio.o
    0x08005388   0x08005388   0x00000062   Code   RO         3399    i.disk_read         diskio.o
    0x080053ea   0x080053ea   0x00000006   Code   RO         3400    i.disk_status       diskio.o
    0x080053f0   0x080053f0   0x00000062   Code   RO         3401    i.disk_write        diskio.o
    0x08005452   0x08005452   0x00000002   PAD
    0x08005454   0x08005454   0x0000007c   Code   RO         3910    i.exfuns_init       exfuns.o
    0x080054d0   0x080054d0   0x00000022   Code   RO         3467    i.f_close           ff.o
    0x080054f2   0x080054f2   0x00000018   Code   RO         3468    i.f_closedir        ff.o
    0x0800550a   0x0800550a   0x000000f6   Code   RO         3469    i.f_getfree         ff.o
    0x08005600   0x08005600   0x000000be   Code   RO         3470    i.f_getlabel        ff.o
    0x080056be   0x080056be   0x00000052   Code   RO         3471    i.f_gets            ff.o
    0x08005710   0x08005710   0x00000184   Code   RO         3472    i.f_lseek           ff.o
    0x08005894   0x08005894   0x00000124   Code   RO         3473    i.f_mkdir           ff.o
    0x080059b8   0x080059b8   0x00000754   Code   RO         3474    i.f_mkfs            ff.o
    0x0800610c   0x0800610c   0x00000054   Code   RO         3475    i.f_mount           ff.o
    0x08006160   0x08006160   0x00000208   Code   RO         3476    i.f_open            ff.o
    0x08006368   0x08006368   0x0000008a   Code   RO         3477    i.f_opendir         ff.o
    0x080063f2   0x080063f2   0x00000022   Code   RO         3479    i.f_putc            ff.o
    0x08006414   0x08006414   0x0000002c   Code   RO         3480    i.f_puts            ff.o
    0x08006440   0x08006440   0x0000019c   Code   RO         3481    i.f_read            ff.o
    0x080065dc   0x080065dc   0x00000068   Code   RO         3482    i.f_readdir         ff.o
    0x08006644   0x08006644   0x0000013c   Code   RO         3483    i.f_rename          ff.o
    0x08006780   0x08006780   0x00000138   Code   RO         3484    i.f_setlabel        ff.o
    0x080068b8   0x080068b8   0x000000a0   Code   RO         3486    i.f_sync            ff.o
    0x08006958   0x08006958   0x000000c4   Code   RO         3488    i.f_unlink          ff.o
    0x08006a1c   0x08006a1c   0x000001de   Code   RO         3489    i.f_write           ff.o
    0x08006bfa   0x08006bfa   0x0000000c   Code   RO         3848    i.ff_memalloc       ffsystem.o
    0x08006c06   0x08006c06   0x0000000c   Code   RO         3849    i.ff_memfree        ffsystem.o
    0x08006c12   0x08006c12   0x00000002   PAD
    0x08006c14   0x08006c14   0x00000068   Code   RO         3874    i.ff_oem2uni        ffunicode.o
    0x08006c7c   0x08006c7c   0x00000074   Code   RO         3875    i.ff_uni2oem        ffunicode.o
    0x08006cf0   0x08006cf0   0x000000b0   Code   RO         3876    i.ff_wtoupper       ffunicode.o
    0x08006da0   0x08006da0   0x00000078   Code   RO         3490    i.find_volume       ff.o
    0x08006e18   0x08006e18   0x000000a0   Code   RO         3491    i.follow_path       ff.o
    0x08006eb8   0x08006eb8   0x0000001c   Code   RO         2052    i.fputc             usart.o
    0x08006ed4   0x08006ed4   0x00000050   Code   RO         6777    i.free              mc_w.l(malloc.o)
    0x08006f24   0x08006f24   0x000000cc   Code   RO         3492    i.gen_numname       ff.o
    0x08006ff0   0x08006ff0   0x000000e0   Code   RO         3493    i.get_fat           ff.o
    0x080070d0   0x080070d0   0x00000004   Code   RO         3402    i.get_fattime       diskio.o
    0x080070d4   0x080070d4   0x0000017e   Code   RO         3494    i.get_fileinfo      ff.o
    0x08007252   0x08007252   0x00000054   Code   RO         3495    i.get_ldnumber      ff.o
    0x080072a6   0x080072a6   0x00000026   Code   RO         3496    i.ld_clust          ff.o
    0x080072cc   0x080072cc   0x00000018   Code   RO         3497    i.ld_dword          ff.o
    0x080072e4   0x080072e4   0x0000000c   Code   RO         3498    i.ld_word           ff.o
    0x080072f0   0x080072f0   0x0000003c   Code   RO            3    i.main              main.o
    0x0800732c   0x0800732c   0x0000006c   Code   RO         6778    i.malloc            mc_w.l(malloc.o)
    0x08007398   0x08007398   0x00000024   Code   RO         3499    i.mem_cmp           ff.o
    0x080073bc   0x080073bc   0x0000001a   Code   RO         3500    i.mem_cpy           ff.o
    0x080073d6   0x080073d6   0x00000012   Code   RO         3501    i.mem_set           ff.o
    0x080073e8   0x080073e8   0x00000014   Code   RO         3961    i.mf_close          fattester.o
    0x080073fc   0x080073fc   0x00000010   Code   RO         3962    i.mf_closedir       fattester.o
    0x0800740c   0x0800740c   0x00000014   Code   RO         3963    i.mf_fmkfs          fattester.o
    0x08007420   0x08007420   0x00000084   Code   RO         3964    i.mf_getlabel       fattester.o
    0x080074a4   0x080074a4   0x0000004c   Code   RO         3965    i.mf_gets           fattester.o
    0x080074f0   0x080074f0   0x00000014   Code   RO         3966    i.mf_lseek          fattester.o
    0x08007504   0x08007504   0x0000000c   Code   RO         3967    i.mf_mkdir          fattester.o
    0x08007510   0x08007510   0x00000018   Code   RO         3968    i.mf_mount          fattester.o
    0x08007528   0x08007528   0x0000001c   Code   RO         3969    i.mf_open           fattester.o
    0x08007544   0x08007544   0x00000014   Code   RO         3970    i.mf_opendir        fattester.o
    0x08007558   0x08007558   0x00000018   Code   RO         3971    i.mf_putc           fattester.o
    0x08007570   0x08007570   0x00000018   Code   RO         3972    i.mf_puts           fattester.o
    0x08007588   0x08007588   0x00000158   Code   RO         3973    i.mf_read           fattester.o
    0x080076e0   0x080076e0   0x0000011c   Code   RO         3974    i.mf_read_type      fattester.o
    0x080077fc   0x080077fc   0x000000c8   Code   RO         3975    i.mf_readdir        fattester.o
    0x080078c4   0x080078c4   0x00000010   Code   RO         3976    i.mf_rename         fattester.o
    0x080078d4   0x080078d4   0x0000005c   Code   RO         3977    i.mf_setlabel       fattester.o
    0x08007930   0x08007930   0x000000a8   Code   RO         3978    i.mf_showfree       fattester.o
    0x080079d8   0x080079d8   0x0000000c   Code   RO         3979    i.mf_size           fattester.o
    0x080079e4   0x080079e4   0x0000000c   Code   RO         3980    i.mf_tell           fattester.o
    0x080079f0   0x080079f0   0x0000000c   Code   RO         3981    i.mf_unlink         fattester.o
    0x080079fc   0x080079fc   0x000000b8   Code   RO         3982    i.mf_write          fattester.o
    0x08007ab4   0x08007ab4   0x000002a8   Code   RO         3502    i.mount_volume      ff.o
    0x08007d5c   0x08007d5c   0x00000034   Code   RO         3503    i.move_window       ff.o
    0x08007d90   0x08007d90   0x0000008c   Code   RO         3504    i.pick_lfn          ff.o
    0x08007e1c   0x08007e1c   0x00000098   Code   RO         2715    i.prvAddCurrentTaskToDelayedList  tasks.o
    0x08007eb4   0x08007eb4   0x000000b8   Code   RO         2716    i.prvAddNewTaskToReadyList  tasks.o
    0x08007f6c   0x08007f6c   0x00000064   Code   RO         3096    i.prvCheckForValidListAndQueue  timers.o
    0x08007fd0   0x08007fd0   0x00000048   Code   RO         2717    i.prvCheckTasksWaitingTermination  tasks.o
    0x08008018   0x08008018   0x0000002a   Code   RO         2283    i.prvCopyDataFromQueue  queue.o
    0x08008042   0x08008042   0x0000007e   Code   RO         2284    i.prvCopyDataToQueue  queue.o
    0x080080c0   0x080080c0   0x00000012   Code   RO         2718    i.prvDeleteTCB      tasks.o
    0x080080d2   0x080080d2   0x00000014   Code   RO         2285    i.prvGetDisinheritPriorityAfterTimeout  queue.o
    0x080080e6   0x080080e6   0x00000002   PAD
    0x080080e8   0x080080e8   0x00000028   Code   RO         3097    i.prvGetNextExpireTime  timers.o
    0x08008110   0x08008110   0x0000007c   Code   RO         3249    i.prvHeapInit       heap_4.o
    0x0800818c   0x0800818c   0x00000008   Code   RO         2719    i.prvIdleTask       tasks.o
    0x08008194   0x08008194   0x0000002e   Code   RO         2287    i.prvInitialiseNewQueue  queue.o
    0x080081c2   0x080081c2   0x00000002   PAD
    0x080081c4   0x080081c4   0x000000d8   Code   RO         2720    i.prvInitialiseNewTask  tasks.o
    0x0800829c   0x0800829c   0x00000068   Code   RO         2721    i.prvInitialiseTaskLists  tasks.o
    0x08008304   0x08008304   0x00000068   Code   RO         3250    i.prvInsertBlockIntoFreeList  heap_4.o
    0x0800836c   0x0800836c   0x00000058   Code   RO         3099    i.prvInsertTimerInActiveList  timers.o
    0x080083c4   0x080083c4   0x0000001a   Code   RO         2288    i.prvIsQueueEmpty   queue.o
    0x080083de   0x080083de   0x0000001e   Code   RO         2289    i.prvIsQueueFull    queue.o
    0x080083fc   0x080083fc   0x0000009c   Code   RO         2290    i.prvNotifyQueueSetContainer  queue.o
    0x08008498   0x08008498   0x00000090   Code   RO         3100    i.prvProcessExpiredTimer  timers.o
    0x08008528   0x08008528   0x0000014c   Code   RO         3101    i.prvProcessReceivedCommands  timers.o
    0x08008674   0x08008674   0x00000074   Code   RO         3102    i.prvProcessTimerOrBlockTask  timers.o
    0x080086e8   0x080086e8   0x00000034   Code   RO         2723    i.prvResetNextTaskUnblockTime  tasks.o
    0x0800871c   0x0800871c   0x0000002c   Code   RO         3103    i.prvSampleTimeNow  timers.o
    0x08008748   0x08008748   0x000000c0   Code   RO         3104    i.prvSwitchTimerLists  timers.o
    0x08008808   0x08008808   0x00000070   Code   RO         3313    i.prvTaskExitError  port.o
    0x08008878   0x08008878   0x0000001a   Code   RO         3105    i.prvTimerTask      timers.o
    0x08008892   0x08008892   0x00000090   Code   RO         2291    i.prvUnlockQueue    queue.o
    0x08008922   0x08008922   0x00000138   Code   RO         3505    i.put_fat           ff.o
    0x08008a5a   0x08008a5a   0x00000002   PAD
    0x08008a5c   0x08008a5c   0x00000080   Code   RO         3506    i.put_lfn           ff.o
    0x08008adc   0x08008adc   0x00000048   Code   RO         3507    i.put_utf           ff.o
    0x08008b24   0x08008b24   0x00000044   Code   RO         3508    i.putc_bfd          ff.o
    0x08008b68   0x08008b68   0x0000002c   Code   RO         3509    i.putc_flush        ff.o
    0x08008b94   0x08008b94   0x00000014   Code   RO         3510    i.putc_init         ff.o
    0x08008ba8   0x08008ba8   0x00000160   Code   RO         3251    i.pvPortMalloc      heap_4.o
    0x08008d08   0x08008d08   0x00000020   Code   RO         2726    i.pvTaskIncrementMutexHeldCount  tasks.o
    0x08008d28   0x08008d28   0x0000002c   Code   RO         3314    i.pxPortInitialiseStack  port.o
    0x08008d54   0x08008d54   0x00000006   Code   RO         1797    i.read_addr         usmart.o
    0x08008d5a   0x08008d5a   0x00000002   PAD
    0x08008d5c   0x08008d5c   0x0000011c   Code   RO         1620    i.rec_i2s_dma_rx_callback  voice_access.o
    0x08008e78   0x08008e78   0x0000002c   Code   RO         1621    i.recoder_enter_play_mode  voice_access.o
    0x08008ea4   0x08008ea4   0x0000009c   Code   RO         1622    i.recoder_enter_rec_mode  voice_access.o
    0x08008f40   0x08008f40   0x0000009a   Code   RO         3511    i.remove_chain      ff.o
    0x08008fda   0x08008fda   0x00000002   PAD
    0x08008fdc   0x08008fdc   0x00000090   Code   RO         3983    i.scan_files        fattester.o
    0x0800906c   0x0800906c   0x00000024   Code   RO         3512    i.st_clust          ff.o
    0x08009090   0x08009090   0x00000018   Code   RO         3513    i.st_dword          ff.o
    0x080090a8   0x080090a8   0x0000000c   Code   RO         3514    i.st_word           ff.o
    0x080090b4   0x080090b4   0x00000020   Code   RO         3515    i.sum_sfn           ff.o
    0x080090d4   0x080090d4   0x00000090   Code   RO         3516    i.sync_fs           ff.o
    0x08009164   0x08009164   0x0000004a   Code   RO         3517    i.sync_window       ff.o
    0x080091ae   0x080091ae   0x0000004c   Code   RO         3518    i.tchar2uni         ff.o
    0x080091fa   0x080091fa   0x00000002   PAD
    0x080091fc   0x080091fc   0x000000b0   Code   RO         2053    i.uart_init         usart.o
    0x080092ac   0x080092ac   0x0000000c   Code   RO         1458    i.uasrt_key_send    bsp_key.o
    0x080092b8   0x080092b8   0x000000b0   Code   RO         1798    i.usmart_cmd_rec    usmart.o
    0x08009368   0x08009368   0x000002d4   Code   RO         1799    i.usmart_exe        usmart.o
    0x0800963c   0x0800963c   0x000000c8   Code   RO         1906    i.usmart_get_aparm  usmart_str.o
    0x08009704   0x08009704   0x00000036   Code   RO         1907    i.usmart_get_cmdname  usmart_str.o
    0x0800973a   0x0800973a   0x00000002   PAD
    0x0800973c   0x0800973c   0x000001c0   Code   RO         1908    i.usmart_get_fname  usmart_str.o
    0x080098fc   0x080098fc   0x0000010c   Code   RO         1909    i.usmart_get_fparam  usmart_str.o
    0x08009a08   0x08009a08   0x00000020   Code   RO         1910    i.usmart_get_parmpos  usmart_str.o
    0x08009a28   0x08009a28   0x00000044   Code   RO         1800    i.usmart_get_runtime  usmart.o
    0x08009a6c   0x08009a6c   0x00000028   Code   RO         1801    i.usmart_init       usmart.o
    0x08009a94   0x08009a94   0x00000016   Code   RO         1911    i.usmart_pow        usmart_str.o
    0x08009aaa   0x08009aaa   0x00000002   PAD
    0x08009aac   0x08009aac   0x00000030   Code   RO         1802    i.usmart_reset_runtime  usmart.o
    0x08009adc   0x08009adc   0x000000bc   Code   RO         1803    i.usmart_scan       usmart.o
    0x08009b98   0x08009b98   0x00000016   Code   RO         1912    i.usmart_search_nextc  usmart_str.o
    0x08009bae   0x08009bae   0x000000ca   Code   RO         1913    i.usmart_str2num    usmart_str.o
    0x08009c78   0x08009c78   0x00000022   Code   RO         1914    i.usmart_strcmp     usmart_str.o
    0x08009c9a   0x08009c9a   0x00000016   Code   RO         1915    i.usmart_strcopy    usmart_str.o
    0x08009cb0   0x08009cb0   0x00000018   Code   RO         1916    i.usmart_strlen     usmart_str.o
    0x08009cc8   0x08009cc8   0x000006e4   Code   RO         1804    i.usmart_sys_cmd_exe  usmart.o
    0x0800a3ac   0x0800a3ac   0x00000028   Code   RO         2235    i.uxListRemove      list.o
    0x0800a3d4   0x0800a3d4   0x0000001a   Code   RO         2236    i.vListInitialise   list.o
    0x0800a3ee   0x0800a3ee   0x00000006   Code   RO         2237    i.vListInitialiseItem  list.o
    0x0800a3f4   0x0800a3f4   0x00000034   Code   RO         2238    i.vListInsert       list.o
    0x0800a428   0x0800a428   0x00000018   Code   RO         2239    i.vListInsertEnd    list.o
    0x0800a440   0x0800a440   0x00000088   Code   RO         3316    i.vPortEnterCritical  port.o
    0x0800a4c8   0x0800a4c8   0x00000070   Code   RO         3317    i.vPortExitCritical  port.o
    0x0800a538   0x0800a538   0x000000c8   Code   RO         3252    i.vPortFree         heap_4.o
    0x0800a600   0x0800a600   0x00000018   Code   RO         3318    i.vPortSetupTimerInterrupt  port.o
    0x0800a618   0x0800a618   0x000000a0   Code   RO         3319    i.vPortValidateInterruptPriority  port.o
    0x0800a6b8   0x0800a6b8   0x0000002c   Code   RO         2297    i.vQueueAddToRegistry  queue.o
    0x0800a6e4   0x0800a6e4   0x0000004a   Code   RO         2301    i.vQueueWaitForMessageRestricted  queue.o
    0x0800a72e   0x0800a72e   0x00000002   PAD
    0x0800a730   0x0800a730   0x00000074   Code   RO         2735    i.vTaskDelay        tasks.o
    0x0800a7a4   0x0800a7a4   0x0000010c   Code   RO         2737    i.vTaskDelete       tasks.o
    0x0800a8b0   0x0800a8b0   0x00000018   Code   RO         2740    i.vTaskInternalSetTimeOutState  tasks.o
    0x0800a8c8   0x0800a8c8   0x00000038   Code   RO            4    i.vTaskKeyGet       main.o
    0x0800a900   0x0800a900   0x00000010   Code   RO            5    i.vTaskLED          main.o
    0x0800a910   0x0800a910   0x0000000c   Code   RO         2741    i.vTaskMissedYield  tasks.o
    0x0800a91c   0x0800a91c   0x00000054   Code   RO         2743    i.vTaskPlaceOnEventList  tasks.o
    0x0800a970   0x0800a970   0x0000005c   Code   RO         2744    i.vTaskPlaceOnEventListRestricted  tasks.o
    0x0800a9cc   0x0800a9cc   0x000000f4   Code   RO         2746    i.vTaskPriorityDisinheritAfterTimeout  tasks.o
    0x0800aac0   0x0800aac0   0x00000034   Code   RO            6    i.vTaskSpeechRec    main.o
    0x0800aaf4   0x0800aaf4   0x000000ac   Code   RO         2752    i.vTaskStartScheduler  tasks.o
    0x0800aba0   0x0800aba0   0x00000010   Code   RO         2754    i.vTaskSuspendAll   tasks.o
    0x0800abb0   0x0800abb0   0x000000a8   Code   RO         2755    i.vTaskSwitchContext  tasks.o
    0x0800ac58   0x0800ac58   0x000000c8   Code   RO            7    i.vTaskTaskInit     main.o
    0x0800ad20   0x0800ad20   0x0000003c   Code   RO         3519    i.validate          ff.o
    0x0800ad5c   0x0800ad5c   0x00000054   Code   RO         1623    i.voice_End_Receive  voice_access.o
    0x0800adb0   0x0800adb0   0x000000a8   Code   RO         1624    i.voice_Receive     voice_access.o
    0x0800ae58   0x0800ae58   0x00000048   Code   RO         1625    i.voice_info_Send   voice_access.o
    0x0800aea0   0x0800aea0   0x00000004   Code   RO         1805    i.write_addr        usmart.o
    0x0800aea4   0x0800aea4   0x0000019c   Code   RO         3320    i.xPortStartScheduler  port.o
    0x0800b040   0x0800b040   0x00000034   Code   RO         3321    i.xPortSysTickHandler  port.o
    0x0800b074   0x0800b074   0x00000070   Code   RO         2306    i.xQueueGenericCreate  queue.o
    0x0800b0e4   0x0800b0e4   0x000000b0   Code   RO         2307    i.xQueueGenericReset  queue.o
    0x0800b194   0x0800b194   0x000001d4   Code   RO         2308    i.xQueueGenericSend  queue.o
    0x0800b368   0x0800b368   0x00000118   Code   RO         2309    i.xQueueGenericSendFromISR  queue.o
    0x0800b480   0x0800b480   0x000000fc   Code   RO         2310    i.xQueueGiveFromISR  queue.o
    0x0800b57c   0x0800b57c   0x00000170   Code   RO         2316    i.xQueueReceive     queue.o
    0x0800b6ec   0x0800b6ec   0x000001b4   Code   RO         2321    i.xQueueSemaphoreTake  queue.o
    0x0800b8a0   0x0800b8a0   0x0000009c   Code   RO         2757    i.xTaskCheckForTimeOut  tasks.o
    0x0800b93c   0x0800b93c   0x00000060   Code   RO         2758    i.xTaskCreate       tasks.o
    0x0800b99c   0x0800b99c   0x00000020   Code   RO         2762    i.xTaskGetSchedulerState  tasks.o
    0x0800b9bc   0x0800b9bc   0x0000000c   Code   RO         2763    i.xTaskGetTickCount  tasks.o
    0x0800b9c8   0x0800b9c8   0x00000160   Code   RO         2765    i.xTaskIncrementTick  tasks.o
    0x0800bb28   0x0800bb28   0x000000d8   Code   RO         2768    i.xTaskPriorityDisinherit  tasks.o
    0x0800bc00   0x0800bc00   0x000000b8   Code   RO         2769    i.xTaskPriorityInherit  tasks.o
    0x0800bcb8   0x0800bcb8   0x000000b4   Code   RO         2770    i.xTaskRemoveFromEventList  tasks.o
    0x0800bd6c   0x0800bd6c   0x00000120   Code   RO         2771    i.xTaskResumeAll    tasks.o
    0x0800be8c   0x0800be8c   0x00000074   Code   RO         3113    i.xTimerCreateTimerTask  timers.o
    0x0800bf00   0x0800bf00   0x000000a0   Code   RO         3114    i.xTimerGenericCommand  timers.o
    0x0800bfa0   0x0800bfa0   0x0000006e   Data   RO         1380    .constdata          bsp_i2s.o
    0x0800c00e   0x0800c00e   0x00000004   Data   RO         1626    .constdata          voice_access.o
    0x0800c012   0x0800c012   0x00000040   Data   RO         1730    .constdata          base64.o
    0x0800c052   0x0800c052   0x00000002   PAD
    0x0800c054   0x0800c054   0x00000058   Data   RO         3520    .constdata          ff.o
    0x0800c0ac   0x0800c0ac   0x0002abb6   Data   RO         3877    .constdata          ffunicode.o
    0x08036c62   0x08036c62   0x00000002   PAD
    0x08036c64   0x08036c64   0x00000018   Data   RO         6322    .constdata          eventrecorder.o
    0x08036c7c   0x08036c7c   0x00000028   Data   RO         1806    .conststring        usmart.o
    0x08036ca4   0x08036ca4   0x000002d9   Data   RO         1880    .conststring        usmart_config.o
    0x08036f7d   0x08036f7d   0x00000003   PAD
    0x08036f80   0x08036f80   0x00000020   Data   RO         6862    Region$$Table       anon$$obj.o


    Execution Region RW_IRAM1 (Exec base: 0x20000000, Load base: 0x08036fa0, Size: 0x00018368, Max: 0x00020000, ABSOLUTE, COMPRESSED[0x00000130])

    Exec Addr    Load Addr    Size         Type   Attr      Idx    E Section Name        Object

    0x20000000   COMPRESSED   0x00000019   Data   RW            8    .data               main.o
    0x20000019   COMPRESSED   0x00000001   Data   RW          530    .data               bsp_led.o
    0x2000001a   COMPRESSED   0x00000002   PAD
    0x2000001c   COMPRESSED   0x00000010   Data   RW          994    .data               bsp_sdio_sdcard.o
    0x2000002c   COMPRESSED   0x00000074   Data   RW         1193    .data               bsp_wm8978.o
    0x200000a0   COMPRESSED   0x00000008   Data   RW         1381    .data               bsp_i2s.o
    0x200000a8   COMPRESSED   0x00000002   Data   RW         1459    .data               bsp_key.o
    0x200000aa   COMPRESSED   0x00000001   Data   RW         1597    .data               speech_rec.o
    0x200000ab   COMPRESSED   0x00000001   PAD
    0x200000ac   COMPRESSED   0x00000011   Data   RW         1627    .data               voice_access.o
    0x200000bd   COMPRESSED   0x00000003   PAD
    0x200000c0   COMPRESSED   0x0000001c   Data   RW         1807    .data               usmart.o
    0x200000dc   COMPRESSED   0x000001d4   Data   RW         1881    .data               usmart_config.o
    0x200002b0   COMPRESSED   0x00000004   Data   RW         1991    .data               delay.o
    0x200002b4   COMPRESSED   0x00000006   Data   RW         2055    .data               usart.o
    0x200002ba   COMPRESSED   0x00000002   PAD
    0x200002bc   COMPRESSED   0x0000003c   Data   RW         2774    .data               tasks.o
    0x200002f8   COMPRESSED   0x00000014   Data   RW         3120    .data               timers.o
    0x2000030c   COMPRESSED   0x00000020   Data   RW         3258    .data               heap_4.o
    0x2000032c   COMPRESSED   0x0000000c   Data   RW         3322    .data               port.o
    0x20000338   COMPRESSED   0x00000006   Data   RW         3521    .data               ff.o
    0x2000033e   COMPRESSED   0x00000002   PAD
    0x20000340   COMPRESSED   0x00000018   Data   RW         3915    .data               exfuns.o
    0x20000358   COMPRESSED   0x00000010   Data   RW         4400    .data               stm32f4xx_rcc.o
    0x20000368   COMPRESSED   0x00000004   Data   RW         6282    .data               segger_hardfaulthandler.o
    0x2000036c   COMPRESSED   0x00000004   Data   RW         6851    .data               mc_w.l(mvars.o)
    0x20000370   COMPRESSED   0x00000004   Data   RW         6852    .data               mc_w.l(mvars.o)
    0x20000374   COMPRESSED   0x00000004   PAD
    0x20000378        -       0x000002c0   Zero   RW          993    .bss                bsp_sdio_sdcard.o
    0x20000638        -       0x000000c8   Zero   RW         2054    .bss                usart.o
    0x20000700        -       0x00000040   Zero   RW         2323    .bss                queue.o
    0x20000740        -       0x000001a4   Zero   RW         2773    .bss                tasks.o
    0x200008e4        -       0x00000028   Zero   RW         3119    .bss                timers.o
    0x2000090c        -       0x00005000   Zero   RW         3257    .bss                heap_4.o
    0x2000590c        -       0x00000030   Zero   RW         3912    .bss                exfuns.o
    0x2000593c        -       0x00000118   Zero   RW         3984    .bss                fattester.o
    0x20005a54        -       0x00000040   Zero   RW         6281    .bss                segger_hardfaulthandler.o
    0x20005a94   COMPRESSED   0x0000002c   PAD
    0x20005ac0        -       0x000004a4   Zero   RW         6321    .bss.noinit         eventrecorder.o
    0x20005f64   COMPRESSED   0x00000004   PAD
    0x20005f68        -       0x00012000   Zero   RW         4113    HEAP                startup_stm32f40_41xxx.o
    0x20017f68        -       0x00000400   Zero   RW         4112    STACK               startup_stm32f40_41xxx.o


==============================================================================

Image component sizes


      Code (inc. data)   RO Data    RW Data    ZI Data      Debug   Object Name

       380         22         64          0          0       2601   base64.o
       160         50          0          0          0        526   bsp.o
       148          8          0          0          0       1169   bsp_exti.o
       840         90        110          8          0       7660   bsp_i2s.o
        60         12          0          2          0       1687   bsp_key.o
        88         14          0          1          0       1020   bsp_led.o
       428         68          0          0          0       2837   bsp_myiic.o
         0          0          0          0          0       1472   bsp_oled.o
      7486        402          0         16        704      34489   bsp_sdio_sdcard.o
        24          4          0          0          0        502   bsp_timer.o
       804         18          0        116          0       8169   bsp_wm8978.o
       220         18          0          4          0       2541   delay.o
       358          6          0          0          0       5308   diskio.o
         0          0          0          0          0       9072   event_groups.o
         0          0         24          0       1188       3932   eventrecorder.o
       124         18          0         24         48       1513   exfuns.o
      1884        756          0          0        280      14518   fattester.o
     12602        192         88          6          0      72636   ff.o
        24          0          0          0          0       1119   ffsystem.o
       396         28     175030          0          0       3024   ffunicode.o
        18          0          0          0          0        304   hardfaulthandler.o
       780        184          0         32      20480       4087   heap_4.o
       148          0          0          0          0       3238   list.o
       384        130          0         25          0     333991   main.o
       180         24          0          0          0       2081   misc.o
      1242        392          0         12          0      10973   port.o
      2800        322          0          0         64      18796   queue.o
       180         14          0          4         64       3351   segger_hardfaulthandler.o
        56          6          0          1          0        624   speech_rec.o
        36          8        392          0      74752        840   startup_stm32f40_41xxx.o
       752         58          0          0          0       7624   stm32f4xx_dma.o
       184         16          0          0          0       2100   stm32f4xx_exti.o
       214          0          0          0          0       1775   stm32f4xx_gpio.o
        16          0          0          0          0       2281   stm32f4xx_it.o
       420         58          0         16          0       6908   stm32f4xx_rcc.o
       208         38          0          0          0       5689   stm32f4xx_sdio.o
       530         12          0          0          0       3353   stm32f4xx_spi.o
        64          4          0          0          0        656   stm32f4xx_syscfg.o
       252         28          0          0          0       6552   stm32f4xx_tim.o
       404          8          0          0          0       4278   stm32f4xx_usart.o
        16          0          0          0          0        504   sys.o
       340         32          0          0          0       1485   system_stm32f4xx.o
      3550        880          0         60        420      30769   tasks.o
      1358        310          0         20         40      11419   timers.o
       340         30          0          6        200       3804   usart.o
      3166       1330         40         28          0       8010   usmart.o
        24          8        729        468          0       2223   usmart_config.o
      1328         20          0          0          0       8913   usmart_str.o
       808        156          4         17          0       4952   voice_access.o

    ----------------------------------------------------------------------
     45876       5774     176520        876      98288     667375   Object Totals
         0          0         32          0          0          0   (incl. Generated)
        52          0          7         10         48          0   (incl. Padding)

    ----------------------------------------------------------------------

      Code (inc. data)   RO Data    RW Data    ZI Data      Debug   Library Member Name

        20          0          0          0          0        124   fabs.o
        86          0          0          0          0          0   __dczerorl2.o
         0          0          0          0          0          0   entry.o
         0          0          0          0          0          0   entry10a.o
         0          0          0          0          0          0   entry11a.o
         8          4          0          0          0          0   entry2.o
         4          0          0          0          0          0   entry5.o
         0          0          0          0          0          0   entry7b.o
         0          0          0          0          0          0   entry8b.o
         8          4          0          0          0          0   entry9a.o
        30          0          0          0          0          0   handlers.o
        36          8          0          0          0         68   init.o
         0          0          0          0          0          0   iusefp.o
        98          0          0          0          0         84   ldiv.o
        30          0          0          0          0         68   llshl.o
        36          0          0          0          0         68   llsshr.o
        32          0          0          0          0         68   llushr.o
       188         20          0          0          0        160   malloc.o
        36          0          0          0          0         68   memcpya.o
        36          0          0          0          0        108   memseta.o
         0          0          0          8          0          0   mvars.o
      1204         60          0          0          0        504   printf8.o
        14          0          0          0          0         68   strlen.o
        98          0          0          0          0         92   uldiv.o
        48          0          0          0          0         68   cdrcmple.o
       334          0          0          0          0        148   dadd.o
       222          0          0          0          0        100   ddiv.o
       186          0          0          0          0        176   depilogue.o
        26          0          0          0          0         76   dfltui.o

    ----------------------------------------------------------------------
      2788         96          0          8          4       2048   Library Totals
         8          0          0          0          4          0   (incl. Padding)

    ----------------------------------------------------------------------

      Code (inc. data)   RO Data    RW Data    ZI Data      Debug   Library Name

        20          0          0          0          0        124   m_wm.l
      1944         96          0          8          0       1356   mc_w.l
       816          0          0          0          0        568   mf_w.l

    ----------------------------------------------------------------------
      2788         96          0          8          4       2048   Library Totals

    ----------------------------------------------------------------------

==============================================================================


      Code (inc. data)   RO Data    RW Data    ZI Data      Debug   

     48664       5870     176520        884      98292     634619   Grand Totals
     48664       5870     176520        304      98292     634619   ELF Image Totals (compressed)
     48664       5870     176520        304          0          0   ROM Totals

==============================================================================

    Total RO  Size (Code + RO Data)               225184 ( 219.91kB)
    Total RW  Size (RW Data + ZI Data)             99176 (  96.85kB)
    Total ROM Size (Code + RO Data + RW Data)     225488 ( 220.20kB)

==============================================================================

