Component: ARM Compiler 5.06 update 6 (build 750) Tool: armlink [4d35ed]

==============================================================================

Section Cross References

    main.o(i.main) refers to bsp.o(i.bspInit) for bspInit
    main.o(i.main) refers to tasks.o(i.xTaskCreate) for xTaskCreate
    main.o(i.main) refers to tasks.o(i.vTaskStartScheduler) for vTaskStartScheduler
    main.o(i.main) refers to main.o(.data) for xHandleTaskInit
    main.o(i.main) refers to main.o(i.vTaskTaskInit) for vTaskTaskInit
    main.o(i.vTaskFileRead) refers to ff.o(i.f_open) for f_open
    main.o(i.vTaskFileRead) refers to fattester.o(i.mf_size) for mf_size
    main.o(i.vTaskFileRead) refers to fattester.o(i.mf_read) for mf_read
    main.o(i.vTaskFileRead) refers to ff.o(i.f_close) for f_close
    main.o(i.vTaskFileRead) refers to tasks.o(i.vTaskDelay) for vTaskDelay
    main.o(i.vTaskFileRead) refers to exfuns.o(.data) for file
    main.o(i.vTaskFileWrite) refers to ff.o(i.f_open) for f_open
    main.o(i.vTaskFileWrite) refers to heap_4.o(i.pvPortMalloc) for pvPortMalloc
    main.o(i.vTaskFileWrite) refers to f2d.o(.text) for __aeabi_f2d
    main.o(i.vTaskFileWrite) refers to printfa.o(i.__0sprintf) for __2sprintf
    main.o(i.vTaskFileWrite) refers to printfa.o(i.__0printf) for __2printf
    main.o(i.vTaskFileWrite) refers to strlen.o(.text) for strlen
    main.o(i.vTaskFileWrite) refers to ff.o(i.f_write) for f_write
    main.o(i.vTaskFileWrite) refers to heap_4.o(i.vPortFree) for vPortFree
    main.o(i.vTaskFileWrite) refers to ff.o(i.f_close) for f_close
    main.o(i.vTaskFileWrite) refers to tasks.o(i.vTaskDelay) for vTaskDelay
    main.o(i.vTaskFileWrite) refers to exfuns.o(.data) for file
    main.o(i.vTaskFileWrite) refers to main.o(.data) for float_num
    main.o(i.vTaskLED) refers to bsp_led.o(i.bspLedToggle) for bspLedToggle
    main.o(i.vTaskLED) refers to tasks.o(i.vTaskDelay) for vTaskDelay
    main.o(i.vTaskTaskInit) refers to port.o(i.vPortEnterCritical) for vPortEnterCritical
    main.o(i.vTaskTaskInit) refers to fattester.o(i.mf_mount) for mf_mount
    main.o(i.vTaskTaskInit) refers to tasks.o(i.xTaskCreate) for xTaskCreate
    main.o(i.vTaskTaskInit) refers to tasks.o(i.vTaskDelete) for vTaskDelete
    main.o(i.vTaskTaskInit) refers to port.o(i.vPortExitCritical) for vPortExitCritical
    main.o(i.vTaskTaskInit) refers to main.o(.data) for xHandleTaskLED
    main.o(i.vTaskTaskInit) refers to main.o(i.vTaskLED) for vTaskLED
    main.o(i.vTaskTaskInit) refers to main.o(i.vTaskFileRead) for vTaskFileRead
    main.o(i.vTaskTaskInit) refers to main.o(i.vTaskFileWrite) for vTaskFileWrite
    bsp.o(i.bspInit) refers to misc.o(i.NVIC_PriorityGroupConfig) for NVIC_PriorityGroupConfig
    bsp.o(i.bspInit) refers to delay.o(i.delay_init) for delay_init
    bsp.o(i.bspInit) refers to bsp_led.o(i.bspLedInit) for bspLedInit
    bsp.o(i.bspInit) refers to usart.o(i.uart_init) for uart_init
    bsp.o(i.bspInit) refers to usmart.o(i.usmart_init) for usmart_init
    bsp.o(i.bspInit) refers to exfuns.o(i.exfuns_init) for exfuns_init
    bsp.o(i.bspInit) refers to printfa.o(i.__0printf) for __2printf
    bsp.o(i.bspInit) refers to delay.o(i.delay_ms) for delay_ms
    bsp.o(i.bspInit) refers to bsp_sdio_sdcard.o(i.SD_Init) for SD_Init
    bsp_dhtxx.o(i.DHTxx_Action) refers to bsp_dhtxx.o(i.vDHTxx_Start) for vDHTxx_Start
    bsp_dhtxx.o(i.DHTxx_Action) refers to bsp_dhtxx.o(i.uDHTxx_Answer) for uDHTxx_Answer
    bsp_dhtxx.o(i.DHTxx_Action) refers to bsp_dhtxx.o(i.uRead_Byte) for uRead_Byte
    bsp_dhtxx.o(i.DHTxx_Get_Data) refers to bsp_dhtxx.o(i.DHTxx_Action) for DHTxx_Action
    bsp_dhtxx.o(i.DHTxx_Get_Data) refers to dflti.o(.text) for __aeabi_i2d
    bsp_dhtxx.o(i.DHTxx_Get_Data) refers to ddiv.o(.text) for __aeabi_ddiv
    bsp_dhtxx.o(i.DHTxx_Get_Data) refers to bsp_dhtxx.o(.data) for g_dhtxx_table
    bsp_dhtxx.o(i.Io_Init) refers to stm32f4xx_rcc.o(i.RCC_AHB1PeriphClockCmd) for RCC_AHB1PeriphClockCmd
    bsp_dhtxx.o(i.Io_Init) refers to stm32f4xx_gpio.o(i.GPIO_Init) for GPIO_Init
    bsp_dhtxx.o(i.Io_Init) refers to stm32f4xx_gpio.o(i.GPIO_SetBits) for GPIO_SetBits
    bsp_dhtxx.o(i.uDHTxx_Answer) refers to bsp_dhtxx.o(i.vSetIoState) for vSetIoState
    bsp_dhtxx.o(i.uDHTxx_Answer) refers to delay.o(i.delay_us) for delay_us
    bsp_dhtxx.o(i.uRead_Byte) refers to delay.o(i.delay_us) for delay_us
    bsp_dhtxx.o(i.vDHTxx_Start) refers to bsp_dhtxx.o(i.vSetIoState) for vSetIoState
    bsp_dhtxx.o(i.vDHTxx_Start) refers to delay.o(i.delay_us) for delay_us
    bsp_dhtxx.o(i.vDhtxx_Init) refers to bsp_dhtxx.o(i.Io_Init) for Io_Init
    bsp_dhtxx.o(i.vInstability_Period) refers to delay.o(i.delay_ms) for delay_ms
    bsp_adc.o(i.Get_Adc) refers to stm32f4xx_adc.o(i.ADC_RegularChannelConfig) for ADC_RegularChannelConfig
    bsp_adc.o(i.Get_Adc) refers to stm32f4xx_adc.o(i.ADC_SoftwareStartConv) for ADC_SoftwareStartConv
    bsp_adc.o(i.Get_Adc) refers to stm32f4xx_adc.o(i.ADC_GetFlagStatus) for ADC_GetFlagStatus
[...]
    EventBuffer                              0x20005a00   Data        1024  eventrecorder.o(.bss.noinit)
    EventFilter                              0x20005e00   Data         128  eventrecorder.o(.bss.noinit)
    EventStatus                              0x20005e80   Data          36  eventrecorder.o(.bss.noinit)
    HEAP                                     0x20005ea8   Section    32768  startup_stm32f40_41xxx.o(HEAP)
    STACK                                    0x2000dea8   Section     1024  startup_stm32f40_41xxx.o(STACK)

    Global Symbols

    Symbol Name                              Value     Ov Type        Size  Object(Section)

    BuildAttributes$$THM_ISAv4$E$P$D$K$B$S$7EM$VFPi3$EXTD16$VFPS$VFMA$PE$A:L22UL41UL21$X:L11$S22US41US21$IEEE1$IW$USESV6$~STKCKD$USESV7$~SHL$OTIME$ROPI$IEEEJ$EBA8$MICROLIB$REQ8$PRES8$EABIv2 0x00000000   Number         0  anon$$obj.o ABSOLUTE
    __ARM_use_no_argv                        0x00000000   Number         0  main.o ABSOLUTE
    __use_no_errno                           0x00000000   Number         0  useno.o ABSOLUTE
    __use_no_exception_handling              0x00000000   Number         0  useno.o ABSOLUTE
    __use_no_fp                              0x00000000   Number         0  useno.o ABSOLUTE
    __use_no_heap                            0x00000000   Number         0  useno.o ABSOLUTE
    __use_no_heap_region                     0x00000000   Number         0  useno.o ABSOLUTE
    __use_no_semihosting                     0x00000000   Number         0  useno.o ABSOLUTE
    __use_no_semihosting_swi                 0x00000000   Number         0  useno.o ABSOLUTE
    __use_no_signal_handling                 0x00000000   Number         0  useno.o ABSOLUTE
    _printf_a                                0x00000000   Number         0  stubs.o ABSOLUTE
    _printf_c                                0x00000000   Number         0  stubs.o ABSOLUTE
    _printf_charcount                        0x00000000   Number         0  stubs.o ABSOLUTE
    _printf_d                                0x00000000   Number         0  stubs.o ABSOLUTE
    _printf_e                                0x00000000   Number         0  stubs.o ABSOLUTE
    _printf_f                                0x00000000   Number         0  stubs.o ABSOLUTE
    _printf_flags                            0x00000000   Number         0  stubs.o ABSOLUTE
    _printf_fp_dec                           0x00000000   Number         0  stubs.o ABSOLUTE
    _printf_fp_hex                           0x00000000   Number         0  stubs.o ABSOLUTE
    _printf_g                                0x00000000   Number         0  stubs.o ABSOLUTE
    _printf_i                                0x00000000   Number         0  stubs.o ABSOLUTE
    _printf_int_dec                          0x00000000   Number         0  stubs.o ABSOLUTE
    _printf_l                                0x00000000   Number         0  stubs.o ABSOLUTE
    _printf_lc                               0x00000000   Number         0  stubs.o ABSOLUTE
    _printf_ll                               0x00000000   Number         0  stubs.o ABSOLUTE
    _printf_lld                              0x00000000   Number         0  stubs.o ABSOLUTE
    _printf_lli                              0x00000000   Number         0  stubs.o ABSOLUTE
    _printf_llo                              0x00000000   Number         0  stubs.o ABSOLUTE
    _printf_llu                              0x00000000   Number         0  stubs.o ABSOLUTE
    _printf_llx                              0x00000000   Number         0  stubs.o ABSOLUTE
    _printf_longlong_dec                     0x00000000   Number         0  stubs.o ABSOLUTE
    _printf_longlong_hex                     0x00000000   Number         0  stubs.o ABSOLUTE
    _printf_longlong_oct                     0x00000000   Number         0  stubs.o ABSOLUTE
    _printf_ls                               0x00000000   Number         0  stubs.o ABSOLUTE
    _printf_mbtowc                           0x00000000   Number         0  stubs.o ABSOLUTE
    _printf_n                                0x00000000   Number         0  stubs.o ABSOLUTE
    _printf_o                                0x00000000   Number         0  stubs.o ABSOLUTE
    _printf_p                                0x00000000   Number         0  stubs.o ABSOLUTE
    _printf_percent                          0x00000000   Number         0  stubs.o ABSOLUTE
    _printf_pre_padding                      0x00000000   Number         0  stubs.o ABSOLUTE
    _printf_return_value                     0x00000000   Number         0  stubs.o ABSOLUTE
    _printf_s                                0x00000000   Number         0  stubs.o ABSOLUTE
    _printf_sizespec                         0x00000000   Number         0  stubs.o ABSOLUTE
    _printf_str                              0x00000000   Number         0  stubs.o ABSOLUTE
    _printf_truncate_signed                  0x00000000   Number         0  stubs.o ABSOLUTE
    _printf_truncate_unsigned                0x00000000   Number         0  stubs.o ABSOLUTE
    _printf_u                                0x00000000   Number         0  stubs.o ABSOLUTE
    _printf_wc                               0x00000000   Number         0  stubs.o ABSOLUTE
    _printf_wctomb                           0x00000000   Number         0  stubs.o ABSOLUTE
    _printf_widthprec                        0x00000000   Number         0  stubs.o ABSOLUTE
    _printf_x                                0x00000000   Number         0  stubs.o ABSOLUTE
    __cpp_initialize__aeabi_                  - Undefined Weak Reference
    __cxa_finalize                            - Undefined Weak Reference
    _clock_init                               - Undefined Weak Reference
    _microlib_exit                            - Undefined Weak Reference
    __Vectors_Size                           0x00000188   Number         0  startup_stm32f40_41xxx.o ABSOLUTE
    __Vectors                                0x08000000   Data           4  startup_stm32f40_41xxx.o(RESET)
    __Vectors_End                            0x08000188   Data           0  startup_stm32f40_41xxx.o(RESET)
    __main                                   0x08000189   Thumb Code     0  entry.o(.ARM.Collect$$$$00000000)
    _main_stk                                0x08000189   Thumb Code     0  entry2.o(.ARM.Collect$$$$00000001)
    _main_scatterload                        0x0800018d   Thumb Code     0  entry5.o(.ARM.Collect$$$$00000004)
    __main_after_scatterload                 0x08000191   Thumb Code     0  entry5.o(.ARM.Collect$$$$00000004)
    _main_clock                              0x08000191   Thumb Code     0  entry7b.o(.ARM.Collect$$$$00000008)
    _main_cpp_init                           0x08000191   Thumb Code     0  entry8b.o(.ARM.Collect$$$$0000000A)
    _main_init                               0x08000191   Thumb Code     0  entry9a.o(.ARM.Collect$$$$0000000B)
    __rt_final_cpp                           0x08000199   Thumb Code     0  entry10a.o(.ARM.Collect$$$$0000000D)
    __rt_final_exit                          0x08000199   Thumb Code     0  entry11a.o(.ARM.Collect$$$$0000000F)
    SVC_Handler                              0x0800019d   Thumb Code    28  port.o(.emb_text)
    __asm___6_port_c_39a90d8d__prvStartFirstTask 0x080001bd   Thumb Code    36  port.o(.emb_text)
    __asm___6_port_c_39a90d8d__prvEnableVFP  0x080001e5   Thumb Code    16  port.o(.emb_text)
    PendSV_Handler                           0x080001f9   Thumb Code    88  port.o(.emb_text)
    vPortGetIPSR                             0x08000255   Thumb Code     6  port.o(.emb_text)
    WFI_SET                                  0x0800025d   Thumb Code     2  sys.o(.emb_text)
    INTX_DISABLE                             0x0800025f   Thumb Code     4  sys.o(.emb_text)
    INTX_ENABLE                              0x08000263   Thumb Code     4  sys.o(.emb_text)
    MSR_MSP                                  0x08000267   Thumb Code     6  sys.o(.emb_text)
    Reset_Handler                            0x0800026d   Thumb Code     8  startup_stm32f40_41xxx.o(.text)
    ADC_IRQHandler                           0x08000287   Thumb Code     0  startup_stm32f40_41xxx.o(.text)
    CAN1_RX0_IRQHandler                      0x08000287   Thumb Code     0  startup_stm32f40_41xxx.o(.text)
    CAN1_RX1_IRQHandler                      0x08000287   Thumb Code     0  startup_stm32f40_41xxx.o(.text)
    CAN1_SCE_IRQHandler                      0x08000287   Thumb Code     0  startup_stm32f40_41xxx.o(.text)
    CAN1_TX_IRQHandler                       0x08000287   Thumb Code     0  startup_stm32f40_41xxx.o(.text)
    CAN2_RX0_IRQHandler                      0x08000287   Thumb Code     0  startup_stm32f40_41xxx.o(.text)
    CAN2_RX1_IRQHandler                      0x08000287   Thumb Code     0  startup_stm32f40_41xxx.o(.text)
    CAN2_SCE_IRQHandler                      0x08000287   Thumb Code     0  startup_stm32f40_41xxx.o(.text)
    CAN2_TX_IRQHandler                       0x08000287   Thumb Code     0  startup_stm32f40_41xxx.o(.text)
    CRYP_IRQHandler                          0x08000287   Thumb Code     0  startup_stm32f40_41xxx.o(.text)
    DCMI_IRQHandler                          0x08000287   Thumb Code     0  startup_stm32f40_41xxx.o(.text)
    DMA1_Stream0_IRQHandler                  0x08000287   Thumb Code     0  startup_stm32f40_41xxx.o(.text)
    DMA1_Stream1_IRQHandler                  0x08000287   Thumb Code     0  startup_stm32f40_41xxx.o(.text)
    DMA1_Stream2_IRQHandler                  0x08000287   Thumb Code     0  startup_stm32f40_41xxx.o(.text)
    DMA1_Stream3_IRQHandler                  0x08000287   Thumb Code     0  startup_stm32f40_41xxx.o(.text)
    DMA1_Stream4_IRQHandler                  0x08000287   Thumb Code     0  startup_stm32f40_41xxx.o(.text)
    DMA1_Stream5_IRQHandler                  0x08000287   Thumb Code     0  startup_stm32f40_41xxx.o(.text)
    DMA1_Stream6_IRQHandler                  0x08000287   Thumb Code     0  startup_stm32f40_41xxx.o(.text)
    DMA1_Stream7_IRQHandler                  0x08000287   Thumb Code     0  startup_stm32f40_41xxx.o(.text)
    DMA2_Stream0_IRQHandler                  0x08000287   Thumb Code     0  startup_stm32f40_41xxx.o(.text)
    DMA2_Stream1_IRQHandler                  0x08000287   Thumb Code     0  startup_stm32f40_41xxx.o(.text)
    DMA2_Stream2_IRQHandler                  0x08000287   Thumb Code     0  startup_stm32f40_41xxx.o(.text)
    DMA2_Stream3_IRQHandler                  0x08000287   Thumb Code     0  startup_stm32f40_41xxx.o(.text)
    DMA2_Stream4_IRQHandler                  0x08000287   Thumb Code     0  startup_stm32f40_41xxx.o(.text)
    DMA2_Stream5_IRQHandler                  0x08000287   Thumb Code     0  startup_stm32f40_41xxx.o(.text)
    DMA2_Stream6_IRQHandler                  0x08000287   Thumb Code     0  startup_stm32f40_41xxx.o(.text)
    DMA2_Stream7_IRQHandler                  0x08000287   Thumb Code     0  startup_stm32f40_41xxx.o(.text)
    ETH_IRQHandler                           0x08000287   Thumb Code     0  startup_stm32f40_41xxx.o(.text)
    ETH_WKUP_IRQHandler                      0x08000287   Thumb Code     0  startup_stm32f40_41xxx.o(.text)
    EXTI0_IRQHandler                         0x08000287   Thumb Code     0  startup_stm32f40_41xxx.o(.text)
    EXTI15_10_IRQHandler                     0x08000287   Thumb Code     0  startup_stm32f40_41xxx.o(.text)
    EXTI1_IRQHandler                         0x08000287   Thumb Code     0  startup_stm32f40_41xxx.o(.text)
    EXTI2_IRQHandler                         0x08000287   Thumb Code     0  startup_stm32f40_41xxx.o(.text)
    EXTI3_IRQHandler                         0x08000287   Thumb Code     0  startup_stm32f40_41xxx.o(.text)
    EXTI4_IRQHandler                         0x08000287   Thumb Code     0  startup_stm32f40_41xxx.o(.text)
    EXTI9_5_IRQHandler                       0x08000287   Thumb Code     0  startup_stm32f40_41xxx.o(.text)
    FLASH_IRQHandler                         0x08000287   Thumb Code     0  startup_stm32f40_41xxx.o(.text)
    FPU_IRQHandler                           0x08000287   Thumb Code     0  startup_stm32f40_41xxx.o(.text)
    FSMC_IRQHandler                          0x08000287   Thumb Code     0  startup_stm32f40_41xxx.o(.text)
    HASH_RNG_IRQHandler                      0x08000287   Thumb Code     0  startup_stm32f40_41xxx.o(.text)
    I2C1_ER_IRQHandler                       0x08000287   Thumb Code     0  startup_stm32f40_41xxx.o(.text)
    I2C1_EV_IRQHandler                       0x08000287   Thumb Code     0  startup_stm32f40_41xxx.o(.text)
    I2C2_ER_IRQHandler                       0x08000287   Thumb Code     0  startup_stm32f40_41xxx.o(.text)
    I2C2_EV_IRQHandler                       0x08000287   Thumb Code     0  startup_stm32f40_41xxx.o(.text)
    I2C3_ER_IRQHandler                       0x08000287   Thumb Code     0  startup_stm32f40_41xxx.o(.text)
    I2C3_EV_IRQHandler                       0x08000287   Thumb Code     0  startup_stm32f40_41xxx.o(.text)
    OTG_FS_IRQHandler                        0x08000287   Thumb Code     0  startup_stm32f40_41xxx.o(.text)
    OTG_FS_WKUP_IRQHandler                   0x08000287   Thumb Code     0  startup_stm32f40_41xxx.o(.text)
    OTG_HS_EP1_IN_IRQHandler                 0x08000287   Thumb Code     0  startup_stm32f40_41xxx.o(.text)
    OTG_HS_EP1_OUT_IRQHandler                0x08000287   Thumb Code     0  startup_stm32f40_41xxx.o(.text)
    OTG_HS_IRQHandler                        0x08000287   Thumb Code     0  startup_stm32f40_41xxx.o(.text)
    OTG_HS_WKUP_IRQHandler                   0x08000287   Thumb Code     0  startup_stm32f40_41xxx.o(.text)
    PVD_IRQHandler                           0x08000287   Thumb Code     0  startup_stm32f40_41xxx.o(.text)
    RCC_IRQHandler                           0x08000287   Thumb Code     0  startup_stm32f40_41xxx.o(.text)
    RTC_Alarm_IRQHandler                     0x08000287   Thumb Code     0  startup_stm32f40_41xxx.o(.text)
    RTC_WKUP_IRQHandler                      0x08000287   Thumb Code     0  startup_stm32f40_41xxx.o(.text)
    SPI1_IRQHandler                          0x08000287   Thumb Code     0  startup_stm32f40_41xxx.o(.text)
    SPI2_IRQHandler                          0x08000287   Thumb Code     0  startup_stm32f40_41xxx.o(.text)
    SPI3_IRQHandler                          0x08000287   Thumb Code     0  startup_stm32f40_41xxx.o(.text)
    TAMP_STAMP_IRQHandler                    0x08000287   Thumb Code     0  startup_stm32f40_41xxx.o(.text)
    TIM1_BRK_TIM9_IRQHandler                 0x08000287   Thumb Code     0  startup_stm32f40_41xxx.o(.text)
    TIM1_CC_IRQHandler                       0x08000287   Thumb Code     0  startup_stm32f40_41xxx.o(.text)
    TIM1_TRG_COM_TIM11_IRQHandler            0x08000287   Thumb Code     0  startup_stm32f40_41xxx.o(.text)
    TIM1_UP_TIM10_IRQHandler                 0x08000287   Thumb Code     0  startup_stm32f40_41xxx.o(.text)
    TIM2_IRQHandler                          0x08000287   Thumb Code     0  startup_stm32f40_41xxx.o(.text)
    TIM5_IRQHandler                          0x08000287   Thumb Code     0  startup_stm32f40_41xxx.o(.text)
    TIM6_DAC_IRQHandler                      0x08000287   Thumb Code     0  startup_stm32f40_41xxx.o(.text)
    TIM7_IRQHandler                          0x08000287   Thumb Code     0  startup_stm32f40_41xxx.o(.text)
    TIM8_BRK_TIM12_IRQHandler                0x08000287   Thumb Code     0  startup_stm32f40_41xxx.o(.text)
    TIM8_CC_IRQHandler                       0x08000287   Thumb Code     0  startup_stm32f40_41xxx.o(.text)
    TIM8_TRG_COM_TIM14_IRQHandler            0x08000287   Thumb Code     0  startup_stm32f40_41xxx.o(.text)
    TIM8_UP_TIM13_IRQHandler                 0x08000287   Thumb Code     0  startup_stm32f40_41xxx.o(.text)
    UART4_IRQHandler                         0x08000287   Thumb Code     0  startup_stm32f40_41xxx.o(.text)
    UART5_IRQHandler                         0x08000287   Thumb Code     0  startup_stm32f40_41xxx.o(.text)
    USART2_IRQHandler                        0x08000287   Thumb Code     0  startup_stm32f40_41xxx.o(.text)
    USART3_IRQHandler                        0x08000287   Thumb Code     0  startup_stm32f40_41xxx.o(.text)
    USART6_IRQHandler                        0x08000287   Thumb Code     0  startup_stm32f40_41xxx.o(.text)
    WWDG_IRQHandler                          0x08000287   Thumb Code     0  startup_stm32f40_41xxx.o(.text)
    __aeabi_ldivmod                          0x08000291   Thumb Code    98  ldiv.o(.text)
    __aeabi_memcpy                           0x080002f3   Thumb Code    36  memcpya.o(.text)
    __aeabi_memcpy4                          0x080002f3   Thumb Code     0  memcpya.o(.text)
    __aeabi_memcpy8                          0x080002f3   Thumb Code     0  memcpya.o(.text)
    __aeabi_memset                           0x08000317   Thumb Code    14  memseta.o(.text)
    __aeabi_memset4                          0x08000317   Thumb Code     0  memseta.o(.text)
    __aeabi_memset8                          0x08000317   Thumb Code     0  memseta.o(.text)
    __aeabi_memclr                           0x08000325   Thumb Code     4  memseta.o(.text)
    __aeabi_memclr4                          0x08000325   Thumb Code     0  memseta.o(.text)
    __aeabi_memclr8                          0x08000325   Thumb Code     0  memseta.o(.text)
    memset                                   0x08000329   Thumb Code    18  memseta.o(.text)
    strlen                                   0x0800033b   Thumb Code    14  strlen.o(.text)
    __aeabi_dadd                             0x08000349   Thumb Code   322  dadd.o(.text)
    __aeabi_dsub                             0x0800048b   Thumb Code     6  dadd.o(.text)
    __aeabi_drsub                            0x08000491   Thumb Code     6  dadd.o(.text)
    __aeabi_dmul                             0x08000497   Thumb Code   228  dmul.o(.text)
    __aeabi_ddiv                             0x0800057b   Thumb Code   222  ddiv.o(.text)
    __aeabi_f2d                              0x08000659   Thumb Code    38  f2d.o(.text)
    __aeabi_cdrcmple                         0x08000681   Thumb Code    48  cdrcmple.o(.text)
    __aeabi_uidiv                            0x080006b1   Thumb Code     0  uidiv.o(.text)
    __aeabi_uidivmod                         0x080006b1   Thumb Code    44  uidiv.o(.text)
    __aeabi_uldivmod                         0x080006dd   Thumb Code    98  uldiv.o(.text)
    __aeabi_llsl                             0x0800073f   Thumb Code    30  llshl.o(.text)
    _ll_shift_l                              0x0800073f   Thumb Code     0  llshl.o(.text)
    __aeabi_llsr                             0x0800075d   Thumb Code    32  llushr.o(.text)
    _ll_ushift_r                             0x0800075d   Thumb Code     0  llushr.o(.text)
    __aeabi_lasr                             0x0800077d   Thumb Code    36  llsshr.o(.text)
    _ll_sshift_r                             0x0800077d   Thumb Code     0  llsshr.o(.text)
    __I$use$fp                               0x080007a1   Thumb Code     0  iusefp.o(.text)
    _double_round                            0x080007a1   Thumb Code    30  depilogue.o(.text)
    _double_epilogue                         0x080007bf   Thumb Code   156  depilogue.o(.text)
    __aeabi_d2ulz                            0x0800085b   Thumb Code    48  dfixul.o(.text)
    __scatterload                            0x0800088d   Thumb Code    28  init.o(.text)
    __scatterload_rt2                        0x0800088d   Thumb Code     0  init.o(.text)
    __decompress                             0x080008b1   Thumb Code     0  __dczerorl2.o(.text)
    __decompress1                            0x080008b1   Thumb Code    86  __dczerorl2.o(.text)
    HardFault_Handler                        0x08000909   Thumb Code     0  hardfaulthandler.o(OSKERNEL)
    BusFault_Handler                         0x0800091b   Thumb Code     4  stm32f4xx_it_1.o(i.BusFault_Handler)
    CmdError                                 0x0800091f   Thumb Code    48  bsp_sdio_sdcard.o(i.CmdError)
    CmdResp1Error                            0x08000951   Thumb Code    94  bsp_sdio_sdcard.o(i.CmdResp1Error)
    CmdResp2Error                            0x080009b5   Thumb Code    80  bsp_sdio_sdcard.o(i.CmdResp2Error)
    CmdResp3Error                            0x08000a09   Thumb Code    50  bsp_sdio_sdcard.o(i.CmdResp3Error)
    CmdResp6Error                            0x08000a41   Thumb Code   144  bsp_sdio_sdcard.o(i.CmdResp6Error)
    CmdResp7Error                            0x08000ad5   Thumb Code    70  bsp_sdio_sdcard.o(i.CmdResp7Error)
    DMA_Cmd                                  0x08000b21   Thumb Code    22  stm32f4xx_dma.o(i.DMA_Cmd)
    DMA_DeInit                               0x08000b39   Thumb Code   324  stm32f4xx_dma.o(i.DMA_DeInit)
    DMA_FlowControllerConfig                 0x08000c91   Thumb Code    22  stm32f4xx_dma.o(i.DMA_FlowControllerConfig)
    DMA_GetCmdStatus                         0x08000ca7   Thumb Code    20  stm32f4xx_dma.o(i.DMA_GetCmdStatus)
    DMA_Init                                 0x08000cbd   Thumb Code    82  stm32f4xx_dma.o(i.DMA_Init)
    DebugMon_Handler                         0x08000d15   Thumb Code     2  stm32f4xx_it_1.o(i.DebugMon_Handler)
    FindSCR                                  0x08000d19   Thumb Code   388  bsp_sdio_sdcard.o(i.FindSCR)
    FuncTest                                 0x08000ead   Thumb Code    16  usmart_config.o(i.FuncTest)
    GPIO_Init                                0x08000ec5   Thumb Code   144  stm32f4xx_gpio.o(i.GPIO_Init)
    GPIO_PinAFConfig                         0x08000f55   Thumb Code    70  stm32f4xx_gpio.o(i.GPIO_PinAFConfig)
    HardFaultHandler                         0x08000f9d   Thumb Code   166  segger_hardfaulthandler.o(i.HardFaultHandler)
    IsCardProgramming                        0x08001051   Thumb Code   146  bsp_sdio_sdcard.o(i.IsCardProgramming)
    MemManage_Handler                        0x080010f1   Thumb Code     4  stm32f4xx_it_1.o(i.MemManage_Handler)
    NMI_Handler                              0x080010f5   Thumb Code     2  stm32f4xx_it_1.o(i.NMI_Handler)
    NVIC_Init                                0x080010f9   Thumb Code   106  misc.o(i.NVIC_Init)
    NVIC_PriorityGroupConfig                 0x08001171   Thumb Code    10  misc.o(i.NVIC_PriorityGroupConfig)
    RCC_AHB1PeriphClockCmd                   0x08001185   Thumb Code    26  stm32f4xx_rcc.o(i.RCC_AHB1PeriphClockCmd)
    RCC_APB1PeriphClockCmd                   0x080011a5   Thumb Code    26  stm32f4xx_rcc.o(i.RCC_APB1PeriphClockCmd)
    RCC_APB2PeriphClockCmd                   0x080011c5   Thumb Code    26  stm32f4xx_rcc.o(i.RCC_APB2PeriphClockCmd)
    RCC_APB2PeriphResetCmd                   0x080011e5   Thumb Code    26  stm32f4xx_rcc.o(i.RCC_APB2PeriphResetCmd)
    RCC_GetClocksFreq                        0x08001205   Thumb Code   214  stm32f4xx_rcc.o(i.RCC_GetClocksFreq)
    SDEnWideBus                              0x080012ed   Thumb Code   158  bsp_sdio_sdcard.o(i.SDEnWideBus)
    SDIO_ClearFlag                           0x08001399   Thumb Code     6  stm32f4xx_sdio.o(i.SDIO_ClearFlag)
    SDIO_Clock_Set                           0x080013a5   Thumb Code    16  bsp_sdio_sdcard.o(i.SDIO_Clock_Set)
    SDIO_DataConfig                          0x080013b9   Thumb Code    46  stm32f4xx_sdio.o(i.SDIO_DataConfig)
    SDIO_GetFlagStatus                       0x080013ed   Thumb Code    20  stm32f4xx_sdio.o(i.SDIO_GetFlagStatus)
    SDIO_GetPowerState                       0x08001405   Thumb Code    10  stm32f4xx_sdio.o(i.SDIO_GetPowerState)
    SDIO_IRQHandler                          0x08001415   Thumb Code     8  bsp_sdio_sdcard.o(i.SDIO_IRQHandler)
    SDIO_Init                                0x0800141d   Thumb Code    42  stm32f4xx_sdio.o(i.SDIO_Init)
    SDIO_Register_Deinit                     0x0800144d   Thumb Code    48  bsp_sdio_sdcard.o(i.SDIO_Register_Deinit)
    SDIO_SendCommand                         0x08001485   Thumb Code    40  stm32f4xx_sdio.o(i.SDIO_SendCommand)
    SDIO_SetPowerState                       0x080014b1   Thumb Code     6  stm32f4xx_sdio.o(i.SDIO_SetPowerState)
    SD_DMA_Config                            0x080014bd   Thumb Code   118  bsp_sdio_sdcard.o(i.SD_DMA_Config)
    SD_EnableWideBusOperation                0x0800153d   Thumb Code    94  bsp_sdio_sdcard.o(i.SD_EnableWideBusOperation)
    SD_GetCardInfo                           0x080015a5   Thumb Code   772  bsp_sdio_sdcard.o(i.SD_GetCardInfo)
    SD_Init                                  0x080018b9   Thumb Code   286  bsp_sdio_sdcard.o(i.SD_Init)
    SD_InitializeCards                       0x080019ed   Thumb Code   330  bsp_sdio_sdcard.o(i.SD_InitializeCards)
    SD_PowerON                               0x08001b51   Thumb Code   460  bsp_sdio_sdcard.o(i.SD_PowerON)
    SD_ProcessIRQSrc                         0x08001d35   Thumb Code   318  bsp_sdio_sdcard.o(i.SD_ProcessIRQSrc)
    SD_ReadBlock                             0x08001e89   Thumb Code   574  bsp_sdio_sdcard.o(i.SD_ReadBlock)
    SD_ReadDisk                              0x080020f1   Thumb Code   148  bsp_sdio_sdcard.o(i.SD_ReadDisk)
    SD_ReadMultiBlocks                       0x08002189   Thumb Code   710  bsp_sdio_sdcard.o(i.SD_ReadMultiBlocks)
    SD_SelectDeselect                        0x0800247d   Thumb Code    42  bsp_sdio_sdcard.o(i.SD_SelectDeselect)
    SD_SetDeviceMode                         0x080024ad   Thumb Code    20  bsp_sdio_sdcard.o(i.SD_SetDeviceMode)
    SD_WriteBlock                            0x080024c5   Thumb Code   862  bsp_sdio_sdcard.o(i.SD_WriteBlock)
    SD_WriteDisk                             0x0800284d   Thumb Code   148  bsp_sdio_sdcard.o(i.SD_WriteDisk)
    SD_WriteMultiBlocks                      0x080028e5   Thumb Code   934  bsp_sdio_sdcard.o(i.SD_WriteMultiBlocks)
    SysTick_CLKSourceConfig                  0x08002da1   Thumb Code    40  misc.o(i.SysTick_CLKSourceConfig)
    SysTick_Handler                          0x08002dc9   Thumb Code    16  delay.o(i.SysTick_Handler)
    SystemInit                               0x08002dd9   Thumb Code    88  system_stm32f4xx_1.o(i.SystemInit)
    TIM3_IRQHandler                          0x08002e41   Thumb Code    20  bsp_timer.o(i.TIM3_IRQHandler)
    TIM4_IRQHandler                          0x08002e59   Thumb Code    46  usmart.o(i.TIM4_IRQHandler)
    TIM_ClearFlag                            0x08002e91   Thumb Code     6  stm32f4xx_tim.o(i.TIM_ClearFlag)
    TIM_ClearITPendingBit                    0x08002e97   Thumb Code     6  stm32f4xx_tim.o(i.TIM_ClearITPendingBit)
    TIM_Cmd                                  0x08002e9d   Thumb Code    24  stm32f4xx_tim.o(i.TIM_Cmd)
    TIM_GetCounter                           0x08002eb5   Thumb Code     6  stm32f4xx_tim.o(i.TIM_GetCounter)
    TIM_GetFlagStatus                        0x08002ebb   Thumb Code    18  stm32f4xx_tim.o(i.TIM_GetFlagStatus)
    TIM_GetITStatus                          0x08002ecd   Thumb Code    34  stm32f4xx_tim.o(i.TIM_GetITStatus)
    TIM_ITConfig                             0x08002eef   Thumb Code    18  stm32f4xx_tim.o(i.TIM_ITConfig)
    TIM_SetAutoreload                        0x08002f01   Thumb Code     4  stm32f4xx_tim.o(i.TIM_SetAutoreload)
    TIM_SetCounter                           0x08002f05   Thumb Code     4  stm32f4xx_tim.o(i.TIM_SetCounter)
    TIM_TimeBaseInit                         0x08002f09   Thumb Code   104  stm32f4xx_tim.o(i.TIM_TimeBaseInit)
    Timer4_Init                              0x08002f8d   Thumb Code    86  usmart.o(i.Timer4_Init)
    USART1_IRQHandler                        0x08002fe9   Thumb Code   122  usart.o(i.USART1_IRQHandler)
    USART_Cmd                                0x08003071   Thumb Code    24  stm32f4xx_usart.o(i.USART_Cmd)
    USART_GetITStatus                        0x08003089   Thumb Code    84  stm32f4xx_usart.o(i.USART_GetITStatus)
    USART_ITConfig                           0x080030dd   Thumb Code    74  stm32f4xx_usart.o(i.USART_ITConfig)
    USART_Init                               0x08003129   Thumb Code   204  stm32f4xx_usart.o(i.USART_Init)
    USART_ReceiveData                        0x080031fd   Thumb Code    10  stm32f4xx_usart.o(i.USART_ReceiveData)
    UsageFault_Handler                       0x08003207   Thumb Code     4  stm32f4xx_it_1.o(i.UsageFault_Handler)
    __0printf                                0x0800320d   Thumb Code    22  printfa.o(i.__0printf)
    __1printf                                0x0800320d   Thumb Code     0  printfa.o(i.__0printf)
    __2printf                                0x0800320d   Thumb Code     0  printfa.o(i.__0printf)
    __c89printf                              0x0800320d   Thumb Code     0  printfa.o(i.__0printf)
    printf                                   0x0800320d   Thumb Code     0  printfa.o(i.__0printf)
    __0sprintf                               0x0800322d   Thumb Code    34  printfa.o(i.__0sprintf)
    __1sprintf                               0x0800322d   Thumb Code     0  printfa.o(i.__0sprintf)
    __2sprintf                               0x0800322d   Thumb Code     0  printfa.o(i.__0sprintf)
    __c89sprintf                             0x0800322d   Thumb Code     0  printfa.o(i.__0sprintf)
    sprintf                                  0x0800322d   Thumb Code     0  printfa.o(i.__0sprintf)
    __scatterload_copy                       0x08003255   Thumb Code    14  handlers.o(i.__scatterload_copy)
    __scatterload_null                       0x08003263   Thumb Code     2  handlers.o(i.__scatterload_null)
    __scatterload_zeroinit                   0x08003265   Thumb Code    14  handlers.o(i.__scatterload_zeroinit)
    bspInit                                  0x08003b31   Thumb Code    84  bsp.o(i.bspInit)
    bspLedInit                               0x08003bb5   Thumb Code    48  bsp_led.o(i.bspLedInit)
    bspLedToggle                             0x08003be9   Thumb Code    26  bsp_led.o(i.bspLedToggle)
    convert_from_bytes_to_power_of_two       0x08003d59   Thumb Code    18  bsp_sdio_sdcard.o(i.convert_from_bytes_to_power_of_two)
    delay_init                               0x080042b9   Thumb Code    58  delay.o(i.delay_init)
    delay_ms                                 0x080042fd   Thumb Code    60  delay.o(i.delay_ms)
    delay_us                                 0x0800433d   Thumb Code    68  delay.o(i.delay_us)
    disk_initialize                          0x0800497f   Thumb Code    40  diskio.o(i.disk_initialize)
    disk_ioctl                               0x080049a9   Thumb Code   106  diskio.o(i.disk_ioctl)
    disk_read                                0x08004a19   Thumb Code    98  diskio.o(i.disk_read)
    disk_status                              0x08004a7b   Thumb Code     6  diskio.o(i.disk_status)
    disk_write                               0x08004a81   Thumb Code    98  diskio.o(i.disk_write)
    exfuns_init                              0x08004ae5   Thumb Code   106  exfuns.o(i.exfuns_init)
    f_close                                  0x08004b61   Thumb Code    42  ff.o(i.f_close)
    f_closedir                               0x08004b8b   Thumb Code    32  ff.o(i.f_closedir)
    f_getfree                                0x08004bab   Thumb Code   254  ff.o(i.f_getfree)
    f_getlabel                               0x08004ca9   Thumb Code   198  ff.o(i.f_getlabel)
    f_gets                                   0x08004d6f   Thumb Code    82  ff.o(i.f_gets)
    f_lseek                                  0x08004dc1   Thumb Code   478  ff.o(i.f_lseek)
    f_mkdir                                  0x08004f9f   Thumb Code   310  ff.o(i.f_mkdir)
    f_mkfs                                   0x080050d5   Thumb Code  1824  ff.o(i.f_mkfs)
    f_mount                                  0x08005829   Thumb Code   116  ff.o(i.f_mount)
    f_open                                   0x080058a1   Thumb Code   536  ff.o(i.f_open)
    f_opendir                                0x08005ab9   Thumb Code   154  ff.o(i.f_opendir)
    f_putc                                   0x08005b53   Thumb Code    34  ff.o(i.f_putc)
    f_puts                                   0x08005b75   Thumb Code    44  ff.o(i.f_puts)
    f_read                                   0x08005ba1   Thumb Code   498  ff.o(i.f_read)
    f_readdir                                0x08005d93   Thumb Code   120  ff.o(i.f_readdir)
    f_rename                                 0x08005e0b   Thumb Code   330  ff.o(i.f_rename)
    f_setlabel                               0x08005f55   Thumb Code   338  ff.o(i.f_setlabel)
    f_sync                                   0x080060ad   Thumb Code   176  ff.o(i.f_sync)
    f_unlink                                 0x0800615d   Thumb Code   212  ff.o(i.f_unlink)
    f_write                                  0x08006231   Thumb Code   562  ff.o(i.f_write)
    ff_cre_syncobj                           0x08006463   Thumb Code    26  ffsystem.o(i.ff_cre_syncobj)
    ff_del_syncobj                           0x0800647d   Thumb Code    14  ffsystem.o(i.ff_del_syncobj)
    ff_memalloc                              0x0800648b   Thumb Code    12  ffsystem.o(i.ff_memalloc)
    ff_memfree                               0x08006497   Thumb Code    12  ffsystem.o(i.ff_memfree)
    ff_oem2uni                               0x080064a5   Thumb Code   100  ffunicode.o(i.ff_oem2uni)
    ff_rel_grant                             0x0800650d   Thumb Code    18  ffsystem.o(i.ff_rel_grant)
    ff_req_grant                             0x0800651f   Thumb Code    24  ffsystem.o(i.ff_req_grant)
    ff_uni2oem                               0x08006539   Thumb Code   112  ffunicode.o(i.ff_uni2oem)
    ff_wtoupper                              0x080065ad   Thumb Code   166  ffunicode.o(i.ff_wtoupper)
    fputc                                    0x08006775   Thumb Code    22  usart.o(i.fputc)
    free                                     0x08006791   Thumb Code    76  malloc.o(i.free)
    get_fattime                              0x0800698d   Thumb Code     4  diskio.o(i.get_fattime)
    main                                     0x08006bb9   Thumb Code    34  main.o(i.main)
    malloc                                   0x08006bf5   Thumb Code    92  malloc.o(i.malloc)
    mf_close                                 0x08006cb1   Thumb Code    14  fattester.o(i.mf_close)
    mf_closedir                              0x08006cc5   Thumb Code    10  fattester.o(i.mf_closedir)
    mf_fmkfs                                 0x08006cd5   Thumb Code    20  fattester.o(i.mf_fmkfs)
    mf_getlabel                              0x08006ce9   Thumb Code    58  fattester.o(i.mf_getlabel)
    mf_gets                                  0x08006d6d   Thumb Code    38  fattester.o(i.mf_gets)
    mf_lseek                                 0x08006db9   Thumb Code    16  fattester.o(i.mf_lseek)
    mf_mkdir                                 0x08006dcd   Thumb Code    12  fattester.o(i.mf_mkdir)
    mf_mount                                 0x08006dd9   Thumb Code    20  fattester.o(i.mf_mount)
    mf_open                                  0x08006df1   Thumb Code    24  fattester.o(i.mf_open)
    mf_opendir                               0x08006e0d   Thumb Code    14  fattester.o(i.mf_opendir)
    mf_putc                                  0x08006e21   Thumb Code    18  fattester.o(i.mf_putc)
    mf_puts                                  0x08006e39   Thumb Code    18  fattester.o(i.mf_puts)
    mf_read                                  0x08006e51   Thumb Code   224  fattester.o(i.mf_read)
    mf_readdir                               0x08006fa9   Thumb Code    92  fattester.o(i.mf_readdir)
    mf_rename                                0x08007071   Thumb Code    16  fattester.o(i.mf_rename)
    mf_setlabel                              0x08007081   Thumb Code    34  fattester.o(i.mf_setlabel)
    mf_showfree                              0x080070dd   Thumb Code    88  fattester.o(i.mf_showfree)
    mf_size                                  0x08007185   Thumb Code     8  fattester.o(i.mf_size)
    mf_tell                                  0x08007191   Thumb Code     8  fattester.o(i.mf_tell)
    mf_unlink                                0x0800719d   Thumb Code    12  fattester.o(i.mf_unlink)
    mf_write                                 0x080071a9   Thumb Code    68  fattester.o(i.mf_write)
    pvPortMalloc                             0x080082e9   Thumb Code   272  heap_4.o(i.pvPortMalloc)
    pvTaskIncrementMutexHeldCount            0x08008449   Thumb Code    26  tasks.o(i.pvTaskIncrementMutexHeldCount)
    pxPortInitialiseStack                    0x08008469   Thumb Code    38  port.o(i.pxPortInitialiseStack)
    read_addr                                0x08008495   Thumb Code     6  usmart.o(i.read_addr)
    scan_files                               0x08008535   Thumb Code   124  fattester.o(i.scan_files)
    uart_init                                0x08008755   Thumb Code   166  usart.o(i.uart_init)
    usmart_cmd_rec                           0x08008821   Thumb Code   170  usmart.o(i.usmart_cmd_rec)
    usmart_exe                               0x080088d1   Thumb Code   632  usmart.o(i.usmart_exe)
    usmart_get_aparm                         0x08008ba5   Thumb Code   200  usmart_str.o(i.usmart_get_aparm)
    usmart_get_cmdname                       0x08008c6d   Thumb Code    54  usmart_str.o(i.usmart_get_cmdname)
    usmart_get_fname                         0x08008ca5   Thumb Code   440  usmart_str.o(i.usmart_get_fname)
    usmart_get_fparam                        0x08008e65   Thumb Code   262  usmart_str.o(i.usmart_get_fparam)
    usmart_get_parmpos                       0x08008f71   Thumb Code    26  usmart_str.o(i.usmart_get_parmpos)
    usmart_get_runtime                       0x08008f91   Thumb Code    60  usmart.o(i.usmart_get_runtime)
    usmart_init                              0x08008fd5   Thumb Code    36  usmart.o(i.usmart_init)
    usmart_pow                               0x08008ffd   Thumb Code    22  usmart_str.o(i.usmart_pow)
    usmart_reset_runtime                     0x08009015   Thumb Code    38  usmart.o(i.usmart_reset_runtime)
    usmart_scan                              0x08009045   Thumb Code   120  usmart.o(i.usmart_scan)
    usmart_search_nextc                      0x08009101   Thumb Code    22  usmart_str.o(i.usmart_search_nextc)
    usmart_str2num                           0x08009117   Thumb Code   202  usmart_str.o(i.usmart_str2num)
    usmart_strcmp                            0x080091e1   Thumb Code    34  usmart_str.o(i.usmart_strcmp)
    usmart_strcopy                           0x08009203   Thumb Code    22  usmart_str.o(i.usmart_strcopy)
    usmart_strlen                            0x08009219   Thumb Code    24  usmart_str.o(i.usmart_strlen)
    usmart_sys_cmd_exe                       0x08009231   Thumb Code  1554  usmart.o(i.usmart_sys_cmd_exe)
    uxListRemove                             0x08009915   Thumb Code    40  list.o(i.uxListRemove)
    vListInitialise                          0x0800993d   Thumb Code    26  list.o(i.vListInitialise)
    vListInitialiseItem                      0x08009957   Thumb Code     6  list.o(i.vListInitialiseItem)
    vListInsert                              0x0800995d   Thumb Code    52  list.o(i.vListInsert)
    vListInsertEnd                           0x08009991   Thumb Code    24  list.o(i.vListInsertEnd)
    vPortEnterCritical                       0x080099a9   Thumb Code    68  port.o(i.vPortEnterCritical)
    vPortExitCritical                        0x08009a31   Thumb Code    48  port.o(i.vPortExitCritical)
    vPortFree                                0x08009aa1   Thumb Code   130  heap_4.o(i.vPortFree)
    vPortSetupTimerInterrupt                 0x08009b69   Thumb Code    20  port.o(i.vPortSetupTimerInterrupt)
    vPortValidateInterruptPriority           0x08009b81   Thumb Code    86  port.o(i.vPortValidateInterruptPriority)
    vQueueAddToRegistry                      0x08009c21   Thumb Code    38  queue.o(i.vQueueAddToRegistry)
    vQueueDelete                             0x08009c4d   Thumb Code    34  queue.o(i.vQueueDelete)
    vQueueUnregisterQueue                    0x08009c95   Thumb Code    44  queue.o(i.vQueueUnregisterQueue)
    vQueueWaitForMessageRestricted           0x08009cc5   Thumb Code    74  queue.o(i.vQueueWaitForMessageRestricted)
    vTaskDelay                               0x08009d11   Thumb Code    72  tasks.o(i.vTaskDelay)
    vTaskDelete                              0x08009d85   Thumb Code   192  tasks.o(i.vTaskDelete)
    vTaskInternalSetTimeOutState             0x08009f85   Thumb Code    14  tasks.o(i.vTaskInternalSetTimeOutState)
    vTaskMissedYield                         0x08009fad   Thumb Code     8  tasks.o(i.vTaskMissedYield)
    vTaskPlaceOnEventList                    0x08009fb9   Thumb Code    42  tasks.o(i.vTaskPlaceOnEventList)
    vTaskPlaceOnEventListRestricted          0x0800a00d   Thumb Code    50  tasks.o(i.vTaskPlaceOnEventListRestricted)
    vTaskPriorityDisinheritAfterTimeout      0x0800a069   Thumb Code   196  tasks.o(i.vTaskPriorityDisinheritAfterTimeout)
    vTaskStartScheduler                      0x0800a15d   Thumb Code   108  tasks.o(i.vTaskStartScheduler)
    vTaskSuspendAll                          0x0800a209   Thumb Code    12  tasks.o(i.vTaskSuspendAll)
    vTaskSwitchContext                       0x0800a219   Thumb Code   110  tasks.o(i.vTaskSwitchContext)
    write_addr                               0x0800a3bb   Thumb Code     4  usmart.o(i.write_addr)
    xPortStartScheduler                      0x0800a3c1   Thumb Code   322  port.o(i.xPortStartScheduler)
    xPortSysTickHandler                      0x0800a55d   Thumb Code    46  port.o(i.xPortSysTickHandler)
    xQueueCreateMutex                        0x0800a591   Thumb Code    34  queue.o(i.xQueueCreateMutex)
    xQueueGenericCreate                      0x0800a5b5   Thumb Code    74  queue.o(i.xQueueGenericCreate)
    xQueueGenericReset                       0x0800a625   Thumb Code   136  queue.o(i.xQueueGenericReset)
    xQueueGenericSend                        0x0800a6d5   Thumb Code   380  queue.o(i.xQueueGenericSend)
    xQueueGenericSendFromISR                 0x0800a879   Thumb Code   222  queue.o(i.xQueueGenericSendFromISR)
    xQueueReceive                            0x0800a97d   Thumb Code   326  queue.o(i.xQueueReceive)
    xQueueSemaphoreTake                      0x0800aaed   Thumb Code   394  queue.o(i.xQueueSemaphoreTake)
    xTaskCheckForTimeOut                     0x0800aca1   Thumb Code   112  tasks.o(i.xTaskCheckForTimeOut)
    xTaskCreate                              0x0800ad3d   Thumb Code    96  tasks.o(i.xTaskCreate)
    xTaskGetSchedulerState                   0x0800ad9d   Thumb Code    24  tasks.o(i.xTaskGetSchedulerState)
    xTaskGetTickCount                        0x0800adbd   Thumb Code     6  tasks.o(i.xTaskGetTickCount)
    xTaskIncrementTick                       0x0800adc9   Thumb Code   272  tasks.o(i.xTaskIncrementTick)
    xTaskPriorityDisinherit                  0x0800af29   Thumb Code   168  tasks.o(i.xTaskPriorityDisinherit)
    xTaskPriorityInherit                     0x0800b001   Thumb Code   172  tasks.o(i.xTaskPriorityInherit)
    xTaskRemoveFromEventList                 0x0800b0b9   Thumb Code   118  tasks.o(i.xTaskRemoveFromEventList)
    xTaskResumeAll                           0x0800b16d   Thumb Code   214  tasks.o(i.xTaskResumeAll)
    xTimerCreateTimerTask                    0x0800b28d   Thumb Code    56  timers.o(i.xTimerCreateTimerTask)
    xTimerGenericCommand                     0x0800b301   Thumb Code   116  timers.o(i.xTimerGenericCommand)
    EventRecorderInfo                        0x08035fb0   Data          24  eventrecorder.o(.constdata)
    Region$$Table$$Base                      0x080362ac   Number         0  anon$$obj.o(Region$$Table)
    Region$$Table$$Limit                     0x080362cc   Number         0  anon$$obj.o(Region$$Table)
    TransferError                            0x20000022   Data           1  bsp_sdio_sdcard.o(.data)
    TransferEnd                              0x20000023   Data           1  bsp_sdio_sdcard.o(.data)
    tempbuff                                 0x20000024   Data           4  bsp_sdio_sdcard.o(.data)
    pxCurrentTCB                             0x20000028   Data           4  tasks.o(.data)
    fs                                       0x200000ac   Data           4  exfuns.o(.data)
    file                                     0x200000b0   Data           4  exfuns.o(.data)
    ftemp                                    0x200000b4   Data           4  exfuns.o(.data)
    br                                       0x200000b8   Data           4  exfuns.o(.data)
    bw                                       0x200000bc   Data           4  exfuns.o(.data)
    fatbuf                                   0x200000c0   Data           4  exfuns.o(.data)
    sys_cmd_tab                              0x200000c4   Data          28  usmart.o(.data)
    usmart_nametab                           0x200000e0   Data         216  usmart_config.o(.data)
    usmart_dev                               0x200001b8   Data         244  usmart_config.o(.data)
    __stdout                                 0x200002b0   Data           4  usart.o(.data)
    USART_RX_STA                             0x200002b4   Data           2  usart.o(.data)
    __microlib_freelist                      0x200002cc   Data           4  mvars.o(.data)
    __microlib_freelist_initialised          0x200002d0   Data           4  mvars.o(.data)
    SDIO_InitStructure                       0x200002d8   Data          24  bsp_sdio_sdcard.o(.bss)
    SDIO_CmdInitStructure                    0x200002f0   Data          20  bsp_sdio_sdcard.o(.bss)
    SDIO_DataInitStructure                   0x20000304   Data          24  bsp_sdio_sdcard.o(.bss)
    SDCardInfo                               0x20000340   Data          88  bsp_sdio_sdcard.o(.bss)
    SDIO_DATA_BUFFER                         0x20000398   Data         512  bsp_sdio_sdcard.o(.bss)
    xQueueRegistry                           0x20000598   Data          64  queue.o(.bss)
    dir                                      0x200057a4   Data          48  exfuns.o(.bss)
    USART_RX_BUF                             0x200058ec   Data         200  usart.o(.bss)
    __heap_base                              0x20005ea8   Data           0  startup_stm32f40_41xxx.o(HEAP)
    __heap_limit                             0x2000dea8   Data           0  startup_stm32f40_41xxx.o(HEAP)
    __initial_sp                             0x2000e2a8   Data           0  startup_stm32f40_41xxx.o(STACK)



==============================================================================

Memory Map of the image

  Image Entry point : 0x08000189

  Load Region LR_IROM1 (Base: 0x08000000, Size: 0x000365a0, Max: 0x00080000, ABSOLUTE, COMPRESSED[0x000363c4])

    Execution Region ER_IROM1 (Exec base: 0x08000000, Load base: 0x08000000, Size: 0x000362cc, Max: 0x00080000, ABSOLUTE)

    Exec Addr    Load Addr    Size         Type   Attr      Idx    E Section Name        Object

    0x08000000   0x08000000   0x00000188   Data   RO         3522    RESET               startup_stm32f40_41xxx.o
    0x08000188   0x08000188   0x00000000   Code   RO         5731  * .ARM.Collect$$$$00000000  mc_w.l(entry.o)
    0x08000188   0x08000188   0x00000004   Code   RO         6064    .ARM.Collect$$$$00000001  mc_w.l(entry2.o)
    0x0800018c   0x0800018c   0x00000004   Code   RO         6067    .ARM.Collect$$$$00000004  mc_w.l(entry5.o)
    0x08000190   0x08000190   0x00000000   Code   RO         6069    .ARM.Collect$$$$00000008  mc_w.l(entry7b.o)
    0x08000190   0x08000190   0x00000000   Code   RO         6071    .ARM.Collect$$$$0000000A  mc_w.l(entry8b.o)
    0x08000190   0x08000190   0x00000008   Code   RO         6072    .ARM.Collect$$$$0000000B  mc_w.l(entry9a.o)
    0x08000198   0x08000198   0x00000000   Code   RO         6074    .ARM.Collect$$$$0000000D  mc_w.l(entry10a.o)
    0x08000198   0x08000198   0x00000000   Code   RO         6076    .ARM.Collect$$$$0000000F  mc_w.l(entry11a.o)
    0x08000198   0x08000198   0x00000004   Code   RO         6065    .ARM.Collect$$$$00002712  mc_w.l(entry2.o)
    0x0800019c   0x0800019c   0x000000be   Code   RO         2374    .emb_text           port.o
    0x0800025a   0x0800025a   0x00000002   PAD
    0x0800025c   0x0800025c   0x00000010   Code   RO         3449    .emb_text           sys.o
    0x0800026c   0x0800026c   0x00000024   Code   RO         3523    .text               startup_stm32f40_41xxx.o
    0x08000290   0x08000290   0x00000062   Code   RO         5739    .text               mc_w.l(ldiv.o)
    0x080002f2   0x080002f2   0x00000024   Code   RO         5741    .text               mc_w.l(memcpya.o)
    0x08000316   0x08000316   0x00000024   Code   RO         5745    .text               mc_w.l(memseta.o)
    0x0800033a   0x0800033a   0x0000000e   Code   RO         5747    .text               mc_w.l(strlen.o)
    0x08000348   0x08000348   0x0000014e   Code   RO         6044    .text               mf_w.l(dadd.o)
    0x08000496   0x08000496   0x000000e4   Code   RO         6046    .text               mf_w.l(dmul.o)
    0x0800057a   0x0800057a   0x000000de   Code   RO         6048    .text               mf_w.l(ddiv.o)
    0x08000658   0x08000658   0x00000026   Code   RO         6056    .text               mf_w.l(f2d.o)
    0x0800067e   0x0800067e   0x00000002   PAD
    0x08000680   0x08000680   0x00000030   Code   RO         6060    .text               mf_w.l(cdrcmple.o)
    0x080006b0   0x080006b0   0x0000002c   Code   RO         6078    .text               mc_w.l(uidiv.o)
    0x080006dc   0x080006dc   0x00000062   Code   RO         6080    .text               mc_w.l(uldiv.o)
    0x0800073e   0x0800073e   0x0000001e   Code   RO         6082    .text               mc_w.l(llshl.o)
    0x0800075c   0x0800075c   0x00000020   Code   RO         6084    .text               mc_w.l(llushr.o)
    0x0800077c   0x0800077c   0x00000024   Code   RO         6086    .text               mc_w.l(llsshr.o)
    0x080007a0   0x080007a0   0x00000000   Code   RO         6090    .text               mc_w.l(iusefp.o)
    0x080007a0   0x080007a0   0x000000ba   Code   RO         6093    .text               mf_w.l(depilogue.o)
    0x0800085a   0x0800085a   0x00000030   Code   RO         6095    .text               mf_w.l(dfixul.o)
    0x0800088a   0x0800088a   0x00000002   PAD
    0x0800088c   0x0800088c   0x00000024   Code   RO         6097    .text               mc_w.l(init.o)
    0x080008b0   0x080008b0   0x00000056   Code   RO         6107    .text               mc_w.l(__dczerorl2.o)
    0x08000906   0x08000906   0x00000002   PAD
    0x08000908   0x08000908   0x00000012   Code   RO         5519    OSKERNEL            hardfaulthandler.o
    0x0800091a   0x0800091a   0x00000004   Code   RO         3529    i.BusFault_Handler  stm32f4xx_it_1.o
    0x0800091e   0x0800091e   0x00000030   Code   RO          976    i.CmdError          bsp_sdio_sdcard.o
    0x0800094e   0x0800094e   0x00000002   PAD
    0x08000950   0x08000950   0x00000064   Code   RO          977    i.CmdResp1Error     bsp_sdio_sdcard.o
    0x080009b4   0x080009b4   0x00000054   Code   RO          978    i.CmdResp2Error     bsp_sdio_sdcard.o
    0x08000a08   0x08000a08   0x00000038   Code   RO          979    i.CmdResp3Error     bsp_sdio_sdcard.o
    0x08000a40   0x08000a40   0x00000094   Code   RO          980    i.CmdResp6Error     bsp_sdio_sdcard.o
    0x08000ad4   0x08000ad4   0x0000004c   Code   RO          981    i.CmdResp7Error     bsp_sdio_sdcard.o
    0x08000b20   0x08000b20   0x00000016   Code   RO         5201    i.DMA_Cmd           stm32f4xx_dma.o
    0x08000b36   0x08000b36   0x00000002   PAD
    0x08000b38   0x08000b38   0x00000158   Code   RO         5202    i.DMA_DeInit        stm32f4xx_dma.o
    0x08000c90   0x08000c90   0x00000016   Code   RO         5205    i.DMA_FlowControllerConfig  stm32f4xx_dma.o
    0x08000ca6   0x08000ca6   0x00000014   Code   RO         5206    i.DMA_GetCmdStatus  stm32f4xx_dma.o
    0x08000cba   0x08000cba   0x00000002   PAD
    0x08000cbc   0x08000cbc   0x00000058   Code   RO         5213    i.DMA_Init          stm32f4xx_dma.o
    0x08000d14   0x08000d14   0x00000002   Code   RO         3530    i.DebugMon_Handler  stm32f4xx_it_1.o
    0x08000d16   0x08000d16   0x00000002   PAD
    0x08000d18   0x08000d18   0x00000194   Code   RO          982    i.FindSCR           bsp_sdio_sdcard.o
    0x08000eac   0x08000eac   0x00000018   Code   RO         3296    i.FuncTest          usmart_config.o
    0x08000ec4   0x08000ec4   0x00000090   Code   RO         3658    i.GPIO_Init         stm32f4xx_gpio.o
    0x08000f54   0x08000f54   0x00000046   Code   RO         3659    i.GPIO_PinAFConfig  stm32f4xx_gpio.o
    0x08000f9a   0x08000f9a   0x00000002   PAD
    0x08000f9c   0x08000f9c   0x000000b4   Code   RO         5524    i.HardFaultHandler  segger_hardfaulthandler.o
    0x08001050   0x08001050   0x000000a0   Code   RO          983    i.IsCardProgramming  bsp_sdio_sdcard.o
    0x080010f0   0x080010f0   0x00000004   Code   RO         3531    i.MemManage_Handler  stm32f4xx_it_1.o
    0x080010f4   0x080010f4   0x00000002   Code   RO         3532    i.NMI_Handler       stm32f4xx_it_1.o
    0x080010f6   0x080010f6   0x00000002   PAD
    0x080010f8   0x080010f8   0x00000078   Code   RO         3613    i.NVIC_Init         misc.o
    0x08001170   0x08001170   0x00000014   Code   RO         3614    i.NVIC_PriorityGroupConfig  misc.o
    0x08001184   0x08001184   0x00000020   Code   RO         3755    i.RCC_AHB1PeriphClockCmd  stm32f4xx_rcc.o
    0x080011a4   0x080011a4   0x00000020   Code   RO         3764    i.RCC_APB1PeriphClockCmd  stm32f4xx_rcc.o
    0x080011c4   0x080011c4   0x00000020   Code   RO         3767    i.RCC_APB2PeriphClockCmd  stm32f4xx_rcc.o
    0x080011e4   0x080011e4   0x00000020   Code   RO         3769    i.RCC_APB2PeriphResetCmd  stm32f4xx_rcc.o
    0x08001204   0x08001204   0x000000e8   Code   RO         3776    i.RCC_GetClocksFreq  stm32f4xx_rcc.o
    0x080012ec   0x080012ec   0x000000ac   Code   RO          984    i.SDEnWideBus       bsp_sdio_sdcard.o
    0x08001398   0x08001398   0x0000000c   Code   RO         5328    i.SDIO_ClearFlag    stm32f4xx_sdio.o
    0x080013a4   0x080013a4   0x00000014   Code   RO          985    i.SDIO_Clock_Set    bsp_sdio_sdcard.o
    0x080013b8   0x080013b8   0x00000034   Code   RO         5334    i.SDIO_DataConfig   stm32f4xx_sdio.o
    0x080013ec   0x080013ec   0x00000018   Code   RO         5340    i.SDIO_GetFlagStatus  stm32f4xx_sdio.o
    0x08001404   0x08001404   0x00000010   Code   RO         5342    i.SDIO_GetPowerState  stm32f4xx_sdio.o
    0x08001414   0x08001414   0x00000008   Code   RO          986    i.SDIO_IRQHandler   bsp_sdio_sdcard.o
    0x0800141c   0x0800141c   0x00000030   Code   RO         5345    i.SDIO_Init         stm32f4xx_sdio.o
    0x0800144c   0x0800144c   0x00000038   Code   RO          987    i.SDIO_Register_Deinit  bsp_sdio_sdcard.o
    0x08001484   0x08001484   0x0000002c   Code   RO         5348    i.SDIO_SendCommand  stm32f4xx_sdio.o
    0x080014b0   0x080014b0   0x0000000c   Code   RO         5350    i.SDIO_SetPowerState  stm32f4xx_sdio.o
    0x080014bc   0x080014bc   0x00000080   Code   RO          988    i.SD_DMA_Config     bsp_sdio_sdcard.o
    0x0800153c   0x0800153c   0x00000068   Code   RO          989    i.SD_EnableWideBusOperation  bsp_sdio_sdcard.o
    0x080015a4   0x080015a4   0x00000314   Code   RO          990    i.SD_GetCardInfo    bsp_sdio_sdcard.o
    0x080018b8   0x080018b8   0x00000134   Code   RO          992    i.SD_Init           bsp_sdio_sdcard.o
    0x080019ec   0x080019ec   0x00000164   Code   RO          993    i.SD_InitializeCards  bsp_sdio_sdcard.o
    0x08001b50   0x08001b50   0x000001e4   Code   RO          995    i.SD_PowerON        bsp_sdio_sdcard.o
    0x08001d34   0x08001d34   0x00000154   Code   RO          996    i.SD_ProcessIRQSrc  bsp_sdio_sdcard.o
    0x08001e88   0x08001e88   0x00000268   Code   RO          997    i.SD_ReadBlock      bsp_sdio_sdcard.o
    0x080020f0   0x080020f0   0x00000098   Code   RO          998    i.SD_ReadDisk       bsp_sdio_sdcard.o
    0x08002188   0x08002188   0x000002f4   Code   RO          999    i.SD_ReadMultiBlocks  bsp_sdio_sdcard.o
    0x0800247c   0x0800247c   0x00000030   Code   RO         1000    i.SD_SelectDeselect  bsp_sdio_sdcard.o
    0x080024ac   0x080024ac   0x00000018   Code   RO         1002    i.SD_SetDeviceMode  bsp_sdio_sdcard.o
    0x080024c4   0x080024c4   0x00000388   Code   RO         1003    i.SD_WriteBlock     bsp_sdio_sdcard.o
    0x0800284c   0x0800284c   0x00000098   Code   RO         1004    i.SD_WriteDisk      bsp_sdio_sdcard.o
    0x080028e4   0x080028e4   0x000003d0   Code   RO         1005    i.SD_WriteMultiBlocks  bsp_sdio_sdcard.o
    0x08002cb4   0x08002cb4   0x000000ec   Code   RO         3576    i.SetSysClock       system_stm32f4xx_1.o
    0x08002da0   0x08002da0   0x00000028   Code   RO         3617    i.SysTick_CLKSourceConfig  misc.o
    0x08002dc8   0x08002dc8   0x00000010   Code   RO         3403    i.SysTick_Handler   delay.o
    0x08002dd8   0x08002dd8   0x00000068   Code   RO         3578    i.SystemInit        system_stm32f4xx_1.o
    0x08002e40   0x08002e40   0x00000018   Code   RO          697    i.TIM3_IRQHandler   bsp_timer.o
    0x08002e58   0x08002e58   0x00000038   Code   RO         3212    i.TIM4_IRQHandler   usmart.o
    0x08002e90   0x08002e90   0x00000006   Code   RO         4585    i.TIM_ClearFlag     stm32f4xx_tim.o
    0x08002e96   0x08002e96   0x00000006   Code   RO         4586    i.TIM_ClearITPendingBit  stm32f4xx_tim.o
    0x08002e9c   0x08002e9c   0x00000018   Code   RO         4591    i.TIM_Cmd           stm32f4xx_tim.o
    0x08002eb4   0x08002eb4   0x00000006   Code   RO         4610    i.TIM_GetCounter    stm32f4xx_tim.o
    0x08002eba   0x08002eba   0x00000012   Code   RO         4611    i.TIM_GetFlagStatus  stm32f4xx_tim.o
    0x08002ecc   0x08002ecc   0x00000022   Code   RO         4612    i.TIM_GetITStatus   stm32f4xx_tim.o
    0x08002eee   0x08002eee   0x00000012   Code   RO         4616    i.TIM_ITConfig      stm32f4xx_tim.o
    0x08002f00   0x08002f00   0x00000004   Code   RO         4651    i.TIM_SetAutoreload  stm32f4xx_tim.o
    0x08002f04   0x08002f04   0x00000004   Code   RO         4657    i.TIM_SetCounter    stm32f4xx_tim.o
    0x08002f08   0x08002f08   0x00000084   Code   RO         4663    i.TIM_TimeBaseInit  stm32f4xx_tim.o
    0x08002f8c   0x08002f8c   0x0000005c   Code   RO         3213    i.Timer4_Init       usmart.o
    0x08002fe8   0x08002fe8   0x00000088   Code   RO         3467    i.USART1_IRQHandler  usart.o
    0x08003070   0x08003070   0x00000018   Code   RO         4149    i.USART_Cmd         stm32f4xx_usart.o
    0x08003088   0x08003088   0x00000054   Code   RO         4153    i.USART_GetITStatus  stm32f4xx_usart.o
    0x080030dc   0x080030dc   0x0000004a   Code   RO         4155    i.USART_ITConfig    stm32f4xx_usart.o
    0x08003126   0x08003126   0x00000002   PAD
    0x08003128   0x08003128   0x000000d4   Code   RO         4156    i.USART_Init        stm32f4xx_usart.o
    0x080031fc   0x080031fc   0x0000000a   Code   RO         4163    i.USART_ReceiveData  stm32f4xx_usart.o
    0x08003206   0x08003206   0x00000004   Code   RO         3533    i.UsageFault_Handler  stm32f4xx_it_1.o
    0x0800320a   0x0800320a   0x00000002   PAD
    0x0800320c   0x0800320c   0x00000020   Code   RO         5988    i.__0printf         mc_w.l(printfa.o)
    0x0800322c   0x0800322c   0x00000028   Code   RO         5990    i.__0sprintf        mc_w.l(printfa.o)
    0x08003254   0x08003254   0x0000000e   Code   RO         6101    i.__scatterload_copy  mc_w.l(handlers.o)
    0x08003262   0x08003262   0x00000002   Code   RO         6102    i.__scatterload_null  mc_w.l(handlers.o)
    0x08003264   0x08003264   0x0000000e   Code   RO         6103    i.__scatterload_zeroinit  mc_w.l(handlers.o)
    0x08003272   0x08003272   0x00000002   PAD
    0x08003274   0x08003274   0x00000184   Code   RO         5995    i._fp_digits        mc_w.l(printfa.o)
    0x080033f8   0x080033f8   0x000006dc   Code   RO         5996    i._printf_core      mc_w.l(printfa.o)
    0x08003ad4   0x08003ad4   0x00000024   Code   RO         5997    i._printf_post_padding  mc_w.l(printfa.o)
    0x08003af8   0x08003af8   0x0000002e   Code   RO         5998    i._printf_pre_padding  mc_w.l(printfa.o)
    0x08003b26   0x08003b26   0x0000000a   Code   RO         6000    i._sputc            mc_w.l(printfa.o)
    0x08003b30   0x08003b30   0x00000084   Code   RO          258    i.bspInit           bsp.o
    0x08003bb4   0x08003bb4   0x00000034   Code   RO          498    i.bspLedInit        bsp_led.o
    0x08003be8   0x08003be8   0x00000024   Code   RO          499    i.bspLedToggle      bsp_led.o
    0x08003c0c   0x08003c0c   0x00000080   Code   RO         2518    i.check_fs          ff.o
    0x08003c8c   0x08003c8c   0x00000018   Code   RO         2519    i.chk_chr           ff.o
    0x08003ca4   0x08003ca4   0x0000001a   Code   RO         2520    i.clst2sect         ff.o
    0x08003cbe   0x08003cbe   0x00000002   PAD
    0x08003cc0   0x08003cc0   0x00000098   Code   RO         2521    i.cmp_lfn           ff.o
    0x08003d58   0x08003d58   0x00000012   Code   RO         1006    i.convert_from_bytes_to_power_of_two  bsp_sdio_sdcard.o
    0x08003d6a   0x08003d6a   0x00000120   Code   RO         2522    i.create_chain      ff.o
    0x08003e8a   0x08003e8a   0x00000002   PAD
    0x08003e8c   0x08003e8c   0x00000254   Code   RO         2523    i.create_name       ff.o
    0x080040e0   0x080040e0   0x0000015c   Code   RO         2524    i.create_partition  ff.o
    0x0800423c   0x0800423c   0x00000034   Code   RO         2525    i.dbc_1st           ff.o
    0x08004270   0x08004270   0x00000048   Code   RO         2526    i.dbc_2nd           ff.o
    0x080042b8   0x080042b8   0x00000044   Code   RO         3404    i.delay_init        delay.o
    0x080042fc   0x080042fc   0x00000040   Code   RO         3405    i.delay_ms          delay.o
    0x0800433c   0x0800433c   0x00000048   Code   RO         3406    i.delay_us          delay.o
    0x08004384   0x08004384   0x00000060   Code   RO         2527    i.dir_alloc         ff.o
    0x080043e4   0x080043e4   0x000000c6   Code   RO         2528    i.dir_clear         ff.o
    0x080044aa   0x080044aa   0x000000fc   Code   RO         2529    i.dir_find          ff.o
    0x080045a6   0x080045a6   0x000000ca   Code   RO         2530    i.dir_next          ff.o
    0x08004670   0x08004670   0x000000d2   Code   RO         2531    i.dir_read          ff.o
    0x08004742   0x08004742   0x00000142   Code   RO         2532    i.dir_register      ff.o
    0x08004884   0x08004884   0x00000060   Code   RO         2533    i.dir_remove        ff.o
    0x080048e4   0x080048e4   0x0000009a   Code   RO         2534    i.dir_sdi           ff.o
    0x0800497e   0x0800497e   0x00000028   Code   RO         2459    i.disk_initialize   diskio.o
    0x080049a6   0x080049a6   0x00000002   PAD
    0x080049a8   0x080049a8   0x00000070   Code   RO         2460    i.disk_ioctl        diskio.o
    0x08004a18   0x08004a18   0x00000062   Code   RO         2461    i.disk_read         diskio.o
    0x08004a7a   0x08004a7a   0x00000006   Code   RO         2462    i.disk_status       diskio.o
    0x08004a80   0x08004a80   0x00000062   Code   RO         2463    i.disk_write        diskio.o
    0x08004ae2   0x08004ae2   0x00000002   PAD
    0x08004ae4   0x08004ae4   0x0000007c   Code   RO         3014    i.exfuns_init       exfuns.o
    0x08004b60   0x08004b60   0x0000002a   Code   RO         2535    i.f_close           ff.o
    0x08004b8a   0x08004b8a   0x00000020   Code   RO         2536    i.f_closedir        ff.o
    0x08004baa   0x08004baa   0x000000fe   Code   RO         2537    i.f_getfree         ff.o
    0x08004ca8   0x08004ca8   0x000000c6   Code   RO         2538    i.f_getlabel        ff.o
    0x08004d6e   0x08004d6e   0x00000052   Code   RO         2539    i.f_gets            ff.o
    0x08004dc0   0x08004dc0   0x000001de   Code   RO         2540    i.f_lseek           ff.o
    0x08004f9e   0x08004f9e   0x00000136   Code   RO         2541    i.f_mkdir           ff.o
    0x080050d4   0x080050d4   0x00000754   Code   RO         2542    i.f_mkfs            ff.o
    0x08005828   0x08005828   0x00000078   Code   RO         2543    i.f_mount           ff.o
    0x080058a0   0x080058a0   0x00000218   Code   RO         2544    i.f_open            ff.o
    0x08005ab8   0x08005ab8   0x0000009a   Code   RO         2545    i.f_opendir         ff.o
    0x08005b52   0x08005b52   0x00000022   Code   RO         2547    i.f_putc            ff.o
    0x08005b74   0x08005b74   0x0000002c   Code   RO         2548    i.f_puts            ff.o
    0x08005ba0   0x08005ba0   0x000001f2   Code   RO         2549    i.f_read            ff.o
    0x08005d92   0x08005d92   0x00000078   Code   RO         2550    i.f_readdir         ff.o
    0x08005e0a   0x08005e0a   0x0000014a   Code   RO         2551    i.f_rename          ff.o
    0x08005f54   0x08005f54   0x00000158   Code   RO         2552    i.f_setlabel        ff.o
    0x080060ac   0x080060ac   0x000000b0   Code   RO         2554    i.f_sync            ff.o
    0x0800615c   0x0800615c   0x000000d4   Code   RO         2556    i.f_unlink          ff.o
    0x08006230   0x08006230   0x00000232   Code   RO         2557    i.f_write           ff.o
    0x08006462   0x08006462   0x0000001a   Code   RO         2925    i.ff_cre_syncobj    ffsystem.o
    0x0800647c   0x0800647c   0x0000000e   Code   RO         2926    i.ff_del_syncobj    ffsystem.o
    0x0800648a   0x0800648a   0x0000000c   Code   RO         2927    i.ff_memalloc       ffsystem.o
    0x08006496   0x08006496   0x0000000c   Code   RO         2928    i.ff_memfree        ffsystem.o
    0x080064a2   0x080064a2   0x00000002   PAD
    0x080064a4   0x080064a4   0x00000068   Code   RO         2978    i.ff_oem2uni        ffunicode.o
    0x0800650c   0x0800650c   0x00000012   Code   RO         2929    i.ff_rel_grant      ffsystem.o
    0x0800651e   0x0800651e   0x00000018   Code   RO         2930    i.ff_req_grant      ffsystem.o
    0x08006536   0x08006536   0x00000002   PAD
    0x08006538   0x08006538   0x00000074   Code   RO         2979    i.ff_uni2oem        ffunicode.o
    0x080065ac   0x080065ac   0x000000b0   Code   RO         2980    i.ff_wtoupper       ffunicode.o
    0x0800665c   0x0800665c   0x00000078   Code   RO         2558    i.find_volume       ff.o
    0x080066d4   0x080066d4   0x000000a0   Code   RO         2559    i.follow_path       ff.o
    0x08006774   0x08006774   0x0000001c   Code   RO         3469    i.fputc             usart.o
    0x08006790   0x08006790   0x00000050   Code   RO         6016    i.free              mc_w.l(malloc.o)
    0x080067e0   0x080067e0   0x000000cc   Code   RO         2560    i.gen_numname       ff.o
    0x080068ac   0x080068ac   0x000000e0   Code   RO         2561    i.get_fat           ff.o
    0x0800698c   0x0800698c   0x00000004   Code   RO         2464    i.get_fattime       diskio.o
    0x08006990   0x08006990   0x0000017e   Code   RO         2562    i.get_fileinfo      ff.o
    0x08006b0e   0x08006b0e   0x00000054   Code   RO         2563    i.get_ldnumber      ff.o
    0x08006b62   0x08006b62   0x00000026   Code   RO         2564    i.ld_clust          ff.o
    0x08006b88   0x08006b88   0x00000018   Code   RO         2565    i.ld_dword          ff.o
    0x08006ba0   0x08006ba0   0x0000000c   Code   RO         2566    i.ld_word           ff.o
    0x08006bac   0x08006bac   0x0000000c   Code   RO         2567    i.lock_fs           ff.o
    0x08006bb8   0x08006bb8   0x0000003c   Code   RO            3    i.main              main.o
    0x08006bf4   0x08006bf4   0x0000006c   Code   RO         6017    i.malloc            mc_w.l(malloc.o)
    0x08006c60   0x08006c60   0x00000024   Code   RO         2568    i.mem_cmp           ff.o
    0x08006c84   0x08006c84   0x0000001a   Code   RO         2569    i.mem_cpy           ff.o
    0x08006c9e   0x08006c9e   0x00000012   Code   RO         2570    i.mem_set           ff.o
    0x08006cb0   0x08006cb0   0x00000014   Code   RO         3065    i.mf_close          fattester.o
    0x08006cc4   0x08006cc4   0x00000010   Code   RO         3066    i.mf_closedir       fattester.o
    0x08006cd4   0x08006cd4   0x00000014   Code   RO         3067    i.mf_fmkfs          fattester.o
    0x08006ce8   0x08006ce8   0x00000084   Code   RO         3068    i.mf_getlabel       fattester.o
    0x08006d6c   0x08006d6c   0x0000004c   Code   RO         3069    i.mf_gets           fattester.o
    0x08006db8   0x08006db8   0x00000014   Code   RO         3070    i.mf_lseek          fattester.o
    0x08006dcc   0x08006dcc   0x0000000c   Code   RO         3071    i.mf_mkdir          fattester.o
    0x08006dd8   0x08006dd8   0x00000018   Code   RO         3072    i.mf_mount          fattester.o
    0x08006df0   0x08006df0   0x0000001c   Code   RO         3073    i.mf_open           fattester.o
    0x08006e0c   0x08006e0c   0x00000014   Code   RO         3074    i.mf_opendir        fattester.o
    0x08006e20   0x08006e20   0x00000018   Code   RO         3075    i.mf_putc           fattester.o
    0x08006e38   0x08006e38   0x00000018   Code   RO         3076    i.mf_puts           fattester.o
    0x08006e50   0x08006e50   0x00000158   Code   RO         3077    i.mf_read           fattester.o
    0x08006fa8   0x08006fa8   0x000000c8   Code   RO         3078    i.mf_readdir        fattester.o
    0x08007070   0x08007070   0x00000010   Code   RO         3079    i.mf_rename         fattester.o
    0x08007080   0x08007080   0x0000005c   Code   RO         3080    i.mf_setlabel       fattester.o
    0x080070dc   0x080070dc   0x000000a8   Code   RO         3081    i.mf_showfree       fattester.o
    0x08007184   0x08007184   0x0000000c   Code   RO         3082    i.mf_size           fattester.o
    0x08007190   0x08007190   0x0000000c   Code   RO         3083    i.mf_tell           fattester.o
    0x0800719c   0x0800719c   0x0000000c   Code   RO         3084    i.mf_unlink         fattester.o
    0x080071a8   0x080071a8   0x000000b8   Code   RO         3085    i.mf_write          fattester.o
    0x08007260   0x08007260   0x000002b4   Code   RO         2571    i.mount_volume      ff.o
    0x08007514   0x08007514   0x00000034   Code   RO         2572    i.move_window       ff.o
    0x08007548   0x08007548   0x0000008c   Code   RO         2573    i.pick_lfn          ff.o
    0x080075d4   0x080075d4   0x00000098   Code   RO         1777    i.prvAddCurrentTaskToDelayedList  tasks.o
    0x0800766c   0x0800766c   0x000000b8   Code   RO         1778    i.prvAddNewTaskToReadyList  tasks.o
    0x08007724   0x08007724   0x00000064   Code   RO         2158    i.prvCheckForValidListAndQueue  timers.o
    0x08007788   0x08007788   0x00000048   Code   RO         1779    i.prvCheckTasksWaitingTermination  tasks.o
    0x080077d0   0x080077d0   0x0000002a   Code   RO         1380    i.prvCopyDataFromQueue  queue.o
    0x080077fa   0x080077fa   0x0000007e   Code   RO         1381    i.prvCopyDataToQueue  queue.o
    0x08007878   0x08007878   0x00000012   Code   RO         1780    i.prvDeleteTCB      tasks.o
    0x0800788a   0x0800788a   0x00000014   Code   RO         1382    i.prvGetDisinheritPriorityAfterTimeout  queue.o
    0x0800789e   0x0800789e   0x00000002   PAD
    0x080078a0   0x080078a0   0x00000028   Code   RO         2159    i.prvGetNextExpireTime  timers.o
    0x080078c8   0x080078c8   0x0000007c   Code   RO         2311    i.prvHeapInit       heap_4.o
    0x08007944   0x08007944   0x00000028   Code   RO         1781    i.prvIdleTask       tasks.o
    0x0800796c   0x0800796c   0x0000001e   Code   RO         1383    i.prvInitialiseMutex  queue.o
    0x0800798a   0x0800798a   0x0000002a   Code   RO         1384    i.prvInitialiseNewQueue  queue.o
    0x080079b4   0x080079b4   0x000000d8   Code   RO         1782    i.prvInitialiseNewTask  tasks.o
    0x08007a8c   0x08007a8c   0x00000068   Code   RO         1783    i.prvInitialiseTaskLists  tasks.o
    0x08007af4   0x08007af4   0x00000068   Code   RO         2312    i.prvInsertBlockIntoFreeList  heap_4.o
    0x08007b5c   0x08007b5c   0x00000058   Code   RO         2161    i.prvInsertTimerInActiveList  timers.o
    0x08007bb4   0x08007bb4   0x0000001a   Code   RO         1385    i.prvIsQueueEmpty   queue.o
    0x08007bce   0x08007bce   0x0000001e   Code   RO         1386    i.prvIsQueueFull    queue.o
    0x08007bec   0x08007bec   0x00000090   Code   RO         2162    i.prvProcessExpiredTimer  timers.o
    0x08007c7c   0x08007c7c   0x0000014c   Code   RO         2163    i.prvProcessReceivedCommands  timers.o
    0x08007dc8   0x08007dc8   0x00000074   Code   RO         2164    i.prvProcessTimerOrBlockTask  timers.o
    0x08007e3c   0x08007e3c   0x00000034   Code   RO         1785    i.prvResetNextTaskUnblockTime  tasks.o
    0x08007e70   0x08007e70   0x0000002c   Code   RO         2165    i.prvSampleTimeNow  timers.o
    0x08007e9c   0x08007e9c   0x000000c0   Code   RO         2166    i.prvSwitchTimerLists  timers.o
    0x08007f5c   0x08007f5c   0x00000070   Code   RO         2375    i.prvTaskExitError  port.o
    0x08007fcc   0x08007fcc   0x0000001a   Code   RO         2167    i.prvTimerTask      timers.o
    0x08007fe6   0x08007fe6   0x0000007e   Code   RO         1387    i.prvUnlockQueue    queue.o
    0x08008064   0x08008064   0x00000138   Code   RO         2574    i.put_fat           ff.o
    0x0800819c   0x0800819c   0x00000080   Code   RO         2575    i.put_lfn           ff.o
    0x0800821c   0x0800821c   0x00000048   Code   RO         2576    i.put_utf           ff.o
    0x08008264   0x08008264   0x00000044   Code   RO         2577    i.putc_bfd          ff.o
    0x080082a8   0x080082a8   0x0000002c   Code   RO         2578    i.putc_flush        ff.o
    0x080082d4   0x080082d4   0x00000014   Code   RO         2579    i.putc_init         ff.o
    0x080082e8   0x080082e8   0x00000160   Code   RO         2313    i.pvPortMalloc      heap_4.o
    0x08008448   0x08008448   0x00000020   Code   RO         1788    i.pvTaskIncrementMutexHeldCount  tasks.o
    0x08008468   0x08008468   0x0000002c   Code   RO         2376    i.pxPortInitialiseStack  port.o
    0x08008494   0x08008494   0x00000006   Code   RO         3214    i.read_addr         usmart.o
    0x0800849a   0x0800849a   0x0000009a   Code   RO         2580    i.remove_chain      ff.o
    0x08008534   0x08008534   0x00000090   Code   RO         3086    i.scan_files        fattester.o
    0x080085c4   0x080085c4   0x00000024   Code   RO         2581    i.st_clust          ff.o
    0x080085e8   0x080085e8   0x00000018   Code   RO         2582    i.st_dword          ff.o
    0x08008600   0x08008600   0x0000000c   Code   RO         2583    i.st_word           ff.o
    0x0800860c   0x0800860c   0x00000020   Code   RO         2584    i.sum_sfn           ff.o
    0x0800862c   0x0800862c   0x00000090   Code   RO         2585    i.sync_fs           ff.o
    0x080086bc   0x080086bc   0x0000004a   Code   RO         2586    i.sync_window       ff.o
    0x08008706   0x08008706   0x0000004c   Code   RO         2587    i.tchar2uni         ff.o
    0x08008752   0x08008752   0x00000002   PAD
    0x08008754   0x08008754   0x000000b0   Code   RO         3470    i.uart_init         usart.o
    0x08008804   0x08008804   0x0000001c   Code   RO         2588    i.unlock_fs         ff.o
    0x08008820   0x08008820   0x000000b0   Code   RO         3215    i.usmart_cmd_rec    usmart.o
    0x080088d0   0x080088d0   0x000002d4   Code   RO         3216    i.usmart_exe        usmart.o
    0x08008ba4   0x08008ba4   0x000000c8   Code   RO         3323    i.usmart_get_aparm  usmart_str.o
    0x08008c6c   0x08008c6c   0x00000036   Code   RO         3324    i.usmart_get_cmdname  usmart_str.o
    0x08008ca2   0x08008ca2   0x00000002   PAD
    0x08008ca4   0x08008ca4   0x000001c0   Code   RO         3325    i.usmart_get_fname  usmart_str.o
    0x08008e64   0x08008e64   0x0000010c   Code   RO         3326    i.usmart_get_fparam  usmart_str.o
    0x08008f70   0x08008f70   0x00000020   Code   RO         3327    i.usmart_get_parmpos  usmart_str.o
    0x08008f90   0x08008f90   0x00000044   Code   RO         3217    i.usmart_get_runtime  usmart.o
    0x08008fd4   0x08008fd4   0x00000028   Code   RO         3218    i.usmart_init       usmart.o
    0x08008ffc   0x08008ffc   0x00000016   Code   RO         3328    i.usmart_pow        usmart_str.o
    0x08009012   0x08009012   0x00000002   PAD
    0x08009014   0x08009014   0x00000030   Code   RO         3219    i.usmart_reset_runtime  usmart.o
    0x08009044   0x08009044   0x000000bc   Code   RO         3220    i.usmart_scan       usmart.o
    0x08009100   0x08009100   0x00000016   Code   RO         3329    i.usmart_search_nextc  usmart_str.o
    0x08009116   0x08009116   0x000000ca   Code   RO         3330    i.usmart_str2num    usmart_str.o
    0x080091e0   0x080091e0   0x00000022   Code   RO         3331    i.usmart_strcmp     usmart_str.o
    0x08009202   0x08009202   0x00000016   Code   RO         3332    i.usmart_strcopy    usmart_str.o
    0x08009218   0x08009218   0x00000018   Code   RO         3333    i.usmart_strlen     usmart_str.o
    0x08009230   0x08009230   0x000006e4   Code   RO         3221    i.usmart_sys_cmd_exe  usmart.o
    0x08009914   0x08009914   0x00000028   Code   RO         1332    i.uxListRemove      list.o
    0x0800993c   0x0800993c   0x0000001a   Code   RO         1333    i.vListInitialise   list.o
    0x08009956   0x08009956   0x00000006   Code   RO         1334    i.vListInitialiseItem  list.o
    0x0800995c   0x0800995c   0x00000034   Code   RO         1335    i.vListInsert       list.o
    0x08009990   0x08009990   0x00000018   Code   RO         1336    i.vListInsertEnd    list.o
    0x080099a8   0x080099a8   0x00000088   Code   RO         2378    i.vPortEnterCritical  port.o
    0x08009a30   0x08009a30   0x00000070   Code   RO         2379    i.vPortExitCritical  port.o
    0x08009aa0   0x08009aa0   0x000000c8   Code   RO         2314    i.vPortFree         heap_4.o
    0x08009b68   0x08009b68   0x00000018   Code   RO         2380    i.vPortSetupTimerInterrupt  port.o
    0x08009b80   0x08009b80   0x000000a0   Code   RO         2381    i.vPortValidateInterruptPriority  port.o
    0x08009c20   0x08009c20   0x0000002c   Code   RO         1393    i.vQueueAddToRegistry  queue.o
    0x08009c4c   0x08009c4c   0x00000048   Code   RO         1394    i.vQueueDelete      queue.o
    0x08009c94   0x08009c94   0x00000030   Code   RO         1396    i.vQueueUnregisterQueue  queue.o
    0x08009cc4   0x08009cc4   0x0000004a   Code   RO         1397    i.vQueueWaitForMessageRestricted  queue.o
    0x08009d0e   0x08009d0e   0x00000002   PAD
    0x08009d10   0x08009d10   0x00000074   Code   RO         1797    i.vTaskDelay        tasks.o
    0x08009d84   0x08009d84   0x0000010c   Code   RO         1799    i.vTaskDelete       tasks.o
    0x08009e90   0x08009e90   0x0000003c   Code   RO            4    i.vTaskFileRead     main.o
    0x08009ecc   0x08009ecc   0x000000b8   Code   RO            5    i.vTaskFileWrite    main.o
    0x08009f84   0x08009f84   0x00000018   Code   RO         1802    i.vTaskInternalSetTimeOutState  tasks.o
    0x08009f9c   0x08009f9c   0x00000010   Code   RO            6    i.vTaskLED          main.o
    0x08009fac   0x08009fac   0x0000000c   Code   RO         1803    i.vTaskMissedYield  tasks.o
    0x08009fb8   0x08009fb8   0x00000054   Code   RO         1805    i.vTaskPlaceOnEventList  tasks.o
    0x0800a00c   0x0800a00c   0x0000005c   Code   RO         1806    i.vTaskPlaceOnEventListRestricted  tasks.o
    0x0800a068   0x0800a068   0x000000f4   Code   RO         1808    i.vTaskPriorityDisinheritAfterTimeout  tasks.o
    0x0800a15c   0x0800a15c   0x000000ac   Code   RO         1814    i.vTaskStartScheduler  tasks.o
    0x0800a208   0x0800a208   0x00000010   Code   RO         1816    i.vTaskSuspendAll   tasks.o
    0x0800a218   0x0800a218   0x000000a8   Code   RO         1817    i.vTaskSwitchContext  tasks.o
    0x0800a2c0   0x0800a2c0   0x000000a8   Code   RO            7    i.vTaskTaskInit     main.o
    0x0800a368   0x0800a368   0x00000052   Code   RO         2589    i.validate          ff.o
    0x0800a3ba   0x0800a3ba   0x00000004   Code   RO         3222    i.write_addr        usmart.o
    0x0800a3be   0x0800a3be   0x00000002   PAD
    0x0800a3c0   0x0800a3c0   0x0000019c   Code   RO         2382    i.xPortStartScheduler  port.o
    0x0800a55c   0x0800a55c   0x00000034   Code   RO         2383    i.xPortSysTickHandler  port.o
    0x0800a590   0x0800a590   0x00000022   Code   RO         1399    i.xQueueCreateMutex  queue.o
    0x0800a5b2   0x0800a5b2   0x00000002   PAD
    0x0800a5b4   0x0800a5b4   0x00000070   Code   RO         1400    i.xQueueGenericCreate  queue.o
    0x0800a624   0x0800a624   0x000000b0   Code   RO         1401    i.xQueueGenericReset  queue.o
    0x0800a6d4   0x0800a6d4   0x000001a4   Code   RO         1402    i.xQueueGenericSend  queue.o
    0x0800a878   0x0800a878   0x00000104   Code   RO         1403    i.xQueueGenericSendFromISR  queue.o
    0x0800a97c   0x0800a97c   0x00000170   Code   RO         1410    i.xQueueReceive     queue.o
    0x0800aaec   0x0800aaec   0x000001b4   Code   RO         1412    i.xQueueSemaphoreTake  queue.o
    0x0800aca0   0x0800aca0   0x0000009c   Code   RO         1819    i.xTaskCheckForTimeOut  tasks.o
    0x0800ad3c   0x0800ad3c   0x00000060   Code   RO         1820    i.xTaskCreate       tasks.o
    0x0800ad9c   0x0800ad9c   0x00000020   Code   RO         1824    i.xTaskGetSchedulerState  tasks.o
    0x0800adbc   0x0800adbc   0x0000000c   Code   RO         1825    i.xTaskGetTickCount  tasks.o
    0x0800adc8   0x0800adc8   0x00000160   Code   RO         1827    i.xTaskIncrementTick  tasks.o
    0x0800af28   0x0800af28   0x000000d8   Code   RO         1830    i.xTaskPriorityDisinherit  tasks.o
    0x0800b000   0x0800b000   0x000000b8   Code   RO         1831    i.xTaskPriorityInherit  tasks.o
    0x0800b0b8   0x0800b0b8   0x000000b4   Code   RO         1832    i.xTaskRemoveFromEventList  tasks.o
    0x0800b16c   0x0800b16c   0x00000120   Code   RO         1833    i.xTaskResumeAll    tasks.o
    0x0800b28c   0x0800b28c   0x00000074   Code   RO         2175    i.xTimerCreateTimerTask  timers.o
    0x0800b300   0x0800b300   0x000000a0   Code   RO         2176    i.xTimerGenericCommand  timers.o
    0x0800b3a0   0x0800b3a0   0x00000058   Data   RO         2590    .constdata          ff.o
    0x0800b3f8   0x0800b3f8   0x0002abb6   Data   RO         2981    .constdata          ffunicode.o
    0x08035fae   0x08035fae   0x00000002   PAD
    0x08035fb0   0x08035fb0   0x00000018   Data   RO         5566    .constdata          eventrecorder.o
    0x08035fc8   0x08035fc8   0x00000028   Data   RO         3223    .conststring        usmart.o
    0x08035ff0   0x08035ff0   0x000002b9   Data   RO         3297    .conststring        usmart_config.o
    0x080362a9   0x080362a9   0x00000003   PAD
    0x080362ac   0x080362ac   0x00000020   Data   RO         6099    Region$$Table       anon$$obj.o


    Execution Region RW_IRAM1 (Exec base: 0x20000000, Load base: 0x080362cc, Size: 0x0000e2a8, Max: 0x00020000, ABSOLUTE, COMPRESSED[0x000000f8])

    Exec Addr    Load Addr    Size         Type   Attr      Idx    E Section Name        Object

    0x20000000   COMPRESSED   0x00000014   Data   RW            8    .data               main.o
    0x20000014   COMPRESSED   0x00000001   Data   RW          500    .data               bsp_led.o
    0x20000015   COMPRESSED   0x00000003   PAD
    0x20000018   COMPRESSED   0x00000010   Data   RW         1009    .data               bsp_sdio_sdcard.o
    0x20000028   COMPRESSED   0x0000003c   Data   RW         1836    .data               tasks.o
    0x20000064   COMPRESSED   0x00000014   Data   RW         2182    .data               timers.o
    0x20000078   COMPRESSED   0x00000020   Data   RW         2320    .data               heap_4.o
    0x20000098   COMPRESSED   0x0000000c   Data   RW         2384    .data               port.o
    0x200000a4   COMPRESSED   0x00000006   Data   RW         2591    .data               ff.o
    0x200000aa   COMPRESSED   0x00000002   PAD
    0x200000ac   COMPRESSED   0x00000018   Data   RW         3019    .data               exfuns.o
    0x200000c4   COMPRESSED   0x0000001c   Data   RW         3224    .data               usmart.o
    0x200000e0   COMPRESSED   0x000001cc   Data   RW         3298    .data               usmart_config.o
    0x200002ac   COMPRESSED   0x00000004   Data   RW         3408    .data               delay.o
    0x200002b0   COMPRESSED   0x00000006   Data   RW         3472    .data               usart.o
    0x200002b6   COMPRESSED   0x00000010   Data   RW         3808    .data               stm32f4xx_rcc.o
    0x200002c6   COMPRESSED   0x00000002   PAD
    0x200002c8   COMPRESSED   0x00000004   Data   RW         5526    .data               segger_hardfaulthandler.o
    0x200002cc   COMPRESSED   0x00000004   Data   RW         6088    .data               mc_w.l(mvars.o)
    0x200002d0   COMPRESSED   0x00000004   Data   RW         6089    .data               mc_w.l(mvars.o)
    0x200002d4   COMPRESSED   0x00000004   PAD
    0x200002d8        -       0x000002c0   Zero   RW         1008    .bss                bsp_sdio_sdcard.o
    0x20000598        -       0x00000040   Zero   RW         1414    .bss                queue.o
    0x200005d8        -       0x000001a4   Zero   RW         1835    .bss                tasks.o
    0x2000077c        -       0x00000028   Zero   RW         2181    .bss                timers.o
    0x200007a4        -       0x00005000   Zero   RW         2319    .bss                heap_4.o
    0x200057a4        -       0x00000030   Zero   RW         3016    .bss                exfuns.o
    0x200057d4        -       0x00000118   Zero   RW         3087    .bss                fattester.o
    0x200058ec        -       0x000000c8   Zero   RW         3471    .bss                usart.o
    0x200059b4        -       0x00000040   Zero   RW         5525    .bss                segger_hardfaulthandler.o
    0x200059f4   COMPRESSED   0x0000000c   PAD
    0x20005a00        -       0x000004a4   Zero   RW         5565    .bss.noinit         eventrecorder.o
    0x20005ea4   COMPRESSED   0x00000004   PAD
    0x20005ea8        -       0x00008000   Zero   RW         3521    HEAP                startup_stm32f40_41xxx.o
    0x2000dea8        -       0x00000400   Zero   RW         3520    STACK               startup_stm32f40_41xxx.o


==============================================================================

Image component sizes


      Code (inc. data)   RO Data    RW Data    ZI Data      Debug   Object Name

       132         48          0          0          0        506   bsp.o
        88         14          0          1          0       1020   bsp_led.o
         0          0          0          0          0       1472   bsp_oled.o
      7486        402          0         16        704      34489   bsp_sdio_sdcard.o
        24          4          0          0          0        502   bsp_timer.o
       220         18          0          4          0       2541   delay.o
       358          6          0          0          0       5308   diskio.o
         0          0          0          0          0       9072   event_groups.o
         0          0         24          0       1188       3932   eventrecorder.o
       124         18          0         24         48       1513   exfuns.o
      1600        664          0          0        280      13691   fattester.o
     13148        192         88          6          0      74006   ff.o
       106          0          0          0          0       3903   ffsystem.o
       396         28     175030          0          0       3024   ffunicode.o
        18          0          0          0          0        304   hardfaulthandler.o
       780        184          0         32      20480       4087   heap_4.o
       148          0          0          0          0       3238   list.o
       488        174          0         20          0     322403   main.o
       180         24          0          0          0       2081   misc.o
      1242        392          0         12          0      10973   port.o
      2486        288          0          0         64      19039   queue.o
       180         14          0          4         64       3351   segger_hardfaulthandler.o
        36          8        392          0      33792        840   startup_stm32f40_41xxx.o
       496         26          0          0          0       4288   stm32f4xx_dma.o
       214          0          0          0          0       1775   stm32f4xx_gpio.o
        16          0          0          0          0       2281   stm32f4xx_it_1.o
       360         42          0         16          0       5224   stm32f4xx_rcc.o
       208         38          0          0          0       5689   stm32f4xx_sdio.o
       252         28          0          0          0       6552   stm32f4xx_tim.o
       404          8          0          0          0       4278   stm32f4xx_usart.o
        16          0          0          0          0        504   sys.o
       340         32          0          0          0       1485   system_stm32f4xx_1.o
      3582        888          0         60        420      30793   tasks.o
      1358        310          0         20         40      11419   timers.o
       340         30          0          6        200       3804   usart.o
      3166       1332         40         28          0       8010   usmart.o
        24          8        697        460          0       2195   usmart_config.o
      1328         20          0          0          0       8913   usmart_str.o

    ----------------------------------------------------------------------
     41388       5240     176308        716      57296     618505   Object Totals
         0          0         32          0          0          0   (incl. Generated)
        44          0          5          7         16          0   (incl. Padding)

    ----------------------------------------------------------------------

      Code (inc. data)   RO Data    RW Data    ZI Data      Debug   Library Member Name

        86          0          0          0          0          0   __dczerorl2.o
         0          0          0          0          0          0   entry.o
         0          0          0          0          0          0   entry10a.o
         0          0          0          0          0          0   entry11a.o
         8          4          0          0          0          0   entry2.o
         4          0          0          0          0          0   entry5.o
         0          0          0          0          0          0   entry7b.o
         0          0          0          0          0          0   entry8b.o
         8          4          0          0          0          0   entry9a.o
        30          0          0          0          0          0   handlers.o
        36          8          0          0          0         68   init.o
         0          0          0          0          0          0   iusefp.o
        98          0          0          0          0         84   ldiv.o
        30          0          0          0          0         68   llshl.o
        36          0          0          0          0         68   llsshr.o
        32          0          0          0          0         68   llushr.o
       188         20          0          0          0        160   malloc.o
        36          0          0          0          0         68   memcpya.o
        36          0          0          0          0        108   memseta.o
         0          0          0          8          0          0   mvars.o
      2308         96          0          0          0        604   printfa.o
        14          0          0          0          0         68   strlen.o
        44          0          0          0          0         80   uidiv.o
        98          0          0          0          0         92   uldiv.o
        48          0          0          0          0         68   cdrcmple.o
       334          0          0          0          0        148   dadd.o
       222          0          0          0          0        100   ddiv.o
       186          0          0          0          0        176   depilogue.o
        48          0          0          0          0         68   dfixul.o
       228          0          0          0          0         96   dmul.o
        38          0          0          0          0         68   f2d.o

    ----------------------------------------------------------------------
      4204        132          0          8          4       2260   Library Totals
         8          0          0          0          4          0   (incl. Padding)

    ----------------------------------------------------------------------

      Code (inc. data)   RO Data    RW Data    ZI Data      Debug   Library Name

      3092        132          0          8          0       1536   mc_w.l
      1104          0          0          0          0        724   mf_w.l

    ----------------------------------------------------------------------
      4204        132          0          8          4       2260   Library Totals

    ----------------------------------------------------------------------

==============================================================================


      Code (inc. data)   RO Data    RW Data    ZI Data      Debug   

     45592       5372     176308        724      57300     590853   Grand Totals
     45592       5372     176308        248      57300     590853   ELF Image Totals (compressed)
     45592       5372     176308        248          0          0   ROM Totals

==============================================================================

    Total RO  Size (Code + RO Data)               221900 ( 216.70kB)
    Total RW  Size (RW Data + ZI Data)             58024 (  56.66kB)
    Total ROM Size (Code + RO Data + RW Data)     222148 ( 216.94kB)

==============================================================================

