Component: ARM Compiler 5.06 update 6 (build 750) Tool: armlink [4d35ed]

==============================================================================

Section Cross References

    main.o(i.main) refers to bsp.o(i.bspInit) for bspInit
    main.o(i.main) refers to tasks.o(i.xTaskCreate) for xTaskCreate
    main.o(i.main) refers to tasks.o(i.vTaskStartScheduler) for vTaskStartScheduler
    main.o(i.main) refers to main.o(.data) for xHandleTaskInit
    main.o(i.main) refers to main.o(i.vTaskTaskInit) for vTaskTaskInit
    main.o(i.vTaskKeyGet) refers to queue.o(i.xQueueSemaphoreTake) for xQueueSemaphoreTake
    main.o(i.vTaskKeyGet) refers to tasks.o(i.vTaskDelay) for vTaskDelay
    main.o(i.vTaskKeyGet) refers to queue.o(i.xQueueGenericSend) for xQueueGenericSend
    main.o(i.vTaskKeyGet) refers to main.o(.data) for xKeySemaphoreHandle
    main.o(i.vTaskLED) refers to bsp_led.o(i.bspLedToggle) for bspLedToggle
    main.o(i.vTaskLED) refers to tasks.o(i.vTaskDelay) for vTaskDelay
    main.o(i.vTaskSpeechRec) refers to speech_rec.o(i.test) for test
    main.o(i.vTaskSpeechRec) refers to queue.o(i.xQueueSemaphoreTake) for xQueueSemaphoreTake
    main.o(i.vTaskSpeechRec) refers to speech_rec.o(i.Speech_Handle) for Speech_Handle
    main.o(i.vTaskSpeechRec) refers to main.o(.data) for xSpeechRecSemaphoreHandle
    main.o(i.vTaskTaskInit) refers to port.o(i.vPortEnterCritical) for vPortEnterCritical
    main.o(i.vTaskTaskInit) refers to fattester.o(i.mf_mount) for mf_mount
    main.o(i.vTaskTaskInit) refers to queue.o(i.xQueueGenericCreate) for xQueueGenericCreate
    main.o(i.vTaskTaskInit) refers to queue.o(i.xQueueCreateMutex) for xQueueCreateMutex
    main.o(i.vTaskTaskInit) refers to tasks.o(i.xTaskCreate) for xTaskCreate
    main.o(i.vTaskTaskInit) refers to tasks.o(i.vTaskDelete) for vTaskDelete
    main.o(i.vTaskTaskInit) refers to port.o(i.vPortExitCritical) for vPortExitCritical
    main.o(i.vTaskTaskInit) refers to main.o(.data) for xKeySemaphoreHandle
    main.o(i.vTaskTaskInit) refers to main.o(i.vTaskLED) for vTaskLED
    main.o(i.vTaskTaskInit) refers to main.o(i.vTaskSpeechRec) for vTaskSpeechRec
    main.o(i.vTaskTaskInit) refers to main.o(i.vTaskKeyGet) for vTaskKeyGet
    bsp.o(i.bspInit) refers to misc.o(i.NVIC_PriorityGroupConfig) for NVIC_PriorityGroupConfig
    bsp.o(i.bspInit) refers to delay.o(i.delay_init) for delay_init
    bsp.o(i.bspInit) refers to bsp_led.o(i.bspLedInit) for bspLedInit
    bsp.o(i.bspInit) refers to bsp_key.o(i.bspKeyInit) for bspKeyInit
    bsp.o(i.bspInit) refers to bsp_exti.o(i.bspExitInit) for bspExitInit
    bsp.o(i.bspInit) refers to usart.o(i.uart_init) for uart_init
    bsp.o(i.bspInit) refers to usmart.o(i.usmart_init) for usmart_init
    bsp.o(i.bspInit) refers to bsp_wm8978.o(i.WM8978_Init) for WM8978_Init
    bsp.o(i.bspInit) refers to bsp_wm8978.o(i.WM8978_HPvol_Set) for WM8978_HPvol_Set
    bsp.o(i.bspInit) refers to bsp_wm8978.o(i.WM8978_SPKvol_Set) for WM8978_SPKvol_Set
    bsp.o(i.bspInit) refers to exfuns.o(i.exfuns_init) for exfuns_init
    bsp.o(i.bspInit) refers to printf8.o(i.__0printf$8) for __2printf
    bsp.o(i.bspInit) refers to delay.o(i.delay_ms) for delay_ms
    bsp.o(i.bspInit) refers to bsp_sdio_sdcard.o(i.SD_Init) for SD_Init
    bsp.o(i.bspInit) refers to bsp_usart.o(i.bspUsartInit) for bspUsartInit
    bsp.o(i.bspInit) refers to bsp_dma.o(i.bspDmaUsartInit) for bspDmaUsartInit
    bsp_led.o(i.bspLedInit) refers to stm32f4xx_rcc.o(i.RCC_AHB1PeriphClockCmd) for RCC_AHB1PeriphClockCmd
    bsp_led.o(i.bspLedInit) refers to stm32f4xx_gpio.o(i.GPIO_Init) for GPIO_Init
    bsp_led.o(i.bspLedToggle) refers to bsp_led.o(.data) for flag
    bsp_sdio_sdcard.o(i.CmdError) refers to stm32f4xx_sdio.o(i.SDIO_GetFlagStatus) for SDIO_GetFlagStatus
    bsp_sdio_sdcard.o(i.CmdError) refers to stm32f4xx_sdio.o(i.SDIO_ClearFlag) for SDIO_ClearFlag
    bsp_sdio_sdcard.o(i.CmdResp1Error) refers to stm32f4xx_sdio.o(i.SDIO_GetFlagStatus) for SDIO_GetFlagStatus
    bsp_sdio_sdcard.o(i.CmdResp1Error) refers to stm32f4xx_sdio.o(i.SDIO_ClearFlag) for SDIO_ClearFlag
    bsp_sdio_sdcard.o(i.CmdResp2Error) refers to stm32f4xx_sdio.o(i.SDIO_ClearFlag) for SDIO_ClearFlag
    bsp_sdio_sdcard.o(i.CmdResp2Error) refers to stm32f4xx_sdio.o(i.SDIO_GetFlagStatus) for SDIO_GetFlagStatus
    bsp_sdio_sdcard.o(i.CmdResp3Error) refers to stm32f4xx_sdio.o(i.SDIO_GetFlagStatus) for SDIO_GetFlagStatus
    bsp_sdio_sdcard.o(i.CmdResp3Error) refers to stm32f4xx_sdio.o(i.SDIO_ClearFlag) for SDIO_ClearFlag
    bsp_sdio_sdcard.o(i.CmdResp6Error) refers to stm32f4xx_sdio.o(i.SDIO_GetFlagStatus) for SDIO_GetFlagStatus
    bsp_sdio_sdcard.o(i.CmdResp6Error) refers to stm32f4xx_sdio.o(i.SDIO_ClearFlag) for SDIO_ClearFlag
    bsp_sdio_sdcard.o(i.CmdResp7Error) refers to stm32f4xx_sdio.o(i.SDIO_ClearFlag) for SDIO_ClearFlag
    bsp_sdio_sdcard.o(i.FindSCR) refers to stm32f4xx_sdio.o(i.SDIO_SendCommand) for SDIO_SendCommand
[...]
    USART3_IRQHandler                        0x08000287   Thumb Code     0  startup_stm32f40_41xxx.o(.text)
    USART6_IRQHandler                        0x08000287   Thumb Code     0  startup_stm32f40_41xxx.o(.text)
    WWDG_IRQHandler                          0x08000287   Thumb Code     0  startup_stm32f40_41xxx.o(.text)
    __aeabi_ldivmod                          0x08000291   Thumb Code    98  ldiv.o(.text)
    __aeabi_memcpy                           0x080002f3   Thumb Code    36  memcpya.o(.text)
    __aeabi_memcpy4                          0x080002f3   Thumb Code     0  memcpya.o(.text)
    __aeabi_memcpy8                          0x080002f3   Thumb Code     0  memcpya.o(.text)
    __aeabi_memset                           0x08000317   Thumb Code    14  memseta.o(.text)
    __aeabi_memset4                          0x08000317   Thumb Code     0  memseta.o(.text)
    __aeabi_memset8                          0x08000317   Thumb Code     0  memseta.o(.text)
    __aeabi_memclr                           0x08000325   Thumb Code     4  memseta.o(.text)
    __aeabi_memclr4                          0x08000325   Thumb Code     0  memseta.o(.text)
    __aeabi_memclr8                          0x08000325   Thumb Code     0  memseta.o(.text)
    memset                                   0x08000329   Thumb Code    18  memseta.o(.text)
    strlen                                   0x0800033b   Thumb Code    14  strlen.o(.text)
    __aeabi_dadd                             0x08000349   Thumb Code   322  dadd.o(.text)
    __aeabi_dsub                             0x0800048b   Thumb Code     6  dadd.o(.text)
    __aeabi_drsub                            0x08000491   Thumb Code     6  dadd.o(.text)
    __aeabi_dmul                             0x08000497   Thumb Code   228  dmul.o(.text)
    __aeabi_ddiv                             0x0800057b   Thumb Code   222  ddiv.o(.text)
    __aeabi_ui2d                             0x08000659   Thumb Code    26  dfltui.o(.text)
    __aeabi_d2iz                             0x08000673   Thumb Code    62  dfixi.o(.text)
    __aeabi_cdrcmple                         0x080006b1   Thumb Code    48  cdrcmple.o(.text)
    __aeabi_uldivmod                         0x080006e1   Thumb Code    98  uldiv.o(.text)
    __aeabi_llsl                             0x08000743   Thumb Code    30  llshl.o(.text)
    _ll_shift_l                              0x08000743   Thumb Code     0  llshl.o(.text)
    __aeabi_llsr                             0x08000761   Thumb Code    32  llushr.o(.text)
    _ll_ushift_r                             0x08000761   Thumb Code     0  llushr.o(.text)
    __aeabi_lasr                             0x08000781   Thumb Code    36  llsshr.o(.text)
    _ll_sshift_r                             0x08000781   Thumb Code     0  llsshr.o(.text)
    __I$use$fp                               0x080007a5   Thumb Code     0  iusefp.o(.text)
    _double_round                            0x080007a5   Thumb Code    30  depilogue.o(.text)
    _double_epilogue                         0x080007c3   Thumb Code   156  depilogue.o(.text)
    __scatterload                            0x08000861   Thumb Code    28  init.o(.text)
    __scatterload_rt2                        0x08000861   Thumb Code     0  init.o(.text)
    __decompress                             0x08000885   Thumb Code     0  __dczerorl2.o(.text)
    __decompress1                            0x08000885   Thumb Code    86  __dczerorl2.o(.text)
    HardFault_Handler                        0x080008dd   Thumb Code     0  hardfaulthandler.o(OSKERNEL)
    BusFault_Handler                         0x080008ef   Thumb Code     4  stm32f4xx_it.o(i.BusFault_Handler)
    CmdError                                 0x080008f3   Thumb Code    48  bsp_sdio_sdcard.o(i.CmdError)
    CmdResp1Error                            0x08000925   Thumb Code    94  bsp_sdio_sdcard.o(i.CmdResp1Error)
    CmdResp2Error                            0x08000989   Thumb Code    80  bsp_sdio_sdcard.o(i.CmdResp2Error)
    CmdResp3Error                            0x080009dd   Thumb Code    50  bsp_sdio_sdcard.o(i.CmdResp3Error)
    CmdResp6Error                            0x08000a15   Thumb Code   144  bsp_sdio_sdcard.o(i.CmdResp6Error)
    CmdResp7Error                            0x08000aa9   Thumb Code    70  bsp_sdio_sdcard.o(i.CmdResp7Error)
    DMA1_Stream3_IRQHandler                  0x08000af5   Thumb Code    30  bsp_i2s.o(i.DMA1_Stream3_IRQHandler)
    DMA1_Stream4_IRQHandler                  0x08000b21   Thumb Code    30  bsp_i2s.o(i.DMA1_Stream4_IRQHandler)
    DMA1_Stream6_IRQHandler                  0x08000b4d   Thumb Code    50  bsp_dma.o(i.DMA1_Stream6_IRQHandler)
    DMA_ClearITPendingBit                    0x08000b8d   Thumb Code    38  stm32f4xx_dma.o(i.DMA_ClearITPendingBit)
    DMA_Cmd                                  0x08000bc1   Thumb Code    22  stm32f4xx_dma.o(i.DMA_Cmd)
    DMA_DeInit                               0x08000bd9   Thumb Code   324  stm32f4xx_dma.o(i.DMA_DeInit)
    DMA_DoubleBufferModeCmd                  0x08000d31   Thumb Code    22  stm32f4xx_dma.o(i.DMA_DoubleBufferModeCmd)
    DMA_DoubleBufferModeConfig               0x08000d47   Thumb Code    24  stm32f4xx_dma.o(i.DMA_DoubleBufferModeConfig)
    DMA_FlowControllerConfig                 0x08000d5f   Thumb Code    22  stm32f4xx_dma.o(i.DMA_FlowControllerConfig)
    DMA_GetCmdStatus                         0x08000d75   Thumb Code    20  stm32f4xx_dma.o(i.DMA_GetCmdStatus)
    DMA_GetITStatus                          0x08000d89   Thumb Code    82  stm32f4xx_dma.o(i.DMA_GetITStatus)
    DMA_ITConfig                             0x08000ded   Thumb Code    58  stm32f4xx_dma.o(i.DMA_ITConfig)
    DMA_Init                                 0x08000e29   Thumb Code    82  stm32f4xx_dma.o(i.DMA_Init)
    DMA_SetCurrDataCounter                   0x08000e81   Thumb Code     4  stm32f4xx_dma.o(i.DMA_SetCurrDataCounter)
    DebugMon_Handler                         0x08000e85   Thumb Code     2  stm32f4xx_it.o(i.DebugMon_Handler)
    EXTI15_10_IRQHandler                     0x08000e89   Thumb Code    60  bsp_exti.o(i.EXTI15_10_IRQHandler)
    EXTI_ClearITPendingBit                   0x08000ecd   Thumb Code     6  stm32f4xx_exti.o(i.EXTI_ClearITPendingBit)
    EXTI_GetITStatus                         0x08000ed9   Thumb Code    20  stm32f4xx_exti.o(i.EXTI_GetITStatus)
    EXTI_Init                                0x08000ef1   Thumb Code   142  stm32f4xx_exti.o(i.EXTI_Init)
    FindSCR                                  0x08000f85   Thumb Code   388  bsp_sdio_sdcard.o(i.FindSCR)
    FuncTest                                 0x08001119   Thumb Code    16  usmart_config.o(i.FuncTest)
    GPIO_Init                                0x08001131   Thumb Code   144  stm32f4xx_gpio.o(i.GPIO_Init)
    GPIO_PinAFConfig                         0x080011c1   Thumb Code    70  stm32f4xx_gpio.o(i.GPIO_PinAFConfig)
    GetDmaStatus                             0x08001209   Thumb Code     6  bsp_dma.o(i.GetDmaStatus)
    HardFaultHandler                         0x08001215   Thumb Code   166  segger_hardfaulthandler.o(i.HardFaultHandler)
    I2S2_Init                                0x080012c9   Thumb Code    94  bsp_i2s.o(i.I2S2_Init)
    I2S2_SampleRate_Set                      0x0800132d   Thumb Code   148  bsp_i2s.o(i.I2S2_SampleRate_Set)
    I2S2_TX_DMA_Init                         0x080013cd   Thumb Code   164  bsp_i2s.o(i.I2S2_TX_DMA_Init)
    I2S2ext_Init                             0x0800147d   Thumb Code    72  bsp_i2s.o(i.I2S2ext_Init)
    I2S2ext_RX_DMA_Init                      0x080014c9   Thumb Code   164  bsp_i2s.o(i.I2S2ext_RX_DMA_Init)
    I2S_Cmd                                  0x08001579   Thumb Code    24  stm32f4xx_spi.o(i.I2S_Cmd)
    I2S_FullDuplexConfig                     0x08001591   Thumb Code    80  stm32f4xx_spi.o(i.I2S_FullDuplexConfig)
    I2S_Init                                 0x080015e1   Thumb Code   396  stm32f4xx_spi.o(i.I2S_Init)
    I2S_Play_Start                           0x08001779   Thumb Code    12  bsp_i2s.o(i.I2S_Play_Start)
    I2S_Play_Stop                            0x08001789   Thumb Code    12  bsp_i2s.o(i.I2S_Play_Stop)
    I2S_Rec_Start                            0x08001799   Thumb Code    12  bsp_i2s.o(i.I2S_Rec_Start)
    I2S_Rec_Stop                             0x080017a9   Thumb Code    12  bsp_i2s.o(i.I2S_Rec_Stop)
    IIC_Init                                 0x080017b9   Thumb Code    62  bsp_myiic.o(i.IIC_Init)
    IIC_Send_Byte                            0x08001805   Thumb Code    90  bsp_myiic.o(i.IIC_Send_Byte)
    IIC_Start                                0x0800186d   Thumb Code    64  bsp_myiic.o(i.IIC_Start)
    IIC_Stop                                 0x080018b9   Thumb Code    62  bsp_myiic.o(i.IIC_Stop)
    IIC_Wait_Ack                             0x08001905   Thumb Code    82  bsp_myiic.o(i.IIC_Wait_Ack)
    IsCardProgramming                        0x08001965   Thumb Code   146  bsp_sdio_sdcard.o(i.IsCardProgramming)
    MemManage_Handler                        0x08001a05   Thumb Code     4  stm32f4xx_it.o(i.MemManage_Handler)
    NMI_Handler                              0x08001a09   Thumb Code     2  stm32f4xx_it.o(i.NMI_Handler)
    NVIC_Init                                0x08001a0d   Thumb Code   106  misc.o(i.NVIC_Init)
    NVIC_PriorityGroupConfig                 0x08001a85   Thumb Code    10  misc.o(i.NVIC_PriorityGroupConfig)
    RCC_AHB1PeriphClockCmd                   0x08001a99   Thumb Code    26  stm32f4xx_rcc.o(i.RCC_AHB1PeriphClockCmd)
    RCC_APB1PeriphClockCmd                   0x08001ab9   Thumb Code    26  stm32f4xx_rcc.o(i.RCC_APB1PeriphClockCmd)
    RCC_APB1PeriphResetCmd                   0x08001ad9   Thumb Code    26  stm32f4xx_rcc.o(i.RCC_APB1PeriphResetCmd)
    RCC_APB2PeriphClockCmd                   0x08001af9   Thumb Code    26  stm32f4xx_rcc.o(i.RCC_APB2PeriphClockCmd)
    RCC_APB2PeriphResetCmd                   0x08001b19   Thumb Code    26  stm32f4xx_rcc.o(i.RCC_APB2PeriphResetCmd)
    RCC_GetClocksFreq                        0x08001b39   Thumb Code   214  stm32f4xx_rcc.o(i.RCC_GetClocksFreq)
    RCC_PLLI2SCmd                            0x08001c21   Thumb Code     6  stm32f4xx_rcc.o(i.RCC_PLLI2SCmd)
    RCC_PLLI2SConfig                         0x08001c2d   Thumb Code    12  stm32f4xx_rcc.o(i.RCC_PLLI2SConfig)
    SDEnWideBus                              0x08001c3d   Thumb Code   158  bsp_sdio_sdcard.o(i.SDEnWideBus)
    SDIO_ClearFlag                           0x08001ce9   Thumb Code     6  stm32f4xx_sdio.o(i.SDIO_ClearFlag)
    SDIO_Clock_Set                           0x08001cf5   Thumb Code    16  bsp_sdio_sdcard.o(i.SDIO_Clock_Set)
    SDIO_DataConfig                          0x08001d09   Thumb Code    46  stm32f4xx_sdio.o(i.SDIO_DataConfig)
    SDIO_GetFlagStatus                       0x08001d3d   Thumb Code    20  stm32f4xx_sdio.o(i.SDIO_GetFlagStatus)
    SDIO_GetPowerState                       0x08001d55   Thumb Code    10  stm32f4xx_sdio.o(i.SDIO_GetPowerState)
    SDIO_IRQHandler                          0x08001d65   Thumb Code     8  bsp_sdio_sdcard.o(i.SDIO_IRQHandler)
    SDIO_Init                                0x08001d6d   Thumb Code    42  stm32f4xx_sdio.o(i.SDIO_Init)
    SDIO_Register_Deinit                     0x08001d9d   Thumb Code    48  bsp_sdio_sdcard.o(i.SDIO_Register_Deinit)
    SDIO_SendCommand                         0x08001dd5   Thumb Code    40  stm32f4xx_sdio.o(i.SDIO_SendCommand)
    SDIO_SetPowerState                       0x08001e01   Thumb Code     6  stm32f4xx_sdio.o(i.SDIO_SetPowerState)
    SD_DMA_Config                            0x08001e0d   Thumb Code   118  bsp_sdio_sdcard.o(i.SD_DMA_Config)
    SD_EnableWideBusOperation                0x08001e8d   Thumb Code    94  bsp_sdio_sdcard.o(i.SD_EnableWideBusOperation)
    SD_GetCardInfo                           0x08001ef5   Thumb Code   772  bsp_sdio_sdcard.o(i.SD_GetCardInfo)
    SD_Init                                  0x08002209   Thumb Code   286  bsp_sdio_sdcard.o(i.SD_Init)
    SD_InitializeCards                       0x0800233d   Thumb Code   330  bsp_sdio_sdcard.o(i.SD_InitializeCards)
    SD_PowerON                               0x080024a1   Thumb Code   460  bsp_sdio_sdcard.o(i.SD_PowerON)
    SD_ProcessIRQSrc                         0x08002685   Thumb Code   318  bsp_sdio_sdcard.o(i.SD_ProcessIRQSrc)
    SD_ReadBlock                             0x080027d9   Thumb Code   574  bsp_sdio_sdcard.o(i.SD_ReadBlock)
    SD_ReadDisk                              0x08002a41   Thumb Code   148  bsp_sdio_sdcard.o(i.SD_ReadDisk)
    SD_ReadMultiBlocks                       0x08002ad9   Thumb Code   710  bsp_sdio_sdcard.o(i.SD_ReadMultiBlocks)
    SD_SelectDeselect                        0x08002dcd   Thumb Code    42  bsp_sdio_sdcard.o(i.SD_SelectDeselect)
    SD_SetDeviceMode                         0x08002dfd   Thumb Code    20  bsp_sdio_sdcard.o(i.SD_SetDeviceMode)
    SD_WriteBlock                            0x08002e15   Thumb Code   862  bsp_sdio_sdcard.o(i.SD_WriteBlock)
    SD_WriteDisk                             0x0800319d   Thumb Code   148  bsp_sdio_sdcard.o(i.SD_WriteDisk)
    SD_WriteMultiBlocks                      0x08003235   Thumb Code   934  bsp_sdio_sdcard.o(i.SD_WriteMultiBlocks)
    SPI_I2S_DMACmd                           0x08003605   Thumb Code    18  stm32f4xx_spi.o(i.SPI_I2S_DMACmd)
    SYSCFG_EXTILineConfig                    0x08003619   Thumb Code    60  stm32f4xx_syscfg.o(i.SYSCFG_EXTILineConfig)
    SetDmaStatus                             0x08003659   Thumb Code    42  bsp_dma.o(i.SetDmaStatus)
    Speech_Handle                            0x08003779   Thumb Code    56  speech_rec.o(i.Speech_Handle)
    SysTick_CLKSourceConfig                  0x080037b5   Thumb Code    40  misc.o(i.SysTick_CLKSourceConfig)
    SysTick_Handler                          0x080037dd   Thumb Code    16  delay.o(i.SysTick_Handler)
    SystemInit                               0x080037ed   Thumb Code    88  system_stm32f4xx.o(i.SystemInit)
    TIM4_IRQHandler                          0x08003855   Thumb Code    46  usmart.o(i.TIM4_IRQHandler)
    TIM_ClearFlag                            0x0800388d   Thumb Code     6  stm32f4xx_tim.o(i.TIM_ClearFlag)
    TIM_ClearITPendingBit                    0x08003893   Thumb Code     6  stm32f4xx_tim.o(i.TIM_ClearITPendingBit)
    TIM_Cmd                                  0x08003899   Thumb Code    24  stm32f4xx_tim.o(i.TIM_Cmd)
    TIM_GetCounter                           0x080038b1   Thumb Code     6  stm32f4xx_tim.o(i.TIM_GetCounter)
    TIM_GetFlagStatus                        0x080038b7   Thumb Code    18  stm32f4xx_tim.o(i.TIM_GetFlagStatus)
    TIM_GetITStatus                          0x080038c9   Thumb Code    34  stm32f4xx_tim.o(i.TIM_GetITStatus)
    TIM_ITConfig                             0x080038eb   Thumb Code    18  stm32f4xx_tim.o(i.TIM_ITConfig)
    TIM_SetAutoreload                        0x080038fd   Thumb Code     4  stm32f4xx_tim.o(i.TIM_SetAutoreload)
    TIM_SetCounter                           0x08003901   Thumb Code     4  stm32f4xx_tim.o(i.TIM_SetCounter)
    TIM_TimeBaseInit                         0x08003905   Thumb Code   104  stm32f4xx_tim.o(i.TIM_TimeBaseInit)
    Timer4_Init                              0x08003989   Thumb Code    88  usmart.o(i.Timer4_Init)
    USART1_IRQHandler                        0x080039e5   Thumb Code   122  usart.o(i.USART1_IRQHandler)
    USART2_IRQHandler                        0x08003a6d   Thumb Code    14  bsp_usart.o(i.USART2_IRQHandler)
    USART_Cmd                                0x08003a81   Thumb Code    24  stm32f4xx_usart.o(i.USART_Cmd)
    USART_DMACmd                             0x08003a99   Thumb Code    18  stm32f4xx_usart.o(i.USART_DMACmd)
    USART_GetITStatus                        0x08003aab   Thumb Code    84  stm32f4xx_usart.o(i.USART_GetITStatus)
    USART_ITConfig                           0x08003aff   Thumb Code    74  stm32f4xx_usart.o(i.USART_ITConfig)
    USART_Init                               0x08003b49   Thumb Code   204  stm32f4xx_usart.o(i.USART_Init)
    USART_ReceiveData                        0x08003c1d   Thumb Code    10  stm32f4xx_usart.o(i.USART_ReceiveData)
    UsageFault_Handler                       0x08003c27   Thumb Code     4  stm32f4xx_it.o(i.UsageFault_Handler)
    WM8978_ADDA_Cfg                          0x08003c2b   Thumb Code    64  bsp_wm8978.o(i.WM8978_ADDA_Cfg)
    WM8978_AUX_Gain                          0x08003c6b   Thumb Code    54  bsp_wm8978.o(i.WM8978_AUX_Gain)
    WM8978_HPvol_Set                         0x08003ca1   Thumb Code    46  bsp_wm8978.o(i.WM8978_HPvol_Set)
    WM8978_I2S_Cfg                           0x08003ccf   Thumb Code    28  bsp_wm8978.o(i.WM8978_I2S_Cfg)
    WM8978_Init                              0x08003ced   Thumb Code   244  bsp_wm8978.o(i.WM8978_Init)
    WM8978_Input_Cfg                         0x08003de9   Thumb Code   102  bsp_wm8978.o(i.WM8978_Input_Cfg)
    WM8978_LINEIN_Gain                       0x08003e4f   Thumb Code    54  bsp_wm8978.o(i.WM8978_LINEIN_Gain)
    WM8978_MIC_Gain                          0x08003e85   Thumb Code    28  bsp_wm8978.o(i.WM8978_MIC_Gain)
    WM8978_Output_Cfg                        0x08003ea1   Thumb Code    42  bsp_wm8978.o(i.WM8978_Output_Cfg)
    WM8978_Read_Reg                          0x08003ecd   Thumb Code    10  bsp_wm8978.o(i.WM8978_Read_Reg)
    WM8978_SPKvol_Set                        0x08003edd   Thumb Code    34  bsp_wm8978.o(i.WM8978_SPKvol_Set)
    WM8978_Write_Reg                         0x08003f01   Thumb Code    80  bsp_wm8978.o(i.WM8978_Write_Reg)
    __0printf$8                              0x08003f55   Thumb Code    22  printf8.o(i.__0printf$8)
    __1printf$8                              0x08003f55   Thumb Code     0  printf8.o(i.__0printf$8)
    __2printf                                0x08003f55   Thumb Code     0  printf8.o(i.__0printf$8)
    __0sprintf$8                             0x08003f75   Thumb Code    34  printf8.o(i.__0sprintf$8)
    __1sprintf$8                             0x08003f75   Thumb Code     0  printf8.o(i.__0sprintf$8)
    __2sprintf                               0x08003f75   Thumb Code     0  printf8.o(i.__0sprintf$8)
    __hardfp_fabs                            0x08003f9d   Thumb Code    20  fabs.o(i.__hardfp_fabs)
    __scatterload_copy                       0x08003fb1   Thumb Code    14  handlers.o(i.__scatterload_copy)
    __scatterload_null                       0x08003fbf   Thumb Code     2  handlers.o(i.__scatterload_null)
    __scatterload_zeroinit                   0x08003fc1   Thumb Code    14  handlers.o(i.__scatterload_zeroinit)
    base64_array_encoding                    0x0800443d   Thumb Code   202  base64.o(i.base64_array_encoding)
    bspDmaUsartInit                          0x080045b9   Thumb Code    12  bsp_dma.o(i.bspDmaUsartInit)
    bspExitInit                              0x08004659   Thumb Code    80  bsp_exti.o(i.bspExitInit)
    bspInit                                  0x080046a9   Thumb Code   122  bsp.o(i.bspInit)
    bspKeyInit                               0x08004755   Thumb Code    42  bsp_key.o(i.bspKeyInit)
    bspLedInit                               0x08004785   Thumb Code    48  bsp_led.o(i.bspLedInit)
    bspLedToggle                             0x080047b9   Thumb Code    26  bsp_led.o(i.bspLedToggle)
    bspUsartInit                             0x080047dd   Thumb Code   164  bsp_usart.o(i.bspUsartInit)
    convert_from_bytes_to_power_of_two       0x080049d5   Thumb Code    18  bsp_sdio_sdcard.o(i.convert_from_bytes_to_power_of_two)
    delay_init                               0x08004f35   Thumb Code    58  delay.o(i.delay_init)
    delay_ms                                 0x08004f79   Thumb Code    60  delay.o(i.delay_ms)
    delay_us                                 0x08004fb9   Thumb Code    68  delay.o(i.delay_us)
    dir_sdi                                  0x08005561   Thumb Code   154  ff.o(i.dir_sdi)
    disk_initialize                          0x080055fb   Thumb Code    40  diskio.o(i.disk_initialize)
    disk_ioctl                               0x08005625   Thumb Code   106  diskio.o(i.disk_ioctl)
    disk_read                                0x08005695   Thumb Code    98  diskio.o(i.disk_read)
    disk_status                              0x080056f7   Thumb Code     6  diskio.o(i.disk_status)
    disk_write                               0x080056fd   Thumb Code    98  diskio.o(i.disk_write)
    exfuns_init                              0x08005761   Thumb Code   106  exfuns.o(i.exfuns_init)
    f_close                                  0x080057dd   Thumb Code    34  ff.o(i.f_close)
    f_closedir                               0x080057ff   Thumb Code    24  ff.o(i.f_closedir)
    f_getfree                                0x08005817   Thumb Code   246  ff.o(i.f_getfree)
    f_getlabel                               0x0800590d   Thumb Code   190  ff.o(i.f_getlabel)
    f_gets                                   0x080059cb   Thumb Code    82  ff.o(i.f_gets)
    f_lseek                                  0x08005a1d   Thumb Code   388  ff.o(i.f_lseek)
    f_mkdir                                  0x08005ba1   Thumb Code   292  ff.o(i.f_mkdir)
    f_mkfs                                   0x08005cc5   Thumb Code  1824  ff.o(i.f_mkfs)
    f_mount                                  0x08006419   Thumb Code    80  ff.o(i.f_mount)
    f_open                                   0x0800646d   Thumb Code   520  ff.o(i.f_open)
    f_opendir                                0x08006675   Thumb Code   138  ff.o(i.f_opendir)
    f_putc                                   0x080066ff   Thumb Code    34  ff.o(i.f_putc)
    f_puts                                   0x08006721   Thumb Code    44  ff.o(i.f_puts)
    f_read                                   0x0800674d   Thumb Code   412  ff.o(i.f_read)
    f_readdir                                0x080068e9   Thumb Code   104  ff.o(i.f_readdir)
    f_rename                                 0x08006951   Thumb Code   316  ff.o(i.f_rename)
    f_setlabel                               0x08006a8d   Thumb Code   306  ff.o(i.f_setlabel)
    f_sync                                   0x08006bc5   Thumb Code   160  ff.o(i.f_sync)
    f_unlink                                 0x08006c65   Thumb Code   196  ff.o(i.f_unlink)
    f_write                                  0x08006d29   Thumb Code   478  ff.o(i.f_write)
    ff_memalloc                              0x08006f07   Thumb Code    12  ffsystem.o(i.ff_memalloc)
    ff_memfree                               0x08006f13   Thumb Code    12  ffsystem.o(i.ff_memfree)
    ff_oem2uni                               0x08006f21   Thumb Code   100  ffunicode.o(i.ff_oem2uni)
    ff_uni2oem                               0x08006f89   Thumb Code   112  ffunicode.o(i.ff_uni2oem)
    ff_wtoupper                              0x08006ffd   Thumb Code   166  ffunicode.o(i.ff_wtoupper)
    fputc                                    0x080071c5   Thumb Code    22  usart.o(i.fputc)
    free                                     0x080071e1   Thumb Code    76  malloc.o(i.free)
    get_fattime                              0x080073dd   Thumb Code     4  diskio.o(i.get_fattime)
    main                                     0x080075fd   Thumb Code    34  main.o(i.main)
    malloc                                   0x08007639   Thumb Code    92  malloc.o(i.malloc)
    mf_close                                 0x080076f5   Thumb Code    14  fattester.o(i.mf_close)
    mf_closedir                              0x08007709   Thumb Code    10  fattester.o(i.mf_closedir)
    mf_fmkfs                                 0x08007719   Thumb Code    20  fattester.o(i.mf_fmkfs)
    mf_getlabel                              0x0800772d   Thumb Code    58  fattester.o(i.mf_getlabel)
    mf_gets                                  0x080077b1   Thumb Code    38  fattester.o(i.mf_gets)
    mf_lseek                                 0x080077fd   Thumb Code    16  fattester.o(i.mf_lseek)
    mf_mkdir                                 0x08007811   Thumb Code    12  fattester.o(i.mf_mkdir)
    mf_mount                                 0x0800781d   Thumb Code    20  fattester.o(i.mf_mount)
    mf_open                                  0x08007835   Thumb Code    24  fattester.o(i.mf_open)
    mf_opendir                               0x08007851   Thumb Code    14  fattester.o(i.mf_opendir)
    mf_putc                                  0x08007865   Thumb Code    18  fattester.o(i.mf_putc)
    mf_puts                                  0x0800787d   Thumb Code    18  fattester.o(i.mf_puts)
    mf_read                                  0x08007895   Thumb Code   224  fattester.o(i.mf_read)
    mf_readdir                               0x080079ed   Thumb Code    92  fattester.o(i.mf_readdir)
    mf_rename                                0x08007ab5   Thumb Code    16  fattester.o(i.mf_rename)
    mf_setlabel                              0x08007ac5   Thumb Code    34  fattester.o(i.mf_setlabel)
    mf_showfree                              0x08007b21   Thumb Code    88  fattester.o(i.mf_showfree)
    mf_size                                  0x08007bc9   Thumb Code     8  fattester.o(i.mf_size)
    mf_tell                                  0x08007bd5   Thumb Code     8  fattester.o(i.mf_tell)
    mf_unlink                                0x08007be1   Thumb Code    12  fattester.o(i.mf_unlink)
    mf_write                                 0x08007bed   Thumb Code    68  fattester.o(i.mf_write)
    pvPortMalloc                             0x08008db5   Thumb Code   272  heap_4.o(i.pvPortMalloc)
    pvTaskIncrementMutexHeldCount            0x08008f15   Thumb Code    26  tasks.o(i.pvTaskIncrementMutexHeldCount)
    pxPortInitialiseStack                    0x08008f35   Thumb Code    38  port.o(i.pxPortInitialiseStack)
    read_addr                                0x08008f61   Thumb Code     6  usmart.o(i.read_addr)
    rec_i2s_dma_rx_callback                  0x08008f69   Thumb Code   240  voice_access.o(i.rec_i2s_dma_rx_callback)
    recoder_enter_play_mode                  0x08009085   Thumb Code    44  voice_access.o(i.recoder_enter_play_mode)
    recoder_enter_rec_mode                   0x080090b1   Thumb Code   132  voice_access.o(i.recoder_enter_rec_mode)
    scan_files                               0x080091e9   Thumb Code   124  fattester.o(i.scan_files)
    test                                     0x08009409   Thumb Code   456  speech_rec.o(i.test)
    uart_init                                0x0800964d   Thumb Code   166  usart.o(i.uart_init)
    uasrt_key_send                           0x080096fd   Thumb Code     6  bsp_key.o(i.uasrt_key_send)
    usartSendStart                           0x08009709   Thumb Code    38  bsp_dma.o(i.usartSendStart)
    usmart_cmd_rec                           0x08009735   Thumb Code   170  usmart.o(i.usmart_cmd_rec)
    usmart_exe                               0x080097e5   Thumb Code   632  usmart.o(i.usmart_exe)
    usmart_get_aparm                         0x08009ab9   Thumb Code   200  usmart_str.o(i.usmart_get_aparm)
    usmart_get_cmdname                       0x08009b81   Thumb Code    54  usmart_str.o(i.usmart_get_cmdname)
    usmart_get_fname                         0x08009bb9   Thumb Code   440  usmart_str.o(i.usmart_get_fname)
    usmart_get_fparam                        0x08009d79   Thumb Code   262  usmart_str.o(i.usmart_get_fparam)
    usmart_get_parmpos                       0x08009e85   Thumb Code    26  usmart_str.o(i.usmart_get_parmpos)
    usmart_get_runtime                       0x08009ea5   Thumb Code    60  usmart.o(i.usmart_get_runtime)
    usmart_init                              0x08009ee9   Thumb Code    36  usmart.o(i.usmart_init)
    usmart_pow                               0x08009f11   Thumb Code    22  usmart_str.o(i.usmart_pow)
    usmart_reset_runtime                     0x08009f29   Thumb Code    38  usmart.o(i.usmart_reset_runtime)
    usmart_scan                              0x08009f59   Thumb Code   120  usmart.o(i.usmart_scan)
    usmart_search_nextc                      0x0800a015   Thumb Code    22  usmart_str.o(i.usmart_search_nextc)
    usmart_str2num                           0x0800a02b   Thumb Code   202  usmart_str.o(i.usmart_str2num)
    usmart_strcmp                            0x0800a0f5   Thumb Code    34  usmart_str.o(i.usmart_strcmp)
    usmart_strcopy                           0x0800a117   Thumb Code    22  usmart_str.o(i.usmart_strcopy)
    usmart_strlen                            0x0800a12d   Thumb Code    24  usmart_str.o(i.usmart_strlen)
    usmart_sys_cmd_exe                       0x0800a145   Thumb Code  1554  usmart.o(i.usmart_sys_cmd_exe)
    uxListRemove                             0x0800a829   Thumb Code    40  list.o(i.uxListRemove)
    vListInitialise                          0x0800a851   Thumb Code    26  list.o(i.vListInitialise)
    vListInitialiseItem                      0x0800a86b   Thumb Code     6  list.o(i.vListInitialiseItem)
    vListInsert                              0x0800a871   Thumb Code    52  list.o(i.vListInsert)
    vListInsertEnd                           0x0800a8a5   Thumb Code    24  list.o(i.vListInsertEnd)
    vPortEnterCritical                       0x0800a8bd   Thumb Code    68  port.o(i.vPortEnterCritical)
    vPortExitCritical                        0x0800a945   Thumb Code    48  port.o(i.vPortExitCritical)
    vPortFree                                0x0800a9b5   Thumb Code   130  heap_4.o(i.vPortFree)
    vPortSetupTimerInterrupt                 0x0800aa7d   Thumb Code    20  port.o(i.vPortSetupTimerInterrupt)
    vPortValidateInterruptPriority           0x0800aa95   Thumb Code    86  port.o(i.vPortValidateInterruptPriority)
    vQueueAddToRegistry                      0x0800ab35   Thumb Code    38  queue.o(i.vQueueAddToRegistry)
    vQueueWaitForMessageRestricted           0x0800ab61   Thumb Code    74  queue.o(i.vQueueWaitForMessageRestricted)
    vTaskDelay                               0x0800abad   Thumb Code    72  tasks.o(i.vTaskDelay)
    vTaskDelete                              0x0800ac21   Thumb Code   192  tasks.o(i.vTaskDelete)
    vTaskInternalSetTimeOutState             0x0800ad2d   Thumb Code    14  tasks.o(i.vTaskInternalSetTimeOutState)
    vTaskMissedYield                         0x0800ad8d   Thumb Code     8  tasks.o(i.vTaskMissedYield)
    vTaskPlaceOnEventList                    0x0800ad99   Thumb Code    42  tasks.o(i.vTaskPlaceOnEventList)
    vTaskPlaceOnEventListRestricted          0x0800aded   Thumb Code    50  tasks.o(i.vTaskPlaceOnEventListRestricted)
    vTaskPriorityDisinheritAfterTimeout      0x0800ae49   Thumb Code   196  tasks.o(i.vTaskPriorityDisinheritAfterTimeout)
    vTaskStartScheduler                      0x0800af75   Thumb Code   108  tasks.o(i.vTaskStartScheduler)
    vTaskSuspendAll                          0x0800b021   Thumb Code    12  tasks.o(i.vTaskSuspendAll)
    vTaskSwitchContext                       0x0800b031   Thumb Code   110  tasks.o(i.vTaskSwitchContext)
    voice_End_Receive                        0x0800b1e9   Thumb Code    62  voice_access.o(i.voice_End_Receive)
    voice_Receive                            0x0800b23d   Thumb Code   134  voice_access.o(i.voice_Receive)
    voice_info_size                          0x0800b2e5   Thumb Code    26  voice_access.o(i.voice_info_size)
    write_addr                               0x0800b311   Thumb Code     4  usmart.o(i.write_addr)
    xPortStartScheduler                      0x0800b315   Thumb Code   322  port.o(i.xPortStartScheduler)
    xPortSysTickHandler                      0x0800b4b1   Thumb Code    46  port.o(i.xPortSysTickHandler)
    xQueueCreateMutex                        0x0800b4e5   Thumb Code    34  queue.o(i.xQueueCreateMutex)
    xQueueGenericCreate                      0x0800b509   Thumb Code    74  queue.o(i.xQueueGenericCreate)
    xQueueGenericReset                       0x0800b579   Thumb Code   136  queue.o(i.xQueueGenericReset)
    xQueueGenericSend                        0x0800b629   Thumb Code   426  queue.o(i.xQueueGenericSend)
    xQueueGenericSendFromISR                 0x0800b7fd   Thumb Code   244  queue.o(i.xQueueGenericSendFromISR)
    xQueueGiveFromISR                        0x0800b915   Thumb Code   214  queue.o(i.xQueueGiveFromISR)
    xQueueReceive                            0x0800ba11   Thumb Code   326  queue.o(i.xQueueReceive)
    xQueueSemaphoreTake                      0x0800bb81   Thumb Code   394  queue.o(i.xQueueSemaphoreTake)
    xTaskCheckForTimeOut                     0x0800bd35   Thumb Code   112  tasks.o(i.xTaskCheckForTimeOut)
    xTaskCreate                              0x0800bdd1   Thumb Code    96  tasks.o(i.xTaskCreate)
    xTaskGetSchedulerState                   0x0800be31   Thumb Code    24  tasks.o(i.xTaskGetSchedulerState)
    xTaskGetTickCount                        0x0800be51   Thumb Code     6  tasks.o(i.xTaskGetTickCount)
    xTaskIncrementTick                       0x0800be5d   Thumb Code   272  tasks.o(i.xTaskIncrementTick)
    xTaskPriorityDisinherit                  0x0800bfbd   Thumb Code   168  tasks.o(i.xTaskPriorityDisinherit)
    xTaskPriorityInherit                     0x0800c095   Thumb Code   172  tasks.o(i.xTaskPriorityInherit)
    xTaskRemoveFromEventList                 0x0800c14d   Thumb Code   118  tasks.o(i.xTaskRemoveFromEventList)
    xTaskResumeAll                           0x0800c201   Thumb Code   214  tasks.o(i.xTaskResumeAll)
    xTimerCreateTimerTask                    0x0800c321   Thumb Code    56  timers.o(i.xTimerCreateTimerTask)
    xTimerGenericCommand                     0x0800c395   Thumb Code   116  timers.o(i.xTimerGenericCommand)
    I2S_PSC_TBL                              0x0800c434   Data         110  bsp_i2s.o(.constdata)
    i2splaybuf                               0x0800c4a2   Data           4  voice_access.o(.constdata)
    base64_tab                               0x0800c4a6   Data          64  base64.o(.constdata)
    EventRecorderInfo                        0x080370f8   Data          24  eventrecorder.o(.constdata)
    Region$$Table$$Base                      0x08037530   Number         0  anon$$obj.o(Region$$Table)
    Region$$Table$$Limit                     0x08037550   Number         0  anon$$obj.o(Region$$Table)
    xKeySemaphoreHandle                      0x20000010   Data           4  main.o(.data)
    xSpeechRecSemaphoreHandle                0x20000014   Data           4  main.o(.data)
    xDmaModeMutexHandle                      0x20000018   Data           4  main.o(.data)
    TransferError                            0x2000002a   Data           1  bsp_sdio_sdcard.o(.data)
    TransferEnd                              0x2000002b   Data           1  bsp_sdio_sdcard.o(.data)
    tempbuff                                 0x2000002c   Data           4  bsp_sdio_sdcard.o(.data)
    i2s_tx_callback                          0x200000a4   Data           4  bsp_i2s.o(.data)
    i2s_rx_callback                          0x200000a8   Data           4  bsp_i2s.o(.data)
    keyval                                   0x200000ac   Data           1  bsp_key.o(.data)
    SpeechRecStr                             0x200000b0   Data           4  speech_rec.o(.data)
    SpeechRecStrBody                         0x200000b4   Data           4  speech_rec.o(.data)
    i2srecbuf1                               0x200000bc   Data           4  voice_access.o(.data)
    i2srecbuf2                               0x200000c0   Data           4  voice_access.o(.data)
    f_rec                                    0x200000c4   Data           4  voice_access.o(.data)
    wavsize                                  0x200000c8   Data           4  voice_access.o(.data)
    rec_sta                                  0x200000cc   Data           1  voice_access.o(.data)
    sys_cmd_tab                              0x200000d0   Data          28  usmart.o(.data)
    usmart_nametab                           0x200000ec   Data         224  usmart_config.o(.data)
    usmart_dev                               0x200001cc   Data         244  usmart_config.o(.data)
    __stdout                                 0x200002c4   Data           4  usart.o(.data)
    USART_RX_STA                             0x200002c8   Data           2  usart.o(.data)
    pxCurrentTCB                             0x200002cc   Data           4  tasks.o(.data)
    fs                                       0x20000350   Data           4  exfuns.o(.data)
    file                                     0x20000354   Data           4  exfuns.o(.data)
    ftemp                                    0x20000358   Data           4  exfuns.o(.data)
    br                                       0x2000035c   Data           4  exfuns.o(.data)
    bw                                       0x20000360   Data           4  exfuns.o(.data)
    fatbuf                                   0x20000364   Data           4  exfuns.o(.data)
    __microlib_freelist                      0x2000037c   Data           4  mvars.o(.data)
    __microlib_freelist_initialised          0x20000380   Data           4  mvars.o(.data)
    SDIO_InitStructure                       0x20000388   Data          24  bsp_sdio_sdcard.o(.bss)
    SDIO_CmdInitStructure                    0x200003a0   Data          20  bsp_sdio_sdcard.o(.bss)
    SDIO_DataInitStructure                   0x200003b4   Data          24  bsp_sdio_sdcard.o(.bss)
    SDCardInfo                               0x200003f0   Data          88  bsp_sdio_sdcard.o(.bss)
    SDIO_DATA_BUFFER                         0x20000448   Data         512  bsp_sdio_sdcard.o(.bss)
    USART_RX_BUF                             0x20000648   Data         200  usart.o(.bss)
    xQueueRegistry                           0x20000710   Data          64  queue.o(.bss)
    dir                                      0x2000591c   Data          48  exfuns.o(.bss)
    __heap_base                              0x20005f68   Data           0  startup_stm32f40_41xxx.o(HEAP)
    __heap_limit                             0x20017f68   Data           0  startup_stm32f40_41xxx.o(HEAP)
    __initial_sp                             0x20018368   Data           0  startup_stm32f40_41xxx.o(STACK)



==============================================================================

Memory Map of the image

  Image Entry point : 0x08000189

  Load Region LR_IROM1 (Base: 0x08000000, Size: 0x000378d4, Max: 0x00080000, ABSOLUTE, COMPRESSED[0x0003768c])

    Execution Region ER_IROM1 (Exec base: 0x08000000, Load base: 0x08000000, Size: 0x00037550, Max: 0x00080000, ABSOLUTE)

    Exec Addr    Load Addr    Size         Type   Attr      Idx    E Section Name        Object

    0x08000000   0x08000000   0x00000188   Data   RO         3667    RESET               startup_stm32f40_41xxx.o
    0x08000188   0x08000188   0x00000000   Code   RO         6043  * .ARM.Collect$$$$00000000  mc_w.l(entry.o)
    0x08000188   0x08000188   0x00000004   Code   RO         6370    .ARM.Collect$$$$00000001  mc_w.l(entry2.o)
    0x0800018c   0x0800018c   0x00000004   Code   RO         6373    .ARM.Collect$$$$00000004  mc_w.l(entry5.o)
    0x08000190   0x08000190   0x00000000   Code   RO         6375    .ARM.Collect$$$$00000008  mc_w.l(entry7b.o)
    0x08000190   0x08000190   0x00000000   Code   RO         6377    .ARM.Collect$$$$0000000A  mc_w.l(entry8b.o)
    0x08000190   0x08000190   0x00000008   Code   RO         6378    .ARM.Collect$$$$0000000B  mc_w.l(entry9a.o)
    0x08000198   0x08000198   0x00000000   Code   RO         6380    .ARM.Collect$$$$0000000D  mc_w.l(entry10a.o)
    0x08000198   0x08000198   0x00000000   Code   RO         6382    .ARM.Collect$$$$0000000F  mc_w.l(entry11a.o)
    0x08000198   0x08000198   0x00000004   Code   RO         6371    .ARM.Collect$$$$00002712  mc_w.l(entry2.o)
    0x0800019c   0x0800019c   0x00000010   Code   RO         1601    .emb_text           sys.o
    0x080001ac   0x080001ac   0x000000be   Code   RO         2865    .emb_text           port.o
    0x0800026a   0x0800026a   0x00000002   PAD
    0x0800026c   0x0800026c   0x00000024   Code   RO         3668    .text               startup_stm32f40_41xxx.o
    0x08000290   0x08000290   0x00000062   Code   RO         6051    .text               mc_w.l(ldiv.o)
    0x080002f2   0x080002f2   0x00000024   Code   RO         6053    .text               mc_w.l(memcpya.o)
    0x08000316   0x08000316   0x00000024   Code   RO         6057    .text               mc_w.l(memseta.o)
    0x0800033a   0x0800033a   0x0000000e   Code   RO         6061    .text               mc_w.l(strlen.o)
    0x08000348   0x08000348   0x0000014e   Code   RO         6358    .text               mf_w.l(dadd.o)
    0x08000496   0x08000496   0x000000e4   Code   RO         6360    .text               mf_w.l(dmul.o)
    0x0800057a   0x0800057a   0x000000de   Code   RO         6362    .text               mf_w.l(ddiv.o)
    0x08000658   0x08000658   0x0000001a   Code   RO         6364    .text               mf_w.l(dfltui.o)
    0x08000672   0x08000672   0x0000003e   Code   RO         6366    .text               mf_w.l(dfixi.o)
    0x080006b0   0x080006b0   0x00000030   Code   RO         6368    .text               mf_w.l(cdrcmple.o)
    0x080006e0   0x080006e0   0x00000062   Code   RO         6386    .text               mc_w.l(uldiv.o)
    0x08000742   0x08000742   0x0000001e   Code   RO         6388    .text               mc_w.l(llshl.o)
    0x08000760   0x08000760   0x00000020   Code   RO         6390    .text               mc_w.l(llushr.o)
    0x08000780   0x08000780   0x00000024   Code   RO         6392    .text               mc_w.l(llsshr.o)
    0x080007a4   0x080007a4   0x00000000   Code   RO         6396    .text               mc_w.l(iusefp.o)
    0x080007a4   0x080007a4   0x000000ba   Code   RO         6397    .text               mf_w.l(depilogue.o)
    0x0800085e   0x0800085e   0x00000002   PAD
    0x08000860   0x08000860   0x00000024   Code   RO         6401    .text               mc_w.l(init.o)
    0x08000884   0x08000884   0x00000056   Code   RO         6411    .text               mc_w.l(__dczerorl2.o)
    0x080008da   0x080008da   0x00000002   PAD
    0x080008dc   0x080008dc   0x00000012   Code   RO         5828    OSKERNEL            hardfaulthandler.o
    0x080008ee   0x080008ee   0x00000004   Code   RO         3674    i.BusFault_Handler  stm32f4xx_it.o
    0x080008f2   0x080008f2   0x00000030   Code   RO          399    i.CmdError          bsp_sdio_sdcard.o
    0x08000922   0x08000922   0x00000002   PAD
    0x08000924   0x08000924   0x00000064   Code   RO          400    i.CmdResp1Error     bsp_sdio_sdcard.o
    0x08000988   0x08000988   0x00000054   Code   RO          401    i.CmdResp2Error     bsp_sdio_sdcard.o
    0x080009dc   0x080009dc   0x00000038   Code   RO          402    i.CmdResp3Error     bsp_sdio_sdcard.o
    0x08000a14   0x08000a14   0x00000094   Code   RO          403    i.CmdResp6Error     bsp_sdio_sdcard.o
    0x08000aa8   0x08000aa8   0x0000004c   Code   RO          404    i.CmdResp7Error     bsp_sdio_sdcard.o
    0x08000af4   0x08000af4   0x0000002c   Code   RO          810    i.DMA1_Stream3_IRQHandler  bsp_i2s.o
    0x08000b20   0x08000b20   0x0000002c   Code   RO          811    i.DMA1_Stream4_IRQHandler  bsp_i2s.o
    0x08000b4c   0x08000b4c   0x00000040   Code   RO          972    i.DMA1_Stream6_IRQHandler  bsp_dma.o
    0x08000b8c   0x08000b8c   0x00000034   Code   RO         5345    i.DMA_ClearITPendingBit  stm32f4xx_dma.o
    0x08000bc0   0x08000bc0   0x00000016   Code   RO         5346    i.DMA_Cmd           stm32f4xx_dma.o
    0x08000bd6   0x08000bd6   0x00000002   PAD
    0x08000bd8   0x08000bd8   0x00000158   Code   RO         5347    i.DMA_DeInit        stm32f4xx_dma.o
    0x08000d30   0x08000d30   0x00000016   Code   RO         5348    i.DMA_DoubleBufferModeCmd  stm32f4xx_dma.o
    0x08000d46   0x08000d46   0x00000018   Code   RO         5349    i.DMA_DoubleBufferModeConfig  stm32f4xx_dma.o
    0x08000d5e   0x08000d5e   0x00000016   Code   RO         5350    i.DMA_FlowControllerConfig  stm32f4xx_dma.o
    0x08000d74   0x08000d74   0x00000014   Code   RO         5351    i.DMA_GetCmdStatus  stm32f4xx_dma.o
    0x08000d88   0x08000d88   0x00000064   Code   RO         5356    i.DMA_GetITStatus   stm32f4xx_dma.o
    0x08000dec   0x08000dec   0x0000003a   Code   RO         5357    i.DMA_ITConfig      stm32f4xx_dma.o
    0x08000e26   0x08000e26   0x00000002   PAD
    0x08000e28   0x08000e28   0x00000058   Code   RO         5358    i.DMA_Init          stm32f4xx_dma.o
    0x08000e80   0x08000e80   0x00000004   Code   RO         5361    i.DMA_SetCurrDataCounter  stm32f4xx_dma.o
    0x08000e84   0x08000e84   0x00000002   Code   RO         3675    i.DebugMon_Handler  stm32f4xx_it.o
    0x08000e86   0x08000e86   0x00000002   PAD
    0x08000e88   0x08000e88   0x00000044   Code   RO          932    i.EXTI15_10_IRQHandler  bsp_exti.o
    0x08000ecc   0x08000ecc   0x0000000c   Code   RO         5283    i.EXTI_ClearITPendingBit  stm32f4xx_exti.o
    0x08000ed8   0x08000ed8   0x00000018   Code   RO         5287    i.EXTI_GetITStatus  stm32f4xx_exti.o
    0x08000ef0   0x08000ef0   0x00000094   Code   RO         5288    i.EXTI_Init         stm32f4xx_exti.o
    0x08000f84   0x08000f84   0x00000194   Code   RO          405    i.FindSCR           bsp_sdio_sdcard.o
    0x08001118   0x08001118   0x00000018   Code   RO         1448    i.FuncTest          usmart_config.o
    0x08001130   0x08001130   0x00000090   Code   RO         3803    i.GPIO_Init         stm32f4xx_gpio.o
    0x080011c0   0x080011c0   0x00000046   Code   RO         3804    i.GPIO_PinAFConfig  stm32f4xx_gpio.o
    0x08001206   0x08001206   0x00000002   PAD
    0x08001208   0x08001208   0x0000000c   Code   RO          973    i.GetDmaStatus      bsp_dma.o
    0x08001214   0x08001214   0x000000b4   Code   RO         5833    i.HardFaultHandler  segger_hardfaulthandler.o
    0x080012c8   0x080012c8   0x00000064   Code   RO          812    i.I2S2_Init         bsp_i2s.o
    0x0800132c   0x0800132c   0x000000a0   Code   RO          813    i.I2S2_SampleRate_Set  bsp_i2s.o
    0x080013cc   0x080013cc   0x000000b0   Code   RO          814    i.I2S2_TX_DMA_Init  bsp_i2s.o
    0x0800147c   0x0800147c   0x0000004c   Code   RO          815    i.I2S2ext_Init      bsp_i2s.o
    0x080014c8   0x080014c8   0x000000b0   Code   RO          816    i.I2S2ext_RX_DMA_Init  bsp_i2s.o
    0x08001578   0x08001578   0x00000018   Code   RO         5666    i.I2S_Cmd           stm32f4xx_spi.o
    0x08001590   0x08001590   0x00000050   Code   RO         5667    i.I2S_FullDuplexConfig  stm32f4xx_spi.o
    0x080015e0   0x080015e0   0x00000198   Code   RO         5668    i.I2S_Init          stm32f4xx_spi.o
    0x08001778   0x08001778   0x00000010   Code   RO          817    i.I2S_Play_Start    bsp_i2s.o
    0x08001788   0x08001788   0x00000010   Code   RO          818    i.I2S_Play_Stop     bsp_i2s.o
    0x08001798   0x08001798   0x00000010   Code   RO          819    i.I2S_Rec_Start     bsp_i2s.o
    0x080017a8   0x080017a8   0x00000010   Code   RO          820    i.I2S_Rec_Stop      bsp_i2s.o
    0x080017b8   0x080017b8   0x0000004c   Code   RO          749    i.IIC_Init          bsp_myiic.o
    0x08001804   0x08001804   0x00000068   Code   RO          752    i.IIC_Send_Byte     bsp_myiic.o
    0x0800186c   0x0800186c   0x0000004c   Code   RO          753    i.IIC_Start         bsp_myiic.o
    0x080018b8   0x080018b8   0x0000004c   Code   RO          754    i.IIC_Stop          bsp_myiic.o
    0x08001904   0x08001904   0x00000060   Code   RO          755    i.IIC_Wait_Ack      bsp_myiic.o
    0x08001964   0x08001964   0x000000a0   Code   RO          406    i.IsCardProgramming  bsp_sdio_sdcard.o
    0x08001a04   0x08001a04   0x00000004   Code   RO         3676    i.MemManage_Handler  stm32f4xx_it.o
    0x08001a08   0x08001a08   0x00000002   Code   RO         3677    i.NMI_Handler       stm32f4xx_it.o
    0x08001a0a   0x08001a0a   0x00000002   PAD
    0x08001a0c   0x08001a0c   0x00000078   Code   RO         3758    i.NVIC_Init         misc.o
    0x08001a84   0x08001a84   0x00000014   Code   RO         3759    i.NVIC_PriorityGroupConfig  misc.o
    0x08001a98   0x08001a98   0x00000020   Code   RO         3900    i.RCC_AHB1PeriphClockCmd  stm32f4xx_rcc.o
    0x08001ab8   0x08001ab8   0x00000020   Code   RO         3909    i.RCC_APB1PeriphClockCmd  stm32f4xx_rcc.o
    0x08001ad8   0x08001ad8   0x00000020   Code   RO         3911    i.RCC_APB1PeriphResetCmd  stm32f4xx_rcc.o
    0x08001af8   0x08001af8   0x00000020   Code   RO         3912    i.RCC_APB2PeriphClockCmd  stm32f4xx_rcc.o
    0x08001b18   0x08001b18   0x00000020   Code   RO         3914    i.RCC_APB2PeriphResetCmd  stm32f4xx_rcc.o
    0x08001b38   0x08001b38   0x000000e8   Code   RO         3921    i.RCC_GetClocksFreq  stm32f4xx_rcc.o
    0x08001c20   0x08001c20   0x0000000c   Code   RO         3940    i.RCC_PLLI2SCmd     stm32f4xx_rcc.o
    0x08001c2c   0x08001c2c   0x00000010   Code   RO         3941    i.RCC_PLLI2SConfig  stm32f4xx_rcc.o
    0x08001c3c   0x08001c3c   0x000000ac   Code   RO          407    i.SDEnWideBus       bsp_sdio_sdcard.o
    0x08001ce8   0x08001ce8   0x0000000c   Code   RO         5473    i.SDIO_ClearFlag    stm32f4xx_sdio.o
    0x08001cf4   0x08001cf4   0x00000014   Code   RO          408    i.SDIO_Clock_Set    bsp_sdio_sdcard.o
    0x08001d08   0x08001d08   0x00000034   Code   RO         5479    i.SDIO_DataConfig   stm32f4xx_sdio.o
    0x08001d3c   0x08001d3c   0x00000018   Code   RO         5485    i.SDIO_GetFlagStatus  stm32f4xx_sdio.o
    0x08001d54   0x08001d54   0x00000010   Code   RO         5487    i.SDIO_GetPowerState  stm32f4xx_sdio.o
    0x08001d64   0x08001d64   0x00000008   Code   RO          409    i.SDIO_IRQHandler   bsp_sdio_sdcard.o
    0x08001d6c   0x08001d6c   0x00000030   Code   RO         5490    i.SDIO_Init         stm32f4xx_sdio.o
    0x08001d9c   0x08001d9c   0x00000038   Code   RO          410    i.SDIO_Register_Deinit  bsp_sdio_sdcard.o
    0x08001dd4   0x08001dd4   0x0000002c   Code   RO         5493    i.SDIO_SendCommand  stm32f4xx_sdio.o
    0x08001e00   0x08001e00   0x0000000c   Code   RO         5495    i.SDIO_SetPowerState  stm32f4xx_sdio.o
    0x08001e0c   0x08001e0c   0x00000080   Code   RO          411    i.SD_DMA_Config     bsp_sdio_sdcard.o
    0x08001e8c   0x08001e8c   0x00000068   Code   RO          412    i.SD_EnableWideBusOperation  bsp_sdio_sdcard.o
    0x08001ef4   0x08001ef4   0x00000314   Code   RO          413    i.SD_GetCardInfo    bsp_sdio_sdcard.o
    0x08002208   0x08002208   0x00000134   Code   RO          415    i.SD_Init           bsp_sdio_sdcard.o
    0x0800233c   0x0800233c   0x00000164   Code   RO          416    i.SD_InitializeCards  bsp_sdio_sdcard.o
    0x080024a0   0x080024a0   0x000001e4   Code   RO          418    i.SD_PowerON        bsp_sdio_sdcard.o
    0x08002684   0x08002684   0x00000154   Code   RO          419    i.SD_ProcessIRQSrc  bsp_sdio_sdcard.o
    0x080027d8   0x080027d8   0x00000268   Code   RO          420    i.SD_ReadBlock      bsp_sdio_sdcard.o
    0x08002a40   0x08002a40   0x00000098   Code   RO          421    i.SD_ReadDisk       bsp_sdio_sdcard.o
    0x08002ad8   0x08002ad8   0x000002f4   Code   RO          422    i.SD_ReadMultiBlocks  bsp_sdio_sdcard.o
    0x08002dcc   0x08002dcc   0x00000030   Code   RO          423    i.SD_SelectDeselect  bsp_sdio_sdcard.o
    0x08002dfc   0x08002dfc   0x00000018   Code   RO          425    i.SD_SetDeviceMode  bsp_sdio_sdcard.o
    0x08002e14   0x08002e14   0x00000388   Code   RO          426    i.SD_WriteBlock     bsp_sdio_sdcard.o
    0x0800319c   0x0800319c   0x00000098   Code   RO          427    i.SD_WriteDisk      bsp_sdio_sdcard.o
    0x08003234   0x08003234   0x000003d0   Code   RO          428    i.SD_WriteMultiBlocks  bsp_sdio_sdcard.o
    0x08003604   0x08003604   0x00000012   Code   RO         5678    i.SPI_I2S_DMACmd    stm32f4xx_spi.o
    0x08003616   0x08003616   0x00000002   PAD
    0x08003618   0x08003618   0x00000040   Code   RO         4237    i.SYSCFG_EXTILineConfig  stm32f4xx_syscfg.o
    0x08003658   0x08003658   0x00000034   Code   RO          974    i.SetDmaStatus      bsp_dma.o
    0x0800368c   0x0800368c   0x000000ec   Code   RO         3721    i.SetSysClock       system_stm32f4xx.o
    0x08003778   0x08003778   0x0000003c   Code   RO         1122    i.Speech_Handle     speech_rec.o
    0x080037b4   0x080037b4   0x00000028   Code   RO         3762    i.SysTick_CLKSourceConfig  misc.o
    0x080037dc   0x080037dc   0x00000010   Code   RO         1555    i.SysTick_Handler   delay.o
    0x080037ec   0x080037ec   0x00000068   Code   RO         3723    i.SystemInit        system_stm32f4xx.o
    0x08003854   0x08003854   0x00000038   Code   RO         1364    i.TIM4_IRQHandler   usmart.o
    0x0800388c   0x0800388c   0x00000006   Code   RO         4730    i.TIM_ClearFlag     stm32f4xx_tim.o
    0x08003892   0x08003892   0x00000006   Code   RO         4731    i.TIM_ClearITPendingBit  stm32f4xx_tim.o
    0x08003898   0x08003898   0x00000018   Code   RO         4736    i.TIM_Cmd           stm32f4xx_tim.o
    0x080038b0   0x080038b0   0x00000006   Code   RO         4755    i.TIM_GetCounter    stm32f4xx_tim.o
    0x080038b6   0x080038b6   0x00000012   Code   RO         4756    i.TIM_GetFlagStatus  stm32f4xx_tim.o
    0x080038c8   0x080038c8   0x00000022   Code   RO         4757    i.TIM_GetITStatus   stm32f4xx_tim.o
    0x080038ea   0x080038ea   0x00000012   Code   RO         4761    i.TIM_ITConfig      stm32f4xx_tim.o
    0x080038fc   0x080038fc   0x00000004   Code   RO         4796    i.TIM_SetAutoreload  stm32f4xx_tim.o
    0x08003900   0x08003900   0x00000004   Code   RO         4802    i.TIM_SetCounter    stm32f4xx_tim.o
    0x08003904   0x08003904   0x00000084   Code   RO         4808    i.TIM_TimeBaseInit  stm32f4xx_tim.o
    0x08003988   0x08003988   0x0000005c   Code   RO         1365    i.Timer4_Init       usmart.o
    0x080039e4   0x080039e4   0x00000088   Code   RO         1619    i.USART1_IRQHandler  usart.o
    0x08003a6c   0x08003a6c   0x00000014   Code   RO         1030    i.USART2_IRQHandler  bsp_usart.o
    0x08003a80   0x08003a80   0x00000018   Code   RO         4294    i.USART_Cmd         stm32f4xx_usart.o
    0x08003a98   0x08003a98   0x00000012   Code   RO         4295    i.USART_DMACmd      stm32f4xx_usart.o
    0x08003aaa   0x08003aaa   0x00000054   Code   RO         4298    i.USART_GetITStatus  stm32f4xx_usart.o
    0x08003afe   0x08003afe   0x0000004a   Code   RO         4300    i.USART_ITConfig    stm32f4xx_usart.o
    0x08003b48   0x08003b48   0x000000d4   Code   RO         4301    i.USART_Init        stm32f4xx_usart.o
    0x08003c1c   0x08003c1c   0x0000000a   Code   RO         4308    i.USART_ReceiveData  stm32f4xx_usart.o
    0x08003c26   0x08003c26   0x00000004   Code   RO         3678    i.UsageFault_Handler  stm32f4xx_it.o
    0x08003c2a   0x08003c2a   0x00000040   Code   RO          616    i.WM8978_ADDA_Cfg   bsp_wm8978.o
    0x08003c6a   0x08003c6a   0x00000036   Code   RO          617    i.WM8978_AUX_Gain   bsp_wm8978.o
    0x08003ca0   0x08003ca0   0x0000002e   Code   RO          624    i.WM8978_HPvol_Set  bsp_wm8978.o
    0x08003cce   0x08003cce   0x0000001c   Code   RO          625    i.WM8978_I2S_Cfg    bsp_wm8978.o
    0x08003cea   0x08003cea   0x00000002   PAD
    0x08003cec   0x08003cec   0x000000fc   Code   RO          626    i.WM8978_Init       bsp_wm8978.o
    0x08003de8   0x08003de8   0x00000066   Code   RO          627    i.WM8978_Input_Cfg  bsp_wm8978.o
    0x08003e4e   0x08003e4e   0x00000036   Code   RO          628    i.WM8978_LINEIN_Gain  bsp_wm8978.o
    0x08003e84   0x08003e84   0x0000001c   Code   RO          629    i.WM8978_MIC_Gain   bsp_wm8978.o
    0x08003ea0   0x08003ea0   0x0000002a   Code   RO          630    i.WM8978_Output_Cfg  bsp_wm8978.o
    0x08003eca   0x08003eca   0x00000002   PAD
    0x08003ecc   0x08003ecc   0x00000010   Code   RO          631    i.WM8978_Read_Reg   bsp_wm8978.o
    0x08003edc   0x08003edc   0x00000022   Code   RO          632    i.WM8978_SPKvol_Set  bsp_wm8978.o
    0x08003efe   0x08003efe   0x00000002   PAD
    0x08003f00   0x08003f00   0x00000054   Code   RO          633    i.WM8978_Write_Reg  bsp_wm8978.o
    0x08003f54   0x08003f54   0x00000020   Code   RO         6276    i.__0printf$8       mc_w.l(printf8.o)
    0x08003f74   0x08003f74   0x00000028   Code   RO         6278    i.__0sprintf$8      mc_w.l(printf8.o)
    0x08003f9c   0x08003f9c   0x00000014   Code   RO         6037    i.__hardfp_fabs     m_wm.l(fabs.o)
    0x08003fb0   0x08003fb0   0x0000000e   Code   RO         6405    i.__scatterload_copy  mc_w.l(handlers.o)
    0x08003fbe   0x08003fbe   0x00000002   Code   RO         6406    i.__scatterload_null  mc_w.l(handlers.o)
    0x08003fc0   0x08003fc0   0x0000000e   Code   RO         6407    i.__scatterload_zeroinit  mc_w.l(handlers.o)
    0x08003fce   0x08003fce   0x00000002   PAD
    0x08003fd0   0x08003fd0   0x00000410   Code   RO         6283    i._printf_core      mc_w.l(printf8.o)
    0x080043e0   0x080043e0   0x00000024   Code   RO         6284    i._printf_post_padding  mc_w.l(printf8.o)
    0x08004404   0x08004404   0x0000002e   Code   RO         6285    i._printf_pre_padding  mc_w.l(printf8.o)
    0x08004432   0x08004432   0x0000000a   Code   RO         6287    i._sputc            mc_w.l(printf8.o)
    0x0800443c   0x0800443c   0x000000dc   Code   RO         1294    i.base64_array_encoding  base64.o
    0x08004518   0x08004518   0x000000a0   Code   RO         1295    i.base64_encoding   base64.o
    0x080045b8   0x080045b8   0x0000000c   Code   RO          975    i.bspDmaUsartInit   bsp_dma.o
    0x080045c4   0x080045c4   0x00000094   Code   RO          976    i.bspDmaUsartSendCfg  bsp_dma.o
    0x08004658   0x08004658   0x00000050   Code   RO          933    i.bspExitInit       bsp_exti.o
    0x080046a8   0x080046a8   0x000000ac   Code   RO          287    i.bspInit           bsp.o
    0x08004754   0x08004754   0x00000030   Code   RO          897    i.bspKeyInit        bsp_key.o
    0x08004784   0x08004784   0x00000034   Code   RO          372    i.bspLedInit        bsp_led.o
    0x080047b8   0x080047b8   0x00000024   Code   RO          373    i.bspLedToggle      bsp_led.o
    0x080047dc   0x080047dc   0x000000ac   Code   RO         1031    i.bspUsartInit      bsp_usart.o
    0x08004888   0x08004888   0x00000080   Code   RO         3003    i.check_fs          ff.o
    0x08004908   0x08004908   0x00000018   Code   RO         3004    i.chk_chr           ff.o
    0x08004920   0x08004920   0x0000001a   Code   RO         3005    i.clst2sect         ff.o
    0x0800493a   0x0800493a   0x00000002   PAD
    0x0800493c   0x0800493c   0x00000098   Code   RO         3006    i.cmp_lfn           ff.o
    0x080049d4   0x080049d4   0x00000012   Code   RO          429    i.convert_from_bytes_to_power_of_two  bsp_sdio_sdcard.o
    0x080049e6   0x080049e6   0x00000120   Code   RO         3007    i.create_chain      ff.o
    0x08004b06   0x08004b06   0x00000002   PAD
    0x08004b08   0x08004b08   0x00000254   Code   RO         3008    i.create_name       ff.o
    0x08004d5c   0x08004d5c   0x0000015c   Code   RO         3009    i.create_partition  ff.o
    0x08004eb8   0x08004eb8   0x00000034   Code   RO         3010    i.dbc_1st           ff.o
    0x08004eec   0x08004eec   0x00000048   Code   RO         3011    i.dbc_2nd           ff.o
    0x08004f34   0x08004f34   0x00000044   Code   RO         1556    i.delay_init        delay.o
    0x08004f78   0x08004f78   0x00000040   Code   RO         1557    i.delay_ms          delay.o
    0x08004fb8   0x08004fb8   0x00000048   Code   RO         1558    i.delay_us          delay.o
    0x08005000   0x08005000   0x00000060   Code   RO         3012    i.dir_alloc         ff.o
    0x08005060   0x08005060   0x000000c6   Code   RO         3013    i.dir_clear         ff.o
    0x08005126   0x08005126   0x000000fc   Code   RO         3014    i.dir_find          ff.o
    0x08005222   0x08005222   0x000000ca   Code   RO         3015    i.dir_next          ff.o
    0x080052ec   0x080052ec   0x000000d2   Code   RO         3016    i.dir_read          ff.o
    0x080053be   0x080053be   0x00000142   Code   RO         3017    i.dir_register      ff.o
    0x08005500   0x08005500   0x00000060   Code   RO         3018    i.dir_remove        ff.o
    0x08005560   0x08005560   0x0000009a   Code   RO         3019    i.dir_sdi           ff.o
    0x080055fa   0x080055fa   0x00000028   Code   RO         2950    i.disk_initialize   diskio.o
    0x08005622   0x08005622   0x00000002   PAD
    0x08005624   0x08005624   0x00000070   Code   RO         2951    i.disk_ioctl        diskio.o
    0x08005694   0x08005694   0x00000062   Code   RO         2952    i.disk_read         diskio.o
    0x080056f6   0x080056f6   0x00000006   Code   RO         2953    i.disk_status       diskio.o
    0x080056fc   0x080056fc   0x00000062   Code   RO         2954    i.disk_write        diskio.o
    0x0800575e   0x0800575e   0x00000002   PAD
    0x08005760   0x08005760   0x0000007c   Code   RO         3463    i.exfuns_init       exfuns.o
    0x080057dc   0x080057dc   0x00000022   Code   RO         3020    i.f_close           ff.o
    0x080057fe   0x080057fe   0x00000018   Code   RO         3021    i.f_closedir        ff.o
    0x08005816   0x08005816   0x000000f6   Code   RO         3022    i.f_getfree         ff.o
    0x0800590c   0x0800590c   0x000000be   Code   RO         3023    i.f_getlabel        ff.o
    0x080059ca   0x080059ca   0x00000052   Code   RO         3024    i.f_gets            ff.o
    0x08005a1c   0x08005a1c   0x00000184   Code   RO         3025    i.f_lseek           ff.o
    0x08005ba0   0x08005ba0   0x00000124   Code   RO         3026    i.f_mkdir           ff.o
    0x08005cc4   0x08005cc4   0x00000754   Code   RO         3027    i.f_mkfs            ff.o
    0x08006418   0x08006418   0x00000054   Code   RO         3028    i.f_mount           ff.o
    0x0800646c   0x0800646c   0x00000208   Code   RO         3029    i.f_open            ff.o
    0x08006674   0x08006674   0x0000008a   Code   RO         3030    i.f_opendir         ff.o
    0x080066fe   0x080066fe   0x00000022   Code   RO         3032    i.f_putc            ff.o
    0x08006720   0x08006720   0x0000002c   Code   RO         3033    i.f_puts            ff.o
    0x0800674c   0x0800674c   0x0000019c   Code   RO         3034    i.f_read            ff.o
    0x080068e8   0x080068e8   0x00000068   Code   RO         3035    i.f_readdir         ff.o
    0x08006950   0x08006950   0x0000013c   Code   RO         3036    i.f_rename          ff.o
    0x08006a8c   0x08006a8c   0x00000138   Code   RO         3037    i.f_setlabel        ff.o
    0x08006bc4   0x08006bc4   0x000000a0   Code   RO         3039    i.f_sync            ff.o
    0x08006c64   0x08006c64   0x000000c4   Code   RO         3041    i.f_unlink          ff.o
    0x08006d28   0x08006d28   0x000001de   Code   RO         3042    i.f_write           ff.o
    0x08006f06   0x08006f06   0x0000000c   Code   RO         3401    i.ff_memalloc       ffsystem.o
    0x08006f12   0x08006f12   0x0000000c   Code   RO         3402    i.ff_memfree        ffsystem.o
    0x08006f1e   0x08006f1e   0x00000002   PAD
    0x08006f20   0x08006f20   0x00000068   Code   RO         3427    i.ff_oem2uni        ffunicode.o
    0x08006f88   0x08006f88   0x00000074   Code   RO         3428    i.ff_uni2oem        ffunicode.o
    0x08006ffc   0x08006ffc   0x000000b0   Code   RO         3429    i.ff_wtoupper       ffunicode.o
    0x080070ac   0x080070ac   0x00000078   Code   RO         3043    i.find_volume       ff.o
    0x08007124   0x08007124   0x000000a0   Code   RO         3044    i.follow_path       ff.o
    0x080071c4   0x080071c4   0x0000001c   Code   RO         1621    i.fputc             usart.o
    0x080071e0   0x080071e0   0x00000050   Code   RO         6330    i.free              mc_w.l(malloc.o)
    0x08007230   0x08007230   0x000000cc   Code   RO         3045    i.gen_numname       ff.o
    0x080072fc   0x080072fc   0x000000e0   Code   RO         3046    i.get_fat           ff.o
    0x080073dc   0x080073dc   0x00000004   Code   RO         2955    i.get_fattime       diskio.o
    0x080073e0   0x080073e0   0x0000017e   Code   RO         3047    i.get_fileinfo      ff.o
    0x0800755e   0x0800755e   0x00000054   Code   RO         3048    i.get_ldnumber      ff.o
    0x080075b2   0x080075b2   0x00000026   Code   RO         3049    i.ld_clust          ff.o
    0x080075d8   0x080075d8   0x00000018   Code   RO         3050    i.ld_dword          ff.o
    0x080075f0   0x080075f0   0x0000000c   Code   RO         3051    i.ld_word           ff.o
    0x080075fc   0x080075fc   0x0000003c   Code   RO            3    i.main              main.o
    0x08007638   0x08007638   0x0000006c   Code   RO         6331    i.malloc            mc_w.l(malloc.o)
    0x080076a4   0x080076a4   0x00000024   Code   RO         3052    i.mem_cmp           ff.o
    0x080076c8   0x080076c8   0x0000001a   Code   RO         3053    i.mem_cpy           ff.o
    0x080076e2   0x080076e2   0x00000012   Code   RO         3054    i.mem_set           ff.o
    0x080076f4   0x080076f4   0x00000014   Code   RO         3514    i.mf_close          fattester.o
    0x08007708   0x08007708   0x00000010   Code   RO         3515    i.mf_closedir       fattester.o
    0x08007718   0x08007718   0x00000014   Code   RO         3516    i.mf_fmkfs          fattester.o
    0x0800772c   0x0800772c   0x00000084   Code   RO         3517    i.mf_getlabel       fattester.o
    0x080077b0   0x080077b0   0x0000004c   Code   RO         3518    i.mf_gets           fattester.o
    0x080077fc   0x080077fc   0x00000014   Code   RO         3519    i.mf_lseek          fattester.o
    0x08007810   0x08007810   0x0000000c   Code   RO         3520    i.mf_mkdir          fattester.o
    0x0800781c   0x0800781c   0x00000018   Code   RO         3521    i.mf_mount          fattester.o
    0x08007834   0x08007834   0x0000001c   Code   RO         3522    i.mf_open           fattester.o
    0x08007850   0x08007850   0x00000014   Code   RO         3523    i.mf_opendir        fattester.o
    0x08007864   0x08007864   0x00000018   Code   RO         3524    i.mf_putc           fattester.o
    0x0800787c   0x0800787c   0x00000018   Code   RO         3525    i.mf_puts           fattester.o
    0x08007894   0x08007894   0x00000158   Code   RO         3526    i.mf_read           fattester.o
    0x080079ec   0x080079ec   0x000000c8   Code   RO         3528    i.mf_readdir        fattester.o
    0x08007ab4   0x08007ab4   0x00000010   Code   RO         3529    i.mf_rename         fattester.o
    0x08007ac4   0x08007ac4   0x0000005c   Code   RO         3530    i.mf_setlabel       fattester.o
    0x08007b20   0x08007b20   0x000000a8   Code   RO         3531    i.mf_showfree       fattester.o
    0x08007bc8   0x08007bc8   0x0000000c   Code   RO         3532    i.mf_size           fattester.o
    0x08007bd4   0x08007bd4   0x0000000c   Code   RO         3533    i.mf_tell           fattester.o
    0x08007be0   0x08007be0   0x0000000c   Code   RO         3534    i.mf_unlink         fattester.o
    0x08007bec   0x08007bec   0x000000b8   Code   RO         3535    i.mf_write          fattester.o
    0x08007ca4   0x08007ca4   0x000002a8   Code   RO         3055    i.mount_volume      ff.o
    0x08007f4c   0x08007f4c   0x00000034   Code   RO         3056    i.move_window       ff.o
    0x08007f80   0x08007f80   0x0000008c   Code   RO         3057    i.pick_lfn          ff.o
    0x0800800c   0x0800800c   0x00000098   Code   RO         2268    i.prvAddCurrentTaskToDelayedList  tasks.o
    0x080080a4   0x080080a4   0x000000b8   Code   RO         2269    i.prvAddNewTaskToReadyList  tasks.o
    0x0800815c   0x0800815c   0x00000064   Code   RO         2649    i.prvCheckForValidListAndQueue  timers.o
    0x080081c0   0x080081c0   0x00000048   Code   RO         2270    i.prvCheckTasksWaitingTermination  tasks.o
    0x08008208   0x08008208   0x0000002a   Code   RO         1839    i.prvCopyDataFromQueue  queue.o
    0x08008232   0x08008232   0x0000007e   Code   RO         1840    i.prvCopyDataToQueue  queue.o
    0x080082b0   0x080082b0   0x00000012   Code   RO         2271    i.prvDeleteTCB      tasks.o
    0x080082c2   0x080082c2   0x00000014   Code   RO         1841    i.prvGetDisinheritPriorityAfterTimeout  queue.o
    0x080082d6   0x080082d6   0x00000002   PAD
    0x080082d8   0x080082d8   0x00000028   Code   RO         2650    i.prvGetNextExpireTime  timers.o
    0x08008300   0x08008300   0x0000007c   Code   RO         2802    i.prvHeapInit       heap_4.o
    0x0800837c   0x0800837c   0x00000008   Code   RO         2272    i.prvIdleTask       tasks.o
    0x08008384   0x08008384   0x0000001e   Code   RO         1842    i.prvInitialiseMutex  queue.o
    0x080083a2   0x080083a2   0x0000002e   Code   RO         1843    i.prvInitialiseNewQueue  queue.o
    0x080083d0   0x080083d0   0x000000d8   Code   RO         2273    i.prvInitialiseNewTask  tasks.o
    0x080084a8   0x080084a8   0x00000068   Code   RO         2274    i.prvInitialiseTaskLists  tasks.o
    0x08008510   0x08008510   0x00000068   Code   RO         2803    i.prvInsertBlockIntoFreeList  heap_4.o
    0x08008578   0x08008578   0x00000058   Code   RO         2652    i.prvInsertTimerInActiveList  timers.o
    0x080085d0   0x080085d0   0x0000001a   Code   RO         1844    i.prvIsQueueEmpty   queue.o
    0x080085ea   0x080085ea   0x0000001e   Code   RO         1845    i.prvIsQueueFull    queue.o
    0x08008608   0x08008608   0x0000009c   Code   RO         1846    i.prvNotifyQueueSetContainer  queue.o
    0x080086a4   0x080086a4   0x00000090   Code   RO         2653    i.prvProcessExpiredTimer  timers.o
    0x08008734   0x08008734   0x0000014c   Code   RO         2654    i.prvProcessReceivedCommands  timers.o
    0x08008880   0x08008880   0x00000074   Code   RO         2655    i.prvProcessTimerOrBlockTask  timers.o
    0x080088f4   0x080088f4   0x00000034   Code   RO         2276    i.prvResetNextTaskUnblockTime  tasks.o
    0x08008928   0x08008928   0x0000002c   Code   RO         2656    i.prvSampleTimeNow  timers.o
    0x08008954   0x08008954   0x000000c0   Code   RO         2657    i.prvSwitchTimerLists  timers.o
    0x08008a14   0x08008a14   0x00000070   Code   RO         2866    i.prvTaskExitError  port.o
    0x08008a84   0x08008a84   0x0000001a   Code   RO         2658    i.prvTimerTask      timers.o
    0x08008a9e   0x08008a9e   0x00000090   Code   RO         1847    i.prvUnlockQueue    queue.o
    0x08008b2e   0x08008b2e   0x00000138   Code   RO         3058    i.put_fat           ff.o
    0x08008c66   0x08008c66   0x00000002   PAD
    0x08008c68   0x08008c68   0x00000080   Code   RO         3059    i.put_lfn           ff.o
    0x08008ce8   0x08008ce8   0x00000048   Code   RO         3060    i.put_utf           ff.o
    0x08008d30   0x08008d30   0x00000044   Code   RO         3061    i.putc_bfd          ff.o
    0x08008d74   0x08008d74   0x0000002c   Code   RO         3062    i.putc_flush        ff.o
    0x08008da0   0x08008da0   0x00000014   Code   RO         3063    i.putc_init         ff.o
    0x08008db4   0x08008db4   0x00000160   Code   RO         2804    i.pvPortMalloc      heap_4.o
    0x08008f14   0x08008f14   0x00000020   Code   RO         2279    i.pvTaskIncrementMutexHeldCount  tasks.o
    0x08008f34   0x08008f34   0x0000002c   Code   RO         2867    i.pxPortInitialiseStack  port.o
    0x08008f60   0x08008f60   0x00000006   Code   RO         1366    i.read_addr         usmart.o
    0x08008f66   0x08008f66   0x00000002   PAD
    0x08008f68   0x08008f68   0x0000011c   Code   RO         1180    i.rec_i2s_dma_rx_callback  voice_access.o
    0x08009084   0x08009084   0x0000002c   Code   RO         1181    i.recoder_enter_play_mode  voice_access.o
    0x080090b0   0x080090b0   0x0000009c   Code   RO         1182    i.recoder_enter_rec_mode  voice_access.o
    0x0800914c   0x0800914c   0x0000009a   Code   RO         3064    i.remove_chain      ff.o
    0x080091e6   0x080091e6   0x00000002   PAD
    0x080091e8   0x080091e8   0x00000090   Code   RO         3536    i.scan_files        fattester.o
    0x08009278   0x08009278   0x00000024   Code   RO         3065    i.st_clust          ff.o
    0x0800929c   0x0800929c   0x00000018   Code   RO         3066    i.st_dword          ff.o
    0x080092b4   0x080092b4   0x0000000c   Code   RO         3067    i.st_word           ff.o
    0x080092c0   0x080092c0   0x00000020   Code   RO         3068    i.sum_sfn           ff.o
    0x080092e0   0x080092e0   0x00000090   Code   RO         3069    i.sync_fs           ff.o
    0x08009370   0x08009370   0x0000004a   Code   RO         3070    i.sync_window       ff.o
    0x080093ba   0x080093ba   0x0000004c   Code   RO         3071    i.tchar2uni         ff.o
    0x08009406   0x08009406   0x00000002   PAD
    0x08009408   0x08009408   0x00000244   Code   RO         1123    i.test              speech_rec.o
    0x0800964c   0x0800964c   0x000000b0   Code   RO         1622    i.uart_init         usart.o
    0x080096fc   0x080096fc   0x0000000c   Code   RO          899    i.uasrt_key_send    bsp_key.o
    0x08009708   0x08009708   0x0000002c   Code   RO          977    i.usartSendStart    bsp_dma.o
    0x08009734   0x08009734   0x000000b0   Code   RO         1367    i.usmart_cmd_rec    usmart.o
    0x080097e4   0x080097e4   0x000002d4   Code   RO         1368    i.usmart_exe        usmart.o
    0x08009ab8   0x08009ab8   0x000000c8   Code   RO         1475    i.usmart_get_aparm  usmart_str.o
    0x08009b80   0x08009b80   0x00000036   Code   RO         1476    i.usmart_get_cmdname  usmart_str.o
    0x08009bb6   0x08009bb6   0x00000002   PAD
    0x08009bb8   0x08009bb8   0x000001c0   Code   RO         1477    i.usmart_get_fname  usmart_str.o
    0x08009d78   0x08009d78   0x0000010c   Code   RO         1478    i.usmart_get_fparam  usmart_str.o
    0x08009e84   0x08009e84   0x00000020   Code   RO         1479    i.usmart_get_parmpos  usmart_str.o
    0x08009ea4   0x08009ea4   0x00000044   Code   RO         1369    i.usmart_get_runtime  usmart.o
    0x08009ee8   0x08009ee8   0x00000028   Code   RO         1370    i.usmart_init       usmart.o
    0x08009f10   0x08009f10   0x00000016   Code   RO         1480    i.usmart_pow        usmart_str.o
    0x08009f26   0x08009f26   0x00000002   PAD
    0x08009f28   0x08009f28   0x00000030   Code   RO         1371    i.usmart_reset_runtime  usmart.o
    0x08009f58   0x08009f58   0x000000bc   Code   RO         1372    i.usmart_scan       usmart.o
    0x0800a014   0x0800a014   0x00000016   Code   RO         1481    i.usmart_search_nextc  usmart_str.o
    0x0800a02a   0x0800a02a   0x000000ca   Code   RO         1482    i.usmart_str2num    usmart_str.o
    0x0800a0f4   0x0800a0f4   0x00000022   Code   RO         1483    i.usmart_strcmp     usmart_str.o
    0x0800a116   0x0800a116   0x00000016   Code   RO         1484    i.usmart_strcopy    usmart_str.o
    0x0800a12c   0x0800a12c   0x00000018   Code   RO         1485    i.usmart_strlen     usmart_str.o
    0x0800a144   0x0800a144   0x000006e4   Code   RO         1373    i.usmart_sys_cmd_exe  usmart.o
    0x0800a828   0x0800a828   0x00000028   Code   RO         1794    i.uxListRemove      list.o
    0x0800a850   0x0800a850   0x0000001a   Code   RO         1795    i.vListInitialise   list.o
    0x0800a86a   0x0800a86a   0x00000006   Code   RO         1796    i.vListInitialiseItem  list.o
    0x0800a870   0x0800a870   0x00000034   Code   RO         1797    i.vListInsert       list.o
    0x0800a8a4   0x0800a8a4   0x00000018   Code   RO         1798    i.vListInsertEnd    list.o
    0x0800a8bc   0x0800a8bc   0x00000088   Code   RO         2869    i.vPortEnterCritical  port.o
    0x0800a944   0x0800a944   0x00000070   Code   RO         2870    i.vPortExitCritical  port.o
    0x0800a9b4   0x0800a9b4   0x000000c8   Code   RO         2805    i.vPortFree         heap_4.o
    0x0800aa7c   0x0800aa7c   0x00000018   Code   RO         2871    i.vPortSetupTimerInterrupt  port.o
    0x0800aa94   0x0800aa94   0x000000a0   Code   RO         2872    i.vPortValidateInterruptPriority  port.o
    0x0800ab34   0x0800ab34   0x0000002c   Code   RO         1853    i.vQueueAddToRegistry  queue.o
    0x0800ab60   0x0800ab60   0x0000004a   Code   RO         1857    i.vQueueWaitForMessageRestricted  queue.o
    0x0800abaa   0x0800abaa   0x00000002   PAD
    0x0800abac   0x0800abac   0x00000074   Code   RO         2288    i.vTaskDelay        tasks.o
    0x0800ac20   0x0800ac20   0x0000010c   Code   RO         2290    i.vTaskDelete       tasks.o
    0x0800ad2c   0x0800ad2c   0x00000018   Code   RO         2293    i.vTaskInternalSetTimeOutState  tasks.o
    0x0800ad44   0x0800ad44   0x00000038   Code   RO            4    i.vTaskKeyGet       main.o
    0x0800ad7c   0x0800ad7c   0x00000010   Code   RO            5    i.vTaskLED          main.o
    0x0800ad8c   0x0800ad8c   0x0000000c   Code   RO         2294    i.vTaskMissedYield  tasks.o
    0x0800ad98   0x0800ad98   0x00000054   Code   RO         2296    i.vTaskPlaceOnEventList  tasks.o
    0x0800adec   0x0800adec   0x0000005c   Code   RO         2297    i.vTaskPlaceOnEventListRestricted  tasks.o
    0x0800ae48   0x0800ae48   0x000000f4   Code   RO         2299    i.vTaskPriorityDisinheritAfterTimeout  tasks.o
    0x0800af3c   0x0800af3c   0x00000038   Code   RO            6    i.vTaskSpeechRec    main.o
    0x0800af74   0x0800af74   0x000000ac   Code   RO         2305    i.vTaskStartScheduler  tasks.o
    0x0800b020   0x0800b020   0x00000010   Code   RO         2307    i.vTaskSuspendAll   tasks.o
    0x0800b030   0x0800b030   0x000000a8   Code   RO         2308    i.vTaskSwitchContext  tasks.o
    0x0800b0d8   0x0800b0d8   0x000000d4   Code   RO            7    i.vTaskTaskInit     main.o
    0x0800b1ac   0x0800b1ac   0x0000003c   Code   RO         3072    i.validate          ff.o
    0x0800b1e8   0x0800b1e8   0x00000054   Code   RO         1183    i.voice_End_Receive  voice_access.o
    0x0800b23c   0x0800b23c   0x000000a8   Code   RO         1184    i.voice_Receive     voice_access.o
    0x0800b2e4   0x0800b2e4   0x0000002c   Code   RO         1186    i.voice_info_size   voice_access.o
    0x0800b310   0x0800b310   0x00000004   Code   RO         1374    i.write_addr        usmart.o
    0x0800b314   0x0800b314   0x0000019c   Code   RO         2873    i.xPortStartScheduler  port.o
    0x0800b4b0   0x0800b4b0   0x00000034   Code   RO         2874    i.xPortSysTickHandler  port.o
    0x0800b4e4   0x0800b4e4   0x00000022   Code   RO         1860    i.xQueueCreateMutex  queue.o
    0x0800b506   0x0800b506   0x00000002   PAD
    0x0800b508   0x0800b508   0x00000070   Code   RO         1862    i.xQueueGenericCreate  queue.o
    0x0800b578   0x0800b578   0x000000b0   Code   RO         1863    i.xQueueGenericReset  queue.o
    0x0800b628   0x0800b628   0x000001d4   Code   RO         1864    i.xQueueGenericSend  queue.o
    0x0800b7fc   0x0800b7fc   0x00000118   Code   RO         1865    i.xQueueGenericSendFromISR  queue.o
    0x0800b914   0x0800b914   0x000000fc   Code   RO         1866    i.xQueueGiveFromISR  queue.o
    0x0800ba10   0x0800ba10   0x00000170   Code   RO         1872    i.xQueueReceive     queue.o
    0x0800bb80   0x0800bb80   0x000001b4   Code   RO         1877    i.xQueueSemaphoreTake  queue.o
    0x0800bd34   0x0800bd34   0x0000009c   Code   RO         2310    i.xTaskCheckForTimeOut  tasks.o
    0x0800bdd0   0x0800bdd0   0x00000060   Code   RO         2311    i.xTaskCreate       tasks.o
    0x0800be30   0x0800be30   0x00000020   Code   RO         2315    i.xTaskGetSchedulerState  tasks.o
    0x0800be50   0x0800be50   0x0000000c   Code   RO         2316    i.xTaskGetTickCount  tasks.o
    0x0800be5c   0x0800be5c   0x00000160   Code   RO         2318    i.xTaskIncrementTick  tasks.o
    0x0800bfbc   0x0800bfbc   0x000000d8   Code   RO         2321    i.xTaskPriorityDisinherit  tasks.o
    0x0800c094   0x0800c094   0x000000b8   Code   RO         2322    i.xTaskPriorityInherit  tasks.o
    0x0800c14c   0x0800c14c   0x000000b4   Code   RO         2323    i.xTaskRemoveFromEventList  tasks.o
    0x0800c200   0x0800c200   0x00000120   Code   RO         2324    i.xTaskResumeAll    tasks.o
    0x0800c320   0x0800c320   0x00000074   Code   RO         2666    i.xTimerCreateTimerTask  timers.o
    0x0800c394   0x0800c394   0x000000a0   Code   RO         2667    i.xTimerGenericCommand  timers.o
    0x0800c434   0x0800c434   0x0000006e   Data   RO          821    .constdata          bsp_i2s.o
    0x0800c4a2   0x0800c4a2   0x00000004   Data   RO         1187    .constdata          voice_access.o
    0x0800c4a6   0x0800c4a6   0x00000040   Data   RO         1296    .constdata          base64.o
    0x0800c4e6   0x0800c4e6   0x00000002   PAD
    0x0800c4e8   0x0800c4e8   0x00000058   Data   RO         3073    .constdata          ff.o
    0x0800c540   0x0800c540   0x0002abb6   Data   RO         3430    .constdata          ffunicode.o
    0x080370f6   0x080370f6   0x00000002   PAD
    0x080370f8   0x080370f8   0x00000018   Data   RO         5875    .constdata          eventrecorder.o
    0x08037110   0x08037110   0x00000119   Data   RO         1124    .conststring        speech_rec.o
    0x08037229   0x08037229   0x00000003   PAD
    0x0803722c   0x0803722c   0x00000028   Data   RO         1375    .conststring        usmart.o
    0x08037254   0x08037254   0x000002d9   Data   RO         1449    .conststring        usmart_config.o
    0x0803752d   0x0803752d   0x00000003   PAD
    0x08037530   0x08037530   0x00000020   Data   RO         6403    Region$$Table       anon$$obj.o


    Execution Region RW_IRAM1 (Exec base: 0x20000000, Load base: 0x08037550, Size: 0x00018368, Max: 0x00020000, ABSOLUTE, COMPRESSED[0x0000013c])

    Exec Addr    Load Addr    Size         Type   Attr      Idx    E Section Name        Object

    0x20000000   COMPRESSED   0x0000001d   Data   RW            8    .data               main.o
    0x2000001d   COMPRESSED   0x00000001   Data   RW          374    .data               bsp_led.o
    0x2000001e   COMPRESSED   0x00000002   PAD
    0x20000020   COMPRESSED   0x00000010   Data   RW          432    .data               bsp_sdio_sdcard.o
    0x20000030   COMPRESSED   0x00000074   Data   RW          634    .data               bsp_wm8978.o
    0x200000a4   COMPRESSED   0x00000008   Data   RW          822    .data               bsp_i2s.o
    0x200000ac   COMPRESSED   0x00000002   Data   RW          900    .data               bsp_key.o
    0x200000ae   COMPRESSED   0x00000001   Data   RW          979    .data               bsp_dma.o
    0x200000af   COMPRESSED   0x00000001   PAD
    0x200000b0   COMPRESSED   0x00000009   Data   RW         1125    .data               speech_rec.o
    0x200000b9   COMPRESSED   0x00000003   PAD
    0x200000bc   COMPRESSED   0x00000011   Data   RW         1188    .data               voice_access.o
    0x200000cd   COMPRESSED   0x00000003   PAD
    0x200000d0   COMPRESSED   0x0000001c   Data   RW         1376    .data               usmart.o
    0x200000ec   COMPRESSED   0x000001d4   Data   RW         1450    .data               usmart_config.o
    0x200002c0   COMPRESSED   0x00000004   Data   RW         1560    .data               delay.o
    0x200002c4   COMPRESSED   0x00000006   Data   RW         1624    .data               usart.o
    0x200002ca   COMPRESSED   0x00000002   PAD
    0x200002cc   COMPRESSED   0x0000003c   Data   RW         2327    .data               tasks.o
    0x20000308   COMPRESSED   0x00000014   Data   RW         2673    .data               timers.o
    0x2000031c   COMPRESSED   0x00000020   Data   RW         2811    .data               heap_4.o
    0x2000033c   COMPRESSED   0x0000000c   Data   RW         2875    .data               port.o
    0x20000348   COMPRESSED   0x00000006   Data   RW         3074    .data               ff.o
    0x2000034e   COMPRESSED   0x00000002   PAD
    0x20000350   COMPRESSED   0x00000018   Data   RW         3468    .data               exfuns.o
    0x20000368   COMPRESSED   0x00000010   Data   RW         3953    .data               stm32f4xx_rcc.o
    0x20000378   COMPRESSED   0x00000004   Data   RW         5835    .data               segger_hardfaulthandler.o
    0x2000037c   COMPRESSED   0x00000004   Data   RW         6394    .data               mc_w.l(mvars.o)
    0x20000380   COMPRESSED   0x00000004   Data   RW         6395    .data               mc_w.l(mvars.o)
    0x20000384   COMPRESSED   0x00000004   PAD
    0x20000388        -       0x000002c0   Zero   RW          431    .bss                bsp_sdio_sdcard.o
    0x20000648        -       0x000000c8   Zero   RW         1623    .bss                usart.o
    0x20000710        -       0x00000040   Zero   RW         1879    .bss                queue.o
    0x20000750        -       0x000001a4   Zero   RW         2326    .bss                tasks.o
    0x200008f4        -       0x00000028   Zero   RW         2672    .bss                timers.o
    0x2000091c        -       0x00005000   Zero   RW         2810    .bss                heap_4.o
    0x2000591c        -       0x00000030   Zero   RW         3465    .bss                exfuns.o
    0x2000594c        -       0x00000118   Zero   RW         3537    .bss                fattester.o
    0x20005a64        -       0x00000040   Zero   RW         5834    .bss                segger_hardfaulthandler.o
    0x20005aa4   COMPRESSED   0x0000001c   PAD
    0x20005ac0        -       0x000004a4   Zero   RW         5874    .bss.noinit         eventrecorder.o
    0x20005f64   COMPRESSED   0x00000004   PAD
    0x20005f68        -       0x00012000   Zero   RW         3666    HEAP                startup_stm32f40_41xxx.o
    0x20017f68        -       0x00000400   Zero   RW         3665    STACK               startup_stm32f40_41xxx.o


==============================================================================

Image component sizes


      Code (inc. data)   RO Data    RW Data    ZI Data      Debug   Object Name

       380         22         64          0          0       2601   base64.o
       172         50          0          0          0        534   bsp.o
       332         44          0          1          0       4009   bsp_dma.o
       148          8          0          0          0       1169   bsp_exti.o
       840         90        110          8          0       7660   bsp_i2s.o
        60         12          0          2          0       1687   bsp_key.o
        88         14          0          1          0       1020   bsp_led.o
       428         68          0          0          0       2837   bsp_myiic.o
      7486        402          0         16        704      34489   bsp_sdio_sdcard.o
       192         14          0          0          0       1259   bsp_usart.o
       804         18          0        116          0       8169   bsp_wm8978.o
       220         18          0          4          0       2541   delay.o
       358          6          0          0          0       5308   diskio.o
         0          0          0          0          0       8180   event_groups.o
         0          0         24          0       1188       3932   eventrecorder.o
       124         18          0         24         48       1513   exfuns.o
      1600        664          0          0        280      13703   fattester.o
     12602        192         88          6          0      72636   ff.o
        24          0          0          0          0       1119   ffsystem.o
       396         28     175030          0          0       3024   ffunicode.o
        18          0          0          0          0        304   hardfaulthandler.o
       780        184          0         32      20480       4087   heap_4.o
       148          0          0          0          0       3238   list.o
       400        132          0         29          0     334055   main.o
       180         24          0          0          0       2081   misc.o
      1242        392          0         12          0      10973   port.o
      2864        322          0          0         64      19984   queue.o
       180         14          0          4         64       3351   segger_hardfaulthandler.o
       640        128        281          9          0       4199   speech_rec.o
        36          8        392          0      74752        840   startup_stm32f40_41xxx.o
       756         58          0          0          0       8201   stm32f4xx_dma.o
       184         16          0          0          0       2100   stm32f4xx_exti.o
       214          0          0          0          0       1775   stm32f4xx_gpio.o
        16          0          0          0          0       2281   stm32f4xx_it.o
       420         58          0         16          0       6908   stm32f4xx_rcc.o
       208         38          0          0          0       5689   stm32f4xx_sdio.o
       530         12          0          0          0       3353   stm32f4xx_spi.o
        64          4          0          0          0        656   stm32f4xx_syscfg.o
       252         28          0          0          0       6552   stm32f4xx_tim.o
       422          8          0          0          0       4893   stm32f4xx_usart.o
        16          0          0          0          0        504   sys.o
       340         32          0          0          0       1485   system_stm32f4xx.o
      3550        880          0         60        420      30769   tasks.o
      1358        310          0         20         40      11419   timers.o
       340         30          0          6        200       3804   usart.o
      3166       1330         40         28          0       8010   usmart.o
        24          8        729        468          0       2223   usmart_config.o
      1328         20          0          0          0       8913   usmart_str.o
       780        142          4         17          0       4996   voice_access.o

    ----------------------------------------------------------------------
     46760       5846     176804        892      98272     675033   Object Totals
         0          0         32          0          0          0   (incl. Generated)
        50          0         10         13         32          0   (incl. Padding)

    ----------------------------------------------------------------------

      Code (inc. data)   RO Data    RW Data    ZI Data      Debug   Library Member Name

        20          0          0          0          0        124   fabs.o
        86          0          0          0          0          0   __dczerorl2.o
         0          0          0          0          0          0   entry.o
         0          0          0          0          0          0   entry10a.o
         0          0          0          0          0          0   entry11a.o
         8          4          0          0          0          0   entry2.o
         4          0          0          0          0          0   entry5.o
         0          0          0          0          0          0   entry7b.o
         0          0          0          0          0          0   entry8b.o
         8          4          0          0          0          0   entry9a.o
        30          0          0          0          0          0   handlers.o
        36          8          0          0          0         68   init.o
         0          0          0          0          0          0   iusefp.o
        98          0          0          0          0         84   ldiv.o
        30          0          0          0          0         68   llshl.o
        36          0          0          0          0         68   llsshr.o
        32          0          0          0          0         68   llushr.o
       188         20          0          0          0        160   malloc.o
        36          0          0          0          0         68   memcpya.o
        36          0          0          0          0        108   memseta.o
         0          0          0          8          0          0   mvars.o
      1204         60          0          0          0        504   printf8.o
        14          0          0          0          0         68   strlen.o
        98          0          0          0          0         92   uldiv.o
        48          0          0          0          0         68   cdrcmple.o
       334          0          0          0          0        148   dadd.o
       222          0          0          0          0        100   ddiv.o
       186          0          0          0          0        176   depilogue.o
        62          0          0          0          0         80   dfixi.o
        26          0          0          0          0         76   dfltui.o
       228          0          0          0          0         96   dmul.o

    ----------------------------------------------------------------------
      3076         96          0          8          4       2224   Library Totals
         6          0          0          0          4          0   (incl. Padding)

    ----------------------------------------------------------------------

      Code (inc. data)   RO Data    RW Data    ZI Data      Debug   Library Name

        20          0          0          0          0        124   m_wm.l
      1944         96          0          8          0       1356   mc_w.l
      1106          0          0          0          0        744   mf_w.l

    ----------------------------------------------------------------------
      3076         96          0          8          4       2224   Library Totals

    ----------------------------------------------------------------------

==============================================================================


      Code (inc. data)   RO Data    RW Data    ZI Data      Debug   

     49836       5942     176804        900      98276     641249   Grand Totals
     49836       5942     176804        316      98276     641249   ELF Image Totals (compressed)
     49836       5942     176804        316          0          0   ROM Totals

==============================================================================

    Total RO  Size (Code + RO Data)               226640 ( 221.33kB)
    Total RW  Size (RW Data + ZI Data)             99176 (  96.85kB)
    Total ROM Size (Code + RO Data + RW Data)     226956 ( 221.64kB)

==============================================================================

